layer at (0,0) size 800x600
  LayoutView at (0,0) size 800x600
layer at (0,0) size 800x600
  LayoutBlockFlow {HTML} at (0,0) size 800x600
    LayoutBlockFlow {BODY} at (8,8) size 784x584
      LayoutTextControl {INPUT} at (0,0) size 125x19 [bgcolor=#FFFFFF] [border: (2px inset #EEEEEE)]
        LayoutFlexibleBox {DIV} at (4,3) size 117x13
          LayoutBlockFlow {DIV} at (0,0) size 105x13
      LayoutText {#text} at (125,0) size 4x18
        text run at (125,0) width 4: " "
      LayoutBR {BR} at (129,14) size 0x0
      LayoutTextControl {INPUT} at (0,19) size 73x19 [bgcolor=#FFFFFF] [border: (2px inset #EEEEEE)]
      LayoutText {#text} at (73,19) size 4x18
        text run at (73,19) width 4: " "
      LayoutTextControl {INPUT} at (77,19) size 73x19 [bgcolor=#FFFFFF] [border: (2px inset #EEEEEE)]
      LayoutText {#text} at (150,19) size 4x18
        text run at (150,19) width 4: " "
      LayoutTextControl {INPUT} at (154,19) size 123x19 [bgcolor=#FFFFFF] [border: (2px inset #EEEEEE)]
      LayoutText {#text} at (277,19) size 4x18
        text run at (277,19) width 4: " "
      LayoutBR {BR} at (281,33) size 0x0
      LayoutTextControl {INPUT} at (0,38) size 125x19 [bgcolor=#FFFFFF] [border: (2px inset #EEEEEE)]
        LayoutFlexibleBox {DIV} at (4,3) size 117x13
          LayoutBlockFlow {DIV} at (0,0) size 105x13
      LayoutBR {BR} at (125,52) size 0x0
      LayoutTextControl {INPUT} at (0,57) size 125x19 [bgcolor=#FFFFFF] [border: (2px inset #EEEEEE)]
        LayoutFlexibleBox {DIV} at (4,3) size 117x13
          LayoutBlockFlow {DIV} at (0,0) size 105x13
      LayoutBR {BR} at (125,71) size 0x0
      LayoutBR {BR} at (161,108) size 0x0
      LayoutTextControl {INPUT} at (0,108) size 123x33 [bgcolor=#FFFFFF] [border: (2px inset #EEEEEE)]
      LayoutBR {BR} at (123,122) size 0x0
      LayoutBR {BR} at (161,186) size 0x0
      LayoutTextControl {INPUT} at (5,191) size 174x30 [bgcolor=#FFFFFF] [border: (5px solid #000000)]
      LayoutBR {BR} at (184,212) size 0x0
      LayoutTextControl {INPUT} at (0,226) size 123x31 [bgcolor=#FFFFFF] [border: (2px inset #EEEEEE)]
      LayoutText {#text} at (123,232) size 4x18
        text run at (123,232) width 4: " "
      LayoutTextControl {INPUT} at (127,226) size 123x31 [bgcolor=#FFFFFF] [border: (2px inset #EEEEEE)]
      LayoutText {#text} at (250,232) size 4x18
        text run at (250,232) width 4: " "
      LayoutTextControl {INPUT} at (254,229) size 123x25 [bgcolor=#FFFFFF] [border: (2px inset #EEEEEE)]
      LayoutText {#text} at (377,232) size 4x18
        text run at (377,232) width 4: " "
      LayoutTextControl {INPUT} at (381,229) size 123x25 [bgcolor=#FFFFFF] [border: (2px inset #EEEEEE)]
      LayoutText {#text} at (504,232) size 4x18
        text run at (504,232) width 4: " "
      LayoutTextControl {INPUT} at (508,229) size 123x25 [bgcolor=#FFFFFF] [border: (2px inset #EEEEEE)]
      LayoutText {#text} at (631,232) size 4x18
        text run at (631,232) width 4: " "
      LayoutBR {BR} at (0,0) size 0x0
      LayoutTextControl {INPUT} at (0,257) size 123x19 [bgcolor=#FFFFFF] [border: (2px inset #EEEEEE)]
      LayoutText {#text} at (123,257) size 4x18
        text run at (123,257) width 4: " "
      LayoutTextControl {INPUT} at (127,257) size 123x19 [bgcolor=#FFFFFF] [border: (2px inset #EEEEEE)]
      LayoutText {#text} at (250,257) size 4x18
        text run at (250,257) width 4: " "
      LayoutTextControl {INPUT} at (254,257) size 123x19 [bgcolor=#FFFFFF] [border: (2px inset #EEEEEE)]
      LayoutText {#text} at (377,257) size 4x18
        text run at (377,257) width 4: " "
      LayoutBR {BR} at (381,271) size 0x0
      LayoutBR {BR} at (123,304) size 0x0
layer at (12,11) size 105x13
  LayoutBlockFlow {DIV} at (4,3) size 105x13 [color=#A9A9A9]
    LayoutText {#text} at (0,0) size 63x13
      text run at (0,0) width 63: "placeholder"
layer at (12,11) size 105x13
  LayoutBlockFlow {DIV} at (0,0) size 105x13
layer at (11,30) size 67x13
  LayoutBlockFlow {DIV} at (3,3) size 67x13 [color=#A9A9A9]
    LayoutText {#text} at (0,0) size 63x13
      text run at (0,0) width 63: "placeholder"
layer at (11,30) size 67x13
  LayoutBlockFlow {DIV} at (3,3) size 67x13
layer at (88,30) size 67x13
  LayoutBlockFlow {DIV} at (3,3) size 67x13 [color=#A9A9A9]
    LayoutText {#text} at (0,0) size 63x13
      text run at (0,0) width 63: "placeholder"
layer at (88,30) size 67x13
  LayoutBlockFlow {DIV} at (3,3) size 67x13
layer at (165,28) size 117x17
  LayoutBlockFlow {DIV} at (3,1) size 117x17 [color=#A9A9A9]
    LayoutText {#text} at (0,2) size 96x13
      text run at (0,2) width 96: "\x{65E5}\x{672C}\x{8A9E}placeholder"
layer at (165,30) size 117x13
  LayoutBlockFlow {DIV} at (3,3) size 117x13
layer at (12,49) size 105x13
  LayoutBlockFlow {DIV} at (4,3) size 105x13 [color=#A9A9A9]
    LayoutText {#text} at (42,0) size 63x13
      text run at (42,0) width 63: "placeholder"
layer at (12,49) size 105x13
  LayoutBlockFlow {DIV} at (0,0) size 105x13
layer at (12,68) size 105x13
  LayoutBlockFlow {DIV} at (4,3) size 105x13 [color=#A9A9A9]
    LayoutText {#text} at (0,0) size 63x13
      text run at (0,0) width 63: "placeholder"
layer at (12,68) size 105x13
  LayoutBlockFlow {DIV} at (0,0) size 105x13
layer at (8,84) size 161x32 clip at (9,85) size 159x30
  LayoutTextControl {TEXTAREA} at (0,76) size 161x32 [bgcolor=#FFFFFF] [border: (1px solid #000000)]
    LayoutBlockFlow {DIV} at (3,3) size 155x13 [color=#A9A9A9]
      LayoutText {#text} at (0,0) size 63x13
        text run at (0,0) width 63: "placeholder"
    LayoutBlockFlow {DIV} at (3,3) size 155x13
layer at (11,119) size 117x13
  LayoutBlockFlow {DIV} at (3,3) size 117x13 [color=#A9A9A9]
    LayoutText {#text} at (0,0) size 63x13
      text run at (0,0) width 63: "placeholder"
layer at (11,119) size 117x13
  LayoutBlockFlow {DIV} at (3,3) size 117x13
layer at (8,149) size 161x45 clip at (9,150) size 159x43
  LayoutTextControl {TEXTAREA} at (0,141) size 161x45 [bgcolor=#FFFFFF] [border: (1px solid #000000)]
    LayoutBlockFlow {DIV} at (3,16) size 155x13 [color=#A9A9A9]
      LayoutText {#text} at (0,0) size 63x13
        text run at (0,0) width 63: "placeholder"
    LayoutBlockFlow {DIV} at (3,16) size 155x13
layer at (19,205) size 162x18
  LayoutBlockFlow {DIV} at (6,6) size 162x18 [color=#A9A9A9]
    LayoutText {#text} at (0,0) size 85x18
      text run at (0,0) width 85: "placeholder"
layer at (19,205) size 162x18
  LayoutBlockFlow {DIV} at (6,6) size 162x18
layer at (11,237) size 117x25
  LayoutBlockFlow {DIV} at (3,3) size 117x25
    LayoutText {#text} at (0,6) size 30x13
      text run at (0,6) width 30: "Value"
layer at (138,243) size 117x13
  LayoutBlockFlow {DIV} at (3,9) size 117x13 [color=#A9A9A9]
    LayoutText {#text} at (0,0) size 63x13
      text run at (0,0) width 63: "placeholder"
layer at (138,237) size 117x25
  LayoutBlockFlow {DIV} at (3,3) size 117x25
layer at (265,243) size 117x13
  LayoutBlockFlow {DIV} at (3,6) size 117x13 [color=#A9A9A9]
    LayoutText {#text} at (0,0) size 63x13
      text run at (0,0) width 63: "placeholder"
layer at (265,243) size 117x13
  LayoutBlockFlow {DIV} at (3,6) size 117x13
layer at (392,243) size 117x13
  LayoutBlockFlow {DIV} at (3,6) size 117x13 [color=#A9A9A9]
    LayoutText {#text} at (0,0) size 63x13
      text run at (0,0) width 63: "placeholder"
layer at (392,237) size 117x25
  LayoutBlockFlow {DIV} at (3,0) size 117x25
layer at (519,243) size 117x13
  LayoutBlockFlow {DIV} at (3,6) size 117x13 [color=#A9A9A9]
    LayoutText {#text} at (0,0) size 63x13
      text run at (0,0) width 63: "placeholder"
layer at (519,243) size 117x13
  LayoutBlockFlow {DIV} at (3,6) size 117x13
layer at (11,268) size 117x13
  LayoutBlockFlow {DIV} at (3,3) size 117x13
    LayoutText {#text} at (43,0) size 31x13
      text run at (43,0) width 31: "Value"
layer at (138,268) size 117x13
  LayoutBlockFlow {DIV} at (3,3) size 117x13 [color=#A9A9A9]
    LayoutText {#text} at (27,0) size 63x13
      text run at (27,0) width 63: "placeholder"
layer at (138,268) size 117x13
  LayoutBlockFlow {DIV} at (3,3) size 117x13
layer at (265,268) size 117x13
  LayoutBlockFlow {DIV} at (3,3) size 117x13 [color=#A9A9A9]
    LayoutText {#text} at (27,0) size 63x13
      text run at (27,0) width 63: "placeholder"
layer at (265,268) size 117x13
  LayoutBlockFlow {DIV} at (3,3) size 117x13
layer at (118,12) size 11x11 transparent
  LayoutBlockFlow {DIV} at (106,1) size 11x11
layer at (118,50) size 11x11 transparent
  LayoutBlockFlow {DIV} at (106,1) size 11x11
layer at (118,69) size 11x11 transparent
  LayoutBlockFlow {DIV} at (106,1) size 11x11
layer at (8,284) size 123x33
  LayoutTextControl {INPUT} at (0,276) size 123x33 [bgcolor=#FFFFFF] [border: (2px inset #EEEEEE)]
layer at (11,301) size 117x13
  LayoutBlockFlow {DIV} at (3,17) size 117x13 [color=#A9A9A9]
    LayoutText {#text} at (0,0) size 63x13
      text run at (0,0) width 63: "placeholder"
layer at (11,301) size 117x13
  LayoutBlockFlow {DIV} at (3,17) size 117x13
