layer at (0,0) size 800x600
  LayoutView at (0,0) size 800x600
layer at (0,0) size 800x600
  LayoutBlockFlow {HTML} at (0,0) size 800x600
    LayoutBlockFlow {BODY} at (8,8) size 784x584
      LayoutBlockFlow {FORM} at (0,0) size 784x22
        LayoutMenuList {SELECT} at (0,1) size 90x20 [bgcolor=#FFFFFF] [border: (1px solid #A9A9A9)]
          LayoutBlockFlow (anonymous) at (1,1) size 88x18
            LayoutText (anonymous) at (4,1) size 66x16
              text run at (4,1) width 66: "append cell"
        LayoutText {#text} at (90,2) size 53x17
          text run at (90,2) width 53: "   tbody "
        LayoutTextControl {INPUT} at (142.44,0) size 68x22 [bgcolor=#FFFFFF] [border: (2px inset #EEEEEE)]
        LayoutText {#text} at (210,2) size 42x17
          text run at (210,2) width 42: "   row "
        LayoutTextControl {INPUT} at (251.31,0) size 68x22 [bgcolor=#FFFFFF] [border: (2px inset #EEEEEE)]
        LayoutText {#text} at (319,2) size 36x17
          text run at (319,2) width 36: "   col "
        LayoutTextControl {INPUT} at (354.86,0) size 68x22 [bgcolor=#FFFFFF] [border: (2px inset #EEEEEE)]
        LayoutText {#text} at (422,2) size 76x17
          text run at (422,2) width 76: "   row span "
        LayoutTextControl {INPUT} at (497.06,0) size 68x22 [bgcolor=#FFFFFF] [border: (2px inset #EEEEEE)]
        LayoutText {#text} at (565,2) size 69x17
          text run at (565,2) width 69: "   col span "
        LayoutTextControl {INPUT} at (633.94,0) size 68x22 [bgcolor=#FFFFFF] [border: (2px inset #EEEEEE)]
        LayoutText {#text} at (701,2) size 21x17
          text run at (701,2) width 21: "     "
        LayoutButton {INPUT} at (721.94,0) size 43x22 [bgcolor=#C0C0C0] [border: (2px outset #C0C0C0)]
          LayoutBlockFlow (anonymous) at (8,3) size 27x16
            LayoutText {#text} at (0,0) size 27x16
              text run at (0,0) width 27: "Do It"
        LayoutText {#text} at (0,0) size 0x0
      LayoutBlockFlow (anonymous) at (0,38) size 784x18
        LayoutBR {BR} at (0,0) size 0x17
      LayoutTable {TABLE} at (0,56) size 64x52 [bgcolor=#FFA500] [border: (1px outset #808080)]
        LayoutTableSection {TBODY} at (1,1) size 62x50
          LayoutTableRow {TR} at (0,2) size 62x22
            LayoutTableCell {TD} at (2,2) size 28x22 [border: (1px inset #808080)] [r=0 c=0 rs=1 cs=1]
              LayoutText {#text} at (2,2) size 23x17
                text run at (2,2) width 23: "c11"
          LayoutTableRow {TR} at (0,26) size 62x22
            LayoutTableCell {TD} at (2,26) size 28x22 [border: (1px inset #808080)] [r=1 c=0 rs=1 cs=1]
              LayoutText {#text} at (2,2) size 24x17
                text run at (2,2) width 24: "c21"
            LayoutTableCell {TD} at (32,26) size 28x22 [border: (1px inset #808080)] [r=1 c=1 rs=1 cs=1]
              LayoutText {#text} at (2,2) size 24x17
                text run at (2,2) width 24: "c22"
      LayoutBlockFlow (anonymous) at (0,108) size 784x18
        LayoutBR {BR} at (0,0) size 0x17
layer at (152,11) size 64x16
  LayoutBlockFlow {DIV} at (2,3) size 64x16
    LayoutText {#text} at (0,0) size 7x16
      text run at (0,0) width 7: "0"
layer at (261,11) size 64x16
  LayoutBlockFlow {DIV} at (2,3) size 64x16
    LayoutText {#text} at (0,0) size 7x16
      text run at (0,0) width 7: "0"
layer at (365,11) size 64x16
  LayoutBlockFlow {DIV} at (2,3) size 64x16
    LayoutText {#text} at (0,0) size 7x16
      text run at (0,0) width 7: "0"
layer at (507,11) size 64x16
  LayoutBlockFlow {DIV} at (2,3) size 64x16
    LayoutText {#text} at (0,0) size 7x16
      text run at (0,0) width 7: "1"
layer at (644,11) size 64x16
  LayoutBlockFlow {DIV} at (2,3) size 64x16
    LayoutText {#text} at (0,0) size 7x16
      text run at (0,0) width 7: "1"
