layer at (0,0) size 800x600
  LayoutView at (0,0) size 800x600
layer at (0,0) size 800x600
  LayoutBlockFlow {HTML} at (0,0) size 800x600
    LayoutBlockFlow {BODY} at (8,8) size 784x576
      LayoutBlockFlow {P} at (0,0) size 784x18
        LayoutText {#text} at (0,0) size 54x17
          text run at (0,0) width 54: "Test for "
        LayoutInline {I} at (0,0) size 703x17
          LayoutInline {A} at (0,0) size 304x17 [color=#0000EE]
            LayoutText {#text} at (53,0) size 304x17
              text run at (53,0) width 304: "http://bugs.webkit.org/show_bug.cgi?id=11916"
          LayoutText {#text} at (356,0) size 400x17
            text run at (356,0) width 5: " "
            text run at (360,0) width 396: "REGRESSION (SearchField): RTL search fields are mixed up"
        LayoutText {#text} at (755,0) size 5x17
          text run at (755,0) width 5: "."
      LayoutBlockFlow {P} at (0,34) size 784x66
        LayoutTextControl {INPUT} at (0,0) size 175x22 [bgcolor=#FFFFFF] [border: (2px inset #EEEEEE)]
          LayoutFlexibleBox {DIV} at (3,3) size 169x16
            LayoutBlockFlow {DIV} at (0,0) size 156x16
        LayoutText {#text} at (175,2) size 4x17
          text run at (175,2) width 4: " "
        LayoutBR {BR} at (0,0) size 0x0
        LayoutTextControl {INPUT} at (0,22) size 245x22 [bgcolor=#FFFFFF] [border: (2px inset #EEEEEE)]
          LayoutFlexibleBox {DIV} at (3,3) size 239x16
            LayoutBlockFlow {DIV} at (0,0) size 226x16
        LayoutText {#text} at (245,24) size 4x17
          text run at (245,24) width 4: " "
        LayoutBR {BR} at (0,0) size 0x0
        LayoutTextControl {INPUT} at (0,44) size 175x22 [bgcolor=#FFFFFF] [border: (2px inset #EEEEEE)]
          LayoutFlexibleBox {DIV} at (3,3) size 169x16
            LayoutBlockFlow {DIV} at (0,0) size 156x16
        LayoutText {#text} at (0,0) size 0x0
      LayoutBlockFlow {P} at (0,116) size 784x18
        LayoutText {#text} at (0,0) size 37x17
          text run at (0,0) width 37: "PASS"
layer at (11,45) size 156x16
  LayoutBlockFlow {DIV} at (0,0) size 156x16
    LayoutText {#text} at (13,0) size 143x16
      text run at (13,0) width 23 RTL: " \x{5D5}\x{5D6}\x{5D4}\x{5D5}"
      text run at (36,0) width 21: "she"
      text run at (57,0) width 46 RTL: " \x{5D5}\x{5D4}\x{5D9}\x{5D0} \x{5D6}\x{5D4} "
      text run at (103,0) width 14: "he"
      text run at (117,0) width 39 RTL: "\x{5D4}\x{5D5}\x{5D0} \x{5D6}\x{5D4} "
layer at (11,67) size 226x16
  LayoutBlockFlow {DIV} at (0,0) size 226x16
    LayoutText {#text} at (83,0) size 143x16
      text run at (83,0) width 23 RTL: " \x{5D5}\x{5D6}\x{5D4}\x{5D5}"
      text run at (106,0) width 21: "she"
      text run at (127,0) width 46 RTL: " \x{5D5}\x{5D4}\x{5D9}\x{5D0} \x{5D6}\x{5D4} "
      text run at (173,0) width 14: "he"
      text run at (187,0) width 39 RTL: "\x{5D4}\x{5D5}\x{5D0} \x{5D6}\x{5D4} "
layer at (11,89) size 156x16
  LayoutBlockFlow {DIV} at (0,0) size 156x16
layer at (168,49) size 9x9 transparent
  LayoutBlockFlow {DIV} at (157,3.50) size 9x9
layer at (238,71) size 9x9 transparent
  LayoutBlockFlow {DIV} at (227,3.50) size 9x9
layer at (168,93) size 9x9 transparent
  LayoutBlockFlow {DIV} at (157,3.50) size 9x9
caret: position 0 of child 0 {DIV} of child 0 {DIV} of child 0 {DIV} of {#document-fragment} of child 9 {INPUT} of child 3 {P} of body
