layer at (0,0) size 800x600
  LayoutView at (0,0) size 800x600
layer at (0,0) size 800x600
  LayoutBlockFlow {HTML} at (0,0) size 800x600
    LayoutBlockFlow {BODY} at (8,8) size 784x576
      LayoutBlockFlow {P} at (0,0) size 784x36
        LayoutText {#text} at (0,0) size 774x35
          text run at (0,0) width 433: "Test that search field text is vertically centered if the search field is "
          text run at (432,0) width 342: "taller than the text. In each of the following pairs of a"
          text run at (0,18) width 106: "search field and "
          text run at (105,18) width 366: "a text field, the vertical position of the text should be the "
          text run at (470,18) width 127: "same in both fields."
      LayoutBlockFlow {P} at (0,52) size 784x45
        LayoutTextControl {INPUT} at (0,0) size 175x45 [bgcolor=#FFFFFF] [border: (2px inset #EEEEEE)]
          LayoutFlexibleBox {DIV} at (3,14.50) size 169x16
            LayoutBlockFlow {DIV} at (0,0) size 156x16
        LayoutText {#text} at (175,13) size 4x17
          text run at (175,13) width 4: " "
        LayoutTextControl {INPUT} at (179,0) size 173x45 [bgcolor=#FFFFFF] [border: (2px inset #EEEEEE)]
        LayoutText {#text} at (0,0) size 0x0
      LayoutBlockFlow {P} at (0,113) size 784x18
        LayoutTextControl {INPUT} at (0,1) size 175x16 [bgcolor=#FFFFFF] [border: (2px inset #EEEEEE)]
          LayoutFlexibleBox {DIV} at (3,0) size 169x16
            LayoutBlockFlow {DIV} at (0,0) size 156x16
        LayoutText {#text} at (175,0) size 4x17
          text run at (175,0) width 4: " "
        LayoutTextControl {INPUT} at (179,1) size 173x16 [bgcolor=#FFFFFF] [border: (2px inset #EEEEEE)]
        LayoutText {#text} at (0,0) size 0x0
      LayoutBlockFlow {P} at (0,147) size 784x18
        LayoutTextControl {INPUT} at (0,3) size 175x12 [bgcolor=#FFFFFF] [border: (2px inset #EEEEEE)]
          LayoutFlexibleBox {DIV} at (3,-2) size 169x16
            LayoutBlockFlow {DIV} at (0,0) size 156x16
        LayoutText {#text} at (175,0) size 4x17
          text run at (175,0) width 4: " "
        LayoutTextControl {INPUT} at (179,3) size 173x12 [bgcolor=#FFFFFF] [border: (2px inset #EEEEEE)]
        LayoutText {#text} at (0,0) size 0x0
layer at (11,75) size 156x16
  LayoutBlockFlow {DIV} at (0,0) size 156x16
    LayoutText {#text} at (0,0) size 24x16
      text run at (0,0) width 24: "Text"
layer at (189,75) size 169x16
  LayoutBlockFlow {DIV} at (2,14.50) size 169x16
    LayoutText {#text} at (0,0) size 24x16
      text run at (0,0) width 24: "Text"
layer at (11,122) size 156x16
  LayoutBlockFlow {DIV} at (0,0) size 156x16
    LayoutText {#text} at (0,0) size 24x16
      text run at (0,0) width 24: "Text"
layer at (189,122) size 169x16
  LayoutBlockFlow {DIV} at (2,0) size 169x16
    LayoutText {#text} at (0,0) size 24x16
      text run at (0,0) width 24: "Text"
layer at (11,156) size 156x16
  LayoutBlockFlow {DIV} at (0,0) size 156x16
    LayoutText {#text} at (0,0) size 24x16
      text run at (0,0) width 24: "Text"
layer at (189,156) size 169x16
  LayoutBlockFlow {DIV} at (2,-2) size 169x16
    LayoutText {#text} at (0,0) size 24x16
      text run at (0,0) width 24: "Text"
layer at (168,78) size 9x9 transparent
  LayoutBlockFlow {DIV} at (157,3.50) size 9x9
layer at (168,126) size 9x9 transparent
  LayoutBlockFlow {DIV} at (157,3.50) size 9x9
layer at (168,160) size 9x9 transparent
  LayoutBlockFlow {DIV} at (157,3.50) size 9x9
