layer at (0,0) size 800x600
  LayoutView at (0,0) size 800x600
layer at (0,0) size 800x600
  LayoutBlockFlow {HTML} at (0,0) size 800x600
    LayoutBlockFlow {BODY} at (8,8) size 784x584
      LayoutText {#text} at (0,0) size 377x17
        text run at (0,0) width 377: "This tests that aqua-style search fields do not honor height."
      LayoutBR {BR} at (376,14) size 1x0
      LayoutTextControl {INPUT} at (0,121) size 79x6 [bgcolor=#FFFFFF] [border: (2px inset #EEEEEE)]
        LayoutFlexibleBox {DIV} at (3,0) size 73x6
          LayoutBlockFlow {DIV} at (0,0) size 64x6
      LayoutText {#text} at (79,112) size 4x17
        text run at (79,112) width 4: " "
      LayoutTextControl {INPUT} at (83,101) size 179x40 [bgcolor=#FFFFFF] [border: (2px inset #EEEEEE)]
        LayoutFlexibleBox {DIV} at (3,11.50) size 173x17
          LayoutBlockFlow {DIV} at (0,0) size 159x17
      LayoutText {#text} at (262,112) size 4x17
        text run at (262,112) width 4: " "
      LayoutTextControl {INPUT} at (266,18) size 344x200 [bgcolor=#FFFFFF] [border: (2px inset #EEEEEE)]
        LayoutFlexibleBox {DIV} at (3,84.50) size 338x31
          LayoutBlockFlow {DIV} at (0,0) size 315x31
      LayoutText {#text} at (0,0) size 0x0
layer at (11,129) size 64x6
  LayoutBlockFlow {DIV} at (0,0) size 64x6
    LayoutText {#text} at (0,0) size 10x6
      text run at (0,0) width 10: "mini"
layer at (94,121) size 159x17
  LayoutBlockFlow {DIV} at (0,0) size 159x17
    LayoutText {#text} at (0,0) size 35x17
      text run at (0,0) width 35: "small"
layer at (277,111) size 315x31
  LayoutBlockFlow {DIV} at (0,0) size 315x31
    LayoutText {#text} at (0,0) size 85x30
      text run at (0,0) width 85: "regular"
layer at (76,130) size 5x5 transparent
  LayoutBlockFlow {DIV} at (65,0.50) size 5x5
layer at (254,124) size 10x10 transparent
  LayoutBlockFlow {DIV} at (160,3.50) size 10x10
layer at (593,117) size 19x19 transparent
  LayoutBlockFlow {DIV} at (316,6) size 19x19
