layer at (0,0) size 800x600
  LayoutView at (0,0) size 800x600
layer at (0,0) size 800x600
  LayoutBlockFlow {HTML} at (0,0) size 800x600
    LayoutBlockFlow {BODY} at (8,8) size 784x584
      LayoutBlockFlow {P} at (0,0) size 784x20
        LayoutText {#text} at (0,0) size 327x19
          text run at (0,0) width 327: "The following two green rectangles should be identical:"
      LayoutTable {TABLE} at (0,36) size 266x112
        LayoutTableSection {TBODY} at (0,0) size 266x112
          LayoutTableRow {TR} at (0,2) size 266x108
            LayoutTableCell {TD} at (2,2) size 262x108 [r=0 c=0 rs=1 cs=1]
              LayoutBlockFlow {DIV} at (1,1) size 260x106 [bgcolor=#008000] [border: (3px solid #000000)]
                LayoutText {#text} at (3,3) size 254x19
                  text run at (3,3) width 254: "This text should have a green background."
      LayoutTable {TABLE} at (0,148) size 266x112
        LayoutTableSection {TBODY} at (0,0) size 266x112
          LayoutTableRow {TR} at (0,2) size 266x108
            LayoutTableCell {TD} at (2,2) size 262x108 [r=0 c=0 rs=1 cs=1]
              LayoutBlockFlow {DIV} at (1,1) size 260x106 [bgcolor=#008000] [border: (3px solid #000000)]
                LayoutText {#text} at (3,3) size 254x19
                  text run at (3,3) width 254: "This text should have a green background."
