layer at (0,0) size 800x600 scrollHeight 632
  LayoutView at (0,0) size 800x600
layer at (0,0) size 800x534
  LayoutBlockFlow {html} at (0,0) size 800x534
    LayoutBlockFlow {body} at (8,16) size 784x468
      LayoutBlockFlow {p} at (0,0) size 784x18
        LayoutText {#text} at (0,0) size 556x18
          text run at (0,0) width 320: "CSS Transformed HTML div with SVG inside it. "
          text run at (319,0) width 237: "objectBoundingBox patterns on text."
layer at (58,84) size 400x400
  LayoutBlockFlow {div} at (50,68) size 400x400
    LayoutSVGRoot {svg} at (75,31) size 496x496
      LayoutSVGResourcePattern {pattern} [id="pat1"] [patternUnits=objectBoundingBox] [patternContentUnits=userSpaceOnUse]
        LayoutSVGRect {rect} at (281,36) size 14x14 [fill={[type=SOLID] [color=#FF0000]}] [x=5.00] [y=5.00] [width=10.00] [height=10.00]
        LayoutSVGRect {rect} at (281,42) size 14x14 [fill={[type=SOLID] [color=#008000]}] [x=10.00] [y=10.00] [width=10.00] [height=10.00]
      LayoutSVGRect {rect} at (260,50) size 292x292 [stroke={[type=SOLID] [color=#000000]}] [fill={[type=PATTERN] [id="pat1"]}] [x=25.00] [y=10.00] [width=430.00] [height=60.00]
      LayoutSVGText {text} at (25,74) size 387x14 contains 1 chunk(s)
        LayoutSVGInlineText {#text} at (0,0) size 387x14
          chunk 1 text run 1 at (25.00,85.00) startOffset 0 endOffset 75 width 386.91: "Pattern created using red and green rectangles applied to fill of rectangle"
      LayoutSVGResourcePattern {pattern} [id="pat2"] [patternUnits=objectBoundingBox] [patternContentUnits=userSpaceOnUse]
        LayoutSVGRect {rect} at (281,31) size 14x13 [fill={[type=SOLID] [color=#FF0000]}] [x=0.00] [y=0.00] [width=10.00] [height=10.00]
        LayoutSVGRect {rect} at (287,36) size 14x14 [fill={[type=SOLID] [color=#008000]}] [x=10.00] [y=0.00] [width=10.00] [height=10.00]
        LayoutSVGRect {rect} at (275,36) size 14x14 [fill={[type=SOLID] [color=#0000FF]}] [x=0.00] [y=10.00] [width=10.00] [height=10.00]
        LayoutSVGRect {rect} at (281,42) size 14x14 [fill={[type=SOLID] [color=#FFFF00]}] [x=10.00] [y=10.00] [width=10.00] [height=10.00]
      LayoutSVGRect {rect} at (207,103) size 292x292 [stroke={[type=PATTERN] [id="pat2"] [stroke width=20.00]}] [x=35.00] [y=110.00] [width=410.00] [height=40.00]
      LayoutSVGText {text} at (25,164) size 302x14 contains 1 chunk(s)
        LayoutSVGInlineText {#text} at (0,0) size 302x14
          chunk 1 text run 1 at (25.00,175.00) startOffset 0 endOffset 59 width 301.52: "Pattern of 4 rectangles applied to a stroke of a rectangle."
      LayoutSVGResourcePattern {pattern} [id="pat3"] [patternUnits=objectBoundingBox] [patternContentUnits=userSpaceOnUse]
        LayoutSVGRect {rect} at (281,31) size 14x13 [fill={[type=SOLID] [color=#FF0000]}] [x=0.00] [y=0.00] [width=10.00] [height=10.00]
        LayoutSVGRect {rect} at (275,36) size 14x14 [fill={[type=SOLID] [color=#008000]}] [x=0.00] [y=10.00] [width=10.00] [height=10.00]
      LayoutSVGText {text} at (25,174) size 292x57 contains 1 chunk(s)
        LayoutSVGInlineText {#text} at (0,0) size 292x57
          chunk 1 text run 1 at (25.00,220.00) startOffset 0 endOffset 15 width 291.77: "Pattern on fill"
      LayoutSVGText {text} at (25,224) size 206x14 contains 1 chunk(s)
        LayoutSVGInlineText {#text} at (0,0) size 206x14
          chunk 1 text run 1 at (25.00,235.00) startOffset 0 endOffset 38 width 205.44: "Pattern consists of red and green rows"
      LayoutSVGResourcePattern {pattern} [id="pat4"] [patternUnits=objectBoundingBox] [patternContentUnits=userSpaceOnUse]
        LayoutSVGRect {rect} at (281,31) size 14x13 [fill={[type=SOLID] [color=#FF0000]}] [x=0.00] [y=0.00] [width=10.00] [height=10.00]
        LayoutSVGRect {rect} at (287,36) size 14x14 [fill={[type=SOLID] [color=#0000FF]}] [x=10.00] [y=0.00] [width=10.00] [height=10.00]
      LayoutSVGText {text} at (25,239) size 305x45 contains 1 chunk(s)
        LayoutSVGInlineText {#text} at (0,0) size 305x45
          chunk 1 text run 1 at (25.00,275.00) startOffset 0 endOffset 17 width 304.58: "Pattern on stroke"
      LayoutSVGText {text} at (25,279) size 217x14 contains 1 chunk(s)
        LayoutSVGInlineText {#text} at (0,0) size 217x14
          chunk 1 text run 1 at (25.00,290.00) startOffset 0 endOffset 40 width 216.79: "Pattern consists of red and blue columns"
      LayoutSVGText {text} at (10,304) size 264x46 contains 1 chunk(s)
        LayoutSVGInlineText {#text} at (0,0) size 264x46
          chunk 1 text run 1 at (10.00,340.00) startOffset 0 endOffset 16 width 263.31: "$Revision: 1.6 $"
      LayoutSVGRect {rect} at (75,31) size 496x496 [stroke={[type=SOLID] [color=#000000]}] [x=1.00] [y=1.00] [width=478.00] [height=358.00]
    LayoutText {#text} at (0,0) size 0x0
