layer at (0,0) size 800x600
  LayoutView at (0,0) size 800x600
layer at (0,0) size 800x456
  LayoutBlockFlow {HTML} at (0,0) size 800x456
    LayoutBlockFlow {BODY} at (8,8) size 784x440
      LayoutBlockFlow {DIV} at (0,0) size 784x440 [border: (1px solid #FF0000)]
        LayoutText {#text} at (1,0) size 169x18
          text run at (1,0) width 169: "Whitespace in option text:"
        LayoutMenuList {SELECT} at (169.39,1) size 56x18 [bgcolor=#F8F8F8]
          LayoutBlockFlow (anonymous) at (0,0) size 56x18
            LayoutText (anonymous) at (8,2) size 25x13
              text run at (8,2) width 25: "f o o"
        LayoutText {#text} at (225,0) size 8x18
          text run at (225,0) width 8: "a"
        LayoutMenuList {SELECT} at (232.48,1) size 56x18 [bgcolor=#F8F8F8]
          LayoutBlockFlow (anonymous) at (0,0) size 56x18
            LayoutText (anonymous) at (8,2) size 4x13
              text run at (8,2) width 4: " "
        LayoutText {#text} at (288,0) size 9x18
          text run at (288,0) width 9: "b"
        LayoutBR {BR} at (296,0) size 1x18
        LayoutBR {BR} at (1,18) size 0x18
        LayoutText {#text} at (1,34) size 140x18
          text run at (1,34) width 140: "Simple select control:"
        LayoutMenuList {SELECT} at (140.52,35) size 49x18 [bgcolor=#F8F8F8]
          LayoutBlockFlow (anonymous) at (0,0) size 49x18
            LayoutText (anonymous) at (8,2) size 18x13
              text run at (8,2) width 18: "foo"
        LayoutText {#text} at (189,34) size 8x18
          text run at (189,34) width 8: "a"
        LayoutMenuList {SELECT} at (196.61,35) size 49x18 [color=#808080] [bgcolor=#F8F8F8]
          LayoutBlockFlow (anonymous) at (0,0) size 49x18
            LayoutText (anonymous) at (8,2) size 18x13
              text run at (8,2) width 18: "foo"
        LayoutText {#text} at (245,34) size 9x18
          text run at (245,34) width 9: "b"
        LayoutBR {BR} at (253,34) size 1x18
        LayoutBR {BR} at (1,52) size 0x18
        LayoutText {#text} at (1,68) size 198x18
          text run at (1,68) width 198: "Line-height should be ignored:"
        LayoutMenuList {SELECT} at (198.73,69) size 49x18 [bgcolor=#F8F8F8]
          LayoutBlockFlow (anonymous) at (0,0) size 49x18
            LayoutText (anonymous) at (8,2) size 18x13
              text run at (8,2) width 18: "foo"
        LayoutText {#text} at (247,68) size 8x18
          text run at (247,68) width 8: "a"
        LayoutMenuList {SELECT} at (254.83,69) size 49x18 [color=#808080] [bgcolor=#F8F8F8]
          LayoutBlockFlow (anonymous) at (0,0) size 49x18
            LayoutText (anonymous) at (8,2) size 18x13
              text run at (8,2) width 18: "bar"
        LayoutText {#text} at (303,68) size 9x18
          text run at (303,68) width 9: "b"
        LayoutBR {BR} at (311,68) size 1x18
        LayoutBR {BR} at (1,86) size 0x18
        LayoutText {#text} at (1,102) size 441x18
          text run at (1,102) width 441: "Padding should be respected, the arrow button shouldn't change size:"
        LayoutMenuList {SELECT} at (442,103) size 49x18 [bgcolor=#F8F8F8]
          LayoutBlockFlow (anonymous) at (0,0) size 49x18
            LayoutText (anonymous) at (8,2) size 18x13
              text run at (8,2) width 18: "foo"
        LayoutText {#text} at (491,102) size 8x18
          text run at (491,102) width 8: "a"
        LayoutMenuList {SELECT} at (498.09,103) size 49x18 [color=#808080] [bgcolor=#F8F8F8]
          LayoutBlockFlow (anonymous) at (0,0) size 49x18
            LayoutText (anonymous) at (8,2) size 18x13
              text run at (8,2) width 18: "foo"
        LayoutText {#text} at (547,102) size 9x18
          text run at (547,102) width 9: "b"
        LayoutBR {BR} at (555,102) size 1x18
        LayoutBR {BR} at (1,120) size 0x18
        LayoutText {#text} at (1,143) size 180x18
          text run at (1,143) width 180: "Border should be respected:"
        LayoutMenuList {SELECT} at (180.05,137) size 55x32 [bgcolor=#F8F8F8] [border: (8px solid #33CCFF)]
          LayoutBlockFlow (anonymous) at (8,8) size 39x16
            LayoutText (anonymous) at (8,1) size 18x13
              text run at (8,1) width 18: "foo"
        LayoutText {#text} at (235,143) size 8x18
          text run at (235,143) width 8: "a"
        LayoutMenuList {SELECT} at (242.14,137) size 55x32 [color=#7F7F7F] [bgcolor=#F8F8F8] [border: (8px solid #33CCFF)]
          LayoutBlockFlow (anonymous) at (8,8) size 39x16
            LayoutText (anonymous) at (8,1) size 18x13
              text run at (8,1) width 18: "foo"
        LayoutText {#text} at (297,143) size 9x18
          text run at (297,143) width 9: "b"
        LayoutBR {BR} at (305,143) size 1x18
        LayoutBR {BR} at (1,168) size 0x18
        LayoutText {#text} at (1,187) size 118x18
          text run at (1,187) width 118: "Border + padding:"
        LayoutMenuList {SELECT} at (118.44,185) size 47x24 [bgcolor=#F8F8F8] [border: (4px solid #33CCFF)]
          LayoutBlockFlow (anonymous) at (4,4) size 39x16
            LayoutText (anonymous) at (8,1) size 18x13
              text run at (8,1) width 18: "foo"
        LayoutText {#text} at (165,187) size 8x18
          text run at (165,187) width 8: "a"
        LayoutMenuList {SELECT} at (172.53,185) size 47x24 [color=#7F7F7F] [bgcolor=#F8F8F8] [border: (4px solid #33CCFF)]
          LayoutBlockFlow (anonymous) at (4,4) size 39x16
            LayoutText (anonymous) at (8,1) size 18x13
              text run at (8,1) width 18: "foo"
        LayoutText {#text} at (219,187) size 9x18
          text run at (219,187) width 9: "b"
        LayoutBR {BR} at (227,187) size 1x18
        LayoutBR {BR} at (1,208) size 0x18
        LayoutText {#text} at (1,230) size 491x18
          text run at (1,230) width 491: "Height larger than font-size, button should grow, text baseline should center:"
        LayoutMenuList {SELECT} at (491.11,225) size 41x30 [bgcolor=#F8F8F8] [border: (1px solid #A6A6A6)]
          LayoutBlockFlow (anonymous) at (1,7) size 39x16
            LayoutText (anonymous) at (8,1) size 18x13
              text run at (8,1) width 18: "foo"
        LayoutText {#text} at (532,230) size 8x18
          text run at (532,230) width 8: "a"
        LayoutMenuList {SELECT} at (539.20,225) size 41x30 [color=#7F7F7F] [bgcolor=#F8F8F8] [border: (1px solid #A6A6A6)]
          LayoutBlockFlow (anonymous) at (1,7) size 39x16
            LayoutText (anonymous) at (8,1) size 4x13
              text run at (8,1) width 4: " "
        LayoutText {#text} at (580,230) size 9x18
          text run at (580,230) width 9: "b"
        LayoutBR {BR} at (588,230) size 1x18
        LayoutBR {BR} at (1,254) size 0x18
        LayoutText {#text} at (1,270) size 498x18
          text run at (1,270) width 498: "Height smaller than font-size, whole select shrinks but baseline is unchanged:"
        LayoutMenuList {SELECT} at (498.20,271) size 41x15 [bgcolor=#F8F8F8] [border: (1px solid #A6A6A6)]
          LayoutBlockFlow (anonymous) at (1,1) size 39x16
            LayoutText (anonymous) at (8,1) size 18x13
              text run at (8,1) width 18: "foo"
        LayoutText {#text} at (539,270) size 8x18
          text run at (539,270) width 8: "a"
        LayoutMenuList {SELECT} at (546.30,271) size 41x15 [bgcolor=#F8F8F8] [border: (1px solid #A6A6A6)]
          LayoutBlockFlow (anonymous) at (1,1) size 39x16
            LayoutText (anonymous) at (8,1) size 18x13
              text run at (8,1) width 18: "bar"
        LayoutText {#text} at (587,270) size 9x18
          text run at (587,270) width 9: "b"
        LayoutBR {BR} at (595,270) size 1x18
        LayoutBR {BR} at (1,286) size 0x18
        LayoutText {#text} at (1,302) size 173x18
          text run at (1,302) width 173: "select control with size=0: "
        LayoutBR {BR} at (173,302) size 1x18
        LayoutMenuList {SELECT} at (1,319) size 198x18 [bgcolor=#F8F8F8]
          LayoutBlockFlow (anonymous) at (0,0) size 198x18
            LayoutText (anonymous) at (8,2) size 70x13
              text run at (8,2) width 70: "Future Series"
        LayoutText {#text} at (199,318) size 4x18
          text run at (199,318) width 4: " "
        LayoutBR {BR} at (0,0) size 0x0
        LayoutText {#text} at (1,336) size 173x18
          text run at (1,336) width 173: "select control with size=1: "
        LayoutBR {BR} at (173,336) size 1x18
        LayoutMenuList {SELECT} at (1,353) size 198x18 [bgcolor=#F8F8F8]
          LayoutBlockFlow (anonymous) at (0,0) size 198x18
            LayoutText (anonymous) at (8,2) size 70x13
              text run at (8,2) width 70: "Future Series"
        LayoutText {#text} at (199,352) size 4x18
          text run at (199,352) width 4: " "
        LayoutBR {BR} at (0,0) size 0x0
        LayoutText {#text} at (1,370) size 170x18
          text run at (1,370) width 170: "Non-styled select control: "
        LayoutBR {BR} at (170,370) size 1x18
        LayoutMenuList {SELECT} at (1,387) size 190x18 [bgcolor=#F8F8F8] [border: (1px solid #A6A6A6)]
          LayoutBlockFlow (anonymous) at (1,1) size 188x16
            LayoutText (anonymous) at (8,1) size 70x13
              text run at (8,1) width 70: "Future Series"
        LayoutText {#text} at (191,386) size 4x18
          text run at (191,386) width 4: " "
        LayoutBR {BR} at (0,0) size 0x0
        LayoutText {#text} at (1,404) size 298x18
          text run at (1,404) width 298: "Styled select control with large border-radius: "
        LayoutBR {BR} at (298,404) size 1x18
        LayoutMenuList {SELECT} at (1,421) size 190x18 [bgcolor=#33CCFF] [border: (1px solid #A6A6A6)]
          LayoutBlockFlow (anonymous) at (1,1) size 188x16
            LayoutText (anonymous) at (8,1) size 70x13
              text run at (8,1) width 70: "Future Series"
        LayoutText {#text} at (191,420) size 4x18
          text run at (191,420) width 4: " "
        LayoutBR {BR} at (0,0) size 0x0
