layer at (0,0) size 800x600
  LayoutView at (0,0) size 800x600
layer at (0,0) size 800x476
  LayoutBlockFlow {HTML} at (0,0) size 800x476
    LayoutBlockFlow {BODY} at (8,16) size 784x452
      LayoutBlockFlow {P} at (0,0) size 784x20
        LayoutText {#text} at (0,0) size 203x19
          text run at (0,0) width 203: "The word 'PASS' should be seen "
        LayoutInline {EM} at (0,0) size 35x19
          LayoutText {#text} at (202,0) size 35x19
            text run at (202,0) width 35: "twice"
        LayoutText {#text} at (236,0) size 524x19
          text run at (236,0) width 524: " below. They appear together because they are composited, and hence not fragmented."
layer at (8,52) size 208x416
  LayoutBlockFlow {DIV} at (0,36) size 208x416
    LayoutMultiColumnSet (anonymous) at (0,0) size 208x416
layer at (-240,52) size 456x128 backgroundClip at (0,0) size 800x600 clip at (0,0) size 800x600
  LayoutMultiColumnFlowThread (anonymous) at (0,0) size 456x128
    LayoutBlockFlow (anonymous) at (0,0) size 368x128
      LayoutBR {BR} at (6,0) size 19x0
      LayoutBR {BR} at (38,0) size 19x0
      LayoutBR {BR} at (70,0) size 19x0
      LayoutBR {BR} at (102,0) size 19x0
      LayoutBR {BR} at (134,0) size 19x0
      LayoutBR {BR} at (166,0) size 19x0
      LayoutBR {BR} at (214,0) size 19x0
      LayoutBR {BR} at (246,0) size 19x0
      LayoutBR {BR} at (278,0) size 19x0
      LayoutBR {BR} at (310,0) size 19x0
      LayoutBR {BR} at (342,0) size 19x0
layer at (0,64) size 160x288
  LayoutBlockFlow (positioned) {DIV} at (0,64) size 160x288 [bgcolor=#FFFF00]
layer at (-232,60) size 72x112 backgroundClip at (0,0) size 800x600 clip at (0,0) size 800x600
  LayoutBlockFlow (relative positioned) {DIV} at (376,8) size 72x112
    LayoutText {#text} at (6,0) size 19x37
      text run at (6,0) width 37: "PASS"
    LayoutBR {BR} at (6,36) size 19x1
    LayoutText {#text} at (46,0) size 19x37
      text run at (46,0) width 37: "PASS"
