layer at (0,0) size 800x600
  LayoutView at (0,0) size 800x600
layer at (0,0) size 800x108
  LayoutBlockFlow {HTML} at (0,0) size 800x108
    LayoutBlockFlow {BODY} at (8,16) size 784x84
      LayoutBlockFlow {P} at (0,0) size 784x18
        LayoutText {#text} at (0,0) size 756x18
          text run at (0,0) width 258: "There should be one blue square below. "
          text run at (257,0) width 499: "It is not two because they are composited together, and hence not fragmented."
layer at (8,50) size 110x50
  LayoutBlockFlow {DIV} at (0,34) size 110x50
    LayoutMultiColumnSet (anonymous) at (0,0) size 110x50
layer at (8,50) size 50x100
  LayoutMultiColumnFlowThread (anonymous) at (0,0) size 50x100
layer at (8,50) size 50x100
  LayoutBlockFlow {DIV} at (0,0) size 50x100
    LayoutBlockFlow {DIV} at (0,0) size 50x100 [bgcolor=#0000FF]
      LayoutBR {BR} at (0,16) size 0x18
      LayoutBR {BR} at (0,66) size 0x18
