layer at (0,0) size 800x600
  LayoutView at (0,0) size 800x600
layer at (0,0) size 800x600
  LayoutBlockFlow {HTML} at (0,0) size 800x600
    LayoutBlockFlow {BODY} at (8,8) size 784x568
      LayoutBlockFlow {P} at (0,0) size 784x20
        LayoutText {#text} at (0,0) size 535x19
          text run at (0,0) width 535: "Three different sizes. The large size in particular should appear detailed and not pixelated."
      LayoutBlockFlow {P} at (0,36) size 784x86
        LayoutText {#text} at (0,52) size 82x19
          text run at (0,52) width 82: "\x{D83D}\x{DE49}\x{D83D}\x{DE3B}\x{D83D}\x{DC11}\x{D83C}\x{DF7C}\x{D83C}\x{DF72}\x{D83D}\x{DE0D}"
        LayoutInline {SPAN} at (0,0) size 26x5
          LayoutText {#text} at (82,63) size 26x5
            text run at (82,63) width 26: "\x{D83D}\x{DE49}\x{D83D}\x{DE3B}\x{D83D}\x{DC11}\x{D83C}\x{DF7C}\x{D83C}\x{DF72}\x{D83D}\x{DE0D}"
        LayoutText {#text} at (108,52) size 4x19
          text run at (108,52) width 4: " "
        LayoutInline {SPAN} at (0,0) size 366x81
          LayoutText {#text} at (112,3) size 366x81
            text run at (112,3) width 366: "\x{D83D}\x{DE49}\x{D83D}\x{DE3B}\x{D83D}\x{DC11}\x{D83C}\x{DF7C}\x{D83C}\x{DF72}\x{D83D}\x{DE0D}"
      LayoutBlockFlow {P} at (0,138) size 784x40
        LayoutText {#text} at (0,0) size 322x19
          text run at (0,0) width 322: "For the following, the emoji colors should not change."
        LayoutBR {BR} at (322,15) size 0x0
        LayoutText {#text} at (0,20) size 542x19
          text run at (0,20) width 542: "The monkey should be colored, the sheep should be black outlined with a white body, etc."
      LayoutBlockFlow {P} at (0,202) size 400x29 [bgcolor=#0000FF]
        LayoutText {#text} at (0,1) size 294x27
          text run at (0,1) width 294: "blue background: \x{D83D}\x{DE49}\x{D83D}\x{DE3B}\x{D83D}\x{DC11}\x{D83C}\x{DF7C}\x{D83C}\x{DF72}\x{D83D}\x{DE0D}"
      LayoutBlockFlow {P} at (0,255) size 784x29 [color=#FF0000]
        LayoutText {#text} at (0,1) size 208x27
          text run at (0,1) width 208: "red text: \x{D83D}\x{DE49}\x{D83D}\x{DE3B}\x{D83D}\x{DC11}\x{D83C}\x{DF7C}\x{D83C}\x{DF72}\x{D83D}\x{DE0D}"
      LayoutBlockFlow {P} at (0,308) size 784x40
        LayoutText {#text} at (0,0) size 403x19
          text run at (0,0) width 403: "For the following, each emoji should appear in two different colors."
        LayoutBR {BR} at (402,15) size 1x0
        LayoutText {#text} at (0,20) size 224x19
          text run at (0,20) width 224: "Color swatches should not be visible."
      LayoutBlockFlow {P} at (0,372) size 784x29
        LayoutText {#text} at (0,1) size 407x27
          text run at (0,1) width 407: "zero-width-joiners: \x{270C}\x{200D}\x{D83C}\x{DFFF}\x{270C}\x{200D}\x{D83C}\x{DFFC}\x{D83D}\x{DC6F}\x{200D}\x{D83C}\x{DFFB}\x{D83D}\x{DC6F}\x{200D}\x{D83C}\x{DFFF}\x{D83D}\x{DC72}\x{200D}\x{D83C}\x{DFFD}\x{D83D}\x{DC72}\x{200D}\x{D83C}\x{DFFB}"
layer at (500,200) size 200x200
  LayoutBlockFlow (positioned) {DIV} at (500,200) size 200x200
    LayoutBlockFlow {P} at (0,24) size 200x86
      LayoutText {#text} at (0,1) size 182x27
        text run at (0,1) width 182: "rotated emoji: \x{D83D}\x{DE49}\x{D83D}\x{DE0D}"
      LayoutBR {BR} at (182,22) size 0x0
      LayoutInline {SPAN} at (0,0) size 151x27 [color=#008000]
        LayoutText {#text} at (0,30) size 151x27
          text run at (0,30) width 151: "green text: \x{D83D}\x{DE3B}\x{D83C}\x{DF7C}"
      LayoutBR {BR} at (151,51) size 0x0
      LayoutInline {SPAN} at (0,0) size 138x27 [bgcolor=#800080]
        LayoutText {#text} at (0,58) size 138x27
          text run at (0,58) width 138: "purple bg: \x{D83D}\x{DC11}\x{D83C}\x{DF72}"
