layer at (0,0) size 800x600
  LayoutView at (0,0) size 800x600
layer at (0,0) size 800x116
  LayoutBlockFlow {HTML} at (0,0) size 800x116
    LayoutBlockFlow {BODY} at (8,16) size 784x92
      LayoutBlockFlow {P} at (0,0) size 784x20
        LayoutText {#text} at (0,0) size 457x19
          text run at (0,0) width 457: "crbug.com/155836: Ltr text in a rtl flow should truncate the text right-to-left."
      LayoutBlockFlow {P} at (0,36) size 784x20
        LayoutText {#text} at (0,0) size 264x19
          text run at (0,0) width 264: "You should see ...32109876543210 below."
layer at (8,88) size 125x20 scrollX 123.00 scrollWidth 248
  LayoutBlockFlow {DIV} at (0,72) size 125x20
    LayoutText {#text} at (-123,0) size 248x19
      text run at (-123,0) width 248: "0987654321098765432109876543210"
