layer at (0,0) size 800x600
  LayoutView at (0,0) size 800x600
layer at (0,0) size 800x530
  LayoutBlockFlow {HTML} at (0,0) size 800x530
    LayoutBlockFlow {BODY} at (8,16) size 784x506
      LayoutBlockFlow {P} at (0,0) size 784x91
        LayoutRuby (inline) {RUBY} at (0,0) size 144x53
          LayoutRubyRun (anonymous) at (0,7) size 144x84
            LayoutRubyText {RT} at (0,-17) size 144x42
              LayoutText {#text} at (0,10) size 144x26
                text run at (0,10) width 144: "\x{304D}\x{3069}\x{3046}\x{305F}\x{3044}\x{304D}"
            LayoutRubyBase (anonymous) at (0,0) size 144x84
              LayoutText {#text} at (12,19) size 120x53
                text run at (12,19) width 120: "\x{653B}\x{6BBB}"
        LayoutText {#text} at (0,0) size 0x0
      LayoutBlockFlow {P} at (0,107) size 784x91
        LayoutRuby (inline) {RUBY} at (0,0) size 192x53
          LayoutRubyRun (anonymous) at (0,7) size 192x84
            LayoutRubyText {RT} at (0,-17) size 192x42
              LayoutText {#text} at (0,10) size 192x26
                text run at (0,10) width 192: "\x{304D}\x{3069}\x{3046}\x{305F}\x{3044}\x{304D}\x{3069}\x{3046}"
            LayoutRubyBase (anonymous) at (0,0) size 192x84
              LayoutText {#text} at (8,19) size 176x53
                text run at (8,19) width 176: "\x{6A5F}\x{52D5}\x{968A}"
        LayoutText {#text} at (0,0) size 0x0
      LayoutBlockFlow {DIV} at (0,214) size 238x292
        LayoutBlockFlow {P} at (16,0) size 95x292
          LayoutRuby (inline) {RUBY} at (0,0) size 53x144
            LayoutRubyRun (anonymous) at (11,0) size 84x144
              LayoutRubyText {RT} at (-19,0) size 42x144
                LayoutText {#text} at (8,0) size 26x144
                  text run at (8,0) width 144: "\x{304D}\x{3069}\x{3046}\x{305F}\x{3044}\x{304D}"
              LayoutRubyBase (anonymous) at (0,0) size 84x144
                LayoutText {#text} at (15,12) size 53x120
                  text run at (15,12) width 120: "\x{653B}\x{6BBB}"
          LayoutText {#text} at (0,0) size 0x0
        LayoutBlockFlow {P} at (127,0) size 95x292
          LayoutRuby (inline) {RUBY} at (0,0) size 53x192
            LayoutRubyRun (anonymous) at (11,0) size 84x192
              LayoutRubyText {RT} at (-19,0) size 42x192
                LayoutText {#text} at (8,0) size 26x192
                  text run at (8,0) width 192: "\x{304D}\x{3069}\x{3046}\x{305F}\x{3044}\x{304D}\x{3069}\x{3046}"
              LayoutRubyBase (anonymous) at (0,0) size 84x192
                LayoutText {#text} at (15,8) size 53x176
                  text run at (15,8) width 176: "\x{6A5F}\x{52D5}\x{968A}"
          LayoutText {#text} at (0,0) size 0x0
