layer at (0,0) size 800x600
  LayoutView at (0,0) size 800x600
layer at (0,0) size 800x80
  LayoutBlockFlow {HTML} at (0,0) size 800x80
    LayoutBlockFlow {BODY} at (8,16) size 784x48
      LayoutBlockFlow {P} at (0,0) size 784x48
        LayoutRuby (inline) {RUBY} at (0,0) size 88x17
          LayoutRubyRun (anonymous) at (0,14) size 88x34
            LayoutRubyText {RT} at (0,-14) size 88x12
              LayoutText {#text} at (14,0) size 60x12
                text run at (14,0) width 60: "K\x{14D}kakukid\x{14D}tai"
            LayoutRubyBase (anonymous) at (0,0) size 88x34
              LayoutRuby (inline) {RUBY} at (0,0) size 88x17
                LayoutRubyRun (anonymous) at (0,6) size 18x28
                  LayoutRubyText {RT} at (0,-8) size 18x16
                    LayoutText {#text} at (0,2) size 18x12
                      text run at (0,2) width 18: "\x{3053}\x{3046}"
                  LayoutRubyBase (anonymous) at (0,0) size 18x28
                    LayoutText {#text} at (1,6) size 16x17
                      text run at (1,6) width 16: "\x{653B}"
                LayoutRubyRun (anonymous) at (18,6) size 18x28
                  LayoutRubyText {RT} at (0,-8) size 18x16
                    LayoutText {#text} at (0,2) size 18x12
                      text run at (0,2) width 18: "\x{304B}\x{304F}"
                  LayoutRubyBase (anonymous) at (0,0) size 18x28
                    LayoutText {#text} at (1,6) size 16x17
                      text run at (1,6) width 16: "\x{6BBB}"
                LayoutRubyRun (anonymous) at (36,6) size 16x28
                  LayoutRubyText {RT} at (0,-8) size 16x16
                    LayoutText {#text} at (3,2) size 10x12
                      text run at (3,2) width 10: "\x{304D}"
                  LayoutRubyBase (anonymous) at (0,0) size 16x28
                    LayoutText {#text} at (0,6) size 16x17
                      text run at (0,6) width 16: "\x{6A5F}"
                LayoutRubyRun (anonymous) at (52,6) size 18x28
                  LayoutRubyText {RT} at (0,-8) size 18x16
                    LayoutText {#text} at (0,2) size 18x12
                      text run at (0,2) width 18: "\x{3069}\x{3046}"
                  LayoutRubyBase (anonymous) at (0,0) size 18x28
                    LayoutText {#text} at (1,6) size 16x17
                      text run at (1,6) width 16: "\x{52D5}"
                LayoutRubyRun (anonymous) at (70,6) size 18x28
                  LayoutRubyText {RT} at (0,-8) size 18x16
                    LayoutText {#text} at (0,2) size 18x12
                      text run at (0,2) width 18: "\x{305F}\x{3044}"
                  LayoutRubyBase (anonymous) at (0,0) size 18x28
                    LayoutText {#text} at (1,6) size 16x17
                      text run at (1,6) width 16: "\x{968A}"
