layer at (0,0) size 800x600
  LayoutView at (0,0) size 800x600
layer at (0,0) size 800x600
  LayoutBlockFlow {HTML} at (0,0) size 800x600
    LayoutBlockFlow {BODY} at (8,8) size 784x584
      LayoutBlockFlow {P} at (0,0) size 784x18
        LayoutText {#text} at (0,0) size 759x17
          text run at (0,0) width 667: "This tests that in a standalone media document with audio content, the media element repaints correctly "
          text run at (666,0) width 93: "while playing."
      LayoutBlockFlow (anonymous) at (0,34) size 784x334
        LayoutText {#text} at (0,0) size 0x0
        LayoutText {#text} at (0,0) size 0x0
layer at (8,42) size 384x334
  LayoutIFrame {IFRAME} at (0,0) size 384x334 [border: (2px inset #EEEEEE)]
    layer at (0,0) size 380x330
      LayoutView at (0,0) size 380x330
    layer at (0,0) size 380x330
      LayoutBlockFlow {HTML} at (0,0) size 380x330
        LayoutBlockFlow {BODY} at (0,0) size 380x330 [bgcolor=#000000]
          LayoutFlexibleBox {DIV} at (0,0) size 380x330
    layer at (40,165) size 300x1
      LayoutVideo {VIDEO} at (40,164.50) size 300x1
    layer at (40,165) size 300x1
      LayoutFlexibleBox (relative positioned) {DIV} at (0,0) size 300x1
        LayoutBlockFlow {DIV} at (0,-31) size 300x32
    layer at (40,124) size 300x0
      LayoutFlexibleBox (relative positioned) {DIV} at (0,-41) size 300x0
    layer at (40,134) size 300x32 scrollHeight 40
      LayoutFlexibleBox (relative positioned) {DIV} at (0,0) size 300x32 [bgcolor=#FAFAFA]
        LayoutButton {INPUT} at (0,0) size 32x32
        LayoutFlexibleBox {DIV} at (32,0) size 17.73x32 [color=#5A5A5A]
          LayoutBlockFlow (anonymous) at (0,0) size 17.73x32
            LayoutText {#text} at (0,9) size 18x14
              text run at (0,9) width 18: "0:00"
        LayoutFlexibleBox {DIV} at (49.73,0) size 28.27x32 [color=#5A5A5A]
          LayoutBlockFlow (anonymous) at (4,0) size 24.27x32
            LayoutText {#text} at (0,9) size 25x14
              text run at (0,9) width 25: "/ 0:01"
        LayoutSlider {INPUT} at (96,15) size 89.13x2
          LayoutFlexibleBox {DIV} at (0,0) size 89.13x2
            LayoutBlockFlow {DIV} at (-18,-23) size 125.13x48
              LayoutBlockFlow {DIV} at (44.55,0) size 36x48
        LayoutButton {INPUT} at (203.13,0) size 32x32
        LayoutSlider {INPUT} at (253.13,15) size 28.88x2
          LayoutFlexibleBox {DIV} at (0,0) size 28.88x2
            LayoutBlockFlow {DIV} at (-18,-23) size 64.88x48
              LayoutBlockFlow {DIV} at (28.88,0) size 36x48
