layer at (0,0) size 800x600
  LayoutView at (0,0) size 800x600
layer at (0,0) size 800x600
  LayoutBlockFlow {HTML} at (0,0) size 800x600
    LayoutBlockFlow {BODY} at (8,8) size 784x584
      LayoutBlockFlow {P} at (0,0) size 784x18
        LayoutText {#text} at (0,0) size 419x17
          text run at (0,0) width 419: "Movie with no audio track. The volume button should not render."
      LayoutBlockFlow (anonymous) at (0,34) size 784x288
        LayoutText {#text} at (0,0) size 0x0
layer at (8,42) size 352x288
  LayoutVideo {VIDEO} at (0,0) size 352x288
layer at (8,42) size 352x288
  LayoutFlexibleBox (relative positioned) {DIV} at (0,0) size 352x288
    LayoutBlockFlow {DIV} at (0,256) size 352x32
layer at (8,42) size 352x246
  LayoutFlexibleBox (relative positioned) {DIV} at (0,0) size 352x246
layer at (8,298) size 352x32 scrollHeight 40
  LayoutFlexibleBox (relative positioned) {DIV} at (0,0) size 352x32 [bgcolor=#FAFAFA]
    LayoutButton {INPUT} at (0,0) size 32x32
    LayoutFlexibleBox {DIV} at (32,0) size 17.73x32 [color=#5A5A5A]
      LayoutBlockFlow (anonymous) at (0,0) size 17.73x32
        LayoutText {#text} at (0,9) size 18x14
          text run at (0,9) width 18: "0:00"
    LayoutFlexibleBox {DIV} at (49.73,0) size 28.27x32 [color=#5A5A5A]
      LayoutBlockFlow (anonymous) at (4,0) size 24.27x32
        LayoutText {#text} at (0,9) size 25x14
          text run at (0,9) width 25: "/ 0:09"
    LayoutSlider {INPUT} at (96,15) size 206x2
      LayoutFlexibleBox {DIV} at (0,0) size 206x2
        LayoutBlockFlow {DIV} at (-18,-23) size 242x48
          LayoutBlockFlow {DIV} at (0,0) size 36x48
layer at (328,298) size 32x32
  LayoutButton {INPUT} at (320,0) size 32x32
