layer at (0,0) size 800x600
  LayoutView at (0,0) size 800x600
layer at (0,0) size 800x600
  LayoutBlockFlow {HTML} at (0,0) size 800x600
    LayoutBlockFlow {BODY} at (8,8) size 784x576
      LayoutBlockFlow {P} at (0,0) size 784x18
        LayoutText {#text} at (0,0) size 146x17
          text run at (0,0) width 146: "This is to test a fix for "
        LayoutInline {A} at (0,0) size 69x17 [color=#0000EE]
          LayoutText {#text} at (145,0) size 69x17
            text run at (145,0) width 69: "bug 26660"
        LayoutText {#text} at (213,0) size 5x17
          text run at (213,0) width 5: "."
      LayoutBlockFlow {P} at (0,510) size 784x0
layer at (8,101) size 252x44 transparent
  LayoutBlockFlow {DIV} at (0,93) size 252x44 [border: (1px solid #008000)]
    LayoutText {#text} at (1,4) size 248x38
      text run at (1,4) width 248: "Straight \x{916}\x{94B}\x{91C}\x{947}\x{902} \x{92C}\x{941}\x{927}\x{935}\x{93E}\x{930} \x{915}\x{940} \x{938}\x{941}\x{92C}\x{939} \x{939}\x{94B}\x{928}\x{947} \x{935}\x{93E}\x{932}\x{93E}"
      text run at (1,25) width 76: "\x{92A}\x{942}\x{930}\x{94D}\x{923} 123 abc"
layer at (8,220) size 252x44 transparent
  LayoutBlockFlow {DIV} at (0,212) size 252x44 [border: (1px solid #008000)]
    LayoutText {#text} at (1,4) size 244x38
      text run at (1,4) width 244: "Now rotated \x{916}\x{94B}\x{91C}\x{947}\x{902} \x{92C}\x{941}\x{927}\x{935}\x{93E}\x{930} \x{915}\x{940} \x{938}\x{941}\x{92C}\x{939} \x{939}\x{94B}\x{928}\x{947}"
      text run at (1,25) width 109: "\x{935}\x{93E}\x{932}\x{93E} \x{92A}\x{942}\x{930}\x{94D}\x{923} 123 abc"
layer at (8,339) size 252x44 transparent
  LayoutBlockFlow {DIV} at (0,331) size 252x44 [border: (1px solid #008000)]
    LayoutText {#text} at (1,4) size 244x38
      text run at (1,4) width 244: "Now rotated \x{916}\x{94B}\x{91C}\x{947}\x{902} \x{92C}\x{941}\x{927}\x{935}\x{93E}\x{930} \x{915}\x{940} \x{938}\x{941}\x{92C}\x{939} \x{939}\x{94B}\x{928}\x{947}"
      text run at (1,25) width 109: "\x{935}\x{93E}\x{932}\x{93E} \x{92A}\x{942}\x{930}\x{94D}\x{923} 123 abc"
layer at (8,458) size 252x44 transparent
  LayoutBlockFlow {DIV} at (0,450) size 252x44 [border: (1px solid #008000)]
    LayoutText {#text} at (1,4) size 244x38
      text run at (1,4) width 118: "Now rotated \x{916}\x{94B}\x{91C}\x{947}\x{902} "
      text run at (118,4) width 127: "\x{92C}\x{941}\x{927}\x{935}\x{93E}\x{930} \x{915}\x{940} \x{938}\x{941}\x{92C}\x{939} \x{939}\x{94B}\x{928}\x{947}"
      text run at (1,25) width 109: "\x{935}\x{93E}\x{932}\x{93E} \x{92A}\x{942}\x{930}\x{94D}\x{923} 123 abc"
