layer at (0,0) size 1066x799
  LayoutView at (0,0) size 1066x799
layer at (0,0) size 1066x112
  LayoutBlockFlow {HTML} at (0,0) size 1066x112
    LayoutBlockFlow {BODY} at (8,8) size 1050x88
      LayoutBlockFlow (anonymous) at (0,0) size 1050x18
        LayoutText {#text} at (0,0) size 417x17
          text run at (0,0) width 417: "Passes if both 'first' (with a line break) and 'second' have a bullet."
      LayoutBlockFlow {UL} at (0,34) size 1050x54
        LayoutListItem {LI} at (40,0) size 1010x36
          LayoutListMarker (anonymous) at (-17,0) size 7x17: bullet
          LayoutBR {BR} at (0,0) size 0x17
          LayoutText {#text} at (0,18) size 26x17
            text run at (0,18) width 26: "first"
        LayoutListItem {LI} at (40,36) size 1010x18
          LayoutListMarker (anonymous) at (-17,0) size 7x17: bullet
          LayoutText {#text} at (0,0) size 45x17
            text run at (0,0) width 45: "second"
