layer at (0,0) size 800x600 clip at (0,0) size 785x600 scrollHeight 1494
  LayoutView at (0,0) size 800x600
layer at (0,0) size 785x1494 backgroundClip at (0,0) size 785x600 clip at (0,0) size 785x600
  LayoutBlockFlow {HTML} at (0,0) size 785x1494
    LayoutBlockFlow {BODY} at (8,8) size 769x1478
      LayoutTable {TABLE} at (0,0) size 452x1478
        LayoutTableSection {THEAD} at (0,0) size 452x43
          LayoutTableRow {TR} at (0,2) size 452x39
            LayoutTableCell {TH} at (2,2) size 148x39 [r=0 c=0 rs=1 cs=1]
              LayoutText {#text} at (1,1) size 146x36
                text run at (1,1) width 146: "Column 1"
            LayoutTableCell {TH} at (152,2) size 148x39 [r=0 c=1 rs=1 cs=1]
              LayoutText {#text} at (1,1) size 146x36
                text run at (1,1) width 146: "Column 2"
            LayoutTableCell {TH} at (302,2) size 148x39 [r=0 c=2 rs=1 cs=1]
              LayoutText {#text} at (1,1) size 146x36
                text run at (1,1) width 146: "Column 3"
        LayoutTableSection {TBODY} at (0,43) size 452x1435
          LayoutTableRow {TR} at (0,0) size 452x39
            LayoutTableCell {TD} at (2,0) size 148x39 [r=0 c=0 rs=1 cs=1]
              LayoutText {#text} at (1,1) size 47x36
                text run at (1,1) width 47: "1-1"
            LayoutTableCell {TD} at (152,0) size 148x39 [r=0 c=1 rs=1 cs=1]
              LayoutText {#text} at (1,1) size 47x36
                text run at (1,1) width 47: "2-1"
            LayoutTableCell {TD} at (302,0) size 148x39 [r=0 c=2 rs=1 cs=1]
              LayoutText {#text} at (1,1) size 47x36
                text run at (1,1) width 47: "3-1"
          LayoutTableRow {TR} at (0,41) size 452x39
            LayoutTableCell {TD} at (2,41) size 148x39 [r=1 c=0 rs=1 cs=1]
              LayoutText {#text} at (1,1) size 47x36
                text run at (1,1) width 47: "1-2"
            LayoutTableCell {TD} at (152,41) size 148x39 [r=1 c=1 rs=1 cs=1]
              LayoutText {#text} at (1,1) size 47x36
                text run at (1,1) width 47: "2-2"
            LayoutTableCell {TD} at (302,41) size 148x39 [r=1 c=2 rs=1 cs=1]
              LayoutText {#text} at (1,1) size 47x36
                text run at (1,1) width 47: "3-2"
          LayoutTableRow {TR} at (0,82) size 452x39
            LayoutTableCell {TD} at (2,82) size 148x39 [r=2 c=0 rs=1 cs=1]
              LayoutText {#text} at (1,1) size 47x36
                text run at (1,1) width 47: "1-3"
            LayoutTableCell {TD} at (152,82) size 148x39 [r=2 c=1 rs=1 cs=1]
              LayoutText {#text} at (1,1) size 47x36
                text run at (1,1) width 47: "2-3"
            LayoutTableCell {TD} at (302,82) size 148x39 [r=2 c=2 rs=1 cs=1]
              LayoutText {#text} at (1,1) size 47x36
                text run at (1,1) width 47: "3-3"
          LayoutTableRow {TR} at (0,123) size 452x39
            LayoutTableCell {TD} at (2,123) size 148x39 [r=3 c=0 rs=1 cs=1]
              LayoutText {#text} at (1,1) size 47x36
                text run at (1,1) width 47: "1-4"
            LayoutTableCell {TD} at (152,123) size 148x39 [r=3 c=1 rs=1 cs=1]
              LayoutText {#text} at (1,1) size 47x36
                text run at (1,1) width 47: "2-4"
            LayoutTableCell {TD} at (302,123) size 148x39 [r=3 c=2 rs=1 cs=1]
              LayoutText {#text} at (1,1) size 47x36
                text run at (1,1) width 47: "3-4"
          LayoutTableRow {TR} at (0,164) size 452x39
            LayoutTableCell {TD} at (2,164) size 148x39 [r=4 c=0 rs=1 cs=1]
              LayoutText {#text} at (1,1) size 47x36
                text run at (1,1) width 47: "1-5"
            LayoutTableCell {TD} at (152,164) size 148x39 [r=4 c=1 rs=1 cs=1]
              LayoutText {#text} at (1,1) size 47x36
                text run at (1,1) width 47: "2-5"
            LayoutTableCell {TD} at (302,164) size 148x39 [r=4 c=2 rs=1 cs=1]
              LayoutText {#text} at (1,1) size 47x36
                text run at (1,1) width 47: "3-5"
          LayoutTableRow {TR} at (0,205) size 452x39
            LayoutTableCell {TD} at (2,205) size 148x39 [r=5 c=0 rs=1 cs=1]
              LayoutText {#text} at (1,1) size 47x36
                text run at (1,1) width 47: "1-6"
            LayoutTableCell {TD} at (152,205) size 148x39 [r=5 c=1 rs=1 cs=1]
              LayoutText {#text} at (1,1) size 47x36
                text run at (1,1) width 47: "2-6"
            LayoutTableCell {TD} at (302,205) size 148x39 [r=5 c=2 rs=1 cs=1]
              LayoutText {#text} at (1,1) size 47x36
                text run at (1,1) width 47: "3-6"
          LayoutTableRow {TR} at (0,246) size 452x39
            LayoutTableCell {TD} at (2,246) size 148x39 [r=6 c=0 rs=1 cs=1]
              LayoutText {#text} at (1,1) size 47x36
                text run at (1,1) width 47: "1-7"
            LayoutTableCell {TD} at (152,246) size 148x39 [r=6 c=1 rs=1 cs=1]
              LayoutText {#text} at (1,1) size 47x36
                text run at (1,1) width 47: "2-7"
            LayoutTableCell {TD} at (302,246) size 148x39 [r=6 c=2 rs=1 cs=1]
              LayoutText {#text} at (1,1) size 47x36
                text run at (1,1) width 47: "3-7"
          LayoutTableRow {TR} at (0,287) size 452x39
            LayoutTableCell {TD} at (2,287) size 148x39 [r=7 c=0 rs=1 cs=1]
              LayoutText {#text} at (1,1) size 47x36
                text run at (1,1) width 47: "1-8"
            LayoutTableCell {TD} at (152,287) size 148x39 [r=7 c=1 rs=1 cs=1]
              LayoutText {#text} at (1,1) size 47x36
                text run at (1,1) width 47: "2-8"
            LayoutTableCell {TD} at (302,287) size 148x39 [r=7 c=2 rs=1 cs=1]
              LayoutText {#text} at (1,1) size 47x36
                text run at (1,1) width 47: "3-8"
          LayoutTableRow {TR} at (0,328) size 452x39
            LayoutTableCell {TD} at (2,328) size 148x39 [r=8 c=0 rs=1 cs=1]
              LayoutText {#text} at (1,1) size 47x36
                text run at (1,1) width 47: "1-9"
            LayoutTableCell {TD} at (152,328) size 148x39 [r=8 c=1 rs=1 cs=1]
              LayoutText {#text} at (1,1) size 47x36
                text run at (1,1) width 47: "2-9"
            LayoutTableCell {TD} at (302,328) size 148x39 [r=8 c=2 rs=1 cs=1]
              LayoutText {#text} at (1,1) size 47x36
                text run at (1,1) width 47: "3-9"
          LayoutTableRow {TR} at (0,369) size 452x39
            LayoutTableCell {TD} at (2,369) size 148x39 [r=9 c=0 rs=1 cs=1]
              LayoutText {#text} at (1,1) size 65x36
                text run at (1,1) width 65: "1-10"
            LayoutTableCell {TD} at (152,369) size 148x39 [r=9 c=1 rs=1 cs=1]
              LayoutText {#text} at (1,1) size 65x36
                text run at (1,1) width 65: "2-10"
            LayoutTableCell {TD} at (302,369) size 148x39 [r=9 c=2 rs=1 cs=1]
              LayoutText {#text} at (1,1) size 65x36
                text run at (1,1) width 65: "3-10"
          LayoutTableRow {TR} at (0,410) size 452x39
            LayoutTableCell {TD} at (2,410) size 148x39 [r=10 c=0 rs=1 cs=1]
              LayoutText {#text} at (1,1) size 62x36
                text run at (1,1) width 62: "1-11"
            LayoutTableCell {TD} at (152,410) size 148x39 [r=10 c=1 rs=1 cs=1]
              LayoutText {#text} at (1,1) size 62x36
                text run at (1,1) width 62: "2-11"
            LayoutTableCell {TD} at (302,410) size 148x39 [r=10 c=2 rs=1 cs=1]
              LayoutText {#text} at (1,1) size 62x36
                text run at (1,1) width 62: "3-11"
          LayoutTableRow {TR} at (0,451) size 452x39
            LayoutTableCell {TD} at (2,451) size 148x39 [r=11 c=0 rs=1 cs=1]
              LayoutText {#text} at (1,1) size 65x36
                text run at (1,1) width 65: "1-12"
            LayoutTableCell {TD} at (152,451) size 148x39 [r=11 c=1 rs=1 cs=1]
              LayoutText {#text} at (1,1) size 65x36
                text run at (1,1) width 65: "2-12"
            LayoutTableCell {TD} at (302,451) size 148x39 [r=11 c=2 rs=1 cs=1]
              LayoutText {#text} at (1,1) size 65x36
                text run at (1,1) width 65: "3-12"
          LayoutTableRow {TR} at (0,492) size 452x39
            LayoutTableCell {TD} at (2,492) size 148x39 [r=12 c=0 rs=1 cs=1]
              LayoutText {#text} at (1,1) size 65x36
                text run at (1,1) width 65: "1-13"
            LayoutTableCell {TD} at (152,492) size 148x39 [r=12 c=1 rs=1 cs=1]
              LayoutText {#text} at (1,1) size 65x36
                text run at (1,1) width 65: "2-13"
            LayoutTableCell {TD} at (302,492) size 148x39 [r=12 c=2 rs=1 cs=1]
              LayoutText {#text} at (1,1) size 65x36
                text run at (1,1) width 65: "3-13"
          LayoutTableRow {TR} at (0,533) size 452x39
            LayoutTableCell {TD} at (2,533) size 148x39 [r=13 c=0 rs=1 cs=1]
              LayoutText {#text} at (1,1) size 65x36
                text run at (1,1) width 65: "1-14"
            LayoutTableCell {TD} at (152,533) size 148x39 [r=13 c=1 rs=1 cs=1]
              LayoutText {#text} at (1,1) size 65x36
                text run at (1,1) width 65: "2-14"
            LayoutTableCell {TD} at (302,533) size 148x39 [r=13 c=2 rs=1 cs=1]
              LayoutText {#text} at (1,1) size 65x36
                text run at (1,1) width 65: "3-14"
          LayoutTableRow {TR} at (0,574) size 452x39
            LayoutTableCell {TD} at (2,574) size 148x39 [r=14 c=0 rs=1 cs=1]
              LayoutText {#text} at (1,1) size 65x36
                text run at (1,1) width 65: "1-15"
            LayoutTableCell {TD} at (152,574) size 148x39 [r=14 c=1 rs=1 cs=1]
              LayoutText {#text} at (1,1) size 65x36
                text run at (1,1) width 65: "2-15"
            LayoutTableCell {TD} at (302,574) size 148x39 [r=14 c=2 rs=1 cs=1]
              LayoutText {#text} at (1,1) size 65x36
                text run at (1,1) width 65: "3-15"
          LayoutTableRow {TR} at (0,615) size 452x39
            LayoutTableCell {TD} at (2,615) size 148x39 [r=15 c=0 rs=1 cs=1]
              LayoutText {#text} at (1,1) size 65x36
                text run at (1,1) width 65: "1-16"
            LayoutTableCell {TD} at (152,615) size 148x39 [r=15 c=1 rs=1 cs=1]
              LayoutText {#text} at (1,1) size 65x36
                text run at (1,1) width 65: "2-16"
            LayoutTableCell {TD} at (302,615) size 148x39 [r=15 c=2 rs=1 cs=1]
              LayoutText {#text} at (1,1) size 65x36
                text run at (1,1) width 65: "3-16"
          LayoutTableRow {TR} at (0,656) size 452x39
            LayoutTableCell {TD} at (2,656) size 148x39 [r=16 c=0 rs=1 cs=1]
              LayoutText {#text} at (1,1) size 65x36
                text run at (1,1) width 65: "1-17"
            LayoutTableCell {TD} at (152,656) size 148x39 [r=16 c=1 rs=1 cs=1]
              LayoutText {#text} at (1,1) size 65x36
                text run at (1,1) width 65: "2-17"
            LayoutTableCell {TD} at (302,656) size 148x39 [r=16 c=2 rs=1 cs=1]
              LayoutText {#text} at (1,1) size 65x36
                text run at (1,1) width 65: "3-17"
          LayoutTableRow {TR} at (0,697) size 452x39
            LayoutTableCell {TD} at (2,697) size 148x39 [r=17 c=0 rs=1 cs=1]
              LayoutText {#text} at (1,1) size 65x36
                text run at (1,1) width 65: "1-18"
            LayoutTableCell {TD} at (152,697) size 148x39 [r=17 c=1 rs=1 cs=1]
              LayoutText {#text} at (1,1) size 65x36
                text run at (1,1) width 65: "2-18"
            LayoutTableCell {TD} at (302,697) size 148x39 [r=17 c=2 rs=1 cs=1]
              LayoutText {#text} at (1,1) size 65x36
                text run at (1,1) width 65: "3-18"
          LayoutTableRow {TR} at (0,738) size 452x39
            LayoutTableCell {TD} at (2,738) size 148x39 [r=18 c=0 rs=1 cs=1]
              LayoutText {#text} at (1,1) size 65x36
                text run at (1,1) width 65: "1-19"
            LayoutTableCell {TD} at (152,738) size 148x39 [r=18 c=1 rs=1 cs=1]
              LayoutText {#text} at (1,1) size 65x36
                text run at (1,1) width 65: "2-19"
            LayoutTableCell {TD} at (302,738) size 148x39 [r=18 c=2 rs=1 cs=1]
              LayoutText {#text} at (1,1) size 65x36
                text run at (1,1) width 65: "3-19"
          LayoutTableRow {TR} at (0,779) size 452x39
            LayoutTableCell {TD} at (2,779) size 148x39 [r=19 c=0 rs=1 cs=1]
              LayoutText {#text} at (1,1) size 65x36
                text run at (1,1) width 65: "1-20"
            LayoutTableCell {TD} at (152,779) size 148x39 [r=19 c=1 rs=1 cs=1]
              LayoutText {#text} at (1,1) size 65x36
                text run at (1,1) width 65: "2-20"
            LayoutTableCell {TD} at (302,779) size 148x39 [r=19 c=2 rs=1 cs=1]
              LayoutText {#text} at (1,1) size 65x36
                text run at (1,1) width 65: "3-20"
          LayoutTableRow {TR} at (0,820) size 452x39
            LayoutTableCell {TD} at (2,820) size 148x39 [r=20 c=0 rs=1 cs=1]
              LayoutText {#text} at (1,1) size 65x36
                text run at (1,1) width 65: "1-21"
            LayoutTableCell {TD} at (152,820) size 148x39 [r=20 c=1 rs=1 cs=1]
              LayoutText {#text} at (1,1) size 65x36
                text run at (1,1) width 65: "2-21"
            LayoutTableCell {TD} at (302,820) size 148x39 [r=20 c=2 rs=1 cs=1]
              LayoutText {#text} at (1,1) size 65x36
                text run at (1,1) width 65: "3-21"
          LayoutTableRow {TR} at (0,861) size 452x39
            LayoutTableCell {TD} at (2,861) size 148x39 [r=21 c=0 rs=1 cs=1]
              LayoutText {#text} at (1,1) size 65x36
                text run at (1,1) width 65: "1-22"
            LayoutTableCell {TD} at (152,861) size 148x39 [r=21 c=1 rs=1 cs=1]
              LayoutText {#text} at (1,1) size 65x36
                text run at (1,1) width 65: "2-22"
            LayoutTableCell {TD} at (302,861) size 148x39 [r=21 c=2 rs=1 cs=1]
              LayoutText {#text} at (1,1) size 65x36
                text run at (1,1) width 65: "3-22"
          LayoutTableRow {TR} at (0,902) size 452x39
            LayoutTableCell {TD} at (2,902) size 148x39 [r=22 c=0 rs=1 cs=1]
              LayoutText {#text} at (1,1) size 65x36
                text run at (1,1) width 65: "1-23"
            LayoutTableCell {TD} at (152,902) size 148x39 [r=22 c=1 rs=1 cs=1]
              LayoutText {#text} at (1,1) size 65x36
                text run at (1,1) width 65: "2-23"
            LayoutTableCell {TD} at (302,902) size 148x39 [r=22 c=2 rs=1 cs=1]
              LayoutText {#text} at (1,1) size 65x36
                text run at (1,1) width 65: "3-23"
          LayoutTableRow {TR} at (0,943) size 452x39
            LayoutTableCell {TD} at (2,943) size 148x39 [r=23 c=0 rs=1 cs=1]
              LayoutText {#text} at (1,1) size 65x36
                text run at (1,1) width 65: "1-24"
            LayoutTableCell {TD} at (152,943) size 148x39 [r=23 c=1 rs=1 cs=1]
              LayoutText {#text} at (1,1) size 65x36
                text run at (1,1) width 65: "2-24"
            LayoutTableCell {TD} at (302,943) size 148x39 [r=23 c=2 rs=1 cs=1]
              LayoutText {#text} at (1,1) size 65x36
                text run at (1,1) width 65: "3-24"
          LayoutTableRow {TR} at (0,984) size 452x39
            LayoutTableCell {TD} at (2,984) size 148x39 [r=24 c=0 rs=1 cs=1]
              LayoutText {#text} at (1,1) size 65x36
                text run at (1,1) width 65: "1-25"
            LayoutTableCell {TD} at (152,984) size 148x39 [r=24 c=1 rs=1 cs=1]
              LayoutText {#text} at (1,1) size 65x36
                text run at (1,1) width 65: "2-25"
            LayoutTableCell {TD} at (302,984) size 148x39 [r=24 c=2 rs=1 cs=1]
              LayoutText {#text} at (1,1) size 65x36
                text run at (1,1) width 65: "3-25"
          LayoutTableRow {TR} at (0,1025) size 452x39
            LayoutTableCell {TD} at (2,1025) size 148x39 [r=25 c=0 rs=1 cs=1]
              LayoutText {#text} at (1,1) size 65x36
                text run at (1,1) width 65: "1-26"
            LayoutTableCell {TD} at (152,1025) size 148x39 [r=25 c=1 rs=1 cs=1]
              LayoutText {#text} at (1,1) size 65x36
                text run at (1,1) width 65: "2-26"
            LayoutTableCell {TD} at (302,1025) size 148x39 [r=25 c=2 rs=1 cs=1]
              LayoutText {#text} at (1,1) size 65x36
                text run at (1,1) width 65: "3-26"
          LayoutTableRow {TR} at (0,1066) size 452x39
            LayoutTableCell {TD} at (2,1066) size 148x39 [r=26 c=0 rs=1 cs=1]
              LayoutText {#text} at (1,1) size 65x36
                text run at (1,1) width 65: "1-27"
            LayoutTableCell {TD} at (152,1066) size 148x39 [r=26 c=1 rs=1 cs=1]
              LayoutText {#text} at (1,1) size 65x36
                text run at (1,1) width 65: "2-27"
            LayoutTableCell {TD} at (302,1066) size 148x39 [r=26 c=2 rs=1 cs=1]
              LayoutText {#text} at (1,1) size 65x36
                text run at (1,1) width 65: "3-27"
          LayoutTableRow {TR} at (0,1107) size 452x39
            LayoutTableCell {TD} at (2,1107) size 148x39 [r=27 c=0 rs=1 cs=1]
              LayoutText {#text} at (1,1) size 65x36
                text run at (1,1) width 65: "1-28"
            LayoutTableCell {TD} at (152,1107) size 148x39 [r=27 c=1 rs=1 cs=1]
              LayoutText {#text} at (1,1) size 65x36
                text run at (1,1) width 65: "2-28"
            LayoutTableCell {TD} at (302,1107) size 148x39 [r=27 c=2 rs=1 cs=1]
              LayoutText {#text} at (1,1) size 65x36
                text run at (1,1) width 65: "3-28"
          LayoutTableRow {TR} at (0,1148) size 452x39
            LayoutTableCell {TD} at (2,1148) size 148x39 [r=28 c=0 rs=1 cs=1]
              LayoutText {#text} at (1,1) size 65x36
                text run at (1,1) width 65: "1-29"
            LayoutTableCell {TD} at (152,1148) size 148x39 [r=28 c=1 rs=1 cs=1]
              LayoutText {#text} at (1,1) size 65x36
                text run at (1,1) width 65: "2-29"
            LayoutTableCell {TD} at (302,1148) size 148x39 [r=28 c=2 rs=1 cs=1]
              LayoutText {#text} at (1,1) size 65x36
                text run at (1,1) width 65: "3-29"
          LayoutTableRow {TR} at (0,1189) size 452x39
            LayoutTableCell {TD} at (2,1189) size 148x39 [r=29 c=0 rs=1 cs=1]
              LayoutText {#text} at (1,1) size 65x36
                text run at (1,1) width 65: "1-30"
            LayoutTableCell {TD} at (152,1189) size 148x39 [r=29 c=1 rs=1 cs=1]
              LayoutText {#text} at (1,1) size 65x36
                text run at (1,1) width 65: "2-30"
            LayoutTableCell {TD} at (302,1189) size 148x39 [r=29 c=2 rs=1 cs=1]
              LayoutText {#text} at (1,1) size 65x36
                text run at (1,1) width 65: "3-30"
          LayoutTableRow {TR} at (0,1230) size 452x39
            LayoutTableCell {TD} at (2,1230) size 148x39 [r=30 c=0 rs=1 cs=1]
              LayoutText {#text} at (1,1) size 65x36
                text run at (1,1) width 65: "1-31"
            LayoutTableCell {TD} at (152,1230) size 148x39 [r=30 c=1 rs=1 cs=1]
              LayoutText {#text} at (1,1) size 65x36
                text run at (1,1) width 65: "2-31"
            LayoutTableCell {TD} at (302,1230) size 148x39 [r=30 c=2 rs=1 cs=1]
              LayoutText {#text} at (1,1) size 65x36
                text run at (1,1) width 65: "3-31"
          LayoutTableRow {TR} at (0,1271) size 452x39
            LayoutTableCell {TD} at (2,1271) size 148x39 [r=31 c=0 rs=1 cs=1]
              LayoutText {#text} at (1,1) size 65x36
                text run at (1,1) width 65: "1-32"
            LayoutTableCell {TD} at (152,1271) size 148x39 [r=31 c=1 rs=1 cs=1]
              LayoutText {#text} at (1,1) size 65x36
                text run at (1,1) width 65: "2-32"
            LayoutTableCell {TD} at (302,1271) size 148x39 [r=31 c=2 rs=1 cs=1]
              LayoutText {#text} at (1,1) size 65x36
                text run at (1,1) width 65: "3-32"
          LayoutTableRow {TR} at (0,1312) size 452x39
            LayoutTableCell {TD} at (2,1312) size 148x39 [r=32 c=0 rs=1 cs=1]
              LayoutText {#text} at (1,1) size 65x36
                text run at (1,1) width 65: "1-33"
            LayoutTableCell {TD} at (152,1312) size 148x39 [r=32 c=1 rs=1 cs=1]
              LayoutText {#text} at (1,1) size 65x36
                text run at (1,1) width 65: "2-33"
            LayoutTableCell {TD} at (302,1312) size 148x39 [r=32 c=2 rs=1 cs=1]
              LayoutText {#text} at (1,1) size 65x36
                text run at (1,1) width 65: "3-33"
          LayoutTableRow {TR} at (0,1353) size 452x39
            LayoutTableCell {TD} at (2,1353) size 148x39 [r=33 c=0 rs=1 cs=1]
              LayoutText {#text} at (1,1) size 65x36
                text run at (1,1) width 65: "1-34"
            LayoutTableCell {TD} at (152,1353) size 148x39 [r=33 c=1 rs=1 cs=1]
              LayoutText {#text} at (1,1) size 65x36
                text run at (1,1) width 65: "2-34"
            LayoutTableCell {TD} at (302,1353) size 148x39 [r=33 c=2 rs=1 cs=1]
              LayoutText {#text} at (1,1) size 65x36
                text run at (1,1) width 65: "3-34"
          LayoutTableRow {TR} at (0,1394) size 452x39
            LayoutTableCell {TD} at (2,1394) size 148x39 [r=34 c=0 rs=1 cs=1]
              LayoutText {#text} at (1,1) size 65x36
                text run at (1,1) width 65: "1-35"
            LayoutTableCell {TD} at (152,1394) size 148x39 [r=34 c=1 rs=1 cs=1]
              LayoutText {#text} at (1,1) size 65x36
                text run at (1,1) width 65: "2-35"
            LayoutTableCell {TD} at (302,1394) size 148x39 [r=34 c=2 rs=1 cs=1]
              LayoutText {#text} at (1,1) size 65x36
                text run at (1,1) width 65: "3-35"
