layer at (0,0) size 1600x1200
  LayoutView at (0,0) size 1600x1200
layer at (0,0) size 1600x69
  LayoutBlockFlow {HTML} at (0,0) size 1600x69
    LayoutBlockFlow {BODY} at (16,16) size 1568x37
      LayoutInline {SPAN} at (0,0) size 719x36 [bgcolor=#FF0000]
        LayoutText {#text} at (0,0) size 719x36
          text run at (0,0) width 719: "This text should be nice and sharp. devicePixelRatio is: "
      LayoutText {#text} at (0,0) size 0x0
      LayoutInline {SPAN} at (0,0) size 17x36
        LayoutText {#text} at (718,0) size 17x36
          text run at (718,0) width 17: "2"
      LayoutText {#text} at (0,0) size 0x0
      LayoutText {#text} at (0,0) size 0x0
