layer at (0,0) size 800x600 clip at (0,0) size 785x600 scrollHeight 709
  LayoutView at (0,0) size 800x600
layer at (0,0) size 785x709 backgroundClip at (0,0) size 785x600 clip at (0,0) size 785x600
  LayoutBlockFlow {html} at (0,0) size 785x709.11
    LayoutBlockFlow {body} at (47.09,30.72) size 737.89x670.39
      LayoutBlockFlow {div} at (0,0) size 737.89x670.39
        LayoutBlockFlow {h1} at (0,0) size 678.86x29
          LayoutText {#text} at (0,0) size 379x28
            text run at (0,0) width 379: "rightsizing to percentage width"
        LayoutBlockFlow {h4} at (0,29) size 737.89x16
          LayoutText {#text} at (0,0) size 138x16
            text run at (0,0) width 138: "WICD Core 1.0 #20-2"
        LayoutBlockFlow (anonymous) at (0,64.14) size 737.89x154
          LayoutText {#text} at (295,136) size 5x17
            text run at (295,136) width 5: " "
          LayoutText {#text} at (447,136) size 5x17
            text run at (447,136) width 5: " "
          LayoutText {#text} at (525,136) size 5x17
            text run at (525,136) width 5: " "
          LayoutText {#text} at (0,0) size 0x0
        LayoutBlockFlow {p} at (0,221.02) size 678.86x68
          LayoutText {#text} at (0,0) size 651x34
            text run at (0,0) width 651: "Above there must be four times the same, square SVG child visible, each referenced by an object element"
            text run at (0,17) width 414: "with different widths (40%, 20%, 10%, 5%) and no height defined. "
          LayoutBR {br} at (0,0) size 0x0
          LayoutBR {br} at (0,34) size 0x17
          LayoutText {#text} at (0,51) size 398x17
            text run at (0,51) width 398: "Beyond there is the same, only with PNG images instead of SVG."
        LayoutBlockFlow (anonymous) at (0,294.77) size 737.89x299
          LayoutImage {object} at (0,0) size 295.16x295.16 [bgcolor=#FF0000]
          LayoutText {#text} at (295,281) size 5x17
            text run at (295,281) width 5: " "
          LayoutImage {object} at (299.59,147) size 147.58x147.58 [bgcolor=#FF0000]
          LayoutText {#text} at (447,281) size 5x17
            text run at (447,281) width 5: " "
          LayoutImage {object} at (451.61,221) size 73.78x73.78 [bgcolor=#FF0000]
          LayoutText {#text} at (525,281) size 5x17
            text run at (525,281) width 5: " "
          LayoutImage {object} at (529.83,258) size 36.89x36.89 [bgcolor=#FF0000]
          LayoutText {#text} at (0,0) size 0x0
        LayoutBlockFlow {p} at (0,596.64) size 678.86x34
          LayoutText {#text} at (0,0) size 661x34
            text run at (0,0) width 661: "This test has succeeded, if both rows look exactly the same (SVGs must be square!) and no red background"
            text run at (0,17) width 94: "color is visible."
        LayoutBlockFlow {p} at (0,636.39) size 678.86x34
          LayoutBR {br} at (0,0) size 0x17
          LayoutInline {a} at (0,0) size 31x17 [color=#000066]
            LayoutText {#text} at (0,17) size 31x17
              text run at (0,17) width 31: "Back"
layer at (47,95) size 295x150
  LayoutEmbeddedObject {object} at (0,0) size 295.16x150 [bgcolor=#FF0000]
    layer at (0,0) size 295x150
      LayoutView at (0,0) size 295x150
    layer at (0,0) size 295x150
      LayoutBlockFlow {HTML} at (0,0) size 295x150
        LayoutBlockFlow {BODY} at (8,8) size 279x134
layer at (347,95) size 147x150
  LayoutEmbeddedObject {object} at (299.59,0) size 147.58x150 [bgcolor=#FF0000]
    layer at (0,0) size 148x150
      LayoutView at (0,0) size 148x150
    layer at (0,0) size 148x150
      LayoutBlockFlow {HTML} at (0,0) size 148x150
        LayoutBlockFlow {BODY} at (8,8) size 132x134
layer at (499,95) size 73x150
  LayoutEmbeddedObject {object} at (451.61,0) size 73.78x150 [bgcolor=#FF0000]
    layer at (0,0) size 74x150
      LayoutView at (0,0) size 74x150
    layer at (0,0) size 74x150
      LayoutBlockFlow {HTML} at (0,0) size 74x150
        LayoutBlockFlow {BODY} at (8,8) size 58x134
layer at (577,95) size 37x150
  LayoutEmbeddedObject {object} at (529.83,0) size 36.89x150 [bgcolor=#FF0000]
    layer at (0,0) size 37x150
      LayoutView at (0,0) size 37x150
    layer at (0,0) size 37x150
      LayoutBlockFlow {HTML} at (0,0) size 37x150
        LayoutBlockFlow {BODY} at (8,8) size 21x134
