layer at (0,0) size 800x600
  LayoutView at (0,0) size 800x600
layer at (0,0) size 800x266
  LayoutBlockFlow {HTML} at (0,0) size 800x266
    LayoutBlockFlow {BODY} at (8,16) size 784x242
      LayoutBlockFlow {P} at (0,0) size 784x18
        LayoutText {#text} at (0,0) size 710x18
          text run at (0,0) width 710: "There should be one yellow box below, on a blue background. the \"second column\" part should be clipped out."
layer at (8,50) size 272x208
  LayoutBlockFlow {DIV} at (0,34) size 272x208
    LayoutMultiColumnSet (anonymous) at (0,0) size 272x208
layer at (8,50) size 128x280 backgroundClip at (8,50) size 272x208 clip at (8,50) size 272x208
  LayoutMultiColumnFlowThread (anonymous) at (0,0) size 128x280
    LayoutBlockFlow (anonymous) at (0,0) size 128x128
      LayoutBR {BR} at (0,7) size 0x18
      LayoutBR {BR} at (0,39) size 0x18
      LayoutBR {BR} at (0,71) size 0x18
      LayoutBR {BR} at (0,103) size 0x18
layer at (0,50) size 800x208
  LayoutBlockFlow (positioned) {DIV} at (0,50) size 800x208 [bgcolor=#0000FF]
layer at (16,186) size 112x136 backgroundClip at (16,186) size 112x72 clip at (16,186) size 112x72 scrollHeight 168
  LayoutBlockFlow (relative positioned) {DIV} at (8,136) size 112x136 [bgcolor=#FFFF00]
    LayoutBlockFlow (anonymous) at (0,0) size 112x136
      LayoutText {#text} at (0,7) size 25x18
        text run at (0,7) width 25: "first"
      LayoutBR {BR} at (24,7) size 1x18
      LayoutText {#text} at (0,39) size 48x18
        text run at (0,39) width 48: "column"
      LayoutBR {BR} at (47,39) size 1x18
      LayoutText {#text} at (0,79) size 45x18
        text run at (0,79) width 45: "second"
      LayoutBR {BR} at (44,79) size 1x18
      LayoutText {#text} at (0,111) size 48x18
        text run at (0,111) width 48: "column"
      LayoutBR {BR} at (47,111) size 1x18
    LayoutBlockFlow {DIV} at (0,136) size 112x32 [bgcolor=#FF0000]
      LayoutText {#text} at (0,7) size 35x18
        text run at (0,7) width 35: "FAIL"
