layer at (0,0) size 800x600
  LayoutView at (0,0) size 800x600
layer at (0,0) size 800x136
  LayoutBlockFlow {HTML} at (0,0) size 800x136
    LayoutBlockFlow {BODY} at (8,16) size 784x112
      LayoutBlockFlow {P} at (0,0) size 784x36
        LayoutText {#text} at (0,0) size 754x36
          text run at (0,0) width 754: "There should be two small green squares vertically aligned below, and another red square to the top-right. The second"
          text run at (0,18) width 585: "green square does not overlap the red because it is conmposited, and hence not fragmented."
layer at (8,68) size 60x60
  LayoutBlockFlow {DIV} at (0,52) size 60x60
    LayoutMultiColumnSet (anonymous) at (0,0) size 60x60
layer at (8,68) size 20x180
  LayoutMultiColumnFlowThread (anonymous) at (0,0) size 20x180
    LayoutBlockFlow (anonymous) at (0,0) size 20x100
      LayoutBR {BR} at (0,1) size 0x18
      LayoutBR {BR} at (0,21) size 0x18
      LayoutBR {BR} at (0,41) size 0x18
      LayoutBR {BR} at (0,61) size 0x18
      LayoutBR {BR} at (0,81) size 0x18
    LayoutBlockFlow {DIV} at (0,160) size 20x20 [bgcolor=#FF0000]
layer at (8,168) size 20x60
  LayoutBlockFlow {DIV} at (0,100) size 20x60
    LayoutBlockFlow {DIV} at (0,0) size 20x20 [bgcolor=#008000]
    LayoutBlockFlow (anonymous) at (0,20) size 20x20
      LayoutBR {BR} at (0,1) size 0x18
    LayoutBlockFlow {DIV} at (0,40) size 20x20 [bgcolor=#008000]
