layer at (0,0) size 800x600
  LayoutView at (0,0) size 800x600
layer at (0,0) size 800x284
  LayoutBlockFlow {HTML} at (0,0) size 800x284
    LayoutBlockFlow {BODY} at (8,16) size 784x260
      LayoutBlockFlow {P} at (0,0) size 784x36
        LayoutText {#text} at (0,0) size 763x36
          text run at (0,0) width 398: "There should be one yellow boxbelow, on a blue background. "
          text run at (397,0) width 366: "There is only one because the content is composited, and"
          text run at (0,18) width 143: "hence not fragmented."
layer at (8,68) size 272x208
  LayoutBlockFlow {DIV} at (0,52) size 272x208
    LayoutMultiColumnSet (anonymous) at (0,0) size 272x208
layer at (8,68) size 128x280
  LayoutMultiColumnFlowThread (anonymous) at (0,0) size 128x280
    LayoutBlockFlow (anonymous) at (0,0) size 128x128
      LayoutBR {BR} at (0,7) size 0x18
      LayoutBR {BR} at (0,39) size 0x18
      LayoutBR {BR} at (0,71) size 0x18
      LayoutBR {BR} at (0,103) size 0x18
layer at (0,68) size 800x208
  LayoutBlockFlow (positioned) {DIV} at (0,68) size 800x208 [bgcolor=#0000FF]
layer at (16,204) size 112x136
  LayoutBlockFlow (relative positioned) {DIV} at (8,136) size 112x136 [bgcolor=#FFFF00]
    LayoutText {#text} at (0,7) size 25x18
      text run at (0,7) width 25: "first"
    LayoutBR {BR} at (24,7) size 1x18
    LayoutText {#text} at (0,39) size 48x18
      text run at (0,39) width 48: "column"
    LayoutBR {BR} at (47,39) size 1x18
    LayoutText {#text} at (0,79) size 45x18
      text run at (0,79) width 45: "second"
    LayoutBR {BR} at (44,79) size 1x18
    LayoutText {#text} at (0,111) size 48x18
      text run at (0,111) width 48: "column"
    LayoutBR {BR} at (47,111) size 1x18
