layer at (0,0) size 800x600
  LayoutView at (0,0) size 800x600
layer at (0,0) size 800x202
  LayoutBlockFlow {HTML} at (0,0) size 800x202
    LayoutBlockFlow {BODY} at (8,16) size 784x178
      LayoutBlockFlow {P} at (0,0) size 784x18
        LayoutText {#text} at (0,0) size 383x18
          text run at (0,0) width 383: "The word 'PASS' should be seen below, in the third column."
layer at (8,50) size 784x144
  LayoutBlockFlow {DIV} at (0,34) size 784x144
    LayoutMultiColumnSet (anonymous) at (0,0) size 784x144
layer at (8,50) size 251x256
  LayoutMultiColumnFlowThread (anonymous) at (0,0) size 250.66x256
    LayoutBlockFlow (anonymous) at (0,0) size 250.66x240
      LayoutBR {BR} at (0,7) size 0x18
      LayoutBR {BR} at (0,39) size 0x18
      LayoutBR {BR} at (0,71) size 0x18
      LayoutBR {BR} at (0,103) size 0x18
      LayoutBR {BR} at (0,151) size 0x18
      LayoutBR {BR} at (0,183) size 0x18
      LayoutBR {BR} at (0,215) size 0x18
layer at (0,98) size 800x18
  LayoutBlockFlow (positioned) {DIV} at (0,98) size 800x18 [border: (1px dotted #000000)]
layer at (8,290) size 251x16
  LayoutBlockFlow (relative positioned) {DIV} at (0,240) size 250.66x16
    LayoutBR {BR} at (0,7) size 0x18
    LayoutBR {BR} at (0,55) size 0x18
    LayoutText {#text} at (0,87) size 37x18
      text run at (0,87) width 37: "PASS"
