layer at (0,0) size 800x600
  LayoutView at (0,0) size 800x600
layer at (0,0) size 800x220
  LayoutBlockFlow {HTML} at (0,0) size 800x220
    LayoutBlockFlow {BODY} at (8,16) size 784x196
      LayoutBlockFlow {P} at (0,0) size 784x36
        LayoutText {#text} at (0,0) size 749x36
          text run at (0,0) width 749: "There should be a yellow box in the second column, and the word 'PASS' should be below it. PASS is not in the third"
          text run at (0,18) width 469: "column because they are composited together, and hence not fragmented."
layer at (8,68) size 272x144
  LayoutBlockFlow {DIV} at (0,52) size 272x144
    LayoutMultiColumnSet (anonymous) at (0,0) size 272x144
layer at (8,68) size 80x272
  LayoutMultiColumnFlowThread (anonymous) at (0,0) size 80x272
    LayoutBlockFlow (anonymous) at (0,0) size 80x240
      LayoutBR {BR} at (0,7) size 0x18
      LayoutBR {BR} at (0,39) size 0x18
      LayoutBR {BR} at (0,71) size 0x18
      LayoutBR {BR} at (0,103) size 0x18
      LayoutBR {BR} at (0,151) size 0x18
      LayoutBR {BR} at (0,183) size 0x18
      LayoutBR {BR} at (0,215) size 0x18
layer at (0,68) size 800x144
  LayoutBlockFlow (positioned) {DIV} at (0,68) size 800x144 [bgcolor=#00FFFF]
layer at (8,308) size 80x32
  LayoutBlockFlow (relative positioned) zI: 2 {DIV} at (0,240) size 80x32 [bgcolor=#FFFF00]
    LayoutBlockFlow (anonymous) at (0,0) size 80x80
      LayoutBR {BR} at (0,7) size 0x18
      LayoutBR {BR} at (0,55) size 0x18
layer at (16,396) size 64x32 transparent
  LayoutBlockFlow {DIV} at (8,88) size 64x32
    LayoutText {#text} at (0,7) size 37x18
      text run at (0,7) width 37: "PASS"
