layer at (0,0) size 800x600 scrollHeight 649
  LayoutView at (0,0) size 800x600
layer at (0,0) size 800x649 backgroundClip at (0,0) size 800x600 clip at (0,0) size 800x600
  LayoutBlockFlow {HTML} at (0,0) size 800x648.88
    LayoutBlockFlow {BODY} at (8,8) size 784x632.88
      LayoutBlockFlow {H1} at (0,0) size 784x37
        LayoutText {#text} at (0,0) size 420x36
          text run at (0,0) width 420: "Form Element Geometry Tests"
      LayoutBlockFlow {P} at (0,58.44) size 784x18
        LayoutText {#text} at (0,0) size 551x17
          text run at (0,0) width 551: "These tests help us tune the widget classes in KWQ to have all the right fudge factors."
      LayoutBlockFlow {H2} at (0,96.34) size 784x27
        LayoutText {#text} at (0,0) size 167x26
          text run at (0,0) width 167: "Bounding Boxes"
      LayoutTable {TABLE} at (0,143.25) size 168x32
        LayoutTableSection {TBODY} at (0,0) size 168x32
          LayoutTableRow {TR} at (0,2) size 168x28
            LayoutTableCell {TD} at (2,2) size 58x28 [r=0 c=0 rs=1 cs=1]
              LayoutBlockFlow {DIV} at (1,1) size 56x26 [border: (2px solid #0000FF)]
                LayoutInline {FONT} at (0,0) size 52x26
                  LayoutButton {INPUT} at (2,2) size 52x22 [bgcolor=#C0C0C0] [border: (2px outset #C0C0C0)]
                    LayoutBlockFlow (anonymous) at (8,3) size 36x16
                      LayoutText {#text} at (0,0) size 36x16
                        text run at (0,0) width 36: "button"
            LayoutTableCell {TD} at (62,3) size 62x26 [r=0 c=1 rs=1 cs=1]
              LayoutBlockFlow {DIV} at (1,1) size 60x24 [border: (2px solid #0000FF)]
                LayoutInline {FONT} at (0,0) size 56x26
                  LayoutMenuList {SELECT} at (2,2) size 56x20 [bgcolor=#FFFFFF] [border: (1px solid #A9A9A9)]
                    LayoutBlockFlow (anonymous) at (1,1) size 54x18
                      LayoutText (anonymous) at (4,1) size 32x16
                        text run at (4,1) width 32: "menu"
            LayoutTableCell {TD} at (126,6) size 19x19 [r=0 c=2 rs=1 cs=1]
              LayoutBlockFlow {DIV} at (1,1) size 17x17 [border: (2px solid #0000FF)]
                LayoutInline {FONT} at (0,0) size 13x26
                  LayoutBlockFlow {INPUT} at (2,2) size 13x13
            LayoutTableCell {TD} at (147,6) size 19x19 [r=0 c=3 rs=1 cs=1]
              LayoutBlockFlow {DIV} at (1,1) size 17x17 [border: (2px solid #0000FF)]
                LayoutInline {FONT} at (0,0) size 13x26
                  LayoutBlockFlow {INPUT} at (2,2) size 13x13
      LayoutTable {TABLE} at (0,175.25) size 168x32
        LayoutTableSection {TBODY} at (0,0) size 168x32
          LayoutTableRow {TR} at (0,2) size 168x28
            LayoutTableCell {TD} at (2,2) size 58x28 [r=0 c=0 rs=1 cs=1]
              LayoutBlockFlow {DIV} at (1,1) size 56x26 [border: (2px solid #0000FF)]
                LayoutButton {INPUT} at (2,2) size 52x22 [bgcolor=#C0C0C0] [border: (2px outset #C0C0C0)]
                  LayoutBlockFlow (anonymous) at (8,3) size 36x16
                    LayoutText {#text} at (0,0) size 36x16
                      text run at (0,0) width 36: "button"
            LayoutTableCell {TD} at (62,3) size 62x26 [r=0 c=1 rs=1 cs=1]
              LayoutBlockFlow {DIV} at (1,1) size 60x24 [border: (2px solid #0000FF)]
                LayoutMenuList {SELECT} at (2,2) size 56x20 [bgcolor=#FFFFFF] [border: (1px solid #A9A9A9)]
                  LayoutBlockFlow (anonymous) at (1,1) size 54x18
                    LayoutText (anonymous) at (4,1) size 32x16
                      text run at (4,1) width 32: "menu"
            LayoutTableCell {TD} at (126,6) size 19x19 [r=0 c=2 rs=1 cs=1]
              LayoutBlockFlow {DIV} at (1,1) size 17x17 [border: (2px solid #0000FF)]
                LayoutBlockFlow {INPUT} at (2,2) size 13x13
            LayoutTableCell {TD} at (147,6) size 19x19 [r=0 c=3 rs=1 cs=1]
              LayoutBlockFlow {DIV} at (1,1) size 17x17 [border: (2px solid #0000FF)]
                LayoutBlockFlow {INPUT} at (2,2) size 13x13
      LayoutTable {TABLE} at (0,207.25) size 168x32
        LayoutTableSection {TBODY} at (0,0) size 168x32
          LayoutTableRow {TR} at (0,2) size 168x28
            LayoutTableCell {TD} at (2,2) size 58x28 [r=0 c=0 rs=1 cs=1]
              LayoutBlockFlow {DIV} at (1,1) size 56x26 [border: (2px solid #0000FF)]
                LayoutInline {FONT} at (0,0) size 52x12
                  LayoutButton {INPUT} at (2,2) size 52x22 [bgcolor=#C0C0C0] [border: (2px outset #C0C0C0)]
                    LayoutBlockFlow (anonymous) at (8,3) size 36x16
                      LayoutText {#text} at (0,0) size 36x16
                        text run at (0,0) width 36: "button"
            LayoutTableCell {TD} at (62,3) size 62x26 [r=0 c=1 rs=1 cs=1]
              LayoutBlockFlow {DIV} at (1,1) size 60x24 [border: (2px solid #0000FF)]
                LayoutInline {FONT} at (0,0) size 56x12
                  LayoutMenuList {SELECT} at (2,2) size 56x20 [bgcolor=#FFFFFF] [border: (1px solid #A9A9A9)]
                    LayoutBlockFlow (anonymous) at (1,1) size 54x18
                      LayoutText (anonymous) at (4,1) size 32x16
                        text run at (4,1) width 32: "menu"
            LayoutTableCell {TD} at (126,6) size 19x19 [r=0 c=2 rs=1 cs=1]
              LayoutBlockFlow {DIV} at (1,1) size 17x17 [border: (2px solid #0000FF)]
                LayoutInline {FONT} at (0,0) size 13x12
                  LayoutBlockFlow {INPUT} at (2,2) size 13x13
            LayoutTableCell {TD} at (147,6) size 19x19 [r=0 c=3 rs=1 cs=1]
              LayoutBlockFlow {DIV} at (1,1) size 17x17 [border: (2px solid #0000FF)]
                LayoutInline {FONT} at (0,0) size 13x12
                  LayoutBlockFlow {INPUT} at (2,2) size 13x13
      LayoutTable {TABLE} at (0,239.25) size 592x80
        LayoutTableSection {TBODY} at (0,0) size 592x80
          LayoutTableRow {TR} at (0,2) size 592x76
            LayoutTableCell {TD} at (2,2) size 109x28 [r=0 c=0 rs=1 cs=1]
              LayoutBlockFlow {DIV} at (1,1) size 107x26 [border: (2px solid #0000FF)]
                LayoutTextControl {INPUT} at (2,2) size 103x22 [bgcolor=#FFFFFF] [border: (2px inset #EEEEEE)]
            LayoutTableCell {TD} at (113,2) size 44x76 [r=0 c=1 rs=1 cs=1]
              LayoutBlockFlow {DIV} at (1,1) size 42x74 [border: (2px solid #0000FF)]
            LayoutTableCell {TD} at (159,2) size 244x28 [r=0 c=2 rs=1 cs=1]
              LayoutBlockFlow {DIV} at (1,1) size 242x26 [border: (2px solid #0000FF)]
                LayoutFileUploadControl {INPUT} at (2,2) size 238x22 "No file chosen"
                  LayoutButton {INPUT} at (0,0) size 85x22 [bgcolor=#C0C0C0] [border: (2px outset #C0C0C0)]
                    LayoutBlockFlow (anonymous) at (8,3) size 69x16
                      LayoutText {#text} at (0,0) size 69x16
                        text run at (0,0) width 69: "Choose File"
            LayoutTableCell {TD} at (405,2) size 185x42 [r=0 c=3 rs=1 cs=1]
              LayoutBlockFlow {DIV} at (1,1) size 183x40 [border: (2px solid #0000FF)]
      LayoutBlockFlow {H2} at (0,339.16) size 784x27
        LayoutText {#text} at (0,0) size 200x26
          text run at (0,0) width 200: "Baseline Alignment"
      LayoutBlockFlow {DIV} at (0,386.06) size 784x27
        LayoutInline {FONT} at (0,0) size 209x26
          LayoutText {#text} at (0,0) size 42x26
            text run at (0,0) width 42: "text "
          LayoutButton {INPUT} at (41.98,5) size 52x22 [bgcolor=#C0C0C0] [border: (2px outset #C0C0C0)]
            LayoutBlockFlow (anonymous) at (8,3) size 36x16
              LayoutText {#text} at (0,0) size 36x16
                text run at (0,0) width 36: "button"
          LayoutText {#text} at (93,0) size 7x26
            text run at (93,0) width 7: " "
          LayoutMenuList {SELECT} at (99.98,6) size 56x20 [bgcolor=#FFFFFF] [border: (1px solid #A9A9A9)]
            LayoutBlockFlow (anonymous) at (1,1) size 54x18
              LayoutText (anonymous) at (4,1) size 32x16
                text run at (4,1) width 32: "menu"
          LayoutText {#text} at (155,0) size 7x26
            text run at (155,0) width 7: " "
          LayoutBlockFlow {INPUT} at (166.98,8) size 13x13
          LayoutText {#text} at (182,0) size 7x26
            text run at (182,0) width 7: " "
          LayoutBlockFlow {INPUT} at (192.98,8) size 13x13
          LayoutText {#text} at (0,0) size 0x0
      LayoutBlockFlow {DIV} at (0,413.06) size 784x22
        LayoutText {#text} at (0,2) size 28x17
          text run at (0,2) width 28: "text "
        LayoutButton {INPUT} at (27.98,0) size 52x22 [bgcolor=#C0C0C0] [border: (2px outset #C0C0C0)]
          LayoutBlockFlow (anonymous) at (8,3) size 36x16
            LayoutText {#text} at (0,0) size 36x16
              text run at (0,0) width 36: "button"
        LayoutText {#text} at (79,2) size 5x17
          text run at (79,2) width 5: " "
        LayoutMenuList {SELECT} at (83.98,1) size 56x20 [bgcolor=#FFFFFF] [border: (1px solid #A9A9A9)]
          LayoutBlockFlow (anonymous) at (1,1) size 54x18
            LayoutText (anonymous) at (4,1) size 32x16
              text run at (4,1) width 32: "menu"
        LayoutText {#text} at (139,2) size 5x17
          text run at (139,2) width 5: " "
        LayoutBlockFlow {INPUT} at (148.98,3) size 13x13
        LayoutText {#text} at (164,2) size 5x17
          text run at (164,2) width 5: " "
        LayoutBlockFlow {INPUT} at (172.98,3) size 13x13
        LayoutText {#text} at (0,0) size 0x0
      LayoutBlockFlow {DIV} at (0,435.06) size 784x22
        LayoutInline {FONT} at (0,0) size 176x12
          LayoutText {#text} at (0,6) size 18x12
            text run at (0,6) width 18: "text "
          LayoutButton {INPUT} at (18,0) size 52x22 [bgcolor=#C0C0C0] [border: (2px outset #C0C0C0)]
            LayoutBlockFlow (anonymous) at (8,3) size 36x16
              LayoutText {#text} at (0,0) size 36x16
                text run at (0,0) width 36: "button"
          LayoutText {#text} at (70,6) size 3x12
            text run at (70,6) width 3: " "
          LayoutMenuList {SELECT} at (73,1) size 56x20 [bgcolor=#FFFFFF] [border: (1px solid #A9A9A9)]
            LayoutBlockFlow (anonymous) at (1,1) size 54x18
              LayoutText (anonymous) at (4,1) size 32x16
                text run at (4,1) width 32: "menu"
          LayoutText {#text} at (129,6) size 3x12
            text run at (129,6) width 3: " "
          LayoutBlockFlow {INPUT} at (137,3) size 13x13
          LayoutText {#text} at (153,6) size 3x12
            text run at (153,6) width 3: " "
          LayoutBlockFlow {INPUT} at (160,3) size 13x13
          LayoutText {#text} at (0,0) size 0x0
      LayoutBlockFlow {DIV} at (0,457.06) size 784x42
        LayoutText {#text} at (0,22) size 28x17
          text run at (0,22) width 28: "text "
        LayoutTextControl {INPUT} at (27.98,20) size 103x22 [bgcolor=#FFFFFF] [border: (2px inset #EEEEEE)]
        LayoutText {#text} at (130,22) size 5x17
          text run at (130,22) width 5: " "
        LayoutFileUploadControl {INPUT} at (134.98,20) size 238x22 "No file chosen"
          LayoutButton {INPUT} at (0,0) size 85x22 [bgcolor=#C0C0C0] [border: (2px outset #C0C0C0)]
            LayoutBlockFlow (anonymous) at (8,3) size 69x16
              LayoutText {#text} at (0,0) size 69x16
                text run at (0,0) width 69: "Choose File"
        LayoutText {#text} at (372,22) size 5x17
          text run at (372,22) width 5: " "
        LayoutText {#text} at (0,0) size 0x0
      LayoutBlockFlow {H2} at (0,518.97) size 784x27
        LayoutText {#text} at (0,0) size 198x26
          text run at (0,0) width 198: "Pop-up Menu Sizes"
      LayoutBlockFlow {DIV} at (0,565.88) size 784x27
        LayoutInline {FONT} at (0,0) size 143x26
          LayoutText {#text} at (0,0) size 0x0
          LayoutMenuList {SELECT} at (0,6) size 24x20 [bgcolor=#FFFFFF] [border: (1px solid #A9A9A9)]
            LayoutBlockFlow (anonymous) at (1,1) size 22x18
              LayoutText (anonymous) at (4,1) size 4x16
                text run at (4,1) width 4: " "
          LayoutText {#text} at (24,0) size 6x26
            text run at (24,0) width 6: " "
          LayoutMenuList {SELECT} at (30,6) size 27x20 [bgcolor=#FFFFFF] [border: (1px solid #A9A9A9)]
            LayoutBlockFlow (anonymous) at (1,1) size 25x18
              LayoutText (anonymous) at (4,1) size 3x16
                text run at (4,1) width 3: "|"
          LayoutText {#text} at (57,0) size 6x26
            text run at (57,0) width 6: " "
          LayoutMenuList {SELECT} at (63,6) size 80x20 [bgcolor=#FFFFFF] [border: (1px solid #A9A9A9)]
            LayoutBlockFlow (anonymous) at (1,1) size 78x18
              LayoutText (anonymous) at (4,1) size 56x16
                text run at (4,1) width 56: "xxxxxxxx"
          LayoutText {#text} at (0,0) size 0x0
      LayoutBlockFlow {DIV} at (0,592.88) size 784x20
        LayoutMenuList {SELECT} at (0,0) size 24x20 [bgcolor=#FFFFFF] [border: (1px solid #A9A9A9)]
          LayoutBlockFlow (anonymous) at (1,1) size 22x18
            LayoutText (anonymous) at (4,1) size 4x16
              text run at (4,1) width 4: " "
        LayoutText {#text} at (24,1) size 4x17
          text run at (24,1) width 4: " "
        LayoutMenuList {SELECT} at (28,0) size 27x20 [bgcolor=#FFFFFF] [border: (1px solid #A9A9A9)]
          LayoutBlockFlow (anonymous) at (1,1) size 25x18
            LayoutText (anonymous) at (4,1) size 3x16
              text run at (4,1) width 3: "|"
        LayoutText {#text} at (55,1) size 4x17
          text run at (55,1) width 4: " "
        LayoutMenuList {SELECT} at (59,0) size 80x20 [bgcolor=#FFFFFF] [border: (1px solid #A9A9A9)]
          LayoutBlockFlow (anonymous) at (1,1) size 78x18
            LayoutText (anonymous) at (4,1) size 56x16
              text run at (4,1) width 56: "xxxxxxxx"
        LayoutText {#text} at (0,0) size 0x0
      LayoutBlockFlow {DIV} at (0,612.88) size 784x20
        LayoutInline {FONT} at (0,0) size 137x12
          LayoutText {#text} at (0,0) size 0x0
          LayoutMenuList {SELECT} at (0,0) size 24x20 [bgcolor=#FFFFFF] [border: (1px solid #A9A9A9)]
            LayoutBlockFlow (anonymous) at (1,1) size 22x18
              LayoutText (anonymous) at (4,1) size 4x16
                text run at (4,1) width 4: " "
          LayoutText {#text} at (24,5) size 3x12
            text run at (24,5) width 3: " "
          LayoutMenuList {SELECT} at (27,0) size 27x20 [bgcolor=#FFFFFF] [border: (1px solid #A9A9A9)]
            LayoutBlockFlow (anonymous) at (1,1) size 25x18
              LayoutText (anonymous) at (4,1) size 3x16
                text run at (4,1) width 3: "|"
          LayoutText {#text} at (54,5) size 3x12
            text run at (54,5) width 3: " "
          LayoutMenuList {SELECT} at (57,0) size 80x20 [bgcolor=#FFFFFF] [border: (1px solid #A9A9A9)]
            LayoutBlockFlow (anonymous) at (1,1) size 78x18
              LayoutText (anonymous) at (4,1) size 56x16
                text run at (4,1) width 56: "xxxxxxxx"
          LayoutText {#text} at (0,0) size 0x0
layer at (15,255) size 99x16
  LayoutBlockFlow {DIV} at (2,3) size 99x16
    LayoutText {#text} at (0,0) size 49x16
      text run at (0,0) width 49: "text field"
layer at (124,252) size 38x70 clip at (125,253) size 21x68 scrollHeight 85
  LayoutListBox {SELECT} at (2,2) size 38x70 [bgcolor=#FFFFFF] [border: (1px solid #A9A9A9)]
    LayoutBlockFlow {OPTION} at (1,1) size 21x17
      LayoutText {#text} at (2,0) size 17x16
        text run at (2,0) width 17: "list"
    LayoutBlockFlow {OPTION} at (1,18) size 21x17
      LayoutText {#text} at (2,0) size 7x16
        text run at (2,0) width 7: "2"
    LayoutBlockFlow {OPTION} at (1,35) size 21x17
      LayoutText {#text} at (2,0) size 7x16
        text run at (2,0) width 7: "3"
    LayoutBlockFlow {OPTION} at (1,52) size 21x17
      LayoutText {#text} at (2,0) size 7x16
        text run at (2,0) width 7: "4"
    LayoutBlockFlow {OPTION} at (1,69) size 21x17
      LayoutText {#text} at (2,0) size 7x16
        text run at (2,0) width 7: "5"
layer at (416,252) size 179x36 clip at (417,253) size 177x34
  LayoutTextControl {TEXTAREA} at (2,2) size 179x36 [bgcolor=#FFFFFF] [border: (1px solid #A9A9A9)]
    LayoutBlockFlow {DIV} at (3,3) size 175x16
      LayoutText {#text} at (0,0) size 64x16
        text run at (0,0) width 64: "textarea"
layer at (38,488) size 99x16
  LayoutBlockFlow {DIV} at (2,3) size 99x16
    LayoutText {#text} at (0,0) size 49x16
      text run at (0,0) width 49: "text field"
layer at (385,465) size 179x36 clip at (386,466) size 177x34
  LayoutTextControl {TEXTAREA} at (376.98,0) size 179x36 [bgcolor=#FFFFFF] [border: (1px solid #A9A9A9)]
    LayoutBlockFlow {DIV} at (3,3) size 175x16
      LayoutText {#text} at (0,0) size 64x16
        text run at (0,0) width 64: "textarea"
