layer at (0,0) size 800x600
  LayoutView at (0,0) size 800x600
layer at (0,0) size 800x110
  LayoutBlockFlow {HTML} at (0,0) size 800x110
    LayoutBlockFlow {BODY} at (8,16) size 784x86
      LayoutBlockFlow {P} at (0,0) size 784x20
        LayoutText {#text} at (0,0) size 715x19
          text run at (0,0) width 244: "There should be one blue square below. "
          text run at (243,0) width 472: "It is not two because they are composited together, and hence not fragmented."
layer at (8,52) size 110x50
  LayoutBlockFlow {DIV} at (0,36) size 110x50
    LayoutMultiColumnSet (anonymous) at (0,0) size 110x50
layer at (8,52) size 50x100
  LayoutMultiColumnFlowThread (anonymous) at (0,0) size 50x100
layer at (8,52) size 50x100
  LayoutBlockFlow {DIV} at (0,0) size 50x100
    LayoutBlockFlow {DIV} at (0,0) size 50x100 [bgcolor=#0000FF]
      LayoutBR {BR} at (0,15) size 0x19
      LayoutBR {BR} at (0,65) size 0x19
