layer at (0,0) size 800x600
  LayoutView at (0,0) size 800x600
layer at (0,0) size 800x600
  LayoutBlockFlow {HTML} at (0,0) size 800x600
    LayoutBlockFlow {BODY} at (8,8) size 784x584
      LayoutText {#text} at (0,0) size 444x19
        text run at (0,0) width 444: "This tests that empty select controls and buttons have the correct baseline."
      LayoutBR {BR} at (444,15) size 0x0
      LayoutMenuList {SELECT} at (0,21) size 24x20 [bgcolor=#C0C0C0] [border: (1px solid #A9A9A9)]
        LayoutBlockFlow (anonymous) at (1,1) size 22x18
          LayoutText (anonymous) at (4,1) size 4x16
            text run at (4,1) width 4: " "
      LayoutText {#text} at (24,21) size 29x19
        text run at (24,21) width 29: " test "
      LayoutMenuList {SELECT} at (53,21) size 46x20 [bgcolor=#C0C0C0] [border: (1px solid #A9A9A9)]
        LayoutBlockFlow (anonymous) at (1,1) size 44x18
          LayoutText (anonymous) at (4,1) size 22x16
            text run at (4,1) width 22: "test"
      LayoutText {#text} at (99,21) size 4x19
        text run at (99,21) width 4: " "
      LayoutMenuList {SELECT} at (103,21) size 24x20 [color=#00008B] [bgcolor=#ADD8E6] [border: (1px solid #A9A9A9)]
        LayoutBlockFlow (anonymous) at (1,1) size 22x18
          LayoutText (anonymous) at (4,1) size 4x16
            text run at (4,1) width 4: " "
      LayoutText {#text} at (127,21) size 29x19
        text run at (127,21) width 29: " test "
      LayoutMenuList {SELECT} at (156,21) size 46x20 [color=#00008B] [bgcolor=#ADD8E6] [border: (1px solid #A9A9A9)]
        LayoutBlockFlow (anonymous) at (1,1) size 44x18
          LayoutText (anonymous) at (4,1) size 22x16
            text run at (4,1) width 22: "test"
      LayoutText {#text} at (202,21) size 4x19
        text run at (202,21) width 4: " "
      LayoutButton {BUTTON} at (206,33) size 16x6 [bgcolor=#C0C0C0] [border: (2px outset #C0C0C0)]
      LayoutText {#text} at (222,21) size 4x19
        text run at (222,21) width 4: " "
      LayoutButton {BUTTON} at (226,20) size 38x22 [bgcolor=#C0C0C0] [border: (2px outset #C0C0C0)]
        LayoutBlockFlow (anonymous) at (8,3) size 22x16
          LayoutText {#text} at (0,0) size 22x16
            text run at (0,0) width 22: "test"
      LayoutText {#text} at (264,21) size 4x19
        text run at (264,21) width 4: " "
      LayoutButton {BUTTON} at (268,33) size 16x6 [color=#00008B] [bgcolor=#ADD8E6] [border: (2px outset #C0C0C0)]
      LayoutText {#text} at (284,21) size 4x19
        text run at (284,21) width 4: " "
      LayoutButton {BUTTON} at (288,20) size 38x22 [color=#00008B] [bgcolor=#ADD8E6] [border: (2px outset #C0C0C0)]
        LayoutBlockFlow (anonymous) at (8,3) size 22x16
          LayoutText {#text} at (0,0) size 22x16
            text run at (0,0) width 22: "test"
      LayoutText {#text} at (0,0) size 0x0
