layer at (0,0) size 800x600
  LayoutView at (0,0) size 800x600
layer at (0,0) size 800x288
  LayoutBlockFlow {HTML} at (0,0) size 800x288
    LayoutBlockFlow {BODY} at (8,16) size 784x264
      LayoutBlockFlow {P} at (0,0) size 784x40
        LayoutText {#text} at (0,0) size 781x39
          text run at (0,0) width 376: "There should be one yellow boxbelow, on a blue background. "
          text run at (375,0) width 406: "There is only one because the content is composited, and hence not"
          text run at (0,20) width 71: "fragmented."
layer at (8,72) size 272x208
  LayoutBlockFlow {DIV} at (0,56) size 272x208
    LayoutMultiColumnSet (anonymous) at (0,0) size 272x208
layer at (8,72) size 128x280
  LayoutMultiColumnFlowThread (anonymous) at (0,0) size 128x280
    LayoutBlockFlow (anonymous) at (0,0) size 128x128
      LayoutBR {BR} at (0,6) size 0x19
      LayoutBR {BR} at (0,38) size 0x19
      LayoutBR {BR} at (0,70) size 0x19
      LayoutBR {BR} at (0,102) size 0x19
layer at (0,72) size 800x208
  LayoutBlockFlow (positioned) {DIV} at (0,72) size 800x208 [bgcolor=#0000FF]
layer at (16,208) size 112x136
  LayoutBlockFlow (relative positioned) {DIV} at (8,136) size 112x136 [bgcolor=#FFFF00]
    LayoutText {#text} at (0,6) size 22x19
      text run at (0,6) width 22: "first"
    LayoutBR {BR} at (22,6) size 0x19
    LayoutText {#text} at (0,38) size 43x19
      text run at (0,38) width 43: "column"
    LayoutBR {BR} at (43,38) size 0x19
    LayoutText {#text} at (0,78) size 43x19
      text run at (0,78) width 43: "second"
    LayoutBR {BR} at (43,78) size 0x19
    LayoutText {#text} at (0,110) size 43x19
      text run at (0,110) width 43: "column"
    LayoutBR {BR} at (43,110) size 0x19
