layer at (0,0) size 800x600
  LayoutView at (0,0) size 800x600
layer at (0,0) size 800x224
  LayoutBlockFlow {HTML} at (0,0) size 800x224
    LayoutBlockFlow {BODY} at (8,16) size 784x200
      LayoutBlockFlow {P} at (0,0) size 784x40
        LayoutText {#text} at (0,0) size 752x39
          text run at (0,0) width 752: "There should be a yellow box in the second column, and the word 'PASS' should be below it. PASS is not in the third column"
          text run at (0,20) width 395: "because they are composited together, and hence not fragmented."
layer at (8,72) size 272x144
  LayoutBlockFlow {DIV} at (0,56) size 272x144
    LayoutMultiColumnSet (anonymous) at (0,0) size 272x144
layer at (8,72) size 80x272
  LayoutMultiColumnFlowThread (anonymous) at (0,0) size 80x272
    LayoutBlockFlow (anonymous) at (0,0) size 80x240
      LayoutBR {BR} at (0,6) size 0x19
      LayoutBR {BR} at (0,38) size 0x19
      LayoutBR {BR} at (0,70) size 0x19
      LayoutBR {BR} at (0,102) size 0x19
      LayoutBR {BR} at (0,150) size 0x19
      LayoutBR {BR} at (0,182) size 0x19
      LayoutBR {BR} at (0,214) size 0x19
layer at (0,72) size 800x144
  LayoutBlockFlow (positioned) {DIV} at (0,72) size 800x144 [bgcolor=#00FFFF]
layer at (8,312) size 80x32
  LayoutBlockFlow (relative positioned) zI: 2 {DIV} at (0,240) size 80x32 [bgcolor=#FFFF00]
    LayoutBlockFlow (anonymous) at (0,0) size 80x80
      LayoutBR {BR} at (0,6) size 0x19
      LayoutBR {BR} at (0,54) size 0x19
layer at (16,400) size 64x32 transparent
  LayoutBlockFlow {DIV} at (8,88) size 64x32
    LayoutText {#text} at (0,6) size 37x19
      text run at (0,6) width 37: "PASS"
