layer at (0,0) size 800x600
  LayoutView at (0,0) size 800x600
layer at (0,0) size 800x600
  LayoutBlockFlow {HTML} at (0,0) size 800x600
    LayoutBlockFlow {BODY} at (8,8) size 784x584
      LayoutBlockFlow {P} at (0,0) size 784x20
        LayoutText {#text} at (0,0) size 50x19
          text run at (0,0) width 50: "Test for "
        LayoutInline {I} at (0,0) size 637x19
          LayoutInline {A} at (0,0) size 306x19 [color=#0000EE]
            LayoutText {#text} at (49,0) size 306x19
              text run at (49,0) width 306: "http://bugs.webkit.org/show_bug.cgi?id=15362"
          LayoutText {#text} at (354,0) size 332x19
            text run at (354,0) width 5: " "
            text run at (358,0) width 328: "Safari Crashes when opening a JS TreeGrid widget"
        LayoutText {#text} at (685,0) size 5x19
          text run at (685,0) width 5: "."
      LayoutBlockFlow {P} at (0,36) size 784x60
        LayoutText {#text} at (0,0) size 783x59
          text run at (0,0) width 739: "The test sets up an inline parent with a child that is some kind of table part. The child gets broken off into a continuation and"
          text run at (0,20) width 744: "anonymous table parts get created below and/or above the table parts. Then the test tries to insert a new child into the inline,"
          text run at (0,40) width 783: "specifying the table part as the \"before child\". The resulting render tree should look just like it would look if the parent was a block."
      LayoutBlockFlow {DIV} at (0,112) size 784x20
        LayoutInline {SPAN} at (0,0) size 220x19
          LayoutText {#text} at (0,0) size 38x19
            text run at (0,0) width 38: "Text..."
          LayoutText {#text} at (37,0) size 85x19
            text run at (37,0) width 85: "goes here and"
          LayoutTable (anonymous) at (121.88,0) size 98x20
            LayoutTableSection (anonymous) at (0,0) size 98x20
              LayoutTableRow (anonymous) at (0,0) size 98x20
                LayoutTableCell {DIV} at (0,0) size 98x20 [r=0 c=0 rs=1 cs=1]
                  LayoutText {#text} at (0,0) size 98x19
                    text run at (0,0) width 98: "...continues here"
      LayoutBlockFlow {DIV} at (0,132) size 784x20
        LayoutInline {SPAN} at (0,0) size 136x19
          LayoutText {#text} at (0,0) size 38x19
            text run at (0,0) width 38: "Text..."
          LayoutTable (anonymous) at (37.88,0) size 98x20
            LayoutTableSection (anonymous) at (0,0) size 98x20
              LayoutTableRow (anonymous) at (0,0) size 98x20
                LayoutTableCell {TD} at (0,0) size 0x0 [r=0 c=0 rs=1 cs=1]
                LayoutTableCell {DIV} at (0,0) size 98x20 [r=0 c=1 rs=1 cs=1]
                  LayoutText {#text} at (0,0) size 98x19
                    text run at (0,0) width 98: "...continues here"
      LayoutBlockFlow {DIV} at (0,152) size 784x35
        LayoutInline {SPAN} at (0,0) size 136x19
          LayoutText {#text} at (0,0) size 38x19
            text run at (0,0) width 38: "Text..."
          LayoutTable (anonymous) at (37.88,15) size 98x20
            LayoutTableSection (anonymous) at (0,0) size 98x20
              LayoutTableRow {TR} at (0,0) size 98x0
              LayoutTableRow (anonymous) at (0,0) size 98x20
                LayoutTableCell {DIV} at (0,0) size 98x20 [r=1 c=0 rs=1 cs=1]
                  LayoutText {#text} at (0,0) size 98x19
                    text run at (0,0) width 98: "...continues here"
      LayoutBlockFlow {DIV} at (0,187) size 784x20
        LayoutInline {SPAN} at (0,0) size 136x19
          LayoutText {#text} at (0,0) size 38x19
            text run at (0,0) width 38: "Text..."
          LayoutInline {SPAN} at (0,0) size 1x19
          LayoutTable (anonymous) at (37.88,0) size 98x20
            LayoutTableSection (anonymous) at (0,0) size 98x20
              LayoutTableRow (anonymous) at (0,0) size 98x20
                LayoutTableCell {DIV} at (0,0) size 98x20 [r=0 c=0 rs=1 cs=1]
                  LayoutText {#text} at (0,0) size 98x19
                    text run at (0,0) width 98: "...continues here"
      LayoutBlockFlow {DIV} at (0,207) size 784x40
        LayoutBlockFlow (anonymous) at (0,0) size 784x20
          LayoutInline {SPAN} at (0,0) size 38x19
            LayoutText {#text} at (0,0) size 38x19
              text run at (0,0) width 38: "Text..."
        LayoutBlockFlow (anonymous) at (0,20) size 784x0
          LayoutBlockFlow {DIV} at (0,0) size 784x0
        LayoutBlockFlow (anonymous) at (0,20) size 784x20
          LayoutInline {SPAN} at (0,0) size 98x19
            LayoutTable (anonymous) at (0,0) size 98x20
              LayoutTableSection (anonymous) at (0,0) size 98x20
                LayoutTableRow (anonymous) at (0,0) size 98x20
                  LayoutTableCell {DIV} at (0,0) size 98x20 [r=0 c=0 rs=1 cs=1]
                    LayoutText {#text} at (0,0) size 98x19
                      text run at (0,0) width 98: "...continues here"
      LayoutBlockFlow {DIV} at (0,247) size 784x20
        LayoutInline {SPAN} at (0,0) size 220x19
          LayoutText {#text} at (0,0) size 38x19
            text run at (0,0) width 38: "Text..."
          LayoutText {#text} at (37,0) size 85x19
            text run at (37,0) width 85: "goes here and"
          LayoutTable (anonymous) at (121.88,0) size 98x20
            LayoutTableSection (anonymous) at (0,0) size 98x20
              LayoutTableRow {DIV} at (0,0) size 98x20
                LayoutTableCell (anonymous) at (0,0) size 98x20 [r=0 c=0 rs=1 cs=1]
                  LayoutText {#text} at (0,0) size 98x19
                    text run at (0,0) width 98: "...continues here"
      LayoutBlockFlow {DIV} at (0,267) size 784x35
        LayoutInline {SPAN} at (0,0) size 136x19
          LayoutText {#text} at (0,0) size 38x19
            text run at (0,0) width 38: "Text..."
          LayoutTable (anonymous) at (37.88,15) size 98x20
            LayoutTableSection (anonymous) at (0,0) size 98x20
              LayoutTableRow (anonymous) at (0,0) size 98x0
                LayoutTableCell {TD} at (0,0) size 98x0 [r=0 c=0 rs=1 cs=1]
              LayoutTableRow {DIV} at (0,0) size 98x20
                LayoutTableCell (anonymous) at (0,0) size 98x20 [r=1 c=0 rs=1 cs=1]
                  LayoutText {#text} at (0,0) size 98x19
                    text run at (0,0) width 98: "...continues here"
      LayoutBlockFlow {DIV} at (0,302) size 784x35
        LayoutInline {SPAN} at (0,0) size 136x19
          LayoutText {#text} at (0,0) size 38x19
            text run at (0,0) width 38: "Text..."
          LayoutTable (anonymous) at (37.88,15) size 98x20
            LayoutTableSection (anonymous) at (0,0) size 98x20
              LayoutTableRow {TR} at (0,0) size 98x0
              LayoutTableRow {DIV} at (0,0) size 98x20
                LayoutTableCell (anonymous) at (0,0) size 98x20 [r=1 c=0 rs=1 cs=1]
                  LayoutText {#text} at (0,0) size 98x19
                    text run at (0,0) width 98: "...continues here"
      LayoutBlockFlow {DIV} at (0,337) size 784x20
        LayoutInline {SPAN} at (0,0) size 136x19
          LayoutText {#text} at (0,0) size 38x19
            text run at (0,0) width 38: "Text..."
          LayoutInline {SPAN} at (0,0) size 1x19
          LayoutTable (anonymous) at (37.88,0) size 98x20
            LayoutTableSection (anonymous) at (0,0) size 98x20
              LayoutTableRow {DIV} at (0,0) size 98x20
                LayoutTableCell (anonymous) at (0,0) size 98x20 [r=0 c=0 rs=1 cs=1]
                  LayoutText {#text} at (0,0) size 98x19
                    text run at (0,0) width 98: "...continues here"
      LayoutBlockFlow {DIV} at (0,357) size 784x40
        LayoutBlockFlow (anonymous) at (0,0) size 784x20
          LayoutInline {SPAN} at (0,0) size 38x19
            LayoutText {#text} at (0,0) size 38x19
              text run at (0,0) width 38: "Text..."
        LayoutBlockFlow (anonymous) at (0,20) size 784x0
          LayoutBlockFlow {DIV} at (0,0) size 784x0
        LayoutBlockFlow (anonymous) at (0,20) size 784x20
          LayoutInline {SPAN} at (0,0) size 98x19
            LayoutTable (anonymous) at (0,0) size 98x20
              LayoutTableSection (anonymous) at (0,0) size 98x20
                LayoutTableRow {DIV} at (0,0) size 98x20
                  LayoutTableCell (anonymous) at (0,0) size 98x20 [r=0 c=0 rs=1 cs=1]
                    LayoutText {#text} at (0,0) size 98x19
                      text run at (0,0) width 98: "...continues here"
      LayoutBlockFlow {DIV} at (0,397) size 784x20
        LayoutInline {SPAN} at (0,0) size 220x19
          LayoutText {#text} at (0,0) size 38x19
            text run at (0,0) width 38: "Text..."
          LayoutText {#text} at (37,0) size 85x19
            text run at (37,0) width 85: "goes here and"
          LayoutTable (anonymous) at (121.88,0) size 98x20
            LayoutTableSection {DIV} at (0,0) size 98x20
              LayoutTableRow (anonymous) at (0,0) size 98x20
                LayoutTableCell (anonymous) at (0,0) size 98x20 [r=0 c=0 rs=1 cs=1]
                  LayoutText {#text} at (0,0) size 98x19
                    text run at (0,0) width 98: "...continues here"
      LayoutBlockFlow {DIV} at (0,417) size 784x35
        LayoutInline {SPAN} at (0,0) size 136x19
          LayoutText {#text} at (0,0) size 38x19
            text run at (0,0) width 38: "Text..."
          LayoutTable (anonymous) at (37.88,15) size 98x20
            LayoutTableSection (anonymous) at (0,0) size 98x0
              LayoutTableRow (anonymous) at (0,0) size 98x0
                LayoutTableCell {TD} at (0,0) size 98x0 [r=0 c=0 rs=1 cs=1]
            LayoutTableSection {DIV} at (0,0) size 98x20
              LayoutTableRow (anonymous) at (0,0) size 98x20
                LayoutTableCell (anonymous) at (0,0) size 98x20 [r=0 c=0 rs=1 cs=1]
                  LayoutText {#text} at (0,0) size 98x19
                    text run at (0,0) width 98: "...continues here"
      LayoutBlockFlow {DIV} at (0,452) size 784x35
        LayoutInline {SPAN} at (0,0) size 136x19
          LayoutText {#text} at (0,0) size 38x19
            text run at (0,0) width 38: "Text..."
          LayoutTable (anonymous) at (37.88,15) size 98x20
            LayoutTableSection (anonymous) at (0,0) size 98x0
              LayoutTableRow {TR} at (0,0) size 98x0
            LayoutTableSection {DIV} at (0,0) size 98x20
              LayoutTableRow (anonymous) at (0,0) size 98x20
                LayoutTableCell (anonymous) at (0,0) size 98x20 [r=0 c=0 rs=1 cs=1]
                  LayoutText {#text} at (0,0) size 98x19
                    text run at (0,0) width 98: "...continues here"
      LayoutBlockFlow {DIV} at (0,487) size 784x20
        LayoutInline {SPAN} at (0,0) size 136x19
          LayoutText {#text} at (0,0) size 38x19
            text run at (0,0) width 38: "Text..."
          LayoutInline {SPAN} at (0,0) size 1x19
          LayoutTable (anonymous) at (37.88,0) size 98x20
            LayoutTableSection {DIV} at (0,0) size 98x20
              LayoutTableRow (anonymous) at (0,0) size 98x20
                LayoutTableCell (anonymous) at (0,0) size 98x20 [r=0 c=0 rs=1 cs=1]
                  LayoutText {#text} at (0,0) size 98x19
                    text run at (0,0) width 98: "...continues here"
      LayoutBlockFlow {DIV} at (0,507) size 784x40
        LayoutBlockFlow (anonymous) at (0,0) size 784x20
          LayoutInline {SPAN} at (0,0) size 38x19
            LayoutText {#text} at (0,0) size 38x19
              text run at (0,0) width 38: "Text..."
        LayoutBlockFlow (anonymous) at (0,20) size 784x0
          LayoutBlockFlow {DIV} at (0,0) size 784x0
        LayoutBlockFlow (anonymous) at (0,20) size 784x20
          LayoutInline {SPAN} at (0,0) size 98x19
            LayoutTable (anonymous) at (0,0) size 98x20
              LayoutTableSection {DIV} at (0,0) size 98x20
                LayoutTableRow (anonymous) at (0,0) size 98x20
                  LayoutTableCell (anonymous) at (0,0) size 98x20 [r=0 c=0 rs=1 cs=1]
                    LayoutText {#text} at (0,0) size 98x19
                      text run at (0,0) width 98: "...continues here"
