layer at (0,0) size 800x600
  LayoutView at (0,0) size 800x600
layer at (0,0) size 800x492
  LayoutBlockFlow {HTML} at (0,0) size 800x492
    LayoutBlockFlow {BODY} at (8,16) size 784x468
      LayoutBlockFlow {P} at (0,0) size 784x36
        LayoutText {#text} at (0,0) size 211x18
          text run at (0,0) width 211: "The word 'PASS' should be seen "
        LayoutInline {EM} at (0,0) size 35x18
          LayoutText {#text} at (210,0) size 35x18
            text run at (210,0) width 35: "twice"
        LayoutText {#text} at (244,0) size 715x36
          text run at (244,0) width 471: " below. They appear together because they are composited, and hence not"
          text run at (0,18) width 77: "fragmented."
layer at (8,68) size 208x416
  LayoutBlockFlow {DIV} at (0,52) size 208x416
    LayoutMultiColumnSet (anonymous) at (0,0) size 208x416
layer at (8,68) size 456x128
  LayoutMultiColumnFlowThread (anonymous) at (0,0) size 456x128
    LayoutBlockFlow (anonymous) at (0,0) size 368x128
      LayoutBR {BR} at (7,0) size 18x0
      LayoutBR {BR} at (39,0) size 18x0
      LayoutBR {BR} at (71,0) size 18x0
      LayoutBR {BR} at (103,0) size 18x0
      LayoutBR {BR} at (135,0) size 18x0
      LayoutBR {BR} at (167,0) size 18x0
      LayoutBR {BR} at (215,0) size 18x0
      LayoutBR {BR} at (247,0) size 18x0
      LayoutBR {BR} at (279,0) size 18x0
      LayoutBR {BR} at (311,0) size 18x0
      LayoutText {#text} at (343,0) size 18x6
        text run at (343,0) width 6: "r"
      LayoutBR {BR} at (343,5) size 18x1
layer at (0,64) size 160x288
  LayoutBlockFlow (positioned) {DIV} at (0,64) size 160x288 [bgcolor=#FFFF00]
layer at (384,76) size 72x112
  LayoutBlockFlow (relative positioned) {DIV} at (376,8) size 72x112
    LayoutText {#text} at (7,0) size 18x37
      text run at (7,0) width 37: "PASS"
    LayoutBR {BR} at (7,36) size 18x1
    LayoutText {#text} at (47,0) size 18x37
      text run at (47,0) width 37: "PASS"
