layer at (0,0) size 800x600
  LayoutView at (0,0) size 800x600
layer at (0,0) size 800x260
  LayoutBlockFlow {HTML} at (0,0) size 800x260
    LayoutBlockFlow {BODY} at (8,8) size 784x244
      LayoutText {#text} at (0,0) size 0x0
layer at (8,8) size 320x240
  LayoutVideo {VIDEO} at (0,0) size 320x240
layer at (8,8) size 320x240
  LayoutBlockFlow (relative positioned) {DIV} at (0,0) size 320x240 [color=#FFFFFF]
layer at (25,8) size 21x240
  LayoutBlockFlow (positioned) {DIV} at (17,0) size 21x240
    LayoutInline {DIV} at (0,0) size 19x116 [bgcolor=#000000CC]
      LayoutText {#text} at (2,64) size 15x112
        text run at (2,64) width 111: "Cue 1: \x{79C1}\x{306F}\x{7ACB}\x{6D3E}\x{306A}\x{4EBA}"
layer at (63,8) size 21x240
  LayoutBlockFlow (positioned) {DIV} at (55,0) size 21x240
    LayoutInline {DIV} at (0,0) size 19x116 [bgcolor=#000000CC]
      LayoutText {#text} at (2,64) size 15x112
        text run at (2,64) width 111: "Cue 2: \x{79C1}\x{306F}\x{7ACB}\x{6D3E}\x{306A}\x{4EBA}"
layer at (250,8) size 21x240
  LayoutBlockFlow (positioned) {DIV} at (242,0) size 21x240
    LayoutInline {DIV} at (0,0) size 19x116 [bgcolor=#000000CC]
      LayoutText {#text} at (2,64) size 15x112
        text run at (2,64) width 111: "Cue 3: \x{79C1}\x{306F}\x{7ACB}\x{6D3E}\x{306A}\x{4EBA}"
layer at (212,8) size 21x240
  LayoutBlockFlow (positioned) {DIV} at (204,0) size 21x240
    LayoutInline {DIV} at (0,0) size 19x116 [bgcolor=#000000CC]
      LayoutText {#text} at (2,64) size 15x112
        text run at (2,64) width 111: "Cue 4: \x{79C1}\x{306F}\x{7ACB}\x{6D3E}\x{306A}\x{4EBA}"
layer at (290,8) size 21x240
  LayoutBlockFlow (positioned) {DIV} at (282,0) size 21x240
    LayoutInline {DIV} at (0,0) size 19x116 [bgcolor=#000000CC]
      LayoutText {#text} at (2,64) size 15x112
        text run at (2,64) width 111: "Cue 5: \x{79C1}\x{306F}\x{7ACB}\x{6D3E}\x{306A}\x{4EBA}"
layer at (176,8) size 21x240
  LayoutBlockFlow (positioned) {DIV} at (168,0) size 21x240
    LayoutInline {DIV} at (0,0) size 19x116 [bgcolor=#000000CC]
      LayoutText {#text} at (2,64) size 15x112
        text run at (2,64) width 111: "Cue 6: \x{79C1}\x{306F}\x{7ACB}\x{6D3E}\x{306A}\x{4EBA}"
layer at (8,8) size 320x240
  LayoutFlexibleBox (relative positioned) {DIV} at (0,0) size 320x240
    LayoutBlockFlow {DIV} at (0,208) size 320x32
layer at (8,8) size 320x198
  LayoutFlexibleBox (relative positioned) {DIV} at (0,0) size 320x198
