layer at (0,0) size 800x600
  LayoutView at (0,0) size 800x600
layer at (0,0) size 800x600
  LayoutBlockFlow {HTML} at (0,0) size 800x600
    LayoutBlockFlow {BODY} at (12,12) size 776x543
      LayoutBlockFlow {P} at (0,0) size 776x28
        LayoutText {#text} at (0,0) size 278x28
          text run at (0,0) width 278: "Zoomed video with controls."
layer at (57,85) size 240x180
  LayoutVideo {VIDEO} at (45,73) size 240x180
layer at (57,85) size 240x180
  LayoutFlexibleBox (relative positioned) {DIV} at (0,0) size 240x180
    LayoutBlockFlow {DIV} at (0,132) size 240x48
layer at (57,85) size 240x117
  LayoutFlexibleBox (relative positioned) {DIV} at (0,0) size 240x117
layer at (57,217) size 240x48 scrollHeight 60
  LayoutFlexibleBox (relative positioned) {DIV} at (0,0) size 240x48 [bgcolor=#FAFAFA]
    LayoutButton {INPUT} at (0,0) size 48x48
    LayoutSlider {INPUT} at (75,22.50) size 90x3
      LayoutFlexibleBox {DIV} at (0,0) size 90x3
        LayoutBlockFlow {DIV} at (-27,-34.50) size 144x72
          LayoutBlockFlow {DIV} at (0,0) size 54x72
layer at (249,217) size 48x48
  LayoutButton {INPUT} at (192,0) size 48x48
layer at (57,310) size 240x180
  LayoutVideo {VIDEO} at (45,298) size 240x180
layer at (57,310) size 240x180
  LayoutFlexibleBox (relative positioned) {DIV} at (0,0) size 240x180
    LayoutBlockFlow {DIV} at (0,132) size 240x48
layer at (57,310) size 240x117
  LayoutFlexibleBox (relative positioned) {DIV} at (0,0) size 240x117
layer at (57,442) size 240x48 scrollHeight 60
  LayoutFlexibleBox (relative positioned) {DIV} at (0,0) size 240x48 [bgcolor=#FAFAFA]
    LayoutButton {INPUT} at (0,0) size 48x48
    LayoutSlider {INPUT} at (75,22.50) size 90x3
      LayoutFlexibleBox {DIV} at (0,0) size 90x3
        LayoutBlockFlow {DIV} at (-27,-34.50) size 144x72
          LayoutBlockFlow {DIV} at (0,0) size 54x72
layer at (249,442) size 48x48 backgroundClip at (249,442) size 43x27 clip at (249,442) size 43x27
  LayoutButton {INPUT} at (192,0) size 48x48
