layer at (0,0) size 800x600
  LayoutView at (0,0) size 800x600
layer at (0,0) size 800x600
  LayoutBlockFlow {HTML} at (0,0) size 800x600
    LayoutBlockFlow {BODY} at (8,8) size 784x584
      LayoutText {#text} at (0,0) size 474x17
        text run at (0,0) width 474: "This tests that empty select controls and buttons have the correct baseline."
      LayoutBR {BR} at (473,14) size 1x0
      LayoutMenuList {SELECT} at (0,19) size 24x20 [bgcolor=#FFFFFF] [border: (1px solid #A9A9A9)]
        LayoutBlockFlow (anonymous) at (1,1) size 22x18
          LayoutText (anonymous) at (4,1) size 4x16
            text run at (4,1) width 4: " "
      LayoutText {#text} at (24,20) size 31x17
        text run at (24,20) width 31: " test "
      LayoutMenuList {SELECT} at (54.22,19) size 46x20 [bgcolor=#FFFFFF] [border: (1px solid #A9A9A9)]
        LayoutBlockFlow (anonymous) at (1,1) size 44x18
          LayoutText (anonymous) at (4,1) size 22x16
            text run at (4,1) width 22: "test"
      LayoutText {#text} at (100,20) size 5x17
        text run at (100,20) width 5: " "
      LayoutMenuList {SELECT} at (104.22,19) size 24x20 [color=#00008B] [bgcolor=#ADD8E6] [border: (1px solid #A9A9A9)]
        LayoutBlockFlow (anonymous) at (1,1) size 22x18
          LayoutText (anonymous) at (4,1) size 4x16
            text run at (4,1) width 4: " "
      LayoutText {#text} at (128,20) size 31x17
        text run at (128,20) width 31: " test "
      LayoutMenuList {SELECT} at (158.44,19) size 46x20 [color=#00008B] [bgcolor=#ADD8E6] [border: (1px solid #A9A9A9)]
        LayoutBlockFlow (anonymous) at (1,1) size 44x18
          LayoutText (anonymous) at (4,1) size 22x16
            text run at (4,1) width 22: "test"
      LayoutText {#text} at (204,20) size 5x17
        text run at (204,20) width 5: " "
      LayoutButton {BUTTON} at (208.44,31) size 16x6 [bgcolor=#C0C0C0] [border: (2px outset #C0C0C0)]
      LayoutText {#text} at (224,20) size 5x17
        text run at (224,20) width 5: " "
      LayoutButton {BUTTON} at (228.44,18) size 38x22 [bgcolor=#C0C0C0] [border: (2px outset #C0C0C0)]
        LayoutBlockFlow (anonymous) at (8,3) size 22x16
          LayoutText {#text} at (0,0) size 22x16
            text run at (0,0) width 22: "test"
      LayoutText {#text} at (266,20) size 5x17
        text run at (266,20) width 5: " "
      LayoutButton {BUTTON} at (270.44,31) size 16x6 [color=#00008B] [bgcolor=#ADD8E6] [border: (2px outset #C0C0C0)]
      LayoutText {#text} at (286,20) size 5x17
        text run at (286,20) width 5: " "
      LayoutButton {BUTTON} at (290.44,18) size 38x22 [color=#00008B] [bgcolor=#ADD8E6] [border: (2px outset #C0C0C0)]
        LayoutBlockFlow (anonymous) at (8,3) size 22x16
          LayoutText {#text} at (0,0) size 22x16
            text run at (0,0) width 22: "test"
      LayoutText {#text} at (0,0) size 0x0
