layer at (0,0) size 800x600
  LayoutView at (0,0) size 800x600
layer at (0,0) size 800x528
  LayoutBlockFlow {HTML} at (0,0) size 800x528
    LayoutBlockFlow {BODY} at (8,16) size 784x504
      LayoutBlockFlow {P} at (0,0) size 784x90
        LayoutRuby (inline) {RUBY} at (0,0) size 144x53
          LayoutRubyRun (anonymous) at (0,18) size 144x72
            LayoutRubyText {RT} at (0,-22) size 144x36
              LayoutText {#text} at (0,4) size 144x26
                text run at (0,4) width 144: "\x{304D}\x{3069}\x{3046}\x{305F}\x{3044}\x{304D}"
            LayoutRubyBase (anonymous) at (0,0) size 144x72
              LayoutText {#text} at (12,8) size 120x53
                text run at (12,8) width 120: "\x{653B}\x{6BBB}"
        LayoutText {#text} at (0,0) size 0x0
      LayoutBlockFlow {P} at (0,106) size 784x90
        LayoutRuby (inline) {RUBY} at (0,0) size 192x53
          LayoutRubyRun (anonymous) at (0,18) size 192x72
            LayoutRubyText {RT} at (0,-22) size 192x36
              LayoutText {#text} at (0,4) size 192x26
                text run at (0,4) width 192: "\x{304D}\x{3069}\x{3046}\x{305F}\x{3044}\x{304D}\x{3069}\x{3046}"
            LayoutRubyBase (anonymous) at (0,0) size 192x72
              LayoutText {#text} at (8,8) size 176x53
                text run at (8,8) width 176: "\x{6A5F}\x{52D5}\x{968A}"
        LayoutText {#text} at (0,0) size 0x0
      LayoutBlockFlow {DIV} at (0,212) size 226x292
        LayoutBlockFlow {P} at (16,0) size 89x292
          LayoutRuby (inline) {RUBY} at (0,0) size 53x144
            LayoutRubyRun (anonymous) at (17,0) size 72x144
              LayoutRubyText {RT} at (-22,0) size 36x144
                LayoutText {#text} at (5,0) size 26x144
                  text run at (5,0) width 144: "\x{304D}\x{3069}\x{3046}\x{305F}\x{3044}\x{304D}"
              LayoutRubyBase (anonymous) at (0,0) size 72x144
                LayoutText {#text} at (9,12) size 53x120
                  text run at (9,12) width 120: "\x{653B}\x{6BBB}"
          LayoutText {#text} at (0,0) size 0x0
        LayoutBlockFlow {P} at (121,0) size 89x292
          LayoutRuby (inline) {RUBY} at (0,0) size 53x192
            LayoutRubyRun (anonymous) at (17,0) size 72x192
              LayoutRubyText {RT} at (-22,0) size 36x192
                LayoutText {#text} at (5,0) size 26x192
                  text run at (5,0) width 192: "\x{304D}\x{3069}\x{3046}\x{305F}\x{3044}\x{304D}\x{3069}\x{3046}"
              LayoutRubyBase (anonymous) at (0,0) size 72x192
                LayoutText {#text} at (9,8) size 53x176
                  text run at (9,8) width 176: "\x{6A5F}\x{52D5}\x{968A}"
          LayoutText {#text} at (0,0) size 0x0
