layer at (0,0) size 800x600
  LayoutView at (0,0) size 800x600
layer at (0,0) size 800x600
  LayoutBlockFlow {HTML} at (0,0) size 800x600
    LayoutBlockFlow {BODY} at (8,8) size 784x584
      LayoutBlockFlow {P} at (0,0) size 784x18
        LayoutText {#text} at (0,0) size 156x17
          text run at (0,0) width 156: "Test controls placement."
      LayoutBlockFlow (anonymous) at (0,34) size 784x118
        LayoutBR {BR} at (300,32) size 0x0
        LayoutBR {BR} at (0,32) size 0x17
        LayoutBR {BR} at (320,82) size 0x0
        LayoutBR {BR} at (0,82) size 0x17
        LayoutBR {BR} at (0,100) size 0x17
layer at (8,42) size 300x32
  LayoutMedia {AUDIO} at (0,0) size 300x32 [bgcolor=#0000FF]
layer at (8,92) size 320x32
  LayoutMedia {AUDIO} at (0,50) size 320x32 [bgcolor=#0000FF]
layer at (8,42) size 300x32
  LayoutFlexibleBox (relative positioned) {DIV} at (0,0) size 300x32
    LayoutBlockFlow {DIV} at (0,0) size 300x32
layer at (8,42) size 300x32 scrollHeight 40
  LayoutFlexibleBox (relative positioned) {DIV} at (0,0) size 300x32 [bgcolor=#FAFAFA]
    LayoutButton {INPUT} at (0,0) size 32x32
    LayoutFlexibleBox {DIV} at (32,0) size 24x32 [color=#5A5A5A]
      LayoutBlockFlow (anonymous) at (0,0) size 24x32
        LayoutText {#text} at (0,8) size 24x15
          text run at (0,8) width 24: "0:00"
    LayoutFlexibleBox {DIV} at (56,0) size 34x32 [color=#5A5A5A]
      LayoutBlockFlow (anonymous) at (4,0) size 30x32
        LayoutText {#text} at (0,8) size 30x15
          text run at (0,8) width 30: "/ 0:07"
    LayoutSlider {INPUT} at (108,15) size 81x2
      LayoutFlexibleBox {DIV} at (0,0) size 81x2
        LayoutBlockFlow {DIV} at (-18,-23) size 117x48
          LayoutBlockFlow {DIV} at (0,0) size 36x48
    LayoutButton {INPUT} at (207,0) size 32x32
    LayoutSlider {INPUT} at (257,15) size 25x2
      LayoutFlexibleBox {DIV} at (0,0) size 25x2
        LayoutBlockFlow {DIV} at (-18,-23) size 61x48
          LayoutBlockFlow {DIV} at (25,0) size 36x48
layer at (8,92) size 320x32
  LayoutFlexibleBox (relative positioned) {DIV} at (0,0) size 320x32
    LayoutBlockFlow {DIV} at (0,0) size 320x32
layer at (8,92) size 320x32 scrollHeight 40
  LayoutFlexibleBox (relative positioned) {DIV} at (0,0) size 320x32 [bgcolor=#FAFAFA]
    LayoutButton {INPUT} at (0,0) size 32x32
    LayoutFlexibleBox {DIV} at (32,0) size 24x32 [color=#5A5A5A]
      LayoutBlockFlow (anonymous) at (0,0) size 24x32
        LayoutText {#text} at (0,8) size 24x15
          text run at (0,8) width 24: "0:00"
    LayoutFlexibleBox {DIV} at (56,0) size 34x32 [color=#5A5A5A]
      LayoutBlockFlow (anonymous) at (4,0) size 30x32
        LayoutText {#text} at (0,8) size 30x15
          text run at (0,8) width 30: "/ 0:07"
    LayoutSlider {INPUT} at (108,15) size 93.06x2
      LayoutFlexibleBox {DIV} at (0,0) size 93.06x2
        LayoutBlockFlow {DIV} at (-18,-23) size 129.06x48
          LayoutBlockFlow {DIV} at (0,0) size 36x48
    LayoutButton {INPUT} at (219.06,0) size 32x32
    LayoutSlider {INPUT} at (269.06,15) size 32.94x2
      LayoutFlexibleBox {DIV} at (0,0) size 32.94x2
        LayoutBlockFlow {DIV} at (-18,-23) size 68.94x48
          LayoutBlockFlow {DIV} at (32.94,0) size 36x48
layer at (8,142) size 320x100
  LayoutMedia (positioned) {AUDIO} at (8,142) size 320x100 [bgcolor=#0000FF]
layer at (8,142) size 320x100
  LayoutFlexibleBox (relative positioned) {DIV} at (0,0) size 320x100
    LayoutBlockFlow {DIV} at (0,68) size 320x32
layer at (8,210) size 320x32 scrollHeight 40
  LayoutFlexibleBox (relative positioned) {DIV} at (0,0) size 320x32 [bgcolor=#FAFAFA]
    LayoutButton {INPUT} at (0,0) size 32x32
    LayoutFlexibleBox {DIV} at (32,0) size 24x32 [color=#5A5A5A]
      LayoutBlockFlow (anonymous) at (0,0) size 24x32
        LayoutText {#text} at (0,8) size 24x15
          text run at (0,8) width 24: "0:00"
    LayoutFlexibleBox {DIV} at (56,0) size 34x32 [color=#5A5A5A]
      LayoutBlockFlow (anonymous) at (4,0) size 30x32
        LayoutText {#text} at (0,8) size 30x15
          text run at (0,8) width 30: "/ 0:07"
    LayoutSlider {INPUT} at (108,15) size 93.06x2
      LayoutFlexibleBox {DIV} at (0,0) size 93.06x2
        LayoutBlockFlow {DIV} at (-18,-23) size 129.06x48
          LayoutBlockFlow {DIV} at (0,0) size 36x48
    LayoutButton {INPUT} at (219.06,0) size 32x32
    LayoutSlider {INPUT} at (269.06,15) size 32.94x2
      LayoutFlexibleBox {DIV} at (0,0) size 32.94x2
        LayoutBlockFlow {DIV} at (-18,-23) size 68.94x48
          LayoutBlockFlow {DIV} at (32.94,0) size 36x48
