layer at (0,0) size 800x600
  LayoutView at (0,0) size 800x600
layer at (0,0) size 800x530
  LayoutBlockFlow {HTML} at (0,0) size 800x530
    LayoutBlockFlow {BODY} at (8,16) size 784x506
      LayoutBlockFlow {P} at (0,0) size 784x18
        LayoutText {#text} at (0,0) size 709x18
          text run at (0,0) width 497: "Verify that the alignment and writing direction of each selected item matches "
          text run at (496,0) width 213: "the one below the pop-up button."
      LayoutBlockFlow {DIV} at (0,34) size 784x236
        LayoutMenuList {SELECT} at (0,0) size 500x23 [bgcolor=#F8F8F8] [border: (1px solid #A6A6A6)]
          LayoutBlockFlow (anonymous) at (1,1) size 498x21
            LayoutText (anonymous) at (8,1) size 200x18
              text run at (8,1) width 39: "First "
              text run at (46,1) width 60 RTL: ") \x{5E8}\x{5D1}\x{5D9}\x{5E2}\x{5D9}\x{5EA}"
              text run at (105,1) width 21: "03"
              text run at (125,1) width 46 RTL: "\x{5E9}\x{5E0}\x{5D9}\x{5D4} ("
              text run at (170,1) width 38: " fifth"
        LayoutBlockFlow {DIV} at (0,23) size 470x36
          LayoutText {#text} at (10,10) size 163x16
            text run at (10,10) width 32: "First "
            text run at (41,10) width 48 RTL: ") \x{5E8}\x{5D1}\x{5D9}\x{5E2}\x{5D9}\x{5EA}"
            text run at (89,10) width 17: "03"
            text run at (105,10) width 37 RTL: "\x{5E9}\x{5E0}\x{5D9}\x{5D4} ("
            text run at (141,10) width 32: " fifth"
        LayoutMenuList {SELECT} at (0,59) size 500x23 [bgcolor=#F8F8F8] [border: (1px solid #A6A6A6)]
          LayoutBlockFlow (anonymous) at (1,1) size 498x21
            LayoutText (anonymous) at (8,1) size 200x18
              text run at (8,1) width 33: "fifth"
              text run at (40,1) width 64 RTL: ") \x{5E8}\x{5D1}\x{5D9}\x{5E2}\x{5D9}\x{5EA} "
              text run at (103,1) width 21: "03"
              text run at (123,1) width 51 RTL: " \x{5E9}\x{5E0}\x{5D9}\x{5D4} ("
              text run at (173,1) width 35: "First"
        LayoutBlockFlow {DIV} at (0,82) size 470x36
          LayoutText {#text} at (10,10) size 163x16
            text run at (10,10) width 27: "fifth"
            text run at (36,10) width 52 RTL: ") \x{5E8}\x{5D1}\x{5D9}\x{5E2}\x{5D9}\x{5EA} "
            text run at (87,10) width 17: "03"
            text run at (103,10) width 42 RTL: " \x{5E9}\x{5E0}\x{5D9}\x{5D4} ("
            text run at (144,10) width 29: "First"
        LayoutMenuList {SELECT} at (0,118) size 500x23 [bgcolor=#F8F8F8] [border: (1px solid #A6A6A6)]
          LayoutBlockFlow (anonymous) at (1,1) size 498x21
            LayoutText (anonymous) at (8,1) size 200x18
              text run at (8,1) width 200 LTR override: "First \x{5E9}\x{5E0}\x{5D9}\x{5D4} (03) \x{5E8}\x{5D1}\x{5D9}\x{5E2}\x{5D9}\x{5EA} fifth"
        LayoutBlockFlow {DIV} at (0,141) size 470x36
          LayoutText {#text} at (10,10) size 163x16
            text run at (10,10) width 163 LTR override: "First \x{5E9}\x{5E0}\x{5D9}\x{5D4} (03) \x{5E8}\x{5D1}\x{5D9}\x{5E2}\x{5D9}\x{5EA} fifth"
        LayoutMenuList {SELECT} at (0,177) size 500x23 [bgcolor=#F8F8F8] [border: (1px solid #A6A6A6)]
          LayoutBlockFlow (anonymous) at (1,1) size 498x21
            LayoutText (anonymous) at (8,1) size 200x18
              text run at (8,1) width 200 RTL override: "First \x{5E9}\x{5E0}\x{5D9}\x{5D4} (03) \x{5E8}\x{5D1}\x{5D9}\x{5E2}\x{5D9}\x{5EA} fifth"
        LayoutBlockFlow {DIV} at (0,200) size 470x36
          LayoutText {#text} at (10,10) size 163x16
            text run at (10,10) width 163 RTL override: "First \x{5E9}\x{5E0}\x{5D9}\x{5D4} (03) \x{5E8}\x{5D1}\x{5D9}\x{5E2}\x{5D9}\x{5EA} fifth"
      LayoutBlockFlow {DIV} at (0,270) size 784x236
        LayoutMenuList {SELECT} at (0,0) size 500x23 [bgcolor=#F8F8F8] [border: (1px solid #A6A6A6)]
          LayoutBlockFlow (anonymous) at (1,1) size 498x21
            LayoutText (anonymous) at (282,1) size 200x18
              text run at (282,1) width 40: "First "
              text run at (321,1) width 59 RTL: ") \x{5E8}\x{5D1}\x{5D9}\x{5E2}\x{5D9}\x{5EA}"
              text run at (379,1) width 22: "03"
              text run at (400,1) width 45 RTL: "\x{5E9}\x{5E0}\x{5D9}\x{5D4} ("
              text run at (444,1) width 38: " fifth"
        LayoutBlockFlow {DIV} at (0,23) size 470x36
          LayoutText {#text} at (297,10) size 163x16
            text run at (297,10) width 33: "First "
            text run at (329,10) width 48 RTL: ") \x{5E8}\x{5D1}\x{5D9}\x{5E2}\x{5D9}\x{5EA}"
            text run at (376,10) width 18: "03"
            text run at (393,10) width 37 RTL: "\x{5E9}\x{5E0}\x{5D9}\x{5D4} ("
            text run at (429,10) width 31: " fifth"
        LayoutMenuList {SELECT} at (0,59) size 500x23 [bgcolor=#F8F8F8] [border: (1px solid #A6A6A6)]
          LayoutBlockFlow (anonymous) at (1,1) size 498x21
            LayoutText (anonymous) at (282,1) size 200x18
              text run at (282,1) width 33: "fifth"
              text run at (314,1) width 65 RTL: ") \x{5E8}\x{5D1}\x{5D9}\x{5E2}\x{5D9}\x{5EA} "
              text run at (378,1) width 21: "03"
              text run at (398,1) width 51 RTL: " \x{5E9}\x{5E0}\x{5D9}\x{5D4} ("
              text run at (448,1) width 34: "First"
        LayoutBlockFlow {DIV} at (0,82) size 470x36
          LayoutText {#text} at (297,10) size 163x16
            text run at (297,10) width 28: "fifth"
            text run at (324,10) width 52 RTL: ") \x{5E8}\x{5D1}\x{5D9}\x{5E2}\x{5D9}\x{5EA} "
            text run at (375,10) width 17: "03"
            text run at (391,10) width 42 RTL: " \x{5E9}\x{5E0}\x{5D9}\x{5D4} ("
            text run at (432,10) width 28: "First"
        LayoutMenuList {SELECT} at (0,118) size 500x23 [bgcolor=#F8F8F8] [border: (1px solid #A6A6A6)]
          LayoutBlockFlow (anonymous) at (1,1) size 498x21
            LayoutText (anonymous) at (282,1) size 200x18
              text run at (282,1) width 200 LTR override: "First \x{5E9}\x{5E0}\x{5D9}\x{5D4} (03) \x{5E8}\x{5D1}\x{5D9}\x{5E2}\x{5D9}\x{5EA} fifth"
        LayoutBlockFlow {DIV} at (0,141) size 470x36
          LayoutText {#text} at (297,10) size 163x16
            text run at (297,10) width 163 LTR override: "First \x{5E9}\x{5E0}\x{5D9}\x{5D4} (03) \x{5E8}\x{5D1}\x{5D9}\x{5E2}\x{5D9}\x{5EA} fifth"
        LayoutMenuList {SELECT} at (0,177) size 500x23 [bgcolor=#F8F8F8] [border: (1px solid #A6A6A6)]
          LayoutBlockFlow (anonymous) at (1,1) size 498x21
            LayoutText (anonymous) at (282,1) size 200x18
              text run at (282,1) width 200 RTL override: "First \x{5E9}\x{5E0}\x{5D9}\x{5D4} (03) \x{5E8}\x{5D1}\x{5D9}\x{5E2}\x{5D9}\x{5EA} fifth"
        LayoutBlockFlow {DIV} at (0,200) size 470x36
          LayoutText {#text} at (297,10) size 163x16
            text run at (297,10) width 163 RTL override: "First \x{5E9}\x{5E0}\x{5D9}\x{5D4} (03) \x{5E8}\x{5D1}\x{5D9}\x{5E2}\x{5D9}\x{5EA} fifth"
