layer at (0,0) size 800x600
  LayoutView at (0,0) size 800x600
layer at (0,0) size 800x51
  LayoutBlockFlow {HTML} at (0,0) size 800x51
    LayoutBlockFlow {BODY} at (8,16) size 784x19
      LayoutBlockFlow {P} at (0,0) size 784x19
        LayoutButton {BUTTON} at (0,1) size 471.08x18 [bgcolor=#C0C0C0] [border: none (2px outset #C0C0C0) none (2px outset #C0C0C0)]
          LayoutBlockFlow (anonymous) at (8,2) size 455.08x13
            LayoutText {#text} at (0,0) size 456x13
              text run at (0,0) width 456: "Activating (e.g. holding the mouse button down on) this button should make it go green."
