layer at (0,0) size 800x600
  LayoutView at (0,0) size 800x600
layer at (0,0) size 800x600
  LayoutBlockFlow {HTML} at (0,0) size 800x600
    LayoutBlockFlow {BODY} at (8,8) size 784x584
      LayoutBlockFlow {DIV} at (0,0) size 784x0
layer at (250,563) size 320x27
  LayoutBlockFlow (positioned) {FONT} at (250,563) size 320.16x27
    LayoutText {#text} at (0,0) size 321x26
      text run at (0,0) width 321: "Hello World, And Stuff!"
