layer at (0,0) size 800x600 scrollWidth 910
  LayoutView at (0,0) size 800x600
layer at (0,0) size 800x600
  LayoutBlockFlow {HTML} at (0,0) size 800x600
    LayoutBlockFlow {BODY} at (8,8) size 800x584
      LayoutBlockFlow {DIV} at (0,0) size 800x0
      LayoutBlockFlow {DIV} at (0,0) size 800x0
      LayoutBlockFlow {DIV} at (0,0) size 800x0
      LayoutBlockFlow {DIV} at (0,0) size 800x0
      LayoutBlockFlow {DIV} at (0,0) size 800x0
      LayoutBlockFlow {DIV} at (0,0) size 800x0
      LayoutBlockFlow {DIV} at (0,0) size 800x0
      LayoutBlockFlow {DIV} at (0,0) size 800x0
layer at (149,563) size 259x27
  LayoutBlockFlow (positioned) {FONT} at (149.16,563) size 258.84x27
    LayoutText {#text} at (0,0) size 259x26
      text run at (0,0) width 259: "RTL-Center-Aligned"
layer at (-94,469) size 102x81 backgroundClip at (0,0) size 800x600 clip at (0,0) size 800x600
  LayoutBlockFlow (positioned) {FONT} at (-93.70,469) size 101.70x81
    LayoutText {#text} at (0,0) size 102x80
      text run at (0,0) width 60: "RTL-"
      text run at (0,27) width 63: "Left-"
      text run at (0,54) width 102: "Aligned"
layer at (567,473) size 241x27 backgroundClip at (0,0) size 800x600 clip at (0,0) size 800x600
  LayoutBlockFlow (positioned) {FONT} at (566.83,473) size 241.17x27
    LayoutText {#text} at (0,0) size 242x26
      text run at (0,0) width 242: "RTL-Right-Aligned"
layer at (602,423) size 206x27 backgroundClip at (0,0) size 800x600 clip at (0,0) size 800x600
  LayoutBlockFlow (positioned) {FONT} at (601.59,423) size 206.41x27
    LayoutText {#text} at (0,0) size 207x26
      text run at (0,0) width 207: "RTL-No-Aligned"
layer at (408,373) size 258x27
  LayoutBlockFlow (positioned) {FONT} at (408,373) size 258.09x27
    LayoutText {#text} at (0,0) size 259x26
      text run at (0,0) width 259: "LTR-Center-Aligned"
layer at (8,323) size 224x27
  LayoutBlockFlow (positioned) {FONT} at (8,323) size 223.64x27
    LayoutText {#text} at (0,0) size 224x26
      text run at (0,0) width 224: "LTR-Left-Aligned"
layer at (808,219) size 102x81 backgroundClip at (0,0) size 800x600 clip at (0,0) size 800x600
  LayoutBlockFlow (positioned) {FONT} at (808,219) size 101.70x81
    LayoutText {#text} at (42,0) size 102x80
      text run at (42,0) width 60: "LTR-"
      text run at (22,27) width 80: "Right-"
      text run at (0,54) width 102: "Aligned"
layer at (8,223) size 206x27
  LayoutBlockFlow (positioned) {FONT} at (8,223) size 205.66x27
    LayoutText {#text} at (0,0) size 206x26
      text run at (0,0) width 206: "LTR-No-Aligned"
