layer at (0,0) size 800x600
  LayoutView at (0,0) size 800x600
layer at (0,0) size 800x68
  LayoutBlockFlow {html} at (0,0) size 800x68
    LayoutBlockFlow {body} at (8,16) size 784x36
      LayoutBlockFlow {p} at (0,0) size 784x36
        LayoutText {#text} at (0,0) size 763x36
          text run at (0,0) width 763: "In the div below the text is distributed over the whole SVG area. But when you scroll around the invisible text does not"
          text run at (0,18) width 132: "appear (Bug 12163)."
layer at (10,68) size 502x502 clip at (11,69) size 485x485 scrollY 550.00 scrollWidth 5000 scrollHeight 5004
  LayoutBlockFlow (positioned) {div} at (10,68) size 502x502 [border: (1px solid #AAAAAA)]
    LayoutSVGRoot {svg} at (11,69) size 485x485
      LayoutSVGText {text} at (-2,2) size 80x23 contains 1 chunk(s)
        LayoutSVGInlineText {#text} at (0,0) size 79x23
          chunk 1 text run 1 at (0.00,20.00) startOffset 0 endOffset 11 width 77.76: "just a text"
      LayoutSVGText {text} at (98,2) size 80x23 contains 1 chunk(s)
        LayoutSVGInlineText {#text} at (0,0) size 79x23
          chunk 1 text run 1 at (100.00,20.00) startOffset 0 endOffset 11 width 77.76: "just a text"
      LayoutSVGText {text} at (198,2) size 80x23 contains 1 chunk(s)
        LayoutSVGInlineText {#text} at (0,0) size 79x23
          chunk 1 text run 1 at (200.00,20.00) startOffset 0 endOffset 11 width 77.76: "just a text"
      LayoutSVGText {text} at (298,2) size 80x23 contains 1 chunk(s)
        LayoutSVGInlineText {#text} at (0,0) size 79x23
          chunk 1 text run 1 at (300.00,20.00) startOffset 0 endOffset 11 width 77.76: "just a text"
      LayoutSVGText {text} at (398,2) size 80x23 contains 1 chunk(s)
        LayoutSVGInlineText {#text} at (0,0) size 79x23
          chunk 1 text run 1 at (400.00,20.00) startOffset 0 endOffset 11 width 77.76: "just a text"
      LayoutSVGText {text} at (498,2) size 80x23 contains 1 chunk(s)
        LayoutSVGInlineText {#text} at (0,0) size 79x23
          chunk 1 text run 1 at (500.00,20.00) startOffset 0 endOffset 11 width 77.76: "just a text"
      LayoutSVGText {text} at (598,2) size 80x23 contains 1 chunk(s)
        LayoutSVGInlineText {#text} at (0,0) size 79x23
          chunk 1 text run 1 at (600.00,20.00) startOffset 0 endOffset 11 width 77.76: "just a text"
      LayoutSVGText {text} at (698,2) size 80x23 contains 1 chunk(s)
        LayoutSVGInlineText {#text} at (0,0) size 79x23
          chunk 1 text run 1 at (700.00,20.00) startOffset 0 endOffset 11 width 77.76: "just a text"
      LayoutSVGText {text} at (798,2) size 80x23 contains 1 chunk(s)
        LayoutSVGInlineText {#text} at (0,0) size 79x23
          chunk 1 text run 1 at (800.00,20.00) startOffset 0 endOffset 11 width 77.76: "just a text"
      LayoutSVGText {text} at (898,2) size 80x23 contains 1 chunk(s)
        LayoutSVGInlineText {#text} at (0,0) size 79x23
          chunk 1 text run 1 at (900.00,20.00) startOffset 0 endOffset 11 width 77.76: "just a text"
      LayoutSVGText {text} at (998,2) size 80x23 contains 1 chunk(s)
        LayoutSVGInlineText {#text} at (0,0) size 79x23
          chunk 1 text run 1 at (1000.00,20.00) startOffset 0 endOffset 11 width 77.76: "just a text"
      LayoutSVGText {text} at (1098,2) size 80x23 contains 1 chunk(s)
        LayoutSVGInlineText {#text} at (0,0) size 79x23
          chunk 1 text run 1 at (1100.00,20.00) startOffset 0 endOffset 11 width 77.76: "just a text"
      LayoutSVGText {text} at (1198,2) size 80x23 contains 1 chunk(s)
        LayoutSVGInlineText {#text} at (0,0) size 79x23
          chunk 1 text run 1 at (1200.00,20.00) startOffset 0 endOffset 11 width 77.76: "just a text"
      LayoutSVGText {text} at (1298,2) size 80x23 contains 1 chunk(s)
        LayoutSVGInlineText {#text} at (0,0) size 79x23
          chunk 1 text run 1 at (1300.00,20.00) startOffset 0 endOffset 11 width 77.76: "just a text"
      LayoutSVGText {text} at (1398,2) size 80x23 contains 1 chunk(s)
        LayoutSVGInlineText {#text} at (0,0) size 79x23
          chunk 1 text run 1 at (1400.00,20.00) startOffset 0 endOffset 11 width 77.76: "just a text"
      LayoutSVGText {text} at (1498,2) size 80x23 contains 1 chunk(s)
        LayoutSVGInlineText {#text} at (0,0) size 79x23
          chunk 1 text run 1 at (1500.00,20.00) startOffset 0 endOffset 11 width 77.76: "just a text"
      LayoutSVGText {text} at (1598,2) size 80x23 contains 1 chunk(s)
        LayoutSVGInlineText {#text} at (0,0) size 79x23
          chunk 1 text run 1 at (1600.00,20.00) startOffset 0 endOffset 11 width 77.76: "just a text"
      LayoutSVGText {text} at (1698,2) size 80x23 contains 1 chunk(s)
        LayoutSVGInlineText {#text} at (0,0) size 79x23
          chunk 1 text run 1 at (1700.00,20.00) startOffset 0 endOffset 11 width 77.76: "just a text"
      LayoutSVGText {text} at (1798,2) size 80x23 contains 1 chunk(s)
        LayoutSVGInlineText {#text} at (0,0) size 79x23
          chunk 1 text run 1 at (1800.00,20.00) startOffset 0 endOffset 11 width 77.76: "just a text"
      LayoutSVGText {text} at (1898,2) size 80x23 contains 1 chunk(s)
        LayoutSVGInlineText {#text} at (0,0) size 79x23
          chunk 1 text run 1 at (1900.00,20.00) startOffset 0 endOffset 11 width 77.76: "just a text"
      LayoutSVGText {text} at (1998,2) size 80x23 contains 1 chunk(s)
        LayoutSVGInlineText {#text} at (0,0) size 79x23
          chunk 1 text run 1 at (2000.00,20.00) startOffset 0 endOffset 11 width 77.76: "just a text"
      LayoutSVGText {text} at (2098,2) size 80x23 contains 1 chunk(s)
        LayoutSVGInlineText {#text} at (0,0) size 79x23
          chunk 1 text run 1 at (2100.00,20.00) startOffset 0 endOffset 11 width 77.76: "just a text"
      LayoutSVGText {text} at (2198,2) size 80x23 contains 1 chunk(s)
        LayoutSVGInlineText {#text} at (0,0) size 79x23
          chunk 1 text run 1 at (2200.00,20.00) startOffset 0 endOffset 11 width 77.76: "just a text"
      LayoutSVGText {text} at (2298,2) size 80x23 contains 1 chunk(s)
        LayoutSVGInlineText {#text} at (0,0) size 79x23
          chunk 1 text run 1 at (2300.00,20.00) startOffset 0 endOffset 11 width 77.76: "just a text"
      LayoutSVGText {text} at (2398,2) size 80x23 contains 1 chunk(s)
        LayoutSVGInlineText {#text} at (0,0) size 79x23
          chunk 1 text run 1 at (2400.00,20.00) startOffset 0 endOffset 11 width 77.76: "just a text"
      LayoutSVGText {text} at (2498,2) size 80x23 contains 1 chunk(s)
        LayoutSVGInlineText {#text} at (0,0) size 79x23
          chunk 1 text run 1 at (2500.00,20.00) startOffset 0 endOffset 11 width 77.76: "just a text"
      LayoutSVGText {text} at (2598,2) size 80x23 contains 1 chunk(s)
        LayoutSVGInlineText {#text} at (0,0) size 79x23
          chunk 1 text run 1 at (2600.00,20.00) startOffset 0 endOffset 11 width 77.76: "just a text"
      LayoutSVGText {text} at (2698,2) size 80x23 contains 1 chunk(s)
        LayoutSVGInlineText {#text} at (0,0) size 79x23
          chunk 1 text run 1 at (2700.00,20.00) startOffset 0 endOffset 11 width 77.76: "just a text"
      LayoutSVGText {text} at (2798,2) size 80x23 contains 1 chunk(s)
        LayoutSVGInlineText {#text} at (0,0) size 79x23
          chunk 1 text run 1 at (2800.00,20.00) startOffset 0 endOffset 11 width 77.76: "just a text"
      LayoutSVGText {text} at (2898,2) size 80x23 contains 1 chunk(s)
        LayoutSVGInlineText {#text} at (0,0) size 79x23
          chunk 1 text run 1 at (2900.00,20.00) startOffset 0 endOffset 11 width 77.76: "just a text"
      LayoutSVGText {text} at (2998,2) size 80x23 contains 1 chunk(s)
        LayoutSVGInlineText {#text} at (0,0) size 79x23
          chunk 1 text run 1 at (3000.00,20.00) startOffset 0 endOffset 11 width 77.76: "just a text"
      LayoutSVGText {text} at (3098,2) size 80x23 contains 1 chunk(s)
        LayoutSVGInlineText {#text} at (0,0) size 79x23
          chunk 1 text run 1 at (3100.00,20.00) startOffset 0 endOffset 11 width 77.76: "just a text"
      LayoutSVGText {text} at (3198,2) size 80x23 contains 1 chunk(s)
        LayoutSVGInlineText {#text} at (0,0) size 79x23
          chunk 1 text run 1 at (3200.00,20.00) startOffset 0 endOffset 11 width 77.76: "just a text"
      LayoutSVGText {text} at (3298,2) size 80x23 contains 1 chunk(s)
        LayoutSVGInlineText {#text} at (0,0) size 79x23
          chunk 1 text run 1 at (3300.00,20.00) startOffset 0 endOffset 11 width 77.76: "just a text"
      LayoutSVGText {text} at (3398,2) size 80x23 contains 1 chunk(s)
        LayoutSVGInlineText {#text} at (0,0) size 79x23
          chunk 1 text run 1 at (3400.00,20.00) startOffset 0 endOffset 11 width 77.76: "just a text"
      LayoutSVGText {text} at (3498,2) size 80x23 contains 1 chunk(s)
        LayoutSVGInlineText {#text} at (0,0) size 79x23
          chunk 1 text run 1 at (3500.00,20.00) startOffset 0 endOffset 11 width 77.76: "just a text"
      LayoutSVGText {text} at (3598,2) size 80x23 contains 1 chunk(s)
        LayoutSVGInlineText {#text} at (0,0) size 79x23
          chunk 1 text run 1 at (3600.00,20.00) startOffset 0 endOffset 11 width 77.76: "just a text"
      LayoutSVGText {text} at (3698,2) size 80x23 contains 1 chunk(s)
        LayoutSVGInlineText {#text} at (0,0) size 79x23
          chunk 1 text run 1 at (3700.00,20.00) startOffset 0 endOffset 11 width 77.76: "just a text"
      LayoutSVGText {text} at (3798,2) size 80x23 contains 1 chunk(s)
        LayoutSVGInlineText {#text} at (0,0) size 79x23
          chunk 1 text run 1 at (3800.00,20.00) startOffset 0 endOffset 11 width 77.76: "just a text"
      LayoutSVGText {text} at (3898,2) size 80x23 contains 1 chunk(s)
        LayoutSVGInlineText {#text} at (0,0) size 79x23
          chunk 1 text run 1 at (3900.00,20.00) startOffset 0 endOffset 11 width 77.76: "just a text"
      LayoutSVGText {text} at (3998,2) size 80x23 contains 1 chunk(s)
        LayoutSVGInlineText {#text} at (0,0) size 79x23
          chunk 1 text run 1 at (4000.00,20.00) startOffset 0 endOffset 11 width 77.76: "just a text"
      LayoutSVGText {text} at (4098,2) size 80x23 contains 1 chunk(s)
        LayoutSVGInlineText {#text} at (0,0) size 79x23
          chunk 1 text run 1 at (4100.00,20.00) startOffset 0 endOffset 11 width 77.76: "just a text"
      LayoutSVGText {text} at (4198,2) size 80x23 contains 1 chunk(s)
        LayoutSVGInlineText {#text} at (0,0) size 79x23
          chunk 1 text run 1 at (4200.00,20.00) startOffset 0 endOffset 11 width 77.76: "just a text"
      LayoutSVGText {text} at (4298,2) size 80x23 contains 1 chunk(s)
        LayoutSVGInlineText {#text} at (0,0) size 79x23
          chunk 1 text run 1 at (4300.00,20.00) startOffset 0 endOffset 11 width 77.76: "just a text"
      LayoutSVGText {text} at (4398,2) size 80x23 contains 1 chunk(s)
        LayoutSVGInlineText {#text} at (0,0) size 79x23
          chunk 1 text run 1 at (4400.00,20.00) startOffset 0 endOffset 11 width 77.76: "just a text"
      LayoutSVGText {text} at (4498,2) size 80x23 contains 1 chunk(s)
        LayoutSVGInlineText {#text} at (0,0) size 79x23
          chunk 1 text run 1 at (4500.00,20.00) startOffset 0 endOffset 11 width 77.76: "just a text"
      LayoutSVGText {text} at (4598,2) size 80x23 contains 1 chunk(s)
        LayoutSVGInlineText {#text} at (0,0) size 79x23
          chunk 1 text run 1 at (4600.00,20.00) startOffset 0 endOffset 11 width 77.76: "just a text"
      LayoutSVGText {text} at (4698,2) size 80x23 contains 1 chunk(s)
        LayoutSVGInlineText {#text} at (0,0) size 79x23
          chunk 1 text run 1 at (4700.00,20.00) startOffset 0 endOffset 11 width 77.76: "just a text"
      LayoutSVGText {text} at (4798,2) size 80x23 contains 1 chunk(s)
        LayoutSVGInlineText {#text} at (0,0) size 79x23
          chunk 1 text run 1 at (4800.00,20.00) startOffset 0 endOffset 11 width 77.76: "just a text"
      LayoutSVGText {text} at (4898,2) size 80x23 contains 1 chunk(s)
        LayoutSVGInlineText {#text} at (0,0) size 79x23
          chunk 1 text run 1 at (4900.00,20.00) startOffset 0 endOffset 11 width 77.76: "just a text"
      LayoutSVGText {text} at (-2,102) size 80x23 contains 1 chunk(s)
        LayoutSVGInlineText {#text} at (0,0) size 79x23
          chunk 1 text run 1 at (0.00,120.00) startOffset 0 endOffset 11 width 77.76: "just a text"
      LayoutSVGText {text} at (98,102) size 80x23 contains 1 chunk(s)
        LayoutSVGInlineText {#text} at (0,0) size 79x23
          chunk 1 text run 1 at (100.00,120.00) startOffset 0 endOffset 11 width 77.76: "just a text"
      LayoutSVGText {text} at (198,102) size 80x23 contains 1 chunk(s)
        LayoutSVGInlineText {#text} at (0,0) size 79x23
          chunk 1 text run 1 at (200.00,120.00) startOffset 0 endOffset 11 width 77.76: "just a text"
      LayoutSVGText {text} at (298,102) size 80x23 contains 1 chunk(s)
        LayoutSVGInlineText {#text} at (0,0) size 79x23
          chunk 1 text run 1 at (300.00,120.00) startOffset 0 endOffset 11 width 77.76: "just a text"
      LayoutSVGText {text} at (398,102) size 80x23 contains 1 chunk(s)
        LayoutSVGInlineText {#text} at (0,0) size 79x23
          chunk 1 text run 1 at (400.00,120.00) startOffset 0 endOffset 11 width 77.76: "just a text"
      LayoutSVGText {text} at (498,102) size 80x23 contains 1 chunk(s)
        LayoutSVGInlineText {#text} at (0,0) size 79x23
          chunk 1 text run 1 at (500.00,120.00) startOffset 0 endOffset 11 width 77.76: "just a text"
      LayoutSVGText {text} at (598,102) size 80x23 contains 1 chunk(s)
        LayoutSVGInlineText {#text} at (0,0) size 79x23
          chunk 1 text run 1 at (600.00,120.00) startOffset 0 endOffset 11 width 77.76: "just a text"
      LayoutSVGText {text} at (698,102) size 80x23 contains 1 chunk(s)
        LayoutSVGInlineText {#text} at (0,0) size 79x23
          chunk 1 text run 1 at (700.00,120.00) startOffset 0 endOffset 11 width 77.76: "just a text"
      LayoutSVGText {text} at (798,102) size 80x23 contains 1 chunk(s)
        LayoutSVGInlineText {#text} at (0,0) size 79x23
          chunk 1 text run 1 at (800.00,120.00) startOffset 0 endOffset 11 width 77.76: "just a text"
      LayoutSVGText {text} at (898,102) size 80x23 contains 1 chunk(s)
        LayoutSVGInlineText {#text} at (0,0) size 79x23
          chunk 1 text run 1 at (900.00,120.00) startOffset 0 endOffset 11 width 77.76: "just a text"
      LayoutSVGText {text} at (998,102) size 80x23 contains 1 chunk(s)
        LayoutSVGInlineText {#text} at (0,0) size 79x23
          chunk 1 text run 1 at (1000.00,120.00) startOffset 0 endOffset 11 width 77.76: "just a text"
      LayoutSVGText {text} at (1098,102) size 80x23 contains 1 chunk(s)
        LayoutSVGInlineText {#text} at (0,0) size 79x23
          chunk 1 text run 1 at (1100.00,120.00) startOffset 0 endOffset 11 width 77.76: "just a text"
      LayoutSVGText {text} at (1198,102) size 80x23 contains 1 chunk(s)
        LayoutSVGInlineText {#text} at (0,0) size 79x23
          chunk 1 text run 1 at (1200.00,120.00) startOffset 0 endOffset 11 width 77.76: "just a text"
      LayoutSVGText {text} at (1298,102) size 80x23 contains 1 chunk(s)
        LayoutSVGInlineText {#text} at (0,0) size 79x23
          chunk 1 text run 1 at (1300.00,120.00) startOffset 0 endOffset 11 width 77.76: "just a text"
      LayoutSVGText {text} at (1398,102) size 80x23 contains 1 chunk(s)
        LayoutSVGInlineText {#text} at (0,0) size 79x23
          chunk 1 text run 1 at (1400.00,120.00) startOffset 0 endOffset 11 width 77.76: "just a text"
      LayoutSVGText {text} at (1498,102) size 80x23 contains 1 chunk(s)
        LayoutSVGInlineText {#text} at (0,0) size 79x23
          chunk 1 text run 1 at (1500.00,120.00) startOffset 0 endOffset 11 width 77.76: "just a text"
      LayoutSVGText {text} at (1598,102) size 80x23 contains 1 chunk(s)
        LayoutSVGInlineText {#text} at (0,0) size 79x23
          chunk 1 text run 1 at (1600.00,120.00) startOffset 0 endOffset 11 width 77.76: "just a text"
      LayoutSVGText {text} at (1698,102) size 80x23 contains 1 chunk(s)
        LayoutSVGInlineText {#text} at (0,0) size 79x23
          chunk 1 text run 1 at (1700.00,120.00) startOffset 0 endOffset 11 width 77.76: "just a text"
      LayoutSVGText {text} at (1798,102) size 80x23 contains 1 chunk(s)
        LayoutSVGInlineText {#text} at (0,0) size 79x23
          chunk 1 text run 1 at (1800.00,120.00) startOffset 0 endOffset 11 width 77.76: "just a text"
      LayoutSVGText {text} at (1898,102) size 80x23 contains 1 chunk(s)
        LayoutSVGInlineText {#text} at (0,0) size 79x23
          chunk 1 text run 1 at (1900.00,120.00) startOffset 0 endOffset 11 width 77.76: "just a text"
      LayoutSVGText {text} at (1998,102) size 80x23 contains 1 chunk(s)
        LayoutSVGInlineText {#text} at (0,0) size 79x23
          chunk 1 text run 1 at (2000.00,120.00) startOffset 0 endOffset 11 width 77.76: "just a text"
      LayoutSVGText {text} at (2098,102) size 80x23 contains 1 chunk(s)
        LayoutSVGInlineText {#text} at (0,0) size 79x23
          chunk 1 text run 1 at (2100.00,120.00) startOffset 0 endOffset 11 width 77.76: "just a text"
      LayoutSVGText {text} at (2198,102) size 80x23 contains 1 chunk(s)
        LayoutSVGInlineText {#text} at (0,0) size 79x23
          chunk 1 text run 1 at (2200.00,120.00) startOffset 0 endOffset 11 width 77.76: "just a text"
      LayoutSVGText {text} at (2298,102) size 80x23 contains 1 chunk(s)
        LayoutSVGInlineText {#text} at (0,0) size 79x23
          chunk 1 text run 1 at (2300.00,120.00) startOffset 0 endOffset 11 width 77.76: "just a text"
      LayoutSVGText {text} at (2398,102) size 80x23 contains 1 chunk(s)
        LayoutSVGInlineText {#text} at (0,0) size 79x23
          chunk 1 text run 1 at (2400.00,120.00) startOffset 0 endOffset 11 width 77.76: "just a text"
      LayoutSVGText {text} at (2498,102) size 80x23 contains 1 chunk(s)
        LayoutSVGInlineText {#text} at (0,0) size 79x23
          chunk 1 text run 1 at (2500.00,120.00) startOffset 0 endOffset 11 width 77.76: "just a text"
      LayoutSVGText {text} at (2598,102) size 80x23 contains 1 chunk(s)
        LayoutSVGInlineText {#text} at (0,0) size 79x23
          chunk 1 text run 1 at (2600.00,120.00) startOffset 0 endOffset 11 width 77.76: "just a text"
      LayoutSVGText {text} at (2698,102) size 80x23 contains 1 chunk(s)
        LayoutSVGInlineText {#text} at (0,0) size 79x23
          chunk 1 text run 1 at (2700.00,120.00) startOffset 0 endOffset 11 width 77.76: "just a text"
      LayoutSVGText {text} at (2798,102) size 80x23 contains 1 chunk(s)
        LayoutSVGInlineText {#text} at (0,0) size 79x23
          chunk 1 text run 1 at (2800.00,120.00) startOffset 0 endOffset 11 width 77.76: "just a text"
      LayoutSVGText {text} at (2898,102) size 80x23 contains 1 chunk(s)
        LayoutSVGInlineText {#text} at (0,0) size 79x23
          chunk 1 text run 1 at (2900.00,120.00) startOffset 0 endOffset 11 width 77.76: "just a text"
      LayoutSVGText {text} at (2998,102) size 80x23 contains 1 chunk(s)
        LayoutSVGInlineText {#text} at (0,0) size 79x23
          chunk 1 text run 1 at (3000.00,120.00) startOffset 0 endOffset 11 width 77.76: "just a text"
      LayoutSVGText {text} at (3098,102) size 80x23 contains 1 chunk(s)
        LayoutSVGInlineText {#text} at (0,0) size 79x23
          chunk 1 text run 1 at (3100.00,120.00) startOffset 0 endOffset 11 width 77.76: "just a text"
      LayoutSVGText {text} at (3198,102) size 80x23 contains 1 chunk(s)
        LayoutSVGInlineText {#text} at (0,0) size 79x23
          chunk 1 text run 1 at (3200.00,120.00) startOffset 0 endOffset 11 width 77.76: "just a text"
      LayoutSVGText {text} at (3298,102) size 80x23 contains 1 chunk(s)
        LayoutSVGInlineText {#text} at (0,0) size 79x23
          chunk 1 text run 1 at (3300.00,120.00) startOffset 0 endOffset 11 width 77.76: "just a text"
      LayoutSVGText {text} at (3398,102) size 80x23 contains 1 chunk(s)
        LayoutSVGInlineText {#text} at (0,0) size 79x23
          chunk 1 text run 1 at (3400.00,120.00) startOffset 0 endOffset 11 width 77.76: "just a text"
      LayoutSVGText {text} at (3498,102) size 80x23 contains 1 chunk(s)
        LayoutSVGInlineText {#text} at (0,0) size 79x23
          chunk 1 text run 1 at (3500.00,120.00) startOffset 0 endOffset 11 width 77.76: "just a text"
      LayoutSVGText {text} at (3598,102) size 80x23 contains 1 chunk(s)
        LayoutSVGInlineText {#text} at (0,0) size 79x23
          chunk 1 text run 1 at (3600.00,120.00) startOffset 0 endOffset 11 width 77.76: "just a text"
      LayoutSVGText {text} at (3698,102) size 80x23 contains 1 chunk(s)
        LayoutSVGInlineText {#text} at (0,0) size 79x23
          chunk 1 text run 1 at (3700.00,120.00) startOffset 0 endOffset 11 width 77.76: "just a text"
      LayoutSVGText {text} at (3798,102) size 80x23 contains 1 chunk(s)
        LayoutSVGInlineText {#text} at (0,0) size 79x23
          chunk 1 text run 1 at (3800.00,120.00) startOffset 0 endOffset 11 width 77.76: "just a text"
      LayoutSVGText {text} at (3898,102) size 80x23 contains 1 chunk(s)
        LayoutSVGInlineText {#text} at (0,0) size 79x23
          chunk 1 text run 1 at (3900.00,120.00) startOffset 0 endOffset 11 width 77.76: "just a text"
      LayoutSVGText {text} at (3998,102) size 80x23 contains 1 chunk(s)
        LayoutSVGInlineText {#text} at (0,0) size 79x23
          chunk 1 text run 1 at (4000.00,120.00) startOffset 0 endOffset 11 width 77.76: "just a text"
      LayoutSVGText {text} at (4098,102) size 80x23 contains 1 chunk(s)
        LayoutSVGInlineText {#text} at (0,0) size 79x23
          chunk 1 text run 1 at (4100.00,120.00) startOffset 0 endOffset 11 width 77.76: "just a text"
      LayoutSVGText {text} at (4198,102) size 80x23 contains 1 chunk(s)
        LayoutSVGInlineText {#text} at (0,0) size 79x23
          chunk 1 text run 1 at (4200.00,120.00) startOffset 0 endOffset 11 width 77.76: "just a text"
      LayoutSVGText {text} at (4298,102) size 80x23 contains 1 chunk(s)
        LayoutSVGInlineText {#text} at (0,0) size 79x23
          chunk 1 text run 1 at (4300.00,120.00) startOffset 0 endOffset 11 width 77.76: "just a text"
      LayoutSVGText {text} at (4398,102) size 80x23 contains 1 chunk(s)
        LayoutSVGInlineText {#text} at (0,0) size 79x23
          chunk 1 text run 1 at (4400.00,120.00) startOffset 0 endOffset 11 width 77.76: "just a text"
      LayoutSVGText {text} at (4498,102) size 80x23 contains 1 chunk(s)
        LayoutSVGInlineText {#text} at (0,0) size 79x23
          chunk 1 text run 1 at (4500.00,120.00) startOffset 0 endOffset 11 width 77.76: "just a text"
      LayoutSVGText {text} at (4598,102) size 80x23 contains 1 chunk(s)
        LayoutSVGInlineText {#text} at (0,0) size 79x23
          chunk 1 text run 1 at (4600.00,120.00) startOffset 0 endOffset 11 width 77.76: "just a text"
      LayoutSVGText {text} at (4698,102) size 80x23 contains 1 chunk(s)
        LayoutSVGInlineText {#text} at (0,0) size 79x23
          chunk 1 text run 1 at (4700.00,120.00) startOffset 0 endOffset 11 width 77.76: "just a text"
      LayoutSVGText {text} at (4798,102) size 80x23 contains 1 chunk(s)
        LayoutSVGInlineText {#text} at (0,0) size 79x23
          chunk 1 text run 1 at (4800.00,120.00) startOffset 0 endOffset 11 width 77.76: "just a text"
      LayoutSVGText {text} at (4898,102) size 80x23 contains 1 chunk(s)
        LayoutSVGInlineText {#text} at (0,0) size 79x23
          chunk 1 text run 1 at (4900.00,120.00) startOffset 0 endOffset 11 width 77.76: "just a text"
      LayoutSVGText {text} at (-2,202) size 80x23 contains 1 chunk(s)
        LayoutSVGInlineText {#text} at (0,0) size 79x23
          chunk 1 text run 1 at (0.00,220.00) startOffset 0 endOffset 11 width 77.76: "just a text"
      LayoutSVGText {text} at (98,202) size 80x23 contains 1 chunk(s)
        LayoutSVGInlineText {#text} at (0,0) size 79x23
          chunk 1 text run 1 at (100.00,220.00) startOffset 0 endOffset 11 width 77.76: "just a text"
      LayoutSVGText {text} at (198,202) size 80x23 contains 1 chunk(s)
        LayoutSVGInlineText {#text} at (0,0) size 79x23
          chunk 1 text run 1 at (200.00,220.00) startOffset 0 endOffset 11 width 77.76: "just a text"
      LayoutSVGText {text} at (298,202) size 80x23 contains 1 chunk(s)
        LayoutSVGInlineText {#text} at (0,0) size 79x23
          chunk 1 text run 1 at (300.00,220.00) startOffset 0 endOffset 11 width 77.76: "just a text"
      LayoutSVGText {text} at (398,202) size 80x23 contains 1 chunk(s)
        LayoutSVGInlineText {#text} at (0,0) size 79x23
          chunk 1 text run 1 at (400.00,220.00) startOffset 0 endOffset 11 width 77.76: "just a text"
      LayoutSVGText {text} at (498,202) size 80x23 contains 1 chunk(s)
        LayoutSVGInlineText {#text} at (0,0) size 79x23
          chunk 1 text run 1 at (500.00,220.00) startOffset 0 endOffset 11 width 77.76: "just a text"
      LayoutSVGText {text} at (598,202) size 80x23 contains 1 chunk(s)
        LayoutSVGInlineText {#text} at (0,0) size 79x23
          chunk 1 text run 1 at (600.00,220.00) startOffset 0 endOffset 11 width 77.76: "just a text"
      LayoutSVGText {text} at (698,202) size 80x23 contains 1 chunk(s)
        LayoutSVGInlineText {#text} at (0,0) size 79x23
          chunk 1 text run 1 at (700.00,220.00) startOffset 0 endOffset 11 width 77.76: "just a text"
      LayoutSVGText {text} at (798,202) size 80x23 contains 1 chunk(s)
        LayoutSVGInlineText {#text} at (0,0) size 79x23
          chunk 1 text run 1 at (800.00,220.00) startOffset 0 endOffset 11 width 77.76: "just a text"
      LayoutSVGText {text} at (898,202) size 80x23 contains 1 chunk(s)
        LayoutSVGInlineText {#text} at (0,0) size 79x23
          chunk 1 text run 1 at (900.00,220.00) startOffset 0 endOffset 11 width 77.76: "just a text"
      LayoutSVGText {text} at (998,202) size 80x23 contains 1 chunk(s)
        LayoutSVGInlineText {#text} at (0,0) size 79x23
          chunk 1 text run 1 at (1000.00,220.00) startOffset 0 endOffset 11 width 77.76: "just a text"
      LayoutSVGText {text} at (1098,202) size 80x23 contains 1 chunk(s)
        LayoutSVGInlineText {#text} at (0,0) size 79x23
          chunk 1 text run 1 at (1100.00,220.00) startOffset 0 endOffset 11 width 77.76: "just a text"
      LayoutSVGText {text} at (1198,202) size 80x23 contains 1 chunk(s)
        LayoutSVGInlineText {#text} at (0,0) size 79x23
          chunk 1 text run 1 at (1200.00,220.00) startOffset 0 endOffset 11 width 77.76: "just a text"
      LayoutSVGText {text} at (1298,202) size 80x23 contains 1 chunk(s)
        LayoutSVGInlineText {#text} at (0,0) size 79x23
          chunk 1 text run 1 at (1300.00,220.00) startOffset 0 endOffset 11 width 77.76: "just a text"
      LayoutSVGText {text} at (1398,202) size 80x23 contains 1 chunk(s)
        LayoutSVGInlineText {#text} at (0,0) size 79x23
          chunk 1 text run 1 at (1400.00,220.00) startOffset 0 endOffset 11 width 77.76: "just a text"
      LayoutSVGText {text} at (1498,202) size 80x23 contains 1 chunk(s)
        LayoutSVGInlineText {#text} at (0,0) size 79x23
          chunk 1 text run 1 at (1500.00,220.00) startOffset 0 endOffset 11 width 77.76: "just a text"
      LayoutSVGText {text} at (1598,202) size 80x23 contains 1 chunk(s)
        LayoutSVGInlineText {#text} at (0,0) size 79x23
          chunk 1 text run 1 at (1600.00,220.00) startOffset 0 endOffset 11 width 77.76: "just a text"
      LayoutSVGText {text} at (1698,202) size 80x23 contains 1 chunk(s)
        LayoutSVGInlineText {#text} at (0,0) size 79x23
          chunk 1 text run 1 at (1700.00,220.00) startOffset 0 endOffset 11 width 77.76: "just a text"
      LayoutSVGText {text} at (1798,202) size 80x23 contains 1 chunk(s)
        LayoutSVGInlineText {#text} at (0,0) size 79x23
          chunk 1 text run 1 at (1800.00,220.00) startOffset 0 endOffset 11 width 77.76: "just a text"
      LayoutSVGText {text} at (1898,202) size 80x23 contains 1 chunk(s)
        LayoutSVGInlineText {#text} at (0,0) size 79x23
          chunk 1 text run 1 at (1900.00,220.00) startOffset 0 endOffset 11 width 77.76: "just a text"
      LayoutSVGText {text} at (1998,202) size 80x23 contains 1 chunk(s)
        LayoutSVGInlineText {#text} at (0,0) size 79x23
          chunk 1 text run 1 at (2000.00,220.00) startOffset 0 endOffset 11 width 77.76: "just a text"
      LayoutSVGText {text} at (2098,202) size 80x23 contains 1 chunk(s)
        LayoutSVGInlineText {#text} at (0,0) size 79x23
          chunk 1 text run 1 at (2100.00,220.00) startOffset 0 endOffset 11 width 77.76: "just a text"
      LayoutSVGText {text} at (2198,202) size 80x23 contains 1 chunk(s)
        LayoutSVGInlineText {#text} at (0,0) size 79x23
          chunk 1 text run 1 at (2200.00,220.00) startOffset 0 endOffset 11 width 77.76: "just a text"
      LayoutSVGText {text} at (2298,202) size 80x23 contains 1 chunk(s)
        LayoutSVGInlineText {#text} at (0,0) size 79x23
          chunk 1 text run 1 at (2300.00,220.00) startOffset 0 endOffset 11 width 77.76: "just a text"
      LayoutSVGText {text} at (2398,202) size 80x23 contains 1 chunk(s)
        LayoutSVGInlineText {#text} at (0,0) size 79x23
          chunk 1 text run 1 at (2400.00,220.00) startOffset 0 endOffset 11 width 77.76: "just a text"
      LayoutSVGText {text} at (2498,202) size 80x23 contains 1 chunk(s)
        LayoutSVGInlineText {#text} at (0,0) size 79x23
          chunk 1 text run 1 at (2500.00,220.00) startOffset 0 endOffset 11 width 77.76: "just a text"
      LayoutSVGText {text} at (2598,202) size 80x23 contains 1 chunk(s)
        LayoutSVGInlineText {#text} at (0,0) size 79x23
          chunk 1 text run 1 at (2600.00,220.00) startOffset 0 endOffset 11 width 77.76: "just a text"
      LayoutSVGText {text} at (2698,202) size 80x23 contains 1 chunk(s)
        LayoutSVGInlineText {#text} at (0,0) size 79x23
          chunk 1 text run 1 at (2700.00,220.00) startOffset 0 endOffset 11 width 77.76: "just a text"
      LayoutSVGText {text} at (2798,202) size 80x23 contains 1 chunk(s)
        LayoutSVGInlineText {#text} at (0,0) size 79x23
          chunk 1 text run 1 at (2800.00,220.00) startOffset 0 endOffset 11 width 77.76: "just a text"
      LayoutSVGText {text} at (2898,202) size 80x23 contains 1 chunk(s)
        LayoutSVGInlineText {#text} at (0,0) size 79x23
          chunk 1 text run 1 at (2900.00,220.00) startOffset 0 endOffset 11 width 77.76: "just a text"
      LayoutSVGText {text} at (2998,202) size 80x23 contains 1 chunk(s)
        LayoutSVGInlineText {#text} at (0,0) size 79x23
          chunk 1 text run 1 at (3000.00,220.00) startOffset 0 endOffset 11 width 77.76: "just a text"
      LayoutSVGText {text} at (3098,202) size 80x23 contains 1 chunk(s)
        LayoutSVGInlineText {#text} at (0,0) size 79x23
          chunk 1 text run 1 at (3100.00,220.00) startOffset 0 endOffset 11 width 77.76: "just a text"
      LayoutSVGText {text} at (3198,202) size 80x23 contains 1 chunk(s)
        LayoutSVGInlineText {#text} at (0,0) size 79x23
          chunk 1 text run 1 at (3200.00,220.00) startOffset 0 endOffset 11 width 77.76: "just a text"
      LayoutSVGText {text} at (3298,202) size 80x23 contains 1 chunk(s)
        LayoutSVGInlineText {#text} at (0,0) size 79x23
          chunk 1 text run 1 at (3300.00,220.00) startOffset 0 endOffset 11 width 77.76: "just a text"
      LayoutSVGText {text} at (3398,202) size 80x23 contains 1 chunk(s)
        LayoutSVGInlineText {#text} at (0,0) size 79x23
          chunk 1 text run 1 at (3400.00,220.00) startOffset 0 endOffset 11 width 77.76: "just a text"
      LayoutSVGText {text} at (3498,202) size 80x23 contains 1 chunk(s)
        LayoutSVGInlineText {#text} at (0,0) size 79x23
          chunk 1 text run 1 at (3500.00,220.00) startOffset 0 endOffset 11 width 77.76: "just a text"
      LayoutSVGText {text} at (3598,202) size 80x23 contains 1 chunk(s)
        LayoutSVGInlineText {#text} at (0,0) size 79x23
          chunk 1 text run 1 at (3600.00,220.00) startOffset 0 endOffset 11 width 77.76: "just a text"
      LayoutSVGText {text} at (3698,202) size 80x23 contains 1 chunk(s)
        LayoutSVGInlineText {#text} at (0,0) size 79x23
          chunk 1 text run 1 at (3700.00,220.00) startOffset 0 endOffset 11 width 77.76: "just a text"
      LayoutSVGText {text} at (3798,202) size 80x23 contains 1 chunk(s)
        LayoutSVGInlineText {#text} at (0,0) size 79x23
          chunk 1 text run 1 at (3800.00,220.00) startOffset 0 endOffset 11 width 77.76: "just a text"
      LayoutSVGText {text} at (3898,202) size 80x23 contains 1 chunk(s)
        LayoutSVGInlineText {#text} at (0,0) size 79x23
          chunk 1 text run 1 at (3900.00,220.00) startOffset 0 endOffset 11 width 77.76: "just a text"
      LayoutSVGText {text} at (3998,202) size 80x23 contains 1 chunk(s)
        LayoutSVGInlineText {#text} at (0,0) size 79x23
          chunk 1 text run 1 at (4000.00,220.00) startOffset 0 endOffset 11 width 77.76: "just a text"
      LayoutSVGText {text} at (4098,202) size 80x23 contains 1 chunk(s)
        LayoutSVGInlineText {#text} at (0,0) size 79x23
          chunk 1 text run 1 at (4100.00,220.00) startOffset 0 endOffset 11 width 77.76: "just a text"
      LayoutSVGText {text} at (4198,202) size 80x23 contains 1 chunk(s)
        LayoutSVGInlineText {#text} at (0,0) size 79x23
          chunk 1 text run 1 at (4200.00,220.00) startOffset 0 endOffset 11 width 77.76: "just a text"
      LayoutSVGText {text} at (4298,202) size 80x23 contains 1 chunk(s)
        LayoutSVGInlineText {#text} at (0,0) size 79x23
          chunk 1 text run 1 at (4300.00,220.00) startOffset 0 endOffset 11 width 77.76: "just a text"
      LayoutSVGText {text} at (4398,202) size 80x23 contains 1 chunk(s)
        LayoutSVGInlineText {#text} at (0,0) size 79x23
          chunk 1 text run 1 at (4400.00,220.00) startOffset 0 endOffset 11 width 77.76: "just a text"
      LayoutSVGText {text} at (4498,202) size 80x23 contains 1 chunk(s)
        LayoutSVGInlineText {#text} at (0,0) size 79x23
          chunk 1 text run 1 at (4500.00,220.00) startOffset 0 endOffset 11 width 77.76: "just a text"
      LayoutSVGText {text} at (4598,202) size 80x23 contains 1 chunk(s)
        LayoutSVGInlineText {#text} at (0,0) size 79x23
          chunk 1 text run 1 at (4600.00,220.00) startOffset 0 endOffset 11 width 77.76: "just a text"
      LayoutSVGText {text} at (4698,202) size 80x23 contains 1 chunk(s)
        LayoutSVGInlineText {#text} at (0,0) size 79x23
          chunk 1 text run 1 at (4700.00,220.00) startOffset 0 endOffset 11 width 77.76: "just a text"
      LayoutSVGText {text} at (4798,202) size 80x23 contains 1 chunk(s)
        LayoutSVGInlineText {#text} at (0,0) size 79x23
          chunk 1 text run 1 at (4800.00,220.00) startOffset 0 endOffset 11 width 77.76: "just a text"
      LayoutSVGText {text} at (4898,202) size 80x23 contains 1 chunk(s)
        LayoutSVGInlineText {#text} at (0,0) size 79x23
          chunk 1 text run 1 at (4900.00,220.00) startOffset 0 endOffset 11 width 77.76: "just a text"
      LayoutSVGText {text} at (-2,302) size 80x23 contains 1 chunk(s)
        LayoutSVGInlineText {#text} at (0,0) size 79x23
          chunk 1 text run 1 at (0.00,320.00) startOffset 0 endOffset 11 width 77.76: "just a text"
      LayoutSVGText {text} at (98,302) size 80x23 contains 1 chunk(s)
        LayoutSVGInlineText {#text} at (0,0) size 79x23
          chunk 1 text run 1 at (100.00,320.00) startOffset 0 endOffset 11 width 77.76: "just a text"
      LayoutSVGText {text} at (198,302) size 80x23 contains 1 chunk(s)
        LayoutSVGInlineText {#text} at (0,0) size 79x23
          chunk 1 text run 1 at (200.00,320.00) startOffset 0 endOffset 11 width 77.76: "just a text"
      LayoutSVGText {text} at (298,302) size 80x23 contains 1 chunk(s)
        LayoutSVGInlineText {#text} at (0,0) size 79x23
          chunk 1 text run 1 at (300.00,320.00) startOffset 0 endOffset 11 width 77.76: "just a text"
      LayoutSVGText {text} at (398,302) size 80x23 contains 1 chunk(s)
        LayoutSVGInlineText {#text} at (0,0) size 79x23
          chunk 1 text run 1 at (400.00,320.00) startOffset 0 endOffset 11 width 77.76: "just a text"
      LayoutSVGText {text} at (498,302) size 80x23 contains 1 chunk(s)
        LayoutSVGInlineText {#text} at (0,0) size 79x23
          chunk 1 text run 1 at (500.00,320.00) startOffset 0 endOffset 11 width 77.76: "just a text"
      LayoutSVGText {text} at (598,302) size 80x23 contains 1 chunk(s)
        LayoutSVGInlineText {#text} at (0,0) size 79x23
          chunk 1 text run 1 at (600.00,320.00) startOffset 0 endOffset 11 width 77.76: "just a text"
      LayoutSVGText {text} at (698,302) size 80x23 contains 1 chunk(s)
        LayoutSVGInlineText {#text} at (0,0) size 79x23
          chunk 1 text run 1 at (700.00,320.00) startOffset 0 endOffset 11 width 77.76: "just a text"
      LayoutSVGText {text} at (798,302) size 80x23 contains 1 chunk(s)
        LayoutSVGInlineText {#text} at (0,0) size 79x23
          chunk 1 text run 1 at (800.00,320.00) startOffset 0 endOffset 11 width 77.76: "just a text"
      LayoutSVGText {text} at (898,302) size 80x23 contains 1 chunk(s)
        LayoutSVGInlineText {#text} at (0,0) size 79x23
          chunk 1 text run 1 at (900.00,320.00) startOffset 0 endOffset 11 width 77.76: "just a text"
      LayoutSVGText {text} at (998,302) size 80x23 contains 1 chunk(s)
        LayoutSVGInlineText {#text} at (0,0) size 79x23
          chunk 1 text run 1 at (1000.00,320.00) startOffset 0 endOffset 11 width 77.76: "just a text"
      LayoutSVGText {text} at (1098,302) size 80x23 contains 1 chunk(s)
        LayoutSVGInlineText {#text} at (0,0) size 79x23
          chunk 1 text run 1 at (1100.00,320.00) startOffset 0 endOffset 11 width 77.76: "just a text"
      LayoutSVGText {text} at (1198,302) size 80x23 contains 1 chunk(s)
        LayoutSVGInlineText {#text} at (0,0) size 79x23
          chunk 1 text run 1 at (1200.00,320.00) startOffset 0 endOffset 11 width 77.76: "just a text"
      LayoutSVGText {text} at (1298,302) size 80x23 contains 1 chunk(s)
        LayoutSVGInlineText {#text} at (0,0) size 79x23
          chunk 1 text run 1 at (1300.00,320.00) startOffset 0 endOffset 11 width 77.76: "just a text"
      LayoutSVGText {text} at (1398,302) size 80x23 contains 1 chunk(s)
        LayoutSVGInlineText {#text} at (0,0) size 79x23
          chunk 1 text run 1 at (1400.00,320.00) startOffset 0 endOffset 11 width 77.76: "just a text"
      LayoutSVGText {text} at (1498,302) size 80x23 contains 1 chunk(s)
        LayoutSVGInlineText {#text} at (0,0) size 79x23
          chunk 1 text run 1 at (1500.00,320.00) startOffset 0 endOffset 11 width 77.76: "just a text"
      LayoutSVGText {text} at (1598,302) size 80x23 contains 1 chunk(s)
        LayoutSVGInlineText {#text} at (0,0) size 79x23
          chunk 1 text run 1 at (1600.00,320.00) startOffset 0 endOffset 11 width 77.76: "just a text"
      LayoutSVGText {text} at (1698,302) size 80x23 contains 1 chunk(s)
        LayoutSVGInlineText {#text} at (0,0) size 79x23
          chunk 1 text run 1 at (1700.00,320.00) startOffset 0 endOffset 11 width 77.76: "just a text"
      LayoutSVGText {text} at (1798,302) size 80x23 contains 1 chunk(s)
        LayoutSVGInlineText {#text} at (0,0) size 79x23
          chunk 1 text run 1 at (1800.00,320.00) startOffset 0 endOffset 11 width 77.76: "just a text"
      LayoutSVGText {text} at (1898,302) size 80x23 contains 1 chunk(s)
        LayoutSVGInlineText {#text} at (0,0) size 79x23
          chunk 1 text run 1 at (1900.00,320.00) startOffset 0 endOffset 11 width 77.76: "just a text"
      LayoutSVGText {text} at (1998,302) size 80x23 contains 1 chunk(s)
        LayoutSVGInlineText {#text} at (0,0) size 79x23
          chunk 1 text run 1 at (2000.00,320.00) startOffset 0 endOffset 11 width 77.76: "just a text"
      LayoutSVGText {text} at (2098,302) size 80x23 contains 1 chunk(s)
        LayoutSVGInlineText {#text} at (0,0) size 79x23
          chunk 1 text run 1 at (2100.00,320.00) startOffset 0 endOffset 11 width 77.76: "just a text"
      LayoutSVGText {text} at (2198,302) size 80x23 contains 1 chunk(s)
        LayoutSVGInlineText {#text} at (0,0) size 79x23
          chunk 1 text run 1 at (2200.00,320.00) startOffset 0 endOffset 11 width 77.76: "just a text"
      LayoutSVGText {text} at (2298,302) size 80x23 contains 1 chunk(s)
        LayoutSVGInlineText {#text} at (0,0) size 79x23
          chunk 1 text run 1 at (2300.00,320.00) startOffset 0 endOffset 11 width 77.76: "just a text"
      LayoutSVGText {text} at (2398,302) size 80x23 contains 1 chunk(s)
        LayoutSVGInlineText {#text} at (0,0) size 79x23
          chunk 1 text run 1 at (2400.00,320.00) startOffset 0 endOffset 11 width 77.76: "just a text"
      LayoutSVGText {text} at (2498,302) size 80x23 contains 1 chunk(s)
        LayoutSVGInlineText {#text} at (0,0) size 79x23
          chunk 1 text run 1 at (2500.00,320.00) startOffset 0 endOffset 11 width 77.76: "just a text"
      LayoutSVGText {text} at (2598,302) size 80x23 contains 1 chunk(s)
        LayoutSVGInlineText {#text} at (0,0) size 79x23
          chunk 1 text run 1 at (2600.00,320.00) startOffset 0 endOffset 11 width 77.76: "just a text"
      LayoutSVGText {text} at (2698,302) size 80x23 contains 1 chunk(s)
        LayoutSVGInlineText {#text} at (0,0) size 79x23
          chunk 1 text run 1 at (2700.00,320.00) startOffset 0 endOffset 11 width 77.76: "just a text"
      LayoutSVGText {text} at (2798,302) size 80x23 contains 1 chunk(s)
        LayoutSVGInlineText {#text} at (0,0) size 79x23
          chunk 1 text run 1 at (2800.00,320.00) startOffset 0 endOffset 11 width 77.76: "just a text"
      LayoutSVGText {text} at (2898,302) size 80x23 contains 1 chunk(s)
        LayoutSVGInlineText {#text} at (0,0) size 79x23
          chunk 1 text run 1 at (2900.00,320.00) startOffset 0 endOffset 11 width 77.76: "just a text"
      LayoutSVGText {text} at (2998,302) size 80x23 contains 1 chunk(s)
        LayoutSVGInlineText {#text} at (0,0) size 79x23
          chunk 1 text run 1 at (3000.00,320.00) startOffset 0 endOffset 11 width 77.76: "just a text"
      LayoutSVGText {text} at (3098,302) size 80x23 contains 1 chunk(s)
        LayoutSVGInlineText {#text} at (0,0) size 79x23
          chunk 1 text run 1 at (3100.00,320.00) startOffset 0 endOffset 11 width 77.76: "just a text"
      LayoutSVGText {text} at (3198,302) size 80x23 contains 1 chunk(s)
        LayoutSVGInlineText {#text} at (0,0) size 79x23
          chunk 1 text run 1 at (3200.00,320.00) startOffset 0 endOffset 11 width 77.76: "just a text"
      LayoutSVGText {text} at (3298,302) size 80x23 contains 1 chunk(s)
        LayoutSVGInlineText {#text} at (0,0) size 79x23
          chunk 1 text run 1 at (3300.00,320.00) startOffset 0 endOffset 11 width 77.76: "just a text"
      LayoutSVGText {text} at (3398,302) size 80x23 contains 1 chunk(s)
        LayoutSVGInlineText {#text} at (0,0) size 79x23
          chunk 1 text run 1 at (3400.00,320.00) startOffset 0 endOffset 11 width 77.76: "just a text"
      LayoutSVGText {text} at (3498,302) size 80x23 contains 1 chunk(s)
        LayoutSVGInlineText {#text} at (0,0) size 79x23
          chunk 1 text run 1 at (3500.00,320.00) startOffset 0 endOffset 11 width 77.76: "just a text"
      LayoutSVGText {text} at (3598,302) size 80x23 contains 1 chunk(s)
        LayoutSVGInlineText {#text} at (0,0) size 79x23
          chunk 1 text run 1 at (3600.00,320.00) startOffset 0 endOffset 11 width 77.76: "just a text"
      LayoutSVGText {text} at (3698,302) size 80x23 contains 1 chunk(s)
        LayoutSVGInlineText {#text} at (0,0) size 79x23
          chunk 1 text run 1 at (3700.00,320.00) startOffset 0 endOffset 11 width 77.76: "just a text"
      LayoutSVGText {text} at (3798,302) size 80x23 contains 1 chunk(s)
        LayoutSVGInlineText {#text} at (0,0) size 79x23
          chunk 1 text run 1 at (3800.00,320.00) startOffset 0 endOffset 11 width 77.76: "just a text"
      LayoutSVGText {text} at (3898,302) size 80x23 contains 1 chunk(s)
        LayoutSVGInlineText {#text} at (0,0) size 79x23
          chunk 1 text run 1 at (3900.00,320.00) startOffset 0 endOffset 11 width 77.76: "just a text"
      LayoutSVGText {text} at (3998,302) size 80x23 contains 1 chunk(s)
        LayoutSVGInlineText {#text} at (0,0) size 79x23
          chunk 1 text run 1 at (4000.00,320.00) startOffset 0 endOffset 11 width 77.76: "just a text"
      LayoutSVGText {text} at (4098,302) size 80x23 contains 1 chunk(s)
        LayoutSVGInlineText {#text} at (0,0) size 79x23
          chunk 1 text run 1 at (4100.00,320.00) startOffset 0 endOffset 11 width 77.76: "just a text"
      LayoutSVGText {text} at (4198,302) size 80x23 contains 1 chunk(s)
        LayoutSVGInlineText {#text} at (0,0) size 79x23
          chunk 1 text run 1 at (4200.00,320.00) startOffset 0 endOffset 11 width 77.76: "just a text"
      LayoutSVGText {text} at (4298,302) size 80x23 contains 1 chunk(s)
        LayoutSVGInlineText {#text} at (0,0) size 79x23
          chunk 1 text run 1 at (4300.00,320.00) startOffset 0 endOffset 11 width 77.76: "just a text"
      LayoutSVGText {text} at (4398,302) size 80x23 contains 1 chunk(s)
        LayoutSVGInlineText {#text} at (0,0) size 79x23
          chunk 1 text run 1 at (4400.00,320.00) startOffset 0 endOffset 11 width 77.76: "just a text"
      LayoutSVGText {text} at (4498,302) size 80x23 contains 1 chunk(s)
        LayoutSVGInlineText {#text} at (0,0) size 79x23
          chunk 1 text run 1 at (4500.00,320.00) startOffset 0 endOffset 11 width 77.76: "just a text"
      LayoutSVGText {text} at (4598,302) size 80x23 contains 1 chunk(s)
        LayoutSVGInlineText {#text} at (0,0) size 79x23
          chunk 1 text run 1 at (4600.00,320.00) startOffset 0 endOffset 11 width 77.76: "just a text"
      LayoutSVGText {text} at (4698,302) size 80x23 contains 1 chunk(s)
        LayoutSVGInlineText {#text} at (0,0) size 79x23
          chunk 1 text run 1 at (4700.00,320.00) startOffset 0 endOffset 11 width 77.76: "just a text"
      LayoutSVGText {text} at (4798,302) size 80x23 contains 1 chunk(s)
        LayoutSVGInlineText {#text} at (0,0) size 79x23
          chunk 1 text run 1 at (4800.00,320.00) startOffset 0 endOffset 11 width 77.76: "just a text"
      LayoutSVGText {text} at (4898,302) size 80x23 contains 1 chunk(s)
        LayoutSVGInlineText {#text} at (0,0) size 79x23
          chunk 1 text run 1 at (4900.00,320.00) startOffset 0 endOffset 11 width 77.76: "just a text"
      LayoutSVGText {text} at (-2,402) size 80x23 contains 1 chunk(s)
        LayoutSVGInlineText {#text} at (0,0) size 79x23
          chunk 1 text run 1 at (0.00,420.00) startOffset 0 endOffset 11 width 77.76: "just a text"
      LayoutSVGText {text} at (98,402) size 80x23 contains 1 chunk(s)
        LayoutSVGInlineText {#text} at (0,0) size 79x23
          chunk 1 text run 1 at (100.00,420.00) startOffset 0 endOffset 11 width 77.76: "just a text"
      LayoutSVGText {text} at (198,402) size 80x23 contains 1 chunk(s)
        LayoutSVGInlineText {#text} at (0,0) size 79x23
          chunk 1 text run 1 at (200.00,420.00) startOffset 0 endOffset 11 width 77.76: "just a text"
      LayoutSVGText {text} at (298,402) size 80x23 contains 1 chunk(s)
        LayoutSVGInlineText {#text} at (0,0) size 79x23
          chunk 1 text run 1 at (300.00,420.00) startOffset 0 endOffset 11 width 77.76: "just a text"
      LayoutSVGText {text} at (398,402) size 80x23 contains 1 chunk(s)
        LayoutSVGInlineText {#text} at (0,0) size 79x23
          chunk 1 text run 1 at (400.00,420.00) startOffset 0 endOffset 11 width 77.76: "just a text"
      LayoutSVGText {text} at (498,402) size 80x23 contains 1 chunk(s)
        LayoutSVGInlineText {#text} at (0,0) size 79x23
          chunk 1 text run 1 at (500.00,420.00) startOffset 0 endOffset 11 width 77.76: "just a text"
      LayoutSVGText {text} at (598,402) size 80x23 contains 1 chunk(s)
        LayoutSVGInlineText {#text} at (0,0) size 79x23
          chunk 1 text run 1 at (600.00,420.00) startOffset 0 endOffset 11 width 77.76: "just a text"
      LayoutSVGText {text} at (698,402) size 80x23 contains 1 chunk(s)
        LayoutSVGInlineText {#text} at (0,0) size 79x23
          chunk 1 text run 1 at (700.00,420.00) startOffset 0 endOffset 11 width 77.76: "just a text"
      LayoutSVGText {text} at (798,402) size 80x23 contains 1 chunk(s)
        LayoutSVGInlineText {#text} at (0,0) size 79x23
          chunk 1 text run 1 at (800.00,420.00) startOffset 0 endOffset 11 width 77.76: "just a text"
      LayoutSVGText {text} at (898,402) size 80x23 contains 1 chunk(s)
        LayoutSVGInlineText {#text} at (0,0) size 79x23
          chunk 1 text run 1 at (900.00,420.00) startOffset 0 endOffset 11 width 77.76: "just a text"
      LayoutSVGText {text} at (998,402) size 80x23 contains 1 chunk(s)
        LayoutSVGInlineText {#text} at (0,0) size 79x23
          chunk 1 text run 1 at (1000.00,420.00) startOffset 0 endOffset 11 width 77.76: "just a text"
      LayoutSVGText {text} at (1098,402) size 80x23 contains 1 chunk(s)
        LayoutSVGInlineText {#text} at (0,0) size 79x23
          chunk 1 text run 1 at (1100.00,420.00) startOffset 0 endOffset 11 width 77.76: "just a text"
      LayoutSVGText {text} at (1198,402) size 80x23 contains 1 chunk(s)
        LayoutSVGInlineText {#text} at (0,0) size 79x23
          chunk 1 text run 1 at (1200.00,420.00) startOffset 0 endOffset 11 width 77.76: "just a text"
      LayoutSVGText {text} at (1298,402) size 80x23 contains 1 chunk(s)
        LayoutSVGInlineText {#text} at (0,0) size 79x23
          chunk 1 text run 1 at (1300.00,420.00) startOffset 0 endOffset 11 width 77.76: "just a text"
      LayoutSVGText {text} at (1398,402) size 80x23 contains 1 chunk(s)
        LayoutSVGInlineText {#text} at (0,0) size 79x23
          chunk 1 text run 1 at (1400.00,420.00) startOffset 0 endOffset 11 width 77.76: "just a text"
      LayoutSVGText {text} at (1498,402) size 80x23 contains 1 chunk(s)
        LayoutSVGInlineText {#text} at (0,0) size 79x23
          chunk 1 text run 1 at (1500.00,420.00) startOffset 0 endOffset 11 width 77.76: "just a text"
      LayoutSVGText {text} at (1598,402) size 80x23 contains 1 chunk(s)
        LayoutSVGInlineText {#text} at (0,0) size 79x23
          chunk 1 text run 1 at (1600.00,420.00) startOffset 0 endOffset 11 width 77.76: "just a text"
      LayoutSVGText {text} at (1698,402) size 80x23 contains 1 chunk(s)
        LayoutSVGInlineText {#text} at (0,0) size 79x23
          chunk 1 text run 1 at (1700.00,420.00) startOffset 0 endOffset 11 width 77.76: "just a text"
      LayoutSVGText {text} at (1798,402) size 80x23 contains 1 chunk(s)
        LayoutSVGInlineText {#text} at (0,0) size 79x23
          chunk 1 text run 1 at (1800.00,420.00) startOffset 0 endOffset 11 width 77.76: "just a text"
      LayoutSVGText {text} at (1898,402) size 80x23 contains 1 chunk(s)
        LayoutSVGInlineText {#text} at (0,0) size 79x23
          chunk 1 text run 1 at (1900.00,420.00) startOffset 0 endOffset 11 width 77.76: "just a text"
      LayoutSVGText {text} at (1998,402) size 80x23 contains 1 chunk(s)
        LayoutSVGInlineText {#text} at (0,0) size 79x23
          chunk 1 text run 1 at (2000.00,420.00) startOffset 0 endOffset 11 width 77.76: "just a text"
      LayoutSVGText {text} at (2098,402) size 80x23 contains 1 chunk(s)
        LayoutSVGInlineText {#text} at (0,0) size 79x23
          chunk 1 text run 1 at (2100.00,420.00) startOffset 0 endOffset 11 width 77.76: "just a text"
      LayoutSVGText {text} at (2198,402) size 80x23 contains 1 chunk(s)
        LayoutSVGInlineText {#text} at (0,0) size 79x23
          chunk 1 text run 1 at (2200.00,420.00) startOffset 0 endOffset 11 width 77.76: "just a text"
      LayoutSVGText {text} at (2298,402) size 80x23 contains 1 chunk(s)
        LayoutSVGInlineText {#text} at (0,0) size 79x23
          chunk 1 text run 1 at (2300.00,420.00) startOffset 0 endOffset 11 width 77.76: "just a text"
      LayoutSVGText {text} at (2398,402) size 80x23 contains 1 chunk(s)
        LayoutSVGInlineText {#text} at (0,0) size 79x23
          chunk 1 text run 1 at (2400.00,420.00) startOffset 0 endOffset 11 width 77.76: "just a text"
      LayoutSVGText {text} at (2498,402) size 80x23 contains 1 chunk(s)
        LayoutSVGInlineText {#text} at (0,0) size 79x23
          chunk 1 text run 1 at (2500.00,420.00) startOffset 0 endOffset 11 width 77.76: "just a text"
      LayoutSVGText {text} at (2598,402) size 80x23 contains 1 chunk(s)
        LayoutSVGInlineText {#text} at (0,0) size 79x23
          chunk 1 text run 1 at (2600.00,420.00) startOffset 0 endOffset 11 width 77.76: "just a text"
      LayoutSVGText {text} at (2698,402) size 80x23 contains 1 chunk(s)
        LayoutSVGInlineText {#text} at (0,0) size 79x23
          chunk 1 text run 1 at (2700.00,420.00) startOffset 0 endOffset 11 width 77.76: "just a text"
      LayoutSVGText {text} at (2798,402) size 80x23 contains 1 chunk(s)
        LayoutSVGInlineText {#text} at (0,0) size 79x23
          chunk 1 text run 1 at (2800.00,420.00) startOffset 0 endOffset 11 width 77.76: "just a text"
      LayoutSVGText {text} at (2898,402) size 80x23 contains 1 chunk(s)
        LayoutSVGInlineText {#text} at (0,0) size 79x23
          chunk 1 text run 1 at (2900.00,420.00) startOffset 0 endOffset 11 width 77.76: "just a text"
      LayoutSVGText {text} at (2998,402) size 80x23 contains 1 chunk(s)
        LayoutSVGInlineText {#text} at (0,0) size 79x23
          chunk 1 text run 1 at (3000.00,420.00) startOffset 0 endOffset 11 width 77.76: "just a text"
      LayoutSVGText {text} at (3098,402) size 80x23 contains 1 chunk(s)
        LayoutSVGInlineText {#text} at (0,0) size 79x23
          chunk 1 text run 1 at (3100.00,420.00) startOffset 0 endOffset 11 width 77.76: "just a text"
      LayoutSVGText {text} at (3198,402) size 80x23 contains 1 chunk(s)
        LayoutSVGInlineText {#text} at (0,0) size 79x23
          chunk 1 text run 1 at (3200.00,420.00) startOffset 0 endOffset 11 width 77.76: "just a text"
      LayoutSVGText {text} at (3298,402) size 80x23 contains 1 chunk(s)
        LayoutSVGInlineText {#text} at (0,0) size 79x23
          chunk 1 text run 1 at (3300.00,420.00) startOffset 0 endOffset 11 width 77.76: "just a text"
      LayoutSVGText {text} at (3398,402) size 80x23 contains 1 chunk(s)
        LayoutSVGInlineText {#text} at (0,0) size 79x23
          chunk 1 text run 1 at (3400.00,420.00) startOffset 0 endOffset 11 width 77.76: "just a text"
      LayoutSVGText {text} at (3498,402) size 80x23 contains 1 chunk(s)
        LayoutSVGInlineText {#text} at (0,0) size 79x23
          chunk 1 text run 1 at (3500.00,420.00) startOffset 0 endOffset 11 width 77.76: "just a text"
      LayoutSVGText {text} at (3598,402) size 80x23 contains 1 chunk(s)
        LayoutSVGInlineText {#text} at (0,0) size 79x23
          chunk 1 text run 1 at (3600.00,420.00) startOffset 0 endOffset 11 width 77.76: "just a text"
      LayoutSVGText {text} at (3698,402) size 80x23 contains 1 chunk(s)
        LayoutSVGInlineText {#text} at (0,0) size 79x23
          chunk 1 text run 1 at (3700.00,420.00) startOffset 0 endOffset 11 width 77.76: "just a text"
      LayoutSVGText {text} at (3798,402) size 80x23 contains 1 chunk(s)
        LayoutSVGInlineText {#text} at (0,0) size 79x23
          chunk 1 text run 1 at (3800.00,420.00) startOffset 0 endOffset 11 width 77.76: "just a text"
      LayoutSVGText {text} at (3898,402) size 80x23 contains 1 chunk(s)
        LayoutSVGInlineText {#text} at (0,0) size 79x23
          chunk 1 text run 1 at (3900.00,420.00) startOffset 0 endOffset 11 width 77.76: "just a text"
      LayoutSVGText {text} at (3998,402) size 80x23 contains 1 chunk(s)
        LayoutSVGInlineText {#text} at (0,0) size 79x23
          chunk 1 text run 1 at (4000.00,420.00) startOffset 0 endOffset 11 width 77.76: "just a text"
      LayoutSVGText {text} at (4098,402) size 80x23 contains 1 chunk(s)
        LayoutSVGInlineText {#text} at (0,0) size 79x23
          chunk 1 text run 1 at (4100.00,420.00) startOffset 0 endOffset 11 width 77.76: "just a text"
      LayoutSVGText {text} at (4198,402) size 80x23 contains 1 chunk(s)
        LayoutSVGInlineText {#text} at (0,0) size 79x23
          chunk 1 text run 1 at (4200.00,420.00) startOffset 0 endOffset 11 width 77.76: "just a text"
      LayoutSVGText {text} at (4298,402) size 80x23 contains 1 chunk(s)
        LayoutSVGInlineText {#text} at (0,0) size 79x23
          chunk 1 text run 1 at (4300.00,420.00) startOffset 0 endOffset 11 width 77.76: "just a text"
      LayoutSVGText {text} at (4398,402) size 80x23 contains 1 chunk(s)
        LayoutSVGInlineText {#text} at (0,0) size 79x23
          chunk 1 text run 1 at (4400.00,420.00) startOffset 0 endOffset 11 width 77.76: "just a text"
      LayoutSVGText {text} at (4498,402) size 80x23 contains 1 chunk(s)
        LayoutSVGInlineText {#text} at (0,0) size 79x23
          chunk 1 text run 1 at (4500.00,420.00) startOffset 0 endOffset 11 width 77.76: "just a text"
      LayoutSVGText {text} at (4598,402) size 80x23 contains 1 chunk(s)
        LayoutSVGInlineText {#text} at (0,0) size 79x23
          chunk 1 text run 1 at (4600.00,420.00) startOffset 0 endOffset 11 width 77.76: "just a text"
      LayoutSVGText {text} at (4698,402) size 80x23 contains 1 chunk(s)
        LayoutSVGInlineText {#text} at (0,0) size 79x23
          chunk 1 text run 1 at (4700.00,420.00) startOffset 0 endOffset 11 width 77.76: "just a text"
      LayoutSVGText {text} at (4798,402) size 80x23 contains 1 chunk(s)
        LayoutSVGInlineText {#text} at (0,0) size 79x23
          chunk 1 text run 1 at (4800.00,420.00) startOffset 0 endOffset 11 width 77.76: "just a text"
      LayoutSVGText {text} at (4898,402) size 80x23 contains 1 chunk(s)
        LayoutSVGInlineText {#text} at (0,0) size 79x23
          chunk 1 text run 1 at (4900.00,420.00) startOffset 0 endOffset 11 width 77.76: "just a text"
      LayoutSVGText {text} at (-2,502) size 80x23 contains 1 chunk(s)
        LayoutSVGInlineText {#text} at (0,0) size 79x23
          chunk 1 text run 1 at (0.00,520.00) startOffset 0 endOffset 11 width 77.76: "just a text"
      LayoutSVGText {text} at (98,502) size 80x23 contains 1 chunk(s)
        LayoutSVGInlineText {#text} at (0,0) size 79x23
          chunk 1 text run 1 at (100.00,520.00) startOffset 0 endOffset 11 width 77.76: "just a text"
      LayoutSVGText {text} at (198,502) size 80x23 contains 1 chunk(s)
        LayoutSVGInlineText {#text} at (0,0) size 79x23
          chunk 1 text run 1 at (200.00,520.00) startOffset 0 endOffset 11 width 77.76: "just a text"
      LayoutSVGText {text} at (298,502) size 80x23 contains 1 chunk(s)
        LayoutSVGInlineText {#text} at (0,0) size 79x23
          chunk 1 text run 1 at (300.00,520.00) startOffset 0 endOffset 11 width 77.76: "just a text"
      LayoutSVGText {text} at (398,502) size 80x23 contains 1 chunk(s)
        LayoutSVGInlineText {#text} at (0,0) size 79x23
          chunk 1 text run 1 at (400.00,520.00) startOffset 0 endOffset 11 width 77.76: "just a text"
      LayoutSVGText {text} at (498,502) size 80x23 contains 1 chunk(s)
        LayoutSVGInlineText {#text} at (0,0) size 79x23
          chunk 1 text run 1 at (500.00,520.00) startOffset 0 endOffset 11 width 77.76: "just a text"
      LayoutSVGText {text} at (598,502) size 80x23 contains 1 chunk(s)
        LayoutSVGInlineText {#text} at (0,0) size 79x23
          chunk 1 text run 1 at (600.00,520.00) startOffset 0 endOffset 11 width 77.76: "just a text"
      LayoutSVGText {text} at (698,502) size 80x23 contains 1 chunk(s)
        LayoutSVGInlineText {#text} at (0,0) size 79x23
          chunk 1 text run 1 at (700.00,520.00) startOffset 0 endOffset 11 width 77.76: "just a text"
      LayoutSVGText {text} at (798,502) size 80x23 contains 1 chunk(s)
        LayoutSVGInlineText {#text} at (0,0) size 79x23
          chunk 1 text run 1 at (800.00,520.00) startOffset 0 endOffset 11 width 77.76: "just a text"
      LayoutSVGText {text} at (898,502) size 80x23 contains 1 chunk(s)
        LayoutSVGInlineText {#text} at (0,0) size 79x23
          chunk 1 text run 1 at (900.00,520.00) startOffset 0 endOffset 11 width 77.76: "just a text"
      LayoutSVGText {text} at (998,502) size 80x23 contains 1 chunk(s)
        LayoutSVGInlineText {#text} at (0,0) size 79x23
          chunk 1 text run 1 at (1000.00,520.00) startOffset 0 endOffset 11 width 77.76: "just a text"
      LayoutSVGText {text} at (1098,502) size 80x23 contains 1 chunk(s)
        LayoutSVGInlineText {#text} at (0,0) size 79x23
          chunk 1 text run 1 at (1100.00,520.00) startOffset 0 endOffset 11 width 77.76: "just a text"
      LayoutSVGText {text} at (1198,502) size 80x23 contains 1 chunk(s)
        LayoutSVGInlineText {#text} at (0,0) size 79x23
          chunk 1 text run 1 at (1200.00,520.00) startOffset 0 endOffset 11 width 77.76: "just a text"
      LayoutSVGText {text} at (1298,502) size 80x23 contains 1 chunk(s)
        LayoutSVGInlineText {#text} at (0,0) size 79x23
          chunk 1 text run 1 at (1300.00,520.00) startOffset 0 endOffset 11 width 77.76: "just a text"
      LayoutSVGText {text} at (1398,502) size 80x23 contains 1 chunk(s)
        LayoutSVGInlineText {#text} at (0,0) size 79x23
          chunk 1 text run 1 at (1400.00,520.00) startOffset 0 endOffset 11 width 77.76: "just a text"
      LayoutSVGText {text} at (1498,502) size 80x23 contains 1 chunk(s)
        LayoutSVGInlineText {#text} at (0,0) size 79x23
          chunk 1 text run 1 at (1500.00,520.00) startOffset 0 endOffset 11 width 77.76: "just a text"
      LayoutSVGText {text} at (1598,502) size 80x23 contains 1 chunk(s)
        LayoutSVGInlineText {#text} at (0,0) size 79x23
          chunk 1 text run 1 at (1600.00,520.00) startOffset 0 endOffset 11 width 77.76: "just a text"
      LayoutSVGText {text} at (1698,502) size 80x23 contains 1 chunk(s)
        LayoutSVGInlineText {#text} at (0,0) size 79x23
          chunk 1 text run 1 at (1700.00,520.00) startOffset 0 endOffset 11 width 77.76: "just a text"
      LayoutSVGText {text} at (1798,502) size 80x23 contains 1 chunk(s)
        LayoutSVGInlineText {#text} at (0,0) size 79x23
          chunk 1 text run 1 at (1800.00,520.00) startOffset 0 endOffset 11 width 77.76: "just a text"
      LayoutSVGText {text} at (1898,502) size 80x23 contains 1 chunk(s)
        LayoutSVGInlineText {#text} at (0,0) size 79x23
          chunk 1 text run 1 at (1900.00,520.00) startOffset 0 endOffset 11 width 77.76: "just a text"
      LayoutSVGText {text} at (1998,502) size 80x23 contains 1 chunk(s)
        LayoutSVGInlineText {#text} at (0,0) size 79x23
          chunk 1 text run 1 at (2000.00,520.00) startOffset 0 endOffset 11 width 77.76: "just a text"
      LayoutSVGText {text} at (2098,502) size 80x23 contains 1 chunk(s)
        LayoutSVGInlineText {#text} at (0,0) size 79x23
          chunk 1 text run 1 at (2100.00,520.00) startOffset 0 endOffset 11 width 77.76: "just a text"
      LayoutSVGText {text} at (2198,502) size 80x23 contains 1 chunk(s)
        LayoutSVGInlineText {#text} at (0,0) size 79x23
          chunk 1 text run 1 at (2200.00,520.00) startOffset 0 endOffset 11 width 77.76: "just a text"
      LayoutSVGText {text} at (2298,502) size 80x23 contains 1 chunk(s)
        LayoutSVGInlineText {#text} at (0,0) size 79x23
          chunk 1 text run 1 at (2300.00,520.00) startOffset 0 endOffset 11 width 77.76: "just a text"
      LayoutSVGText {text} at (2398,502) size 80x23 contains 1 chunk(s)
        LayoutSVGInlineText {#text} at (0,0) size 79x23
          chunk 1 text run 1 at (2400.00,520.00) startOffset 0 endOffset 11 width 77.76: "just a text"
      LayoutSVGText {text} at (2498,502) size 80x23 contains 1 chunk(s)
        LayoutSVGInlineText {#text} at (0,0) size 79x23
          chunk 1 text run 1 at (2500.00,520.00) startOffset 0 endOffset 11 width 77.76: "just a text"
      LayoutSVGText {text} at (2598,502) size 80x23 contains 1 chunk(s)
        LayoutSVGInlineText {#text} at (0,0) size 79x23
          chunk 1 text run 1 at (2600.00,520.00) startOffset 0 endOffset 11 width 77.76: "just a text"
      LayoutSVGText {text} at (2698,502) size 80x23 contains 1 chunk(s)
        LayoutSVGInlineText {#text} at (0,0) size 79x23
          chunk 1 text run 1 at (2700.00,520.00) startOffset 0 endOffset 11 width 77.76: "just a text"
      LayoutSVGText {text} at (2798,502) size 80x23 contains 1 chunk(s)
        LayoutSVGInlineText {#text} at (0,0) size 79x23
          chunk 1 text run 1 at (2800.00,520.00) startOffset 0 endOffset 11 width 77.76: "just a text"
      LayoutSVGText {text} at (2898,502) size 80x23 contains 1 chunk(s)
        LayoutSVGInlineText {#text} at (0,0) size 79x23
          chunk 1 text run 1 at (2900.00,520.00) startOffset 0 endOffset 11 width 77.76: "just a text"
      LayoutSVGText {text} at (2998,502) size 80x23 contains 1 chunk(s)
        LayoutSVGInlineText {#text} at (0,0) size 79x23
          chunk 1 text run 1 at (3000.00,520.00) startOffset 0 endOffset 11 width 77.76: "just a text"
      LayoutSVGText {text} at (3098,502) size 80x23 contains 1 chunk(s)
        LayoutSVGInlineText {#text} at (0,0) size 79x23
          chunk 1 text run 1 at (3100.00,520.00) startOffset 0 endOffset 11 width 77.76: "just a text"
      LayoutSVGText {text} at (3198,502) size 80x23 contains 1 chunk(s)
        LayoutSVGInlineText {#text} at (0,0) size 79x23
          chunk 1 text run 1 at (3200.00,520.00) startOffset 0 endOffset 11 width 77.76: "just a text"
      LayoutSVGText {text} at (3298,502) size 80x23 contains 1 chunk(s)
        LayoutSVGInlineText {#text} at (0,0) size 79x23
          chunk 1 text run 1 at (3300.00,520.00) startOffset 0 endOffset 11 width 77.76: "just a text"
      LayoutSVGText {text} at (3398,502) size 80x23 contains 1 chunk(s)
        LayoutSVGInlineText {#text} at (0,0) size 79x23
          chunk 1 text run 1 at (3400.00,520.00) startOffset 0 endOffset 11 width 77.76: "just a text"
      LayoutSVGText {text} at (3498,502) size 80x23 contains 1 chunk(s)
        LayoutSVGInlineText {#text} at (0,0) size 79x23
          chunk 1 text run 1 at (3500.00,520.00) startOffset 0 endOffset 11 width 77.76: "just a text"
      LayoutSVGText {text} at (3598,502) size 80x23 contains 1 chunk(s)
        LayoutSVGInlineText {#text} at (0,0) size 79x23
          chunk 1 text run 1 at (3600.00,520.00) startOffset 0 endOffset 11 width 77.76: "just a text"
      LayoutSVGText {text} at (3698,502) size 80x23 contains 1 chunk(s)
        LayoutSVGInlineText {#text} at (0,0) size 79x23
          chunk 1 text run 1 at (3700.00,520.00) startOffset 0 endOffset 11 width 77.76: "just a text"
      LayoutSVGText {text} at (3798,502) size 80x23 contains 1 chunk(s)
        LayoutSVGInlineText {#text} at (0,0) size 79x23
          chunk 1 text run 1 at (3800.00,520.00) startOffset 0 endOffset 11 width 77.76: "just a text"
      LayoutSVGText {text} at (3898,502) size 80x23 contains 1 chunk(s)
        LayoutSVGInlineText {#text} at (0,0) size 79x23
          chunk 1 text run 1 at (3900.00,520.00) startOffset 0 endOffset 11 width 77.76: "just a text"
      LayoutSVGText {text} at (3998,502) size 80x23 contains 1 chunk(s)
        LayoutSVGInlineText {#text} at (0,0) size 79x23
          chunk 1 text run 1 at (4000.00,520.00) startOffset 0 endOffset 11 width 77.76: "just a text"
      LayoutSVGText {text} at (4098,502) size 80x23 contains 1 chunk(s)
        LayoutSVGInlineText {#text} at (0,0) size 79x23
          chunk 1 text run 1 at (4100.00,520.00) startOffset 0 endOffset 11 width 77.76: "just a text"
      LayoutSVGText {text} at (4198,502) size 80x23 contains 1 chunk(s)
        LayoutSVGInlineText {#text} at (0,0) size 79x23
          chunk 1 text run 1 at (4200.00,520.00) startOffset 0 endOffset 11 width 77.76: "just a text"
      LayoutSVGText {text} at (4298,502) size 80x23 contains 1 chunk(s)
        LayoutSVGInlineText {#text} at (0,0) size 79x23
          chunk 1 text run 1 at (4300.00,520.00) startOffset 0 endOffset 11 width 77.76: "just a text"
      LayoutSVGText {text} at (4398,502) size 80x23 contains 1 chunk(s)
        LayoutSVGInlineText {#text} at (0,0) size 79x23
          chunk 1 text run 1 at (4400.00,520.00) startOffset 0 endOffset 11 width 77.76: "just a text"
      LayoutSVGText {text} at (4498,502) size 80x23 contains 1 chunk(s)
        LayoutSVGInlineText {#text} at (0,0) size 79x23
          chunk 1 text run 1 at (4500.00,520.00) startOffset 0 endOffset 11 width 77.76: "just a text"
      LayoutSVGText {text} at (4598,502) size 80x23 contains 1 chunk(s)
        LayoutSVGInlineText {#text} at (0,0) size 79x23
          chunk 1 text run 1 at (4600.00,520.00) startOffset 0 endOffset 11 width 77.76: "just a text"
      LayoutSVGText {text} at (4698,502) size 80x23 contains 1 chunk(s)
        LayoutSVGInlineText {#text} at (0,0) size 79x23
          chunk 1 text run 1 at (4700.00,520.00) startOffset 0 endOffset 11 width 77.76: "just a text"
      LayoutSVGText {text} at (4798,502) size 80x23 contains 1 chunk(s)
        LayoutSVGInlineText {#text} at (0,0) size 79x23
          chunk 1 text run 1 at (4800.00,520.00) startOffset 0 endOffset 11 width 77.76: "just a text"
      LayoutSVGText {text} at (4898,502) size 80x23 contains 1 chunk(s)
        LayoutSVGInlineText {#text} at (0,0) size 79x23
          chunk 1 text run 1 at (4900.00,520.00) startOffset 0 endOffset 11 width 77.76: "just a text"
      LayoutSVGText {text} at (-2,602) size 80x23 contains 1 chunk(s)
        LayoutSVGInlineText {#text} at (0,0) size 79x23
          chunk 1 text run 1 at (0.00,620.00) startOffset 0 endOffset 11 width 77.76: "just a text"
      LayoutSVGText {text} at (98,602) size 80x23 contains 1 chunk(s)
        LayoutSVGInlineText {#text} at (0,0) size 79x23
          chunk 1 text run 1 at (100.00,620.00) startOffset 0 endOffset 11 width 77.76: "just a text"
      LayoutSVGText {text} at (198,602) size 80x23 contains 1 chunk(s)
        LayoutSVGInlineText {#text} at (0,0) size 79x23
          chunk 1 text run 1 at (200.00,620.00) startOffset 0 endOffset 11 width 77.76: "just a text"
      LayoutSVGText {text} at (298,602) size 80x23 contains 1 chunk(s)
        LayoutSVGInlineText {#text} at (0,0) size 79x23
          chunk 1 text run 1 at (300.00,620.00) startOffset 0 endOffset 11 width 77.76: "just a text"
      LayoutSVGText {text} at (398,602) size 80x23 contains 1 chunk(s)
        LayoutSVGInlineText {#text} at (0,0) size 79x23
          chunk 1 text run 1 at (400.00,620.00) startOffset 0 endOffset 11 width 77.76: "just a text"
      LayoutSVGText {text} at (498,602) size 80x23 contains 1 chunk(s)
        LayoutSVGInlineText {#text} at (0,0) size 79x23
          chunk 1 text run 1 at (500.00,620.00) startOffset 0 endOffset 11 width 77.76: "just a text"
      LayoutSVGText {text} at (598,602) size 80x23 contains 1 chunk(s)
        LayoutSVGInlineText {#text} at (0,0) size 79x23
          chunk 1 text run 1 at (600.00,620.00) startOffset 0 endOffset 11 width 77.76: "just a text"
      LayoutSVGText {text} at (698,602) size 80x23 contains 1 chunk(s)
        LayoutSVGInlineText {#text} at (0,0) size 79x23
          chunk 1 text run 1 at (700.00,620.00) startOffset 0 endOffset 11 width 77.76: "just a text"
      LayoutSVGText {text} at (798,602) size 80x23 contains 1 chunk(s)
        LayoutSVGInlineText {#text} at (0,0) size 79x23
          chunk 1 text run 1 at (800.00,620.00) startOffset 0 endOffset 11 width 77.76: "just a text"
      LayoutSVGText {text} at (898,602) size 80x23 contains 1 chunk(s)
        LayoutSVGInlineText {#text} at (0,0) size 79x23
          chunk 1 text run 1 at (900.00,620.00) startOffset 0 endOffset 11 width 77.76: "just a text"
      LayoutSVGText {text} at (998,602) size 80x23 contains 1 chunk(s)
        LayoutSVGInlineText {#text} at (0,0) size 79x23
          chunk 1 text run 1 at (1000.00,620.00) startOffset 0 endOffset 11 width 77.76: "just a text"
      LayoutSVGText {text} at (1098,602) size 80x23 contains 1 chunk(s)
        LayoutSVGInlineText {#text} at (0,0) size 79x23
          chunk 1 text run 1 at (1100.00,620.00) startOffset 0 endOffset 11 width 77.76: "just a text"
      LayoutSVGText {text} at (1198,602) size 80x23 contains 1 chunk(s)
        LayoutSVGInlineText {#text} at (0,0) size 79x23
          chunk 1 text run 1 at (1200.00,620.00) startOffset 0 endOffset 11 width 77.76: "just a text"
      LayoutSVGText {text} at (1298,602) size 80x23 contains 1 chunk(s)
        LayoutSVGInlineText {#text} at (0,0) size 79x23
          chunk 1 text run 1 at (1300.00,620.00) startOffset 0 endOffset 11 width 77.76: "just a text"
      LayoutSVGText {text} at (1398,602) size 80x23 contains 1 chunk(s)
        LayoutSVGInlineText {#text} at (0,0) size 79x23
          chunk 1 text run 1 at (1400.00,620.00) startOffset 0 endOffset 11 width 77.76: "just a text"
      LayoutSVGText {text} at (1498,602) size 80x23 contains 1 chunk(s)
        LayoutSVGInlineText {#text} at (0,0) size 79x23
          chunk 1 text run 1 at (1500.00,620.00) startOffset 0 endOffset 11 width 77.76: "just a text"
      LayoutSVGText {text} at (1598,602) size 80x23 contains 1 chunk(s)
        LayoutSVGInlineText {#text} at (0,0) size 79x23
          chunk 1 text run 1 at (1600.00,620.00) startOffset 0 endOffset 11 width 77.76: "just a text"
      LayoutSVGText {text} at (1698,602) size 80x23 contains 1 chunk(s)
        LayoutSVGInlineText {#text} at (0,0) size 79x23
          chunk 1 text run 1 at (1700.00,620.00) startOffset 0 endOffset 11 width 77.76: "just a text"
      LayoutSVGText {text} at (1798,602) size 80x23 contains 1 chunk(s)
        LayoutSVGInlineText {#text} at (0,0) size 79x23
          chunk 1 text run 1 at (1800.00,620.00) startOffset 0 endOffset 11 width 77.76: "just a text"
      LayoutSVGText {text} at (1898,602) size 80x23 contains 1 chunk(s)
        LayoutSVGInlineText {#text} at (0,0) size 79x23
          chunk 1 text run 1 at (1900.00,620.00) startOffset 0 endOffset 11 width 77.76: "just a text"
      LayoutSVGText {text} at (1998,602) size 80x23 contains 1 chunk(s)
        LayoutSVGInlineText {#text} at (0,0) size 79x23
          chunk 1 text run 1 at (2000.00,620.00) startOffset 0 endOffset 11 width 77.76: "just a text"
      LayoutSVGText {text} at (2098,602) size 80x23 contains 1 chunk(s)
        LayoutSVGInlineText {#text} at (0,0) size 79x23
          chunk 1 text run 1 at (2100.00,620.00) startOffset 0 endOffset 11 width 77.76: "just a text"
      LayoutSVGText {text} at (2198,602) size 80x23 contains 1 chunk(s)
        LayoutSVGInlineText {#text} at (0,0) size 79x23
          chunk 1 text run 1 at (2200.00,620.00) startOffset 0 endOffset 11 width 77.76: "just a text"
      LayoutSVGText {text} at (2298,602) size 80x23 contains 1 chunk(s)
        LayoutSVGInlineText {#text} at (0,0) size 79x23
          chunk 1 text run 1 at (2300.00,620.00) startOffset 0 endOffset 11 width 77.76: "just a text"
      LayoutSVGText {text} at (2398,602) size 80x23 contains 1 chunk(s)
        LayoutSVGInlineText {#text} at (0,0) size 79x23
          chunk 1 text run 1 at (2400.00,620.00) startOffset 0 endOffset 11 width 77.76: "just a text"
      LayoutSVGText {text} at (2498,602) size 80x23 contains 1 chunk(s)
        LayoutSVGInlineText {#text} at (0,0) size 79x23
          chunk 1 text run 1 at (2500.00,620.00) startOffset 0 endOffset 11 width 77.76: "just a text"
      LayoutSVGText {text} at (2598,602) size 80x23 contains 1 chunk(s)
        LayoutSVGInlineText {#text} at (0,0) size 79x23
          chunk 1 text run 1 at (2600.00,620.00) startOffset 0 endOffset 11 width 77.76: "just a text"
      LayoutSVGText {text} at (2698,602) size 80x23 contains 1 chunk(s)
        LayoutSVGInlineText {#text} at (0,0) size 79x23
          chunk 1 text run 1 at (2700.00,620.00) startOffset 0 endOffset 11 width 77.76: "just a text"
      LayoutSVGText {text} at (2798,602) size 80x23 contains 1 chunk(s)
        LayoutSVGInlineText {#text} at (0,0) size 79x23
          chunk 1 text run 1 at (2800.00,620.00) startOffset 0 endOffset 11 width 77.76: "just a text"
      LayoutSVGText {text} at (2898,602) size 80x23 contains 1 chunk(s)
        LayoutSVGInlineText {#text} at (0,0) size 79x23
          chunk 1 text run 1 at (2900.00,620.00) startOffset 0 endOffset 11 width 77.76: "just a text"
      LayoutSVGText {text} at (2998,602) size 80x23 contains 1 chunk(s)
        LayoutSVGInlineText {#text} at (0,0) size 79x23
          chunk 1 text run 1 at (3000.00,620.00) startOffset 0 endOffset 11 width 77.76: "just a text"
      LayoutSVGText {text} at (3098,602) size 80x23 contains 1 chunk(s)
        LayoutSVGInlineText {#text} at (0,0) size 79x23
          chunk 1 text run 1 at (3100.00,620.00) startOffset 0 endOffset 11 width 77.76: "just a text"
      LayoutSVGText {text} at (3198,602) size 80x23 contains 1 chunk(s)
        LayoutSVGInlineText {#text} at (0,0) size 79x23
          chunk 1 text run 1 at (3200.00,620.00) startOffset 0 endOffset 11 width 77.76: "just a text"
      LayoutSVGText {text} at (3298,602) size 80x23 contains 1 chunk(s)
        LayoutSVGInlineText {#text} at (0,0) size 79x23
          chunk 1 text run 1 at (3300.00,620.00) startOffset 0 endOffset 11 width 77.76: "just a text"
      LayoutSVGText {text} at (3398,602) size 80x23 contains 1 chunk(s)
        LayoutSVGInlineText {#text} at (0,0) size 79x23
          chunk 1 text run 1 at (3400.00,620.00) startOffset 0 endOffset 11 width 77.76: "just a text"
      LayoutSVGText {text} at (3498,602) size 80x23 contains 1 chunk(s)
        LayoutSVGInlineText {#text} at (0,0) size 79x23
          chunk 1 text run 1 at (3500.00,620.00) startOffset 0 endOffset 11 width 77.76: "just a text"
      LayoutSVGText {text} at (3598,602) size 80x23 contains 1 chunk(s)
        LayoutSVGInlineText {#text} at (0,0) size 79x23
          chunk 1 text run 1 at (3600.00,620.00) startOffset 0 endOffset 11 width 77.76: "just a text"
      LayoutSVGText {text} at (3698,602) size 80x23 contains 1 chunk(s)
        LayoutSVGInlineText {#text} at (0,0) size 79x23
          chunk 1 text run 1 at (3700.00,620.00) startOffset 0 endOffset 11 width 77.76: "just a text"
      LayoutSVGText {text} at (3798,602) size 80x23 contains 1 chunk(s)
        LayoutSVGInlineText {#text} at (0,0) size 79x23
          chunk 1 text run 1 at (3800.00,620.00) startOffset 0 endOffset 11 width 77.76: "just a text"
      LayoutSVGText {text} at (3898,602) size 80x23 contains 1 chunk(s)
        LayoutSVGInlineText {#text} at (0,0) size 79x23
          chunk 1 text run 1 at (3900.00,620.00) startOffset 0 endOffset 11 width 77.76: "just a text"
      LayoutSVGText {text} at (3998,602) size 80x23 contains 1 chunk(s)
        LayoutSVGInlineText {#text} at (0,0) size 79x23
          chunk 1 text run 1 at (4000.00,620.00) startOffset 0 endOffset 11 width 77.76: "just a text"
      LayoutSVGText {text} at (4098,602) size 80x23 contains 1 chunk(s)
        LayoutSVGInlineText {#text} at (0,0) size 79x23
          chunk 1 text run 1 at (4100.00,620.00) startOffset 0 endOffset 11 width 77.76: "just a text"
      LayoutSVGText {text} at (4198,602) size 80x23 contains 1 chunk(s)
        LayoutSVGInlineText {#text} at (0,0) size 79x23
          chunk 1 text run 1 at (4200.00,620.00) startOffset 0 endOffset 11 width 77.76: "just a text"
      LayoutSVGText {text} at (4298,602) size 80x23 contains 1 chunk(s)
        LayoutSVGInlineText {#text} at (0,0) size 79x23
          chunk 1 text run 1 at (4300.00,620.00) startOffset 0 endOffset 11 width 77.76: "just a text"
      LayoutSVGText {text} at (4398,602) size 80x23 contains 1 chunk(s)
        LayoutSVGInlineText {#text} at (0,0) size 79x23
          chunk 1 text run 1 at (4400.00,620.00) startOffset 0 endOffset 11 width 77.76: "just a text"
      LayoutSVGText {text} at (4498,602) size 80x23 contains 1 chunk(s)
        LayoutSVGInlineText {#text} at (0,0) size 79x23
          chunk 1 text run 1 at (4500.00,620.00) startOffset 0 endOffset 11 width 77.76: "just a text"
      LayoutSVGText {text} at (4598,602) size 80x23 contains 1 chunk(s)
        LayoutSVGInlineText {#text} at (0,0) size 79x23
          chunk 1 text run 1 at (4600.00,620.00) startOffset 0 endOffset 11 width 77.76: "just a text"
      LayoutSVGText {text} at (4698,602) size 80x23 contains 1 chunk(s)
        LayoutSVGInlineText {#text} at (0,0) size 79x23
          chunk 1 text run 1 at (4700.00,620.00) startOffset 0 endOffset 11 width 77.76: "just a text"
      LayoutSVGText {text} at (4798,602) size 80x23 contains 1 chunk(s)
        LayoutSVGInlineText {#text} at (0,0) size 79x23
          chunk 1 text run 1 at (4800.00,620.00) startOffset 0 endOffset 11 width 77.76: "just a text"
      LayoutSVGText {text} at (4898,602) size 80x23 contains 1 chunk(s)
        LayoutSVGInlineText {#text} at (0,0) size 79x23
          chunk 1 text run 1 at (4900.00,620.00) startOffset 0 endOffset 11 width 77.76: "just a text"
      LayoutSVGText {text} at (-2,702) size 80x23 contains 1 chunk(s)
        LayoutSVGInlineText {#text} at (0,0) size 79x23
          chunk 1 text run 1 at (0.00,720.00) startOffset 0 endOffset 11 width 77.76: "just a text"
      LayoutSVGText {text} at (98,702) size 80x23 contains 1 chunk(s)
        LayoutSVGInlineText {#text} at (0,0) size 79x23
          chunk 1 text run 1 at (100.00,720.00) startOffset 0 endOffset 11 width 77.76: "just a text"
      LayoutSVGText {text} at (198,702) size 80x23 contains 1 chunk(s)
        LayoutSVGInlineText {#text} at (0,0) size 79x23
          chunk 1 text run 1 at (200.00,720.00) startOffset 0 endOffset 11 width 77.76: "just a text"
      LayoutSVGText {text} at (298,702) size 80x23 contains 1 chunk(s)
        LayoutSVGInlineText {#text} at (0,0) size 79x23
          chunk 1 text run 1 at (300.00,720.00) startOffset 0 endOffset 11 width 77.76: "just a text"
      LayoutSVGText {text} at (398,702) size 80x23 contains 1 chunk(s)
        LayoutSVGInlineText {#text} at (0,0) size 79x23
          chunk 1 text run 1 at (400.00,720.00) startOffset 0 endOffset 11 width 77.76: "just a text"
      LayoutSVGText {text} at (498,702) size 80x23 contains 1 chunk(s)
        LayoutSVGInlineText {#text} at (0,0) size 79x23
          chunk 1 text run 1 at (500.00,720.00) startOffset 0 endOffset 11 width 77.76: "just a text"
      LayoutSVGText {text} at (598,702) size 80x23 contains 1 chunk(s)
        LayoutSVGInlineText {#text} at (0,0) size 79x23
          chunk 1 text run 1 at (600.00,720.00) startOffset 0 endOffset 11 width 77.76: "just a text"
      LayoutSVGText {text} at (698,702) size 80x23 contains 1 chunk(s)
        LayoutSVGInlineText {#text} at (0,0) size 79x23
          chunk 1 text run 1 at (700.00,720.00) startOffset 0 endOffset 11 width 77.76: "just a text"
      LayoutSVGText {text} at (798,702) size 80x23 contains 1 chunk(s)
        LayoutSVGInlineText {#text} at (0,0) size 79x23
          chunk 1 text run 1 at (800.00,720.00) startOffset 0 endOffset 11 width 77.76: "just a text"
      LayoutSVGText {text} at (898,702) size 80x23 contains 1 chunk(s)
        LayoutSVGInlineText {#text} at (0,0) size 79x23
          chunk 1 text run 1 at (900.00,720.00) startOffset 0 endOffset 11 width 77.76: "just a text"
      LayoutSVGText {text} at (998,702) size 80x23 contains 1 chunk(s)
        LayoutSVGInlineText {#text} at (0,0) size 79x23
          chunk 1 text run 1 at (1000.00,720.00) startOffset 0 endOffset 11 width 77.76: "just a text"
      LayoutSVGText {text} at (1098,702) size 80x23 contains 1 chunk(s)
        LayoutSVGInlineText {#text} at (0,0) size 79x23
          chunk 1 text run 1 at (1100.00,720.00) startOffset 0 endOffset 11 width 77.76: "just a text"
      LayoutSVGText {text} at (1198,702) size 80x23 contains 1 chunk(s)
        LayoutSVGInlineText {#text} at (0,0) size 79x23
          chunk 1 text run 1 at (1200.00,720.00) startOffset 0 endOffset 11 width 77.76: "just a text"
      LayoutSVGText {text} at (1298,702) size 80x23 contains 1 chunk(s)
        LayoutSVGInlineText {#text} at (0,0) size 79x23
          chunk 1 text run 1 at (1300.00,720.00) startOffset 0 endOffset 11 width 77.76: "just a text"
      LayoutSVGText {text} at (1398,702) size 80x23 contains 1 chunk(s)
        LayoutSVGInlineText {#text} at (0,0) size 79x23
          chunk 1 text run 1 at (1400.00,720.00) startOffset 0 endOffset 11 width 77.76: "just a text"
      LayoutSVGText {text} at (1498,702) size 80x23 contains 1 chunk(s)
        LayoutSVGInlineText {#text} at (0,0) size 79x23
          chunk 1 text run 1 at (1500.00,720.00) startOffset 0 endOffset 11 width 77.76: "just a text"
      LayoutSVGText {text} at (1598,702) size 80x23 contains 1 chunk(s)
        LayoutSVGInlineText {#text} at (0,0) size 79x23
          chunk 1 text run 1 at (1600.00,720.00) startOffset 0 endOffset 11 width 77.76: "just a text"
      LayoutSVGText {text} at (1698,702) size 80x23 contains 1 chunk(s)
        LayoutSVGInlineText {#text} at (0,0) size 79x23
          chunk 1 text run 1 at (1700.00,720.00) startOffset 0 endOffset 11 width 77.76: "just a text"
      LayoutSVGText {text} at (1798,702) size 80x23 contains 1 chunk(s)
        LayoutSVGInlineText {#text} at (0,0) size 79x23
          chunk 1 text run 1 at (1800.00,720.00) startOffset 0 endOffset 11 width 77.76: "just a text"
      LayoutSVGText {text} at (1898,702) size 80x23 contains 1 chunk(s)
        LayoutSVGInlineText {#text} at (0,0) size 79x23
          chunk 1 text run 1 at (1900.00,720.00) startOffset 0 endOffset 11 width 77.76: "just a text"
      LayoutSVGText {text} at (1998,702) size 80x23 contains 1 chunk(s)
        LayoutSVGInlineText {#text} at (0,0) size 79x23
          chunk 1 text run 1 at (2000.00,720.00) startOffset 0 endOffset 11 width 77.76: "just a text"
      LayoutSVGText {text} at (2098,702) size 80x23 contains 1 chunk(s)
        LayoutSVGInlineText {#text} at (0,0) size 79x23
          chunk 1 text run 1 at (2100.00,720.00) startOffset 0 endOffset 11 width 77.76: "just a text"
      LayoutSVGText {text} at (2198,702) size 80x23 contains 1 chunk(s)
        LayoutSVGInlineText {#text} at (0,0) size 79x23
          chunk 1 text run 1 at (2200.00,720.00) startOffset 0 endOffset 11 width 77.76: "just a text"
      LayoutSVGText {text} at (2298,702) size 80x23 contains 1 chunk(s)
        LayoutSVGInlineText {#text} at (0,0) size 79x23
          chunk 1 text run 1 at (2300.00,720.00) startOffset 0 endOffset 11 width 77.76: "just a text"
      LayoutSVGText {text} at (2398,702) size 80x23 contains 1 chunk(s)
        LayoutSVGInlineText {#text} at (0,0) size 79x23
          chunk 1 text run 1 at (2400.00,720.00) startOffset 0 endOffset 11 width 77.76: "just a text"
      LayoutSVGText {text} at (2498,702) size 80x23 contains 1 chunk(s)
        LayoutSVGInlineText {#text} at (0,0) size 79x23
          chunk 1 text run 1 at (2500.00,720.00) startOffset 0 endOffset 11 width 77.76: "just a text"
      LayoutSVGText {text} at (2598,702) size 80x23 contains 1 chunk(s)
        LayoutSVGInlineText {#text} at (0,0) size 79x23
          chunk 1 text run 1 at (2600.00,720.00) startOffset 0 endOffset 11 width 77.76: "just a text"
      LayoutSVGText {text} at (2698,702) size 80x23 contains 1 chunk(s)
        LayoutSVGInlineText {#text} at (0,0) size 79x23
          chunk 1 text run 1 at (2700.00,720.00) startOffset 0 endOffset 11 width 77.76: "just a text"
      LayoutSVGText {text} at (2798,702) size 80x23 contains 1 chunk(s)
        LayoutSVGInlineText {#text} at (0,0) size 79x23
          chunk 1 text run 1 at (2800.00,720.00) startOffset 0 endOffset 11 width 77.76: "just a text"
      LayoutSVGText {text} at (2898,702) size 80x23 contains 1 chunk(s)
        LayoutSVGInlineText {#text} at (0,0) size 79x23
          chunk 1 text run 1 at (2900.00,720.00) startOffset 0 endOffset 11 width 77.76: "just a text"
      LayoutSVGText {text} at (2998,702) size 80x23 contains 1 chunk(s)
        LayoutSVGInlineText {#text} at (0,0) size 79x23
          chunk 1 text run 1 at (3000.00,720.00) startOffset 0 endOffset 11 width 77.76: "just a text"
      LayoutSVGText {text} at (3098,702) size 80x23 contains 1 chunk(s)
        LayoutSVGInlineText {#text} at (0,0) size 79x23
          chunk 1 text run 1 at (3100.00,720.00) startOffset 0 endOffset 11 width 77.76: "just a text"
      LayoutSVGText {text} at (3198,702) size 80x23 contains 1 chunk(s)
        LayoutSVGInlineText {#text} at (0,0) size 79x23
          chunk 1 text run 1 at (3200.00,720.00) startOffset 0 endOffset 11 width 77.76: "just a text"
      LayoutSVGText {text} at (3298,702) size 80x23 contains 1 chunk(s)
        LayoutSVGInlineText {#text} at (0,0) size 79x23
          chunk 1 text run 1 at (3300.00,720.00) startOffset 0 endOffset 11 width 77.76: "just a text"
      LayoutSVGText {text} at (3398,702) size 80x23 contains 1 chunk(s)
        LayoutSVGInlineText {#text} at (0,0) size 79x23
          chunk 1 text run 1 at (3400.00,720.00) startOffset 0 endOffset 11 width 77.76: "just a text"
      LayoutSVGText {text} at (3498,702) size 80x23 contains 1 chunk(s)
        LayoutSVGInlineText {#text} at (0,0) size 79x23
          chunk 1 text run 1 at (3500.00,720.00) startOffset 0 endOffset 11 width 77.76: "just a text"
      LayoutSVGText {text} at (3598,702) size 80x23 contains 1 chunk(s)
        LayoutSVGInlineText {#text} at (0,0) size 79x23
          chunk 1 text run 1 at (3600.00,720.00) startOffset 0 endOffset 11 width 77.76: "just a text"
      LayoutSVGText {text} at (3698,702) size 80x23 contains 1 chunk(s)
        LayoutSVGInlineText {#text} at (0,0) size 79x23
          chunk 1 text run 1 at (3700.00,720.00) startOffset 0 endOffset 11 width 77.76: "just a text"
      LayoutSVGText {text} at (3798,702) size 80x23 contains 1 chunk(s)
        LayoutSVGInlineText {#text} at (0,0) size 79x23
          chunk 1 text run 1 at (3800.00,720.00) startOffset 0 endOffset 11 width 77.76: "just a text"
      LayoutSVGText {text} at (3898,702) size 80x23 contains 1 chunk(s)
        LayoutSVGInlineText {#text} at (0,0) size 79x23
          chunk 1 text run 1 at (3900.00,720.00) startOffset 0 endOffset 11 width 77.76: "just a text"
      LayoutSVGText {text} at (3998,702) size 80x23 contains 1 chunk(s)
        LayoutSVGInlineText {#text} at (0,0) size 79x23
          chunk 1 text run 1 at (4000.00,720.00) startOffset 0 endOffset 11 width 77.76: "just a text"
      LayoutSVGText {text} at (4098,702) size 80x23 contains 1 chunk(s)
        LayoutSVGInlineText {#text} at (0,0) size 79x23
          chunk 1 text run 1 at (4100.00,720.00) startOffset 0 endOffset 11 width 77.76: "just a text"
      LayoutSVGText {text} at (4198,702) size 80x23 contains 1 chunk(s)
        LayoutSVGInlineText {#text} at (0,0) size 79x23
          chunk 1 text run 1 at (4200.00,720.00) startOffset 0 endOffset 11 width 77.76: "just a text"
      LayoutSVGText {text} at (4298,702) size 80x23 contains 1 chunk(s)
        LayoutSVGInlineText {#text} at (0,0) size 79x23
          chunk 1 text run 1 at (4300.00,720.00) startOffset 0 endOffset 11 width 77.76: "just a text"
      LayoutSVGText {text} at (4398,702) size 80x23 contains 1 chunk(s)
        LayoutSVGInlineText {#text} at (0,0) size 79x23
          chunk 1 text run 1 at (4400.00,720.00) startOffset 0 endOffset 11 width 77.76: "just a text"
      LayoutSVGText {text} at (4498,702) size 80x23 contains 1 chunk(s)
        LayoutSVGInlineText {#text} at (0,0) size 79x23
          chunk 1 text run 1 at (4500.00,720.00) startOffset 0 endOffset 11 width 77.76: "just a text"
      LayoutSVGText {text} at (4598,702) size 80x23 contains 1 chunk(s)
        LayoutSVGInlineText {#text} at (0,0) size 79x23
          chunk 1 text run 1 at (4600.00,720.00) startOffset 0 endOffset 11 width 77.76: "just a text"
      LayoutSVGText {text} at (4698,702) size 80x23 contains 1 chunk(s)
        LayoutSVGInlineText {#text} at (0,0) size 79x23
          chunk 1 text run 1 at (4700.00,720.00) startOffset 0 endOffset 11 width 77.76: "just a text"
      LayoutSVGText {text} at (4798,702) size 80x23 contains 1 chunk(s)
        LayoutSVGInlineText {#text} at (0,0) size 79x23
          chunk 1 text run 1 at (4800.00,720.00) startOffset 0 endOffset 11 width 77.76: "just a text"
      LayoutSVGText {text} at (4898,702) size 80x23 contains 1 chunk(s)
        LayoutSVGInlineText {#text} at (0,0) size 79x23
          chunk 1 text run 1 at (4900.00,720.00) startOffset 0 endOffset 11 width 77.76: "just a text"
      LayoutSVGText {text} at (-2,802) size 80x23 contains 1 chunk(s)
        LayoutSVGInlineText {#text} at (0,0) size 79x23
          chunk 1 text run 1 at (0.00,820.00) startOffset 0 endOffset 11 width 77.76: "just a text"
      LayoutSVGText {text} at (98,802) size 80x23 contains 1 chunk(s)
        LayoutSVGInlineText {#text} at (0,0) size 79x23
          chunk 1 text run 1 at (100.00,820.00) startOffset 0 endOffset 11 width 77.76: "just a text"
      LayoutSVGText {text} at (198,802) size 80x23 contains 1 chunk(s)
        LayoutSVGInlineText {#text} at (0,0) size 79x23
          chunk 1 text run 1 at (200.00,820.00) startOffset 0 endOffset 11 width 77.76: "just a text"
      LayoutSVGText {text} at (298,802) size 80x23 contains 1 chunk(s)
        LayoutSVGInlineText {#text} at (0,0) size 79x23
          chunk 1 text run 1 at (300.00,820.00) startOffset 0 endOffset 11 width 77.76: "just a text"
      LayoutSVGText {text} at (398,802) size 80x23 contains 1 chunk(s)
        LayoutSVGInlineText {#text} at (0,0) size 79x23
          chunk 1 text run 1 at (400.00,820.00) startOffset 0 endOffset 11 width 77.76: "just a text"
      LayoutSVGText {text} at (498,802) size 80x23 contains 1 chunk(s)
        LayoutSVGInlineText {#text} at (0,0) size 79x23
          chunk 1 text run 1 at (500.00,820.00) startOffset 0 endOffset 11 width 77.76: "just a text"
      LayoutSVGText {text} at (598,802) size 80x23 contains 1 chunk(s)
        LayoutSVGInlineText {#text} at (0,0) size 79x23
          chunk 1 text run 1 at (600.00,820.00) startOffset 0 endOffset 11 width 77.76: "just a text"
      LayoutSVGText {text} at (698,802) size 80x23 contains 1 chunk(s)
        LayoutSVGInlineText {#text} at (0,0) size 79x23
          chunk 1 text run 1 at (700.00,820.00) startOffset 0 endOffset 11 width 77.76: "just a text"
      LayoutSVGText {text} at (798,802) size 80x23 contains 1 chunk(s)
        LayoutSVGInlineText {#text} at (0,0) size 79x23
          chunk 1 text run 1 at (800.00,820.00) startOffset 0 endOffset 11 width 77.76: "just a text"
      LayoutSVGText {text} at (898,802) size 80x23 contains 1 chunk(s)
        LayoutSVGInlineText {#text} at (0,0) size 79x23
          chunk 1 text run 1 at (900.00,820.00) startOffset 0 endOffset 11 width 77.76: "just a text"
      LayoutSVGText {text} at (998,802) size 80x23 contains 1 chunk(s)
        LayoutSVGInlineText {#text} at (0,0) size 79x23
          chunk 1 text run 1 at (1000.00,820.00) startOffset 0 endOffset 11 width 77.76: "just a text"
      LayoutSVGText {text} at (1098,802) size 80x23 contains 1 chunk(s)
        LayoutSVGInlineText {#text} at (0,0) size 79x23
          chunk 1 text run 1 at (1100.00,820.00) startOffset 0 endOffset 11 width 77.76: "just a text"
      LayoutSVGText {text} at (1198,802) size 80x23 contains 1 chunk(s)
        LayoutSVGInlineText {#text} at (0,0) size 79x23
          chunk 1 text run 1 at (1200.00,820.00) startOffset 0 endOffset 11 width 77.76: "just a text"
      LayoutSVGText {text} at (1298,802) size 80x23 contains 1 chunk(s)
        LayoutSVGInlineText {#text} at (0,0) size 79x23
          chunk 1 text run 1 at (1300.00,820.00) startOffset 0 endOffset 11 width 77.76: "just a text"
      LayoutSVGText {text} at (1398,802) size 80x23 contains 1 chunk(s)
        LayoutSVGInlineText {#text} at (0,0) size 79x23
          chunk 1 text run 1 at (1400.00,820.00) startOffset 0 endOffset 11 width 77.76: "just a text"
      LayoutSVGText {text} at (1498,802) size 80x23 contains 1 chunk(s)
        LayoutSVGInlineText {#text} at (0,0) size 79x23
          chunk 1 text run 1 at (1500.00,820.00) startOffset 0 endOffset 11 width 77.76: "just a text"
      LayoutSVGText {text} at (1598,802) size 80x23 contains 1 chunk(s)
        LayoutSVGInlineText {#text} at (0,0) size 79x23
          chunk 1 text run 1 at (1600.00,820.00) startOffset 0 endOffset 11 width 77.76: "just a text"
      LayoutSVGText {text} at (1698,802) size 80x23 contains 1 chunk(s)
        LayoutSVGInlineText {#text} at (0,0) size 79x23
          chunk 1 text run 1 at (1700.00,820.00) startOffset 0 endOffset 11 width 77.76: "just a text"
      LayoutSVGText {text} at (1798,802) size 80x23 contains 1 chunk(s)
        LayoutSVGInlineText {#text} at (0,0) size 79x23
          chunk 1 text run 1 at (1800.00,820.00) startOffset 0 endOffset 11 width 77.76: "just a text"
      LayoutSVGText {text} at (1898,802) size 80x23 contains 1 chunk(s)
        LayoutSVGInlineText {#text} at (0,0) size 79x23
          chunk 1 text run 1 at (1900.00,820.00) startOffset 0 endOffset 11 width 77.76: "just a text"
      LayoutSVGText {text} at (1998,802) size 80x23 contains 1 chunk(s)
        LayoutSVGInlineText {#text} at (0,0) size 79x23
          chunk 1 text run 1 at (2000.00,820.00) startOffset 0 endOffset 11 width 77.76: "just a text"
      LayoutSVGText {text} at (2098,802) size 80x23 contains 1 chunk(s)
        LayoutSVGInlineText {#text} at (0,0) size 79x23
          chunk 1 text run 1 at (2100.00,820.00) startOffset 0 endOffset 11 width 77.76: "just a text"
      LayoutSVGText {text} at (2198,802) size 80x23 contains 1 chunk(s)
        LayoutSVGInlineText {#text} at (0,0) size 79x23
          chunk 1 text run 1 at (2200.00,820.00) startOffset 0 endOffset 11 width 77.76: "just a text"
      LayoutSVGText {text} at (2298,802) size 80x23 contains 1 chunk(s)
        LayoutSVGInlineText {#text} at (0,0) size 79x23
          chunk 1 text run 1 at (2300.00,820.00) startOffset 0 endOffset 11 width 77.76: "just a text"
      LayoutSVGText {text} at (2398,802) size 80x23 contains 1 chunk(s)
        LayoutSVGInlineText {#text} at (0,0) size 79x23
          chunk 1 text run 1 at (2400.00,820.00) startOffset 0 endOffset 11 width 77.76: "just a text"
      LayoutSVGText {text} at (2498,802) size 80x23 contains 1 chunk(s)
        LayoutSVGInlineText {#text} at (0,0) size 79x23
          chunk 1 text run 1 at (2500.00,820.00) startOffset 0 endOffset 11 width 77.76: "just a text"
      LayoutSVGText {text} at (2598,802) size 80x23 contains 1 chunk(s)
        LayoutSVGInlineText {#text} at (0,0) size 79x23
          chunk 1 text run 1 at (2600.00,820.00) startOffset 0 endOffset 11 width 77.76: "just a text"
      LayoutSVGText {text} at (2698,802) size 80x23 contains 1 chunk(s)
        LayoutSVGInlineText {#text} at (0,0) size 79x23
          chunk 1 text run 1 at (2700.00,820.00) startOffset 0 endOffset 11 width 77.76: "just a text"
      LayoutSVGText {text} at (2798,802) size 80x23 contains 1 chunk(s)
        LayoutSVGInlineText {#text} at (0,0) size 79x23
          chunk 1 text run 1 at (2800.00,820.00) startOffset 0 endOffset 11 width 77.76: "just a text"
      LayoutSVGText {text} at (2898,802) size 80x23 contains 1 chunk(s)
        LayoutSVGInlineText {#text} at (0,0) size 79x23
          chunk 1 text run 1 at (2900.00,820.00) startOffset 0 endOffset 11 width 77.76: "just a text"
      LayoutSVGText {text} at (2998,802) size 80x23 contains 1 chunk(s)
        LayoutSVGInlineText {#text} at (0,0) size 79x23
          chunk 1 text run 1 at (3000.00,820.00) startOffset 0 endOffset 11 width 77.76: "just a text"
      LayoutSVGText {text} at (3098,802) size 80x23 contains 1 chunk(s)
        LayoutSVGInlineText {#text} at (0,0) size 79x23
          chunk 1 text run 1 at (3100.00,820.00) startOffset 0 endOffset 11 width 77.76: "just a text"
      LayoutSVGText {text} at (3198,802) size 80x23 contains 1 chunk(s)
        LayoutSVGInlineText {#text} at (0,0) size 79x23
          chunk 1 text run 1 at (3200.00,820.00) startOffset 0 endOffset 11 width 77.76: "just a text"
      LayoutSVGText {text} at (3298,802) size 80x23 contains 1 chunk(s)
        LayoutSVGInlineText {#text} at (0,0) size 79x23
          chunk 1 text run 1 at (3300.00,820.00) startOffset 0 endOffset 11 width 77.76: "just a text"
      LayoutSVGText {text} at (3398,802) size 80x23 contains 1 chunk(s)
        LayoutSVGInlineText {#text} at (0,0) size 79x23
          chunk 1 text run 1 at (3400.00,820.00) startOffset 0 endOffset 11 width 77.76: "just a text"
      LayoutSVGText {text} at (3498,802) size 80x23 contains 1 chunk(s)
        LayoutSVGInlineText {#text} at (0,0) size 79x23
          chunk 1 text run 1 at (3500.00,820.00) startOffset 0 endOffset 11 width 77.76: "just a text"
      LayoutSVGText {text} at (3598,802) size 80x23 contains 1 chunk(s)
        LayoutSVGInlineText {#text} at (0,0) size 79x23
          chunk 1 text run 1 at (3600.00,820.00) startOffset 0 endOffset 11 width 77.76: "just a text"
      LayoutSVGText {text} at (3698,802) size 80x23 contains 1 chunk(s)
        LayoutSVGInlineText {#text} at (0,0) size 79x23
          chunk 1 text run 1 at (3700.00,820.00) startOffset 0 endOffset 11 width 77.76: "just a text"
      LayoutSVGText {text} at (3798,802) size 80x23 contains 1 chunk(s)
        LayoutSVGInlineText {#text} at (0,0) size 79x23
          chunk 1 text run 1 at (3800.00,820.00) startOffset 0 endOffset 11 width 77.76: "just a text"
      LayoutSVGText {text} at (3898,802) size 80x23 contains 1 chunk(s)
        LayoutSVGInlineText {#text} at (0,0) size 79x23
          chunk 1 text run 1 at (3900.00,820.00) startOffset 0 endOffset 11 width 77.76: "just a text"
      LayoutSVGText {text} at (3998,802) size 80x23 contains 1 chunk(s)
        LayoutSVGInlineText {#text} at (0,0) size 79x23
          chunk 1 text run 1 at (4000.00,820.00) startOffset 0 endOffset 11 width 77.76: "just a text"
      LayoutSVGText {text} at (4098,802) size 80x23 contains 1 chunk(s)
        LayoutSVGInlineText {#text} at (0,0) size 79x23
          chunk 1 text run 1 at (4100.00,820.00) startOffset 0 endOffset 11 width 77.76: "just a text"
      LayoutSVGText {text} at (4198,802) size 80x23 contains 1 chunk(s)
        LayoutSVGInlineText {#text} at (0,0) size 79x23
          chunk 1 text run 1 at (4200.00,820.00) startOffset 0 endOffset 11 width 77.76: "just a text"
      LayoutSVGText {text} at (4298,802) size 80x23 contains 1 chunk(s)
        LayoutSVGInlineText {#text} at (0,0) size 79x23
          chunk 1 text run 1 at (4300.00,820.00) startOffset 0 endOffset 11 width 77.76: "just a text"
      LayoutSVGText {text} at (4398,802) size 80x23 contains 1 chunk(s)
        LayoutSVGInlineText {#text} at (0,0) size 79x23
          chunk 1 text run 1 at (4400.00,820.00) startOffset 0 endOffset 11 width 77.76: "just a text"
      LayoutSVGText {text} at (4498,802) size 80x23 contains 1 chunk(s)
        LayoutSVGInlineText {#text} at (0,0) size 79x23
          chunk 1 text run 1 at (4500.00,820.00) startOffset 0 endOffset 11 width 77.76: "just a text"
      LayoutSVGText {text} at (4598,802) size 80x23 contains 1 chunk(s)
        LayoutSVGInlineText {#text} at (0,0) size 79x23
          chunk 1 text run 1 at (4600.00,820.00) startOffset 0 endOffset 11 width 77.76: "just a text"
      LayoutSVGText {text} at (4698,802) size 80x23 contains 1 chunk(s)
        LayoutSVGInlineText {#text} at (0,0) size 79x23
          chunk 1 text run 1 at (4700.00,820.00) startOffset 0 endOffset 11 width 77.76: "just a text"
      LayoutSVGText {text} at (4798,802) size 80x23 contains 1 chunk(s)
        LayoutSVGInlineText {#text} at (0,0) size 79x23
          chunk 1 text run 1 at (4800.00,820.00) startOffset 0 endOffset 11 width 77.76: "just a text"
      LayoutSVGText {text} at (4898,802) size 80x23 contains 1 chunk(s)
        LayoutSVGInlineText {#text} at (0,0) size 79x23
          chunk 1 text run 1 at (4900.00,820.00) startOffset 0 endOffset 11 width 77.76: "just a text"
      LayoutSVGText {text} at (-2,902) size 80x23 contains 1 chunk(s)
        LayoutSVGInlineText {#text} at (0,0) size 79x23
          chunk 1 text run 1 at (0.00,920.00) startOffset 0 endOffset 11 width 77.76: "just a text"
      LayoutSVGText {text} at (98,902) size 80x23 contains 1 chunk(s)
        LayoutSVGInlineText {#text} at (0,0) size 79x23
          chunk 1 text run 1 at (100.00,920.00) startOffset 0 endOffset 11 width 77.76: "just a text"
      LayoutSVGText {text} at (198,902) size 80x23 contains 1 chunk(s)
        LayoutSVGInlineText {#text} at (0,0) size 79x23
          chunk 1 text run 1 at (200.00,920.00) startOffset 0 endOffset 11 width 77.76: "just a text"
      LayoutSVGText {text} at (298,902) size 80x23 contains 1 chunk(s)
        LayoutSVGInlineText {#text} at (0,0) size 79x23
          chunk 1 text run 1 at (300.00,920.00) startOffset 0 endOffset 11 width 77.76: "just a text"
      LayoutSVGText {text} at (398,902) size 80x23 contains 1 chunk(s)
        LayoutSVGInlineText {#text} at (0,0) size 79x23
          chunk 1 text run 1 at (400.00,920.00) startOffset 0 endOffset 11 width 77.76: "just a text"
      LayoutSVGText {text} at (498,902) size 80x23 contains 1 chunk(s)
        LayoutSVGInlineText {#text} at (0,0) size 79x23
          chunk 1 text run 1 at (500.00,920.00) startOffset 0 endOffset 11 width 77.76: "just a text"
      LayoutSVGText {text} at (598,902) size 80x23 contains 1 chunk(s)
        LayoutSVGInlineText {#text} at (0,0) size 79x23
          chunk 1 text run 1 at (600.00,920.00) startOffset 0 endOffset 11 width 77.76: "just a text"
      LayoutSVGText {text} at (698,902) size 80x23 contains 1 chunk(s)
        LayoutSVGInlineText {#text} at (0,0) size 79x23
          chunk 1 text run 1 at (700.00,920.00) startOffset 0 endOffset 11 width 77.76: "just a text"
      LayoutSVGText {text} at (798,902) size 80x23 contains 1 chunk(s)
        LayoutSVGInlineText {#text} at (0,0) size 79x23
          chunk 1 text run 1 at (800.00,920.00) startOffset 0 endOffset 11 width 77.76: "just a text"
      LayoutSVGText {text} at (898,902) size 80x23 contains 1 chunk(s)
        LayoutSVGInlineText {#text} at (0,0) size 79x23
          chunk 1 text run 1 at (900.00,920.00) startOffset 0 endOffset 11 width 77.76: "just a text"
      LayoutSVGText {text} at (998,902) size 80x23 contains 1 chunk(s)
        LayoutSVGInlineText {#text} at (0,0) size 79x23
          chunk 1 text run 1 at (1000.00,920.00) startOffset 0 endOffset 11 width 77.76: "just a text"
      LayoutSVGText {text} at (1098,902) size 80x23 contains 1 chunk(s)
        LayoutSVGInlineText {#text} at (0,0) size 79x23
          chunk 1 text run 1 at (1100.00,920.00) startOffset 0 endOffset 11 width 77.76: "just a text"
      LayoutSVGText {text} at (1198,902) size 80x23 contains 1 chunk(s)
        LayoutSVGInlineText {#text} at (0,0) size 79x23
          chunk 1 text run 1 at (1200.00,920.00) startOffset 0 endOffset 11 width 77.76: "just a text"
      LayoutSVGText {text} at (1298,902) size 80x23 contains 1 chunk(s)
        LayoutSVGInlineText {#text} at (0,0) size 79x23
          chunk 1 text run 1 at (1300.00,920.00) startOffset 0 endOffset 11 width 77.76: "just a text"
      LayoutSVGText {text} at (1398,902) size 80x23 contains 1 chunk(s)
        LayoutSVGInlineText {#text} at (0,0) size 79x23
          chunk 1 text run 1 at (1400.00,920.00) startOffset 0 endOffset 11 width 77.76: "just a text"
      LayoutSVGText {text} at (1498,902) size 80x23 contains 1 chunk(s)
        LayoutSVGInlineText {#text} at (0,0) size 79x23
          chunk 1 text run 1 at (1500.00,920.00) startOffset 0 endOffset 11 width 77.76: "just a text"
      LayoutSVGText {text} at (1598,902) size 80x23 contains 1 chunk(s)
        LayoutSVGInlineText {#text} at (0,0) size 79x23
          chunk 1 text run 1 at (1600.00,920.00) startOffset 0 endOffset 11 width 77.76: "just a text"
      LayoutSVGText {text} at (1698,902) size 80x23 contains 1 chunk(s)
        LayoutSVGInlineText {#text} at (0,0) size 79x23
          chunk 1 text run 1 at (1700.00,920.00) startOffset 0 endOffset 11 width 77.76: "just a text"
      LayoutSVGText {text} at (1798,902) size 80x23 contains 1 chunk(s)
        LayoutSVGInlineText {#text} at (0,0) size 79x23
          chunk 1 text run 1 at (1800.00,920.00) startOffset 0 endOffset 11 width 77.76: "just a text"
      LayoutSVGText {text} at (1898,902) size 80x23 contains 1 chunk(s)
        LayoutSVGInlineText {#text} at (0,0) size 79x23
          chunk 1 text run 1 at (1900.00,920.00) startOffset 0 endOffset 11 width 77.76: "just a text"
      LayoutSVGText {text} at (1998,902) size 80x23 contains 1 chunk(s)
        LayoutSVGInlineText {#text} at (0,0) size 79x23
          chunk 1 text run 1 at (2000.00,920.00) startOffset 0 endOffset 11 width 77.76: "just a text"
      LayoutSVGText {text} at (2098,902) size 80x23 contains 1 chunk(s)
        LayoutSVGInlineText {#text} at (0,0) size 79x23
          chunk 1 text run 1 at (2100.00,920.00) startOffset 0 endOffset 11 width 77.76: "just a text"
      LayoutSVGText {text} at (2198,902) size 80x23 contains 1 chunk(s)
        LayoutSVGInlineText {#text} at (0,0) size 79x23
          chunk 1 text run 1 at (2200.00,920.00) startOffset 0 endOffset 11 width 77.76: "just a text"
      LayoutSVGText {text} at (2298,902) size 80x23 contains 1 chunk(s)
        LayoutSVGInlineText {#text} at (0,0) size 79x23
          chunk 1 text run 1 at (2300.00,920.00) startOffset 0 endOffset 11 width 77.76: "just a text"
      LayoutSVGText {text} at (2398,902) size 80x23 contains 1 chunk(s)
        LayoutSVGInlineText {#text} at (0,0) size 79x23
          chunk 1 text run 1 at (2400.00,920.00) startOffset 0 endOffset 11 width 77.76: "just a text"
      LayoutSVGText {text} at (2498,902) size 80x23 contains 1 chunk(s)
        LayoutSVGInlineText {#text} at (0,0) size 79x23
          chunk 1 text run 1 at (2500.00,920.00) startOffset 0 endOffset 11 width 77.76: "just a text"
      LayoutSVGText {text} at (2598,902) size 80x23 contains 1 chunk(s)
        LayoutSVGInlineText {#text} at (0,0) size 79x23
          chunk 1 text run 1 at (2600.00,920.00) startOffset 0 endOffset 11 width 77.76: "just a text"
      LayoutSVGText {text} at (2698,902) size 80x23 contains 1 chunk(s)
        LayoutSVGInlineText {#text} at (0,0) size 79x23
          chunk 1 text run 1 at (2700.00,920.00) startOffset 0 endOffset 11 width 77.76: "just a text"
      LayoutSVGText {text} at (2798,902) size 80x23 contains 1 chunk(s)
        LayoutSVGInlineText {#text} at (0,0) size 79x23
          chunk 1 text run 1 at (2800.00,920.00) startOffset 0 endOffset 11 width 77.76: "just a text"
      LayoutSVGText {text} at (2898,902) size 80x23 contains 1 chunk(s)
        LayoutSVGInlineText {#text} at (0,0) size 79x23
          chunk 1 text run 1 at (2900.00,920.00) startOffset 0 endOffset 11 width 77.76: "just a text"
      LayoutSVGText {text} at (2998,902) size 80x23 contains 1 chunk(s)
        LayoutSVGInlineText {#text} at (0,0) size 79x23
          chunk 1 text run 1 at (3000.00,920.00) startOffset 0 endOffset 11 width 77.76: "just a text"
      LayoutSVGText {text} at (3098,902) size 80x23 contains 1 chunk(s)
        LayoutSVGInlineText {#text} at (0,0) size 79x23
          chunk 1 text run 1 at (3100.00,920.00) startOffset 0 endOffset 11 width 77.76: "just a text"
      LayoutSVGText {text} at (3198,902) size 80x23 contains 1 chunk(s)
        LayoutSVGInlineText {#text} at (0,0) size 79x23
          chunk 1 text run 1 at (3200.00,920.00) startOffset 0 endOffset 11 width 77.76: "just a text"
      LayoutSVGText {text} at (3298,902) size 80x23 contains 1 chunk(s)
        LayoutSVGInlineText {#text} at (0,0) size 79x23
          chunk 1 text run 1 at (3300.00,920.00) startOffset 0 endOffset 11 width 77.76: "just a text"
      LayoutSVGText {text} at (3398,902) size 80x23 contains 1 chunk(s)
        LayoutSVGInlineText {#text} at (0,0) size 79x23
          chunk 1 text run 1 at (3400.00,920.00) startOffset 0 endOffset 11 width 77.76: "just a text"
      LayoutSVGText {text} at (3498,902) size 80x23 contains 1 chunk(s)
        LayoutSVGInlineText {#text} at (0,0) size 79x23
          chunk 1 text run 1 at (3500.00,920.00) startOffset 0 endOffset 11 width 77.76: "just a text"
      LayoutSVGText {text} at (3598,902) size 80x23 contains 1 chunk(s)
        LayoutSVGInlineText {#text} at (0,0) size 79x23
          chunk 1 text run 1 at (3600.00,920.00) startOffset 0 endOffset 11 width 77.76: "just a text"
      LayoutSVGText {text} at (3698,902) size 80x23 contains 1 chunk(s)
        LayoutSVGInlineText {#text} at (0,0) size 79x23
          chunk 1 text run 1 at (3700.00,920.00) startOffset 0 endOffset 11 width 77.76: "just a text"
      LayoutSVGText {text} at (3798,902) size 80x23 contains 1 chunk(s)
        LayoutSVGInlineText {#text} at (0,0) size 79x23
          chunk 1 text run 1 at (3800.00,920.00) startOffset 0 endOffset 11 width 77.76: "just a text"
      LayoutSVGText {text} at (3898,902) size 80x23 contains 1 chunk(s)
        LayoutSVGInlineText {#text} at (0,0) size 79x23
          chunk 1 text run 1 at (3900.00,920.00) startOffset 0 endOffset 11 width 77.76: "just a text"
      LayoutSVGText {text} at (3998,902) size 80x23 contains 1 chunk(s)
        LayoutSVGInlineText {#text} at (0,0) size 79x23
          chunk 1 text run 1 at (4000.00,920.00) startOffset 0 endOffset 11 width 77.76: "just a text"
      LayoutSVGText {text} at (4098,902) size 80x23 contains 1 chunk(s)
        LayoutSVGInlineText {#text} at (0,0) size 79x23
          chunk 1 text run 1 at (4100.00,920.00) startOffset 0 endOffset 11 width 77.76: "just a text"
      LayoutSVGText {text} at (4198,902) size 80x23 contains 1 chunk(s)
        LayoutSVGInlineText {#text} at (0,0) size 79x23
          chunk 1 text run 1 at (4200.00,920.00) startOffset 0 endOffset 11 width 77.76: "just a text"
      LayoutSVGText {text} at (4298,902) size 80x23 contains 1 chunk(s)
        LayoutSVGInlineText {#text} at (0,0) size 79x23
          chunk 1 text run 1 at (4300.00,920.00) startOffset 0 endOffset 11 width 77.76: "just a text"
      LayoutSVGText {text} at (4398,902) size 80x23 contains 1 chunk(s)
        LayoutSVGInlineText {#text} at (0,0) size 79x23
          chunk 1 text run 1 at (4400.00,920.00) startOffset 0 endOffset 11 width 77.76: "just a text"
      LayoutSVGText {text} at (4498,902) size 80x23 contains 1 chunk(s)
        LayoutSVGInlineText {#text} at (0,0) size 79x23
          chunk 1 text run 1 at (4500.00,920.00) startOffset 0 endOffset 11 width 77.76: "just a text"
      LayoutSVGText {text} at (4598,902) size 80x23 contains 1 chunk(s)
        LayoutSVGInlineText {#text} at (0,0) size 79x23
          chunk 1 text run 1 at (4600.00,920.00) startOffset 0 endOffset 11 width 77.76: "just a text"
      LayoutSVGText {text} at (4698,902) size 80x23 contains 1 chunk(s)
        LayoutSVGInlineText {#text} at (0,0) size 79x23
          chunk 1 text run 1 at (4700.00,920.00) startOffset 0 endOffset 11 width 77.76: "just a text"
      LayoutSVGText {text} at (4798,902) size 80x23 contains 1 chunk(s)
        LayoutSVGInlineText {#text} at (0,0) size 79x23
          chunk 1 text run 1 at (4800.00,920.00) startOffset 0 endOffset 11 width 77.76: "just a text"
      LayoutSVGText {text} at (4898,902) size 80x23 contains 1 chunk(s)
        LayoutSVGInlineText {#text} at (0,0) size 79x23
          chunk 1 text run 1 at (4900.00,920.00) startOffset 0 endOffset 11 width 77.76: "just a text"
      LayoutSVGText {text} at (-2,1002) size 80x23 contains 1 chunk(s)
        LayoutSVGInlineText {#text} at (0,0) size 79x23
          chunk 1 text run 1 at (0.00,1020.00) startOffset 0 endOffset 11 width 77.76: "just a text"
      LayoutSVGText {text} at (98,1002) size 80x23 contains 1 chunk(s)
        LayoutSVGInlineText {#text} at (0,0) size 79x23
          chunk 1 text run 1 at (100.00,1020.00) startOffset 0 endOffset 11 width 77.76: "just a text"
      LayoutSVGText {text} at (198,1002) size 80x23 contains 1 chunk(s)
        LayoutSVGInlineText {#text} at (0,0) size 79x23
          chunk 1 text run 1 at (200.00,1020.00) startOffset 0 endOffset 11 width 77.76: "just a text"
      LayoutSVGText {text} at (298,1002) size 80x23 contains 1 chunk(s)
        LayoutSVGInlineText {#text} at (0,0) size 79x23
          chunk 1 text run 1 at (300.00,1020.00) startOffset 0 endOffset 11 width 77.76: "just a text"
      LayoutSVGText {text} at (398,1002) size 80x23 contains 1 chunk(s)
        LayoutSVGInlineText {#text} at (0,0) size 79x23
          chunk 1 text run 1 at (400.00,1020.00) startOffset 0 endOffset 11 width 77.76: "just a text"
      LayoutSVGText {text} at (498,1002) size 80x23 contains 1 chunk(s)
        LayoutSVGInlineText {#text} at (0,0) size 79x23
          chunk 1 text run 1 at (500.00,1020.00) startOffset 0 endOffset 11 width 77.76: "just a text"
      LayoutSVGText {text} at (598,1002) size 80x23 contains 1 chunk(s)
        LayoutSVGInlineText {#text} at (0,0) size 79x23
          chunk 1 text run 1 at (600.00,1020.00) startOffset 0 endOffset 11 width 77.76: "just a text"
      LayoutSVGText {text} at (698,1002) size 80x23 contains 1 chunk(s)
        LayoutSVGInlineText {#text} at (0,0) size 79x23
          chunk 1 text run 1 at (700.00,1020.00) startOffset 0 endOffset 11 width 77.76: "just a text"
      LayoutSVGText {text} at (798,1002) size 80x23 contains 1 chunk(s)
        LayoutSVGInlineText {#text} at (0,0) size 79x23
          chunk 1 text run 1 at (800.00,1020.00) startOffset 0 endOffset 11 width 77.76: "just a text"
      LayoutSVGText {text} at (898,1002) size 80x23 contains 1 chunk(s)
        LayoutSVGInlineText {#text} at (0,0) size 79x23
          chunk 1 text run 1 at (900.00,1020.00) startOffset 0 endOffset 11 width 77.76: "just a text"
      LayoutSVGText {text} at (998,1002) size 80x23 contains 1 chunk(s)
        LayoutSVGInlineText {#text} at (0,0) size 79x23
          chunk 1 text run 1 at (1000.00,1020.00) startOffset 0 endOffset 11 width 77.76: "just a text"
      LayoutSVGText {text} at (1098,1002) size 80x23 contains 1 chunk(s)
        LayoutSVGInlineText {#text} at (0,0) size 79x23
          chunk 1 text run 1 at (1100.00,1020.00) startOffset 0 endOffset 11 width 77.76: "just a text"
      LayoutSVGText {text} at (1198,1002) size 80x23 contains 1 chunk(s)
        LayoutSVGInlineText {#text} at (0,0) size 79x23
          chunk 1 text run 1 at (1200.00,1020.00) startOffset 0 endOffset 11 width 77.76: "just a text"
      LayoutSVGText {text} at (1298,1002) size 80x23 contains 1 chunk(s)
        LayoutSVGInlineText {#text} at (0,0) size 79x23
          chunk 1 text run 1 at (1300.00,1020.00) startOffset 0 endOffset 11 width 77.76: "just a text"
      LayoutSVGText {text} at (1398,1002) size 80x23 contains 1 chunk(s)
        LayoutSVGInlineText {#text} at (0,0) size 79x23
          chunk 1 text run 1 at (1400.00,1020.00) startOffset 0 endOffset 11 width 77.76: "just a text"
      LayoutSVGText {text} at (1498,1002) size 80x23 contains 1 chunk(s)
        LayoutSVGInlineText {#text} at (0,0) size 79x23
          chunk 1 text run 1 at (1500.00,1020.00) startOffset 0 endOffset 11 width 77.76: "just a text"
      LayoutSVGText {text} at (1598,1002) size 80x23 contains 1 chunk(s)
        LayoutSVGInlineText {#text} at (0,0) size 79x23
          chunk 1 text run 1 at (1600.00,1020.00) startOffset 0 endOffset 11 width 77.76: "just a text"
      LayoutSVGText {text} at (1698,1002) size 80x23 contains 1 chunk(s)
        LayoutSVGInlineText {#text} at (0,0) size 79x23
          chunk 1 text run 1 at (1700.00,1020.00) startOffset 0 endOffset 11 width 77.76: "just a text"
      LayoutSVGText {text} at (1798,1002) size 80x23 contains 1 chunk(s)
        LayoutSVGInlineText {#text} at (0,0) size 79x23
          chunk 1 text run 1 at (1800.00,1020.00) startOffset 0 endOffset 11 width 77.76: "just a text"
      LayoutSVGText {text} at (1898,1002) size 80x23 contains 1 chunk(s)
        LayoutSVGInlineText {#text} at (0,0) size 79x23
          chunk 1 text run 1 at (1900.00,1020.00) startOffset 0 endOffset 11 width 77.76: "just a text"
      LayoutSVGText {text} at (1998,1002) size 80x23 contains 1 chunk(s)
        LayoutSVGInlineText {#text} at (0,0) size 79x23
          chunk 1 text run 1 at (2000.00,1020.00) startOffset 0 endOffset 11 width 77.76: "just a text"
      LayoutSVGText {text} at (2098,1002) size 80x23 contains 1 chunk(s)
        LayoutSVGInlineText {#text} at (0,0) size 79x23
          chunk 1 text run 1 at (2100.00,1020.00) startOffset 0 endOffset 11 width 77.76: "just a text"
      LayoutSVGText {text} at (2198,1002) size 80x23 contains 1 chunk(s)
        LayoutSVGInlineText {#text} at (0,0) size 79x23
          chunk 1 text run 1 at (2200.00,1020.00) startOffset 0 endOffset 11 width 77.76: "just a text"
      LayoutSVGText {text} at (2298,1002) size 80x23 contains 1 chunk(s)
        LayoutSVGInlineText {#text} at (0,0) size 79x23
          chunk 1 text run 1 at (2300.00,1020.00) startOffset 0 endOffset 11 width 77.76: "just a text"
      LayoutSVGText {text} at (2398,1002) size 80x23 contains 1 chunk(s)
        LayoutSVGInlineText {#text} at (0,0) size 79x23
          chunk 1 text run 1 at (2400.00,1020.00) startOffset 0 endOffset 11 width 77.76: "just a text"
      LayoutSVGText {text} at (2498,1002) size 80x23 contains 1 chunk(s)
        LayoutSVGInlineText {#text} at (0,0) size 79x23
          chunk 1 text run 1 at (2500.00,1020.00) startOffset 0 endOffset 11 width 77.76: "just a text"
      LayoutSVGText {text} at (2598,1002) size 80x23 contains 1 chunk(s)
        LayoutSVGInlineText {#text} at (0,0) size 79x23
          chunk 1 text run 1 at (2600.00,1020.00) startOffset 0 endOffset 11 width 77.76: "just a text"
      LayoutSVGText {text} at (2698,1002) size 80x23 contains 1 chunk(s)
        LayoutSVGInlineText {#text} at (0,0) size 79x23
          chunk 1 text run 1 at (2700.00,1020.00) startOffset 0 endOffset 11 width 77.76: "just a text"
      LayoutSVGText {text} at (2798,1002) size 80x23 contains 1 chunk(s)
        LayoutSVGInlineText {#text} at (0,0) size 79x23
          chunk 1 text run 1 at (2800.00,1020.00) startOffset 0 endOffset 11 width 77.76: "just a text"
      LayoutSVGText {text} at (2898,1002) size 80x23 contains 1 chunk(s)
        LayoutSVGInlineText {#text} at (0,0) size 79x23
          chunk 1 text run 1 at (2900.00,1020.00) startOffset 0 endOffset 11 width 77.76: "just a text"
      LayoutSVGText {text} at (2998,1002) size 80x23 contains 1 chunk(s)
        LayoutSVGInlineText {#text} at (0,0) size 79x23
          chunk 1 text run 1 at (3000.00,1020.00) startOffset 0 endOffset 11 width 77.76: "just a text"
      LayoutSVGText {text} at (3098,1002) size 80x23 contains 1 chunk(s)
        LayoutSVGInlineText {#text} at (0,0) size 79x23
          chunk 1 text run 1 at (3100.00,1020.00) startOffset 0 endOffset 11 width 77.76: "just a text"
      LayoutSVGText {text} at (3198,1002) size 80x23 contains 1 chunk(s)
        LayoutSVGInlineText {#text} at (0,0) size 79x23
          chunk 1 text run 1 at (3200.00,1020.00) startOffset 0 endOffset 11 width 77.76: "just a text"
      LayoutSVGText {text} at (3298,1002) size 80x23 contains 1 chunk(s)
        LayoutSVGInlineText {#text} at (0,0) size 79x23
          chunk 1 text run 1 at (3300.00,1020.00) startOffset 0 endOffset 11 width 77.76: "just a text"
      LayoutSVGText {text} at (3398,1002) size 80x23 contains 1 chunk(s)
        LayoutSVGInlineText {#text} at (0,0) size 79x23
          chunk 1 text run 1 at (3400.00,1020.00) startOffset 0 endOffset 11 width 77.76: "just a text"
      LayoutSVGText {text} at (3498,1002) size 80x23 contains 1 chunk(s)
        LayoutSVGInlineText {#text} at (0,0) size 79x23
          chunk 1 text run 1 at (3500.00,1020.00) startOffset 0 endOffset 11 width 77.76: "just a text"
      LayoutSVGText {text} at (3598,1002) size 80x23 contains 1 chunk(s)
        LayoutSVGInlineText {#text} at (0,0) size 79x23
          chunk 1 text run 1 at (3600.00,1020.00) startOffset 0 endOffset 11 width 77.76: "just a text"
      LayoutSVGText {text} at (3698,1002) size 80x23 contains 1 chunk(s)
        LayoutSVGInlineText {#text} at (0,0) size 79x23
          chunk 1 text run 1 at (3700.00,1020.00) startOffset 0 endOffset 11 width 77.76: "just a text"
      LayoutSVGText {text} at (3798,1002) size 80x23 contains 1 chunk(s)
        LayoutSVGInlineText {#text} at (0,0) size 79x23
          chunk 1 text run 1 at (3800.00,1020.00) startOffset 0 endOffset 11 width 77.76: "just a text"
      LayoutSVGText {text} at (3898,1002) size 80x23 contains 1 chunk(s)
        LayoutSVGInlineText {#text} at (0,0) size 79x23
          chunk 1 text run 1 at (3900.00,1020.00) startOffset 0 endOffset 11 width 77.76: "just a text"
      LayoutSVGText {text} at (3998,1002) size 80x23 contains 1 chunk(s)
        LayoutSVGInlineText {#text} at (0,0) size 79x23
          chunk 1 text run 1 at (4000.00,1020.00) startOffset 0 endOffset 11 width 77.76: "just a text"
      LayoutSVGText {text} at (4098,1002) size 80x23 contains 1 chunk(s)
        LayoutSVGInlineText {#text} at (0,0) size 79x23
          chunk 1 text run 1 at (4100.00,1020.00) startOffset 0 endOffset 11 width 77.76: "just a text"
      LayoutSVGText {text} at (4198,1002) size 80x23 contains 1 chunk(s)
        LayoutSVGInlineText {#text} at (0,0) size 79x23
          chunk 1 text run 1 at (4200.00,1020.00) startOffset 0 endOffset 11 width 77.76: "just a text"
      LayoutSVGText {text} at (4298,1002) size 80x23 contains 1 chunk(s)
        LayoutSVGInlineText {#text} at (0,0) size 79x23
          chunk 1 text run 1 at (4300.00,1020.00) startOffset 0 endOffset 11 width 77.76: "just a text"
      LayoutSVGText {text} at (4398,1002) size 80x23 contains 1 chunk(s)
        LayoutSVGInlineText {#text} at (0,0) size 79x23
          chunk 1 text run 1 at (4400.00,1020.00) startOffset 0 endOffset 11 width 77.76: "just a text"
      LayoutSVGText {text} at (4498,1002) size 80x23 contains 1 chunk(s)
        LayoutSVGInlineText {#text} at (0,0) size 79x23
          chunk 1 text run 1 at (4500.00,1020.00) startOffset 0 endOffset 11 width 77.76: "just a text"
      LayoutSVGText {text} at (4598,1002) size 80x23 contains 1 chunk(s)
        LayoutSVGInlineText {#text} at (0,0) size 79x23
          chunk 1 text run 1 at (4600.00,1020.00) startOffset 0 endOffset 11 width 77.76: "just a text"
      LayoutSVGText {text} at (4698,1002) size 80x23 contains 1 chunk(s)
        LayoutSVGInlineText {#text} at (0,0) size 79x23
          chunk 1 text run 1 at (4700.00,1020.00) startOffset 0 endOffset 11 width 77.76: "just a text"
      LayoutSVGText {text} at (4798,1002) size 80x23 contains 1 chunk(s)
        LayoutSVGInlineText {#text} at (0,0) size 79x23
          chunk 1 text run 1 at (4800.00,1020.00) startOffset 0 endOffset 11 width 77.76: "just a text"
      LayoutSVGText {text} at (4898,1002) size 80x23 contains 1 chunk(s)
        LayoutSVGInlineText {#text} at (0,0) size 79x23
          chunk 1 text run 1 at (4900.00,1020.00) startOffset 0 endOffset 11 width 77.76: "just a text"
      LayoutSVGText {text} at (-2,1102) size 80x23 contains 1 chunk(s)
        LayoutSVGInlineText {#text} at (0,0) size 79x23
          chunk 1 text run 1 at (0.00,1120.00) startOffset 0 endOffset 11 width 77.76: "just a text"
      LayoutSVGText {text} at (98,1102) size 80x23 contains 1 chunk(s)
        LayoutSVGInlineText {#text} at (0,0) size 79x23
          chunk 1 text run 1 at (100.00,1120.00) startOffset 0 endOffset 11 width 77.76: "just a text"
      LayoutSVGText {text} at (198,1102) size 80x23 contains 1 chunk(s)
        LayoutSVGInlineText {#text} at (0,0) size 79x23
          chunk 1 text run 1 at (200.00,1120.00) startOffset 0 endOffset 11 width 77.76: "just a text"
      LayoutSVGText {text} at (298,1102) size 80x23 contains 1 chunk(s)
        LayoutSVGInlineText {#text} at (0,0) size 79x23
          chunk 1 text run 1 at (300.00,1120.00) startOffset 0 endOffset 11 width 77.76: "just a text"
      LayoutSVGText {text} at (398,1102) size 80x23 contains 1 chunk(s)
        LayoutSVGInlineText {#text} at (0,0) size 79x23
          chunk 1 text run 1 at (400.00,1120.00) startOffset 0 endOffset 11 width 77.76: "just a text"
      LayoutSVGText {text} at (498,1102) size 80x23 contains 1 chunk(s)
        LayoutSVGInlineText {#text} at (0,0) size 79x23
          chunk 1 text run 1 at (500.00,1120.00) startOffset 0 endOffset 11 width 77.76: "just a text"
      LayoutSVGText {text} at (598,1102) size 80x23 contains 1 chunk(s)
        LayoutSVGInlineText {#text} at (0,0) size 79x23
          chunk 1 text run 1 at (600.00,1120.00) startOffset 0 endOffset 11 width 77.76: "just a text"
      LayoutSVGText {text} at (698,1102) size 80x23 contains 1 chunk(s)
        LayoutSVGInlineText {#text} at (0,0) size 79x23
          chunk 1 text run 1 at (700.00,1120.00) startOffset 0 endOffset 11 width 77.76: "just a text"
      LayoutSVGText {text} at (798,1102) size 80x23 contains 1 chunk(s)
        LayoutSVGInlineText {#text} at (0,0) size 79x23
          chunk 1 text run 1 at (800.00,1120.00) startOffset 0 endOffset 11 width 77.76: "just a text"
      LayoutSVGText {text} at (898,1102) size 80x23 contains 1 chunk(s)
        LayoutSVGInlineText {#text} at (0,0) size 79x23
          chunk 1 text run 1 at (900.00,1120.00) startOffset 0 endOffset 11 width 77.76: "just a text"
      LayoutSVGText {text} at (998,1102) size 80x23 contains 1 chunk(s)
        LayoutSVGInlineText {#text} at (0,0) size 79x23
          chunk 1 text run 1 at (1000.00,1120.00) startOffset 0 endOffset 11 width 77.76: "just a text"
      LayoutSVGText {text} at (1098,1102) size 80x23 contains 1 chunk(s)
        LayoutSVGInlineText {#text} at (0,0) size 79x23
          chunk 1 text run 1 at (1100.00,1120.00) startOffset 0 endOffset 11 width 77.76: "just a text"
      LayoutSVGText {text} at (1198,1102) size 80x23 contains 1 chunk(s)
        LayoutSVGInlineText {#text} at (0,0) size 79x23
          chunk 1 text run 1 at (1200.00,1120.00) startOffset 0 endOffset 11 width 77.76: "just a text"
      LayoutSVGText {text} at (1298,1102) size 80x23 contains 1 chunk(s)
        LayoutSVGInlineText {#text} at (0,0) size 79x23
          chunk 1 text run 1 at (1300.00,1120.00) startOffset 0 endOffset 11 width 77.76: "just a text"
      LayoutSVGText {text} at (1398,1102) size 80x23 contains 1 chunk(s)
        LayoutSVGInlineText {#text} at (0,0) size 79x23
          chunk 1 text run 1 at (1400.00,1120.00) startOffset 0 endOffset 11 width 77.76: "just a text"
      LayoutSVGText {text} at (1498,1102) size 80x23 contains 1 chunk(s)
        LayoutSVGInlineText {#text} at (0,0) size 79x23
          chunk 1 text run 1 at (1500.00,1120.00) startOffset 0 endOffset 11 width 77.76: "just a text"
      LayoutSVGText {text} at (1598,1102) size 80x23 contains 1 chunk(s)
        LayoutSVGInlineText {#text} at (0,0) size 79x23
          chunk 1 text run 1 at (1600.00,1120.00) startOffset 0 endOffset 11 width 77.76: "just a text"
      LayoutSVGText {text} at (1698,1102) size 80x23 contains 1 chunk(s)
        LayoutSVGInlineText {#text} at (0,0) size 79x23
          chunk 1 text run 1 at (1700.00,1120.00) startOffset 0 endOffset 11 width 77.76: "just a text"
      LayoutSVGText {text} at (1798,1102) size 80x23 contains 1 chunk(s)
        LayoutSVGInlineText {#text} at (0,0) size 79x23
          chunk 1 text run 1 at (1800.00,1120.00) startOffset 0 endOffset 11 width 77.76: "just a text"
      LayoutSVGText {text} at (1898,1102) size 80x23 contains 1 chunk(s)
        LayoutSVGInlineText {#text} at (0,0) size 79x23
          chunk 1 text run 1 at (1900.00,1120.00) startOffset 0 endOffset 11 width 77.76: "just a text"
      LayoutSVGText {text} at (1998,1102) size 80x23 contains 1 chunk(s)
        LayoutSVGInlineText {#text} at (0,0) size 79x23
          chunk 1 text run 1 at (2000.00,1120.00) startOffset 0 endOffset 11 width 77.76: "just a text"
      LayoutSVGText {text} at (2098,1102) size 80x23 contains 1 chunk(s)
        LayoutSVGInlineText {#text} at (0,0) size 79x23
          chunk 1 text run 1 at (2100.00,1120.00) startOffset 0 endOffset 11 width 77.76: "just a text"
      LayoutSVGText {text} at (2198,1102) size 80x23 contains 1 chunk(s)
        LayoutSVGInlineText {#text} at (0,0) size 79x23
          chunk 1 text run 1 at (2200.00,1120.00) startOffset 0 endOffset 11 width 77.76: "just a text"
      LayoutSVGText {text} at (2298,1102) size 80x23 contains 1 chunk(s)
        LayoutSVGInlineText {#text} at (0,0) size 79x23
          chunk 1 text run 1 at (2300.00,1120.00) startOffset 0 endOffset 11 width 77.76: "just a text"
      LayoutSVGText {text} at (2398,1102) size 80x23 contains 1 chunk(s)
        LayoutSVGInlineText {#text} at (0,0) size 79x23
          chunk 1 text run 1 at (2400.00,1120.00) startOffset 0 endOffset 11 width 77.76: "just a text"
      LayoutSVGText {text} at (2498,1102) size 80x23 contains 1 chunk(s)
        LayoutSVGInlineText {#text} at (0,0) size 79x23
          chunk 1 text run 1 at (2500.00,1120.00) startOffset 0 endOffset 11 width 77.76: "just a text"
      LayoutSVGText {text} at (2598,1102) size 80x23 contains 1 chunk(s)
        LayoutSVGInlineText {#text} at (0,0) size 79x23
          chunk 1 text run 1 at (2600.00,1120.00) startOffset 0 endOffset 11 width 77.76: "just a text"
      LayoutSVGText {text} at (2698,1102) size 80x23 contains 1 chunk(s)
        LayoutSVGInlineText {#text} at (0,0) size 79x23
          chunk 1 text run 1 at (2700.00,1120.00) startOffset 0 endOffset 11 width 77.76: "just a text"
      LayoutSVGText {text} at (2798,1102) size 80x23 contains 1 chunk(s)
        LayoutSVGInlineText {#text} at (0,0) size 79x23
          chunk 1 text run 1 at (2800.00,1120.00) startOffset 0 endOffset 11 width 77.76: "just a text"
      LayoutSVGText {text} at (2898,1102) size 80x23 contains 1 chunk(s)
        LayoutSVGInlineText {#text} at (0,0) size 79x23
          chunk 1 text run 1 at (2900.00,1120.00) startOffset 0 endOffset 11 width 77.76: "just a text"
      LayoutSVGText {text} at (2998,1102) size 80x23 contains 1 chunk(s)
        LayoutSVGInlineText {#text} at (0,0) size 79x23
          chunk 1 text run 1 at (3000.00,1120.00) startOffset 0 endOffset 11 width 77.76: "just a text"
      LayoutSVGText {text} at (3098,1102) size 80x23 contains 1 chunk(s)
        LayoutSVGInlineText {#text} at (0,0) size 79x23
          chunk 1 text run 1 at (3100.00,1120.00) startOffset 0 endOffset 11 width 77.76: "just a text"
      LayoutSVGText {text} at (3198,1102) size 80x23 contains 1 chunk(s)
        LayoutSVGInlineText {#text} at (0,0) size 79x23
          chunk 1 text run 1 at (3200.00,1120.00) startOffset 0 endOffset 11 width 77.76: "just a text"
      LayoutSVGText {text} at (3298,1102) size 80x23 contains 1 chunk(s)
        LayoutSVGInlineText {#text} at (0,0) size 79x23
          chunk 1 text run 1 at (3300.00,1120.00) startOffset 0 endOffset 11 width 77.76: "just a text"
      LayoutSVGText {text} at (3398,1102) size 80x23 contains 1 chunk(s)
        LayoutSVGInlineText {#text} at (0,0) size 79x23
          chunk 1 text run 1 at (3400.00,1120.00) startOffset 0 endOffset 11 width 77.76: "just a text"
      LayoutSVGText {text} at (3498,1102) size 80x23 contains 1 chunk(s)
        LayoutSVGInlineText {#text} at (0,0) size 79x23
          chunk 1 text run 1 at (3500.00,1120.00) startOffset 0 endOffset 11 width 77.76: "just a text"
      LayoutSVGText {text} at (3598,1102) size 80x23 contains 1 chunk(s)
        LayoutSVGInlineText {#text} at (0,0) size 79x23
          chunk 1 text run 1 at (3600.00,1120.00) startOffset 0 endOffset 11 width 77.76: "just a text"
      LayoutSVGText {text} at (3698,1102) size 80x23 contains 1 chunk(s)
        LayoutSVGInlineText {#text} at (0,0) size 79x23
          chunk 1 text run 1 at (3700.00,1120.00) startOffset 0 endOffset 11 width 77.76: "just a text"
      LayoutSVGText {text} at (3798,1102) size 80x23 contains 1 chunk(s)
        LayoutSVGInlineText {#text} at (0,0) size 79x23
          chunk 1 text run 1 at (3800.00,1120.00) startOffset 0 endOffset 11 width 77.76: "just a text"
      LayoutSVGText {text} at (3898,1102) size 80x23 contains 1 chunk(s)
        LayoutSVGInlineText {#text} at (0,0) size 79x23
          chunk 1 text run 1 at (3900.00,1120.00) startOffset 0 endOffset 11 width 77.76: "just a text"
      LayoutSVGText {text} at (3998,1102) size 80x23 contains 1 chunk(s)
        LayoutSVGInlineText {#text} at (0,0) size 79x23
          chunk 1 text run 1 at (4000.00,1120.00) startOffset 0 endOffset 11 width 77.76: "just a text"
      LayoutSVGText {text} at (4098,1102) size 80x23 contains 1 chunk(s)
        LayoutSVGInlineText {#text} at (0,0) size 79x23
          chunk 1 text run 1 at (4100.00,1120.00) startOffset 0 endOffset 11 width 77.76: "just a text"
      LayoutSVGText {text} at (4198,1102) size 80x23 contains 1 chunk(s)
        LayoutSVGInlineText {#text} at (0,0) size 79x23
          chunk 1 text run 1 at (4200.00,1120.00) startOffset 0 endOffset 11 width 77.76: "just a text"
      LayoutSVGText {text} at (4298,1102) size 80x23 contains 1 chunk(s)
        LayoutSVGInlineText {#text} at (0,0) size 79x23
          chunk 1 text run 1 at (4300.00,1120.00) startOffset 0 endOffset 11 width 77.76: "just a text"
      LayoutSVGText {text} at (4398,1102) size 80x23 contains 1 chunk(s)
        LayoutSVGInlineText {#text} at (0,0) size 79x23
          chunk 1 text run 1 at (4400.00,1120.00) startOffset 0 endOffset 11 width 77.76: "just a text"
      LayoutSVGText {text} at (4498,1102) size 80x23 contains 1 chunk(s)
        LayoutSVGInlineText {#text} at (0,0) size 79x23
          chunk 1 text run 1 at (4500.00,1120.00) startOffset 0 endOffset 11 width 77.76: "just a text"
      LayoutSVGText {text} at (4598,1102) size 80x23 contains 1 chunk(s)
        LayoutSVGInlineText {#text} at (0,0) size 79x23
          chunk 1 text run 1 at (4600.00,1120.00) startOffset 0 endOffset 11 width 77.76: "just a text"
      LayoutSVGText {text} at (4698,1102) size 80x23 contains 1 chunk(s)
        LayoutSVGInlineText {#text} at (0,0) size 79x23
          chunk 1 text run 1 at (4700.00,1120.00) startOffset 0 endOffset 11 width 77.76: "just a text"
      LayoutSVGText {text} at (4798,1102) size 80x23 contains 1 chunk(s)
        LayoutSVGInlineText {#text} at (0,0) size 79x23
          chunk 1 text run 1 at (4800.00,1120.00) startOffset 0 endOffset 11 width 77.76: "just a text"
      LayoutSVGText {text} at (4898,1102) size 80x23 contains 1 chunk(s)
        LayoutSVGInlineText {#text} at (0,0) size 79x23
          chunk 1 text run 1 at (4900.00,1120.00) startOffset 0 endOffset 11 width 77.76: "just a text"
      LayoutSVGText {text} at (-2,1202) size 80x23 contains 1 chunk(s)
        LayoutSVGInlineText {#text} at (0,0) size 79x23
          chunk 1 text run 1 at (0.00,1220.00) startOffset 0 endOffset 11 width 77.76: "just a text"
      LayoutSVGText {text} at (98,1202) size 80x23 contains 1 chunk(s)
        LayoutSVGInlineText {#text} at (0,0) size 79x23
          chunk 1 text run 1 at (100.00,1220.00) startOffset 0 endOffset 11 width 77.76: "just a text"
      LayoutSVGText {text} at (198,1202) size 80x23 contains 1 chunk(s)
        LayoutSVGInlineText {#text} at (0,0) size 79x23
          chunk 1 text run 1 at (200.00,1220.00) startOffset 0 endOffset 11 width 77.76: "just a text"
      LayoutSVGText {text} at (298,1202) size 80x23 contains 1 chunk(s)
        LayoutSVGInlineText {#text} at (0,0) size 79x23
          chunk 1 text run 1 at (300.00,1220.00) startOffset 0 endOffset 11 width 77.76: "just a text"
      LayoutSVGText {text} at (398,1202) size 80x23 contains 1 chunk(s)
        LayoutSVGInlineText {#text} at (0,0) size 79x23
          chunk 1 text run 1 at (400.00,1220.00) startOffset 0 endOffset 11 width 77.76: "just a text"
      LayoutSVGText {text} at (498,1202) size 80x23 contains 1 chunk(s)
        LayoutSVGInlineText {#text} at (0,0) size 79x23
          chunk 1 text run 1 at (500.00,1220.00) startOffset 0 endOffset 11 width 77.76: "just a text"
      LayoutSVGText {text} at (598,1202) size 80x23 contains 1 chunk(s)
        LayoutSVGInlineText {#text} at (0,0) size 79x23
          chunk 1 text run 1 at (600.00,1220.00) startOffset 0 endOffset 11 width 77.76: "just a text"
      LayoutSVGText {text} at (698,1202) size 80x23 contains 1 chunk(s)
        LayoutSVGInlineText {#text} at (0,0) size 79x23
          chunk 1 text run 1 at (700.00,1220.00) startOffset 0 endOffset 11 width 77.76: "just a text"
      LayoutSVGText {text} at (798,1202) size 80x23 contains 1 chunk(s)
        LayoutSVGInlineText {#text} at (0,0) size 79x23
          chunk 1 text run 1 at (800.00,1220.00) startOffset 0 endOffset 11 width 77.76: "just a text"
      LayoutSVGText {text} at (898,1202) size 80x23 contains 1 chunk(s)
        LayoutSVGInlineText {#text} at (0,0) size 79x23
          chunk 1 text run 1 at (900.00,1220.00) startOffset 0 endOffset 11 width 77.76: "just a text"
      LayoutSVGText {text} at (998,1202) size 80x23 contains 1 chunk(s)
        LayoutSVGInlineText {#text} at (0,0) size 79x23
          chunk 1 text run 1 at (1000.00,1220.00) startOffset 0 endOffset 11 width 77.76: "just a text"
      LayoutSVGText {text} at (1098,1202) size 80x23 contains 1 chunk(s)
        LayoutSVGInlineText {#text} at (0,0) size 79x23
          chunk 1 text run 1 at (1100.00,1220.00) startOffset 0 endOffset 11 width 77.76: "just a text"
      LayoutSVGText {text} at (1198,1202) size 80x23 contains 1 chunk(s)
        LayoutSVGInlineText {#text} at (0,0) size 79x23
          chunk 1 text run 1 at (1200.00,1220.00) startOffset 0 endOffset 11 width 77.76: "just a text"
      LayoutSVGText {text} at (1298,1202) size 80x23 contains 1 chunk(s)
        LayoutSVGInlineText {#text} at (0,0) size 79x23
          chunk 1 text run 1 at (1300.00,1220.00) startOffset 0 endOffset 11 width 77.76: "just a text"
      LayoutSVGText {text} at (1398,1202) size 80x23 contains 1 chunk(s)
        LayoutSVGInlineText {#text} at (0,0) size 79x23
          chunk 1 text run 1 at (1400.00,1220.00) startOffset 0 endOffset 11 width 77.76: "just a text"
      LayoutSVGText {text} at (1498,1202) size 80x23 contains 1 chunk(s)
        LayoutSVGInlineText {#text} at (0,0) size 79x23
          chunk 1 text run 1 at (1500.00,1220.00) startOffset 0 endOffset 11 width 77.76: "just a text"
      LayoutSVGText {text} at (1598,1202) size 80x23 contains 1 chunk(s)
        LayoutSVGInlineText {#text} at (0,0) size 79x23
          chunk 1 text run 1 at (1600.00,1220.00) startOffset 0 endOffset 11 width 77.76: "just a text"
      LayoutSVGText {text} at (1698,1202) size 80x23 contains 1 chunk(s)
        LayoutSVGInlineText {#text} at (0,0) size 79x23
          chunk 1 text run 1 at (1700.00,1220.00) startOffset 0 endOffset 11 width 77.76: "just a text"
      LayoutSVGText {text} at (1798,1202) size 80x23 contains 1 chunk(s)
        LayoutSVGInlineText {#text} at (0,0) size 79x23
          chunk 1 text run 1 at (1800.00,1220.00) startOffset 0 endOffset 11 width 77.76: "just a text"
      LayoutSVGText {text} at (1898,1202) size 80x23 contains 1 chunk(s)
        LayoutSVGInlineText {#text} at (0,0) size 79x23
          chunk 1 text run 1 at (1900.00,1220.00) startOffset 0 endOffset 11 width 77.76: "just a text"
      LayoutSVGText {text} at (1998,1202) size 80x23 contains 1 chunk(s)
        LayoutSVGInlineText {#text} at (0,0) size 79x23
          chunk 1 text run 1 at (2000.00,1220.00) startOffset 0 endOffset 11 width 77.76: "just a text"
      LayoutSVGText {text} at (2098,1202) size 80x23 contains 1 chunk(s)
        LayoutSVGInlineText {#text} at (0,0) size 79x23
          chunk 1 text run 1 at (2100.00,1220.00) startOffset 0 endOffset 11 width 77.76: "just a text"
      LayoutSVGText {text} at (2198,1202) size 80x23 contains 1 chunk(s)
        LayoutSVGInlineText {#text} at (0,0) size 79x23
          chunk 1 text run 1 at (2200.00,1220.00) startOffset 0 endOffset 11 width 77.76: "just a text"
      LayoutSVGText {text} at (2298,1202) size 80x23 contains 1 chunk(s)
        LayoutSVGInlineText {#text} at (0,0) size 79x23
          chunk 1 text run 1 at (2300.00,1220.00) startOffset 0 endOffset 11 width 77.76: "just a text"
      LayoutSVGText {text} at (2398,1202) size 80x23 contains 1 chunk(s)
        LayoutSVGInlineText {#text} at (0,0) size 79x23
          chunk 1 text run 1 at (2400.00,1220.00) startOffset 0 endOffset 11 width 77.76: "just a text"
      LayoutSVGText {text} at (2498,1202) size 80x23 contains 1 chunk(s)
        LayoutSVGInlineText {#text} at (0,0) size 79x23
          chunk 1 text run 1 at (2500.00,1220.00) startOffset 0 endOffset 11 width 77.76: "just a text"
      LayoutSVGText {text} at (2598,1202) size 80x23 contains 1 chunk(s)
        LayoutSVGInlineText {#text} at (0,0) size 79x23
          chunk 1 text run 1 at (2600.00,1220.00) startOffset 0 endOffset 11 width 77.76: "just a text"
      LayoutSVGText {text} at (2698,1202) size 80x23 contains 1 chunk(s)
        LayoutSVGInlineText {#text} at (0,0) size 79x23
          chunk 1 text run 1 at (2700.00,1220.00) startOffset 0 endOffset 11 width 77.76: "just a text"
      LayoutSVGText {text} at (2798,1202) size 80x23 contains 1 chunk(s)
        LayoutSVGInlineText {#text} at (0,0) size 79x23
          chunk 1 text run 1 at (2800.00,1220.00) startOffset 0 endOffset 11 width 77.76: "just a text"
      LayoutSVGText {text} at (2898,1202) size 80x23 contains 1 chunk(s)
        LayoutSVGInlineText {#text} at (0,0) size 79x23
          chunk 1 text run 1 at (2900.00,1220.00) startOffset 0 endOffset 11 width 77.76: "just a text"
      LayoutSVGText {text} at (2998,1202) size 80x23 contains 1 chunk(s)
        LayoutSVGInlineText {#text} at (0,0) size 79x23
          chunk 1 text run 1 at (3000.00,1220.00) startOffset 0 endOffset 11 width 77.76: "just a text"
      LayoutSVGText {text} at (3098,1202) size 80x23 contains 1 chunk(s)
        LayoutSVGInlineText {#text} at (0,0) size 79x23
          chunk 1 text run 1 at (3100.00,1220.00) startOffset 0 endOffset 11 width 77.76: "just a text"
      LayoutSVGText {text} at (3198,1202) size 80x23 contains 1 chunk(s)
        LayoutSVGInlineText {#text} at (0,0) size 79x23
          chunk 1 text run 1 at (3200.00,1220.00) startOffset 0 endOffset 11 width 77.76: "just a text"
      LayoutSVGText {text} at (3298,1202) size 80x23 contains 1 chunk(s)
        LayoutSVGInlineText {#text} at (0,0) size 79x23
          chunk 1 text run 1 at (3300.00,1220.00) startOffset 0 endOffset 11 width 77.76: "just a text"
      LayoutSVGText {text} at (3398,1202) size 80x23 contains 1 chunk(s)
        LayoutSVGInlineText {#text} at (0,0) size 79x23
          chunk 1 text run 1 at (3400.00,1220.00) startOffset 0 endOffset 11 width 77.76: "just a text"
      LayoutSVGText {text} at (3498,1202) size 80x23 contains 1 chunk(s)
        LayoutSVGInlineText {#text} at (0,0) size 79x23
          chunk 1 text run 1 at (3500.00,1220.00) startOffset 0 endOffset 11 width 77.76: "just a text"
      LayoutSVGText {text} at (3598,1202) size 80x23 contains 1 chunk(s)
        LayoutSVGInlineText {#text} at (0,0) size 79x23
          chunk 1 text run 1 at (3600.00,1220.00) startOffset 0 endOffset 11 width 77.76: "just a text"
      LayoutSVGText {text} at (3698,1202) size 80x23 contains 1 chunk(s)
        LayoutSVGInlineText {#text} at (0,0) size 79x23
          chunk 1 text run 1 at (3700.00,1220.00) startOffset 0 endOffset 11 width 77.76: "just a text"
      LayoutSVGText {text} at (3798,1202) size 80x23 contains 1 chunk(s)
        LayoutSVGInlineText {#text} at (0,0) size 79x23
          chunk 1 text run 1 at (3800.00,1220.00) startOffset 0 endOffset 11 width 77.76: "just a text"
      LayoutSVGText {text} at (3898,1202) size 80x23 contains 1 chunk(s)
        LayoutSVGInlineText {#text} at (0,0) size 79x23
          chunk 1 text run 1 at (3900.00,1220.00) startOffset 0 endOffset 11 width 77.76: "just a text"
      LayoutSVGText {text} at (3998,1202) size 80x23 contains 1 chunk(s)
        LayoutSVGInlineText {#text} at (0,0) size 79x23
          chunk 1 text run 1 at (4000.00,1220.00) startOffset 0 endOffset 11 width 77.76: "just a text"
      LayoutSVGText {text} at (4098,1202) size 80x23 contains 1 chunk(s)
        LayoutSVGInlineText {#text} at (0,0) size 79x23
          chunk 1 text run 1 at (4100.00,1220.00) startOffset 0 endOffset 11 width 77.76: "just a text"
      LayoutSVGText {text} at (4198,1202) size 80x23 contains 1 chunk(s)
        LayoutSVGInlineText {#text} at (0,0) size 79x23
          chunk 1 text run 1 at (4200.00,1220.00) startOffset 0 endOffset 11 width 77.76: "just a text"
      LayoutSVGText {text} at (4298,1202) size 80x23 contains 1 chunk(s)
        LayoutSVGInlineText {#text} at (0,0) size 79x23
          chunk 1 text run 1 at (4300.00,1220.00) startOffset 0 endOffset 11 width 77.76: "just a text"
      LayoutSVGText {text} at (4398,1202) size 80x23 contains 1 chunk(s)
        LayoutSVGInlineText {#text} at (0,0) size 79x23
          chunk 1 text run 1 at (4400.00,1220.00) startOffset 0 endOffset 11 width 77.76: "just a text"
      LayoutSVGText {text} at (4498,1202) size 80x23 contains 1 chunk(s)
        LayoutSVGInlineText {#text} at (0,0) size 79x23
          chunk 1 text run 1 at (4500.00,1220.00) startOffset 0 endOffset 11 width 77.76: "just a text"
      LayoutSVGText {text} at (4598,1202) size 80x23 contains 1 chunk(s)
        LayoutSVGInlineText {#text} at (0,0) size 79x23
          chunk 1 text run 1 at (4600.00,1220.00) startOffset 0 endOffset 11 width 77.76: "just a text"
      LayoutSVGText {text} at (4698,1202) size 80x23 contains 1 chunk(s)
        LayoutSVGInlineText {#text} at (0,0) size 79x23
          chunk 1 text run 1 at (4700.00,1220.00) startOffset 0 endOffset 11 width 77.76: "just a text"
      LayoutSVGText {text} at (4798,1202) size 80x23 contains 1 chunk(s)
        LayoutSVGInlineText {#text} at (0,0) size 79x23
          chunk 1 text run 1 at (4800.00,1220.00) startOffset 0 endOffset 11 width 77.76: "just a text"
      LayoutSVGText {text} at (4898,1202) size 80x23 contains 1 chunk(s)
        LayoutSVGInlineText {#text} at (0,0) size 79x23
          chunk 1 text run 1 at (4900.00,1220.00) startOffset 0 endOffset 11 width 77.76: "just a text"
      LayoutSVGText {text} at (-2,1302) size 80x23 contains 1 chunk(s)
        LayoutSVGInlineText {#text} at (0,0) size 79x23
          chunk 1 text run 1 at (0.00,1320.00) startOffset 0 endOffset 11 width 77.76: "just a text"
      LayoutSVGText {text} at (98,1302) size 80x23 contains 1 chunk(s)
        LayoutSVGInlineText {#text} at (0,0) size 79x23
          chunk 1 text run 1 at (100.00,1320.00) startOffset 0 endOffset 11 width 77.76: "just a text"
      LayoutSVGText {text} at (198,1302) size 80x23 contains 1 chunk(s)
        LayoutSVGInlineText {#text} at (0,0) size 79x23
          chunk 1 text run 1 at (200.00,1320.00) startOffset 0 endOffset 11 width 77.76: "just a text"
      LayoutSVGText {text} at (298,1302) size 80x23 contains 1 chunk(s)
        LayoutSVGInlineText {#text} at (0,0) size 79x23
          chunk 1 text run 1 at (300.00,1320.00) startOffset 0 endOffset 11 width 77.76: "just a text"
      LayoutSVGText {text} at (398,1302) size 80x23 contains 1 chunk(s)
        LayoutSVGInlineText {#text} at (0,0) size 79x23
          chunk 1 text run 1 at (400.00,1320.00) startOffset 0 endOffset 11 width 77.76: "just a text"
      LayoutSVGText {text} at (498,1302) size 80x23 contains 1 chunk(s)
        LayoutSVGInlineText {#text} at (0,0) size 79x23
          chunk 1 text run 1 at (500.00,1320.00) startOffset 0 endOffset 11 width 77.76: "just a text"
      LayoutSVGText {text} at (598,1302) size 80x23 contains 1 chunk(s)
        LayoutSVGInlineText {#text} at (0,0) size 79x23
          chunk 1 text run 1 at (600.00,1320.00) startOffset 0 endOffset 11 width 77.76: "just a text"
      LayoutSVGText {text} at (698,1302) size 80x23 contains 1 chunk(s)
        LayoutSVGInlineText {#text} at (0,0) size 79x23
          chunk 1 text run 1 at (700.00,1320.00) startOffset 0 endOffset 11 width 77.76: "just a text"
      LayoutSVGText {text} at (798,1302) size 80x23 contains 1 chunk(s)
        LayoutSVGInlineText {#text} at (0,0) size 79x23
          chunk 1 text run 1 at (800.00,1320.00) startOffset 0 endOffset 11 width 77.76: "just a text"
      LayoutSVGText {text} at (898,1302) size 80x23 contains 1 chunk(s)
        LayoutSVGInlineText {#text} at (0,0) size 79x23
          chunk 1 text run 1 at (900.00,1320.00) startOffset 0 endOffset 11 width 77.76: "just a text"
      LayoutSVGText {text} at (998,1302) size 80x23 contains 1 chunk(s)
        LayoutSVGInlineText {#text} at (0,0) size 79x23
          chunk 1 text run 1 at (1000.00,1320.00) startOffset 0 endOffset 11 width 77.76: "just a text"
      LayoutSVGText {text} at (1098,1302) size 80x23 contains 1 chunk(s)
        LayoutSVGInlineText {#text} at (0,0) size 79x23
          chunk 1 text run 1 at (1100.00,1320.00) startOffset 0 endOffset 11 width 77.76: "just a text"
      LayoutSVGText {text} at (1198,1302) size 80x23 contains 1 chunk(s)
        LayoutSVGInlineText {#text} at (0,0) size 79x23
          chunk 1 text run 1 at (1200.00,1320.00) startOffset 0 endOffset 11 width 77.76: "just a text"
      LayoutSVGText {text} at (1298,1302) size 80x23 contains 1 chunk(s)
        LayoutSVGInlineText {#text} at (0,0) size 79x23
          chunk 1 text run 1 at (1300.00,1320.00) startOffset 0 endOffset 11 width 77.76: "just a text"
      LayoutSVGText {text} at (1398,1302) size 80x23 contains 1 chunk(s)
        LayoutSVGInlineText {#text} at (0,0) size 79x23
          chunk 1 text run 1 at (1400.00,1320.00) startOffset 0 endOffset 11 width 77.76: "just a text"
      LayoutSVGText {text} at (1498,1302) size 80x23 contains 1 chunk(s)
        LayoutSVGInlineText {#text} at (0,0) size 79x23
          chunk 1 text run 1 at (1500.00,1320.00) startOffset 0 endOffset 11 width 77.76: "just a text"
      LayoutSVGText {text} at (1598,1302) size 80x23 contains 1 chunk(s)
        LayoutSVGInlineText {#text} at (0,0) size 79x23
          chunk 1 text run 1 at (1600.00,1320.00) startOffset 0 endOffset 11 width 77.76: "just a text"
      LayoutSVGText {text} at (1698,1302) size 80x23 contains 1 chunk(s)
        LayoutSVGInlineText {#text} at (0,0) size 79x23
          chunk 1 text run 1 at (1700.00,1320.00) startOffset 0 endOffset 11 width 77.76: "just a text"
      LayoutSVGText {text} at (1798,1302) size 80x23 contains 1 chunk(s)
        LayoutSVGInlineText {#text} at (0,0) size 79x23
          chunk 1 text run 1 at (1800.00,1320.00) startOffset 0 endOffset 11 width 77.76: "just a text"
      LayoutSVGText {text} at (1898,1302) size 80x23 contains 1 chunk(s)
        LayoutSVGInlineText {#text} at (0,0) size 79x23
          chunk 1 text run 1 at (1900.00,1320.00) startOffset 0 endOffset 11 width 77.76: "just a text"
      LayoutSVGText {text} at (1998,1302) size 80x23 contains 1 chunk(s)
        LayoutSVGInlineText {#text} at (0,0) size 79x23
          chunk 1 text run 1 at (2000.00,1320.00) startOffset 0 endOffset 11 width 77.76: "just a text"
      LayoutSVGText {text} at (2098,1302) size 80x23 contains 1 chunk(s)
        LayoutSVGInlineText {#text} at (0,0) size 79x23
          chunk 1 text run 1 at (2100.00,1320.00) startOffset 0 endOffset 11 width 77.76: "just a text"
      LayoutSVGText {text} at (2198,1302) size 80x23 contains 1 chunk(s)
        LayoutSVGInlineText {#text} at (0,0) size 79x23
          chunk 1 text run 1 at (2200.00,1320.00) startOffset 0 endOffset 11 width 77.76: "just a text"
      LayoutSVGText {text} at (2298,1302) size 80x23 contains 1 chunk(s)
        LayoutSVGInlineText {#text} at (0,0) size 79x23
          chunk 1 text run 1 at (2300.00,1320.00) startOffset 0 endOffset 11 width 77.76: "just a text"
      LayoutSVGText {text} at (2398,1302) size 80x23 contains 1 chunk(s)
        LayoutSVGInlineText {#text} at (0,0) size 79x23
          chunk 1 text run 1 at (2400.00,1320.00) startOffset 0 endOffset 11 width 77.76: "just a text"
      LayoutSVGText {text} at (2498,1302) size 80x23 contains 1 chunk(s)
        LayoutSVGInlineText {#text} at (0,0) size 79x23
          chunk 1 text run 1 at (2500.00,1320.00) startOffset 0 endOffset 11 width 77.76: "just a text"
      LayoutSVGText {text} at (2598,1302) size 80x23 contains 1 chunk(s)
        LayoutSVGInlineText {#text} at (0,0) size 79x23
          chunk 1 text run 1 at (2600.00,1320.00) startOffset 0 endOffset 11 width 77.76: "just a text"
      LayoutSVGText {text} at (2698,1302) size 80x23 contains 1 chunk(s)
        LayoutSVGInlineText {#text} at (0,0) size 79x23
          chunk 1 text run 1 at (2700.00,1320.00) startOffset 0 endOffset 11 width 77.76: "just a text"
      LayoutSVGText {text} at (2798,1302) size 80x23 contains 1 chunk(s)
        LayoutSVGInlineText {#text} at (0,0) size 79x23
          chunk 1 text run 1 at (2800.00,1320.00) startOffset 0 endOffset 11 width 77.76: "just a text"
      LayoutSVGText {text} at (2898,1302) size 80x23 contains 1 chunk(s)
        LayoutSVGInlineText {#text} at (0,0) size 79x23
          chunk 1 text run 1 at (2900.00,1320.00) startOffset 0 endOffset 11 width 77.76: "just a text"
      LayoutSVGText {text} at (2998,1302) size 80x23 contains 1 chunk(s)
        LayoutSVGInlineText {#text} at (0,0) size 79x23
          chunk 1 text run 1 at (3000.00,1320.00) startOffset 0 endOffset 11 width 77.76: "just a text"
      LayoutSVGText {text} at (3098,1302) size 80x23 contains 1 chunk(s)
        LayoutSVGInlineText {#text} at (0,0) size 79x23
          chunk 1 text run 1 at (3100.00,1320.00) startOffset 0 endOffset 11 width 77.76: "just a text"
      LayoutSVGText {text} at (3198,1302) size 80x23 contains 1 chunk(s)
        LayoutSVGInlineText {#text} at (0,0) size 79x23
          chunk 1 text run 1 at (3200.00,1320.00) startOffset 0 endOffset 11 width 77.76: "just a text"
      LayoutSVGText {text} at (3298,1302) size 80x23 contains 1 chunk(s)
        LayoutSVGInlineText {#text} at (0,0) size 79x23
          chunk 1 text run 1 at (3300.00,1320.00) startOffset 0 endOffset 11 width 77.76: "just a text"
      LayoutSVGText {text} at (3398,1302) size 80x23 contains 1 chunk(s)
        LayoutSVGInlineText {#text} at (0,0) size 79x23
          chunk 1 text run 1 at (3400.00,1320.00) startOffset 0 endOffset 11 width 77.76: "just a text"
      LayoutSVGText {text} at (3498,1302) size 80x23 contains 1 chunk(s)
        LayoutSVGInlineText {#text} at (0,0) size 79x23
          chunk 1 text run 1 at (3500.00,1320.00) startOffset 0 endOffset 11 width 77.76: "just a text"
      LayoutSVGText {text} at (3598,1302) size 80x23 contains 1 chunk(s)
        LayoutSVGInlineText {#text} at (0,0) size 79x23
          chunk 1 text run 1 at (3600.00,1320.00) startOffset 0 endOffset 11 width 77.76: "just a text"
      LayoutSVGText {text} at (3698,1302) size 80x23 contains 1 chunk(s)
        LayoutSVGInlineText {#text} at (0,0) size 79x23
          chunk 1 text run 1 at (3700.00,1320.00) startOffset 0 endOffset 11 width 77.76: "just a text"
      LayoutSVGText {text} at (3798,1302) size 80x23 contains 1 chunk(s)
        LayoutSVGInlineText {#text} at (0,0) size 79x23
          chunk 1 text run 1 at (3800.00,1320.00) startOffset 0 endOffset 11 width 77.76: "just a text"
      LayoutSVGText {text} at (3898,1302) size 80x23 contains 1 chunk(s)
        LayoutSVGInlineText {#text} at (0,0) size 79x23
          chunk 1 text run 1 at (3900.00,1320.00) startOffset 0 endOffset 11 width 77.76: "just a text"
      LayoutSVGText {text} at (3998,1302) size 80x23 contains 1 chunk(s)
        LayoutSVGInlineText {#text} at (0,0) size 79x23
          chunk 1 text run 1 at (4000.00,1320.00) startOffset 0 endOffset 11 width 77.76: "just a text"
      LayoutSVGText {text} at (4098,1302) size 80x23 contains 1 chunk(s)
        LayoutSVGInlineText {#text} at (0,0) size 79x23
          chunk 1 text run 1 at (4100.00,1320.00) startOffset 0 endOffset 11 width 77.76: "just a text"
      LayoutSVGText {text} at (4198,1302) size 80x23 contains 1 chunk(s)
        LayoutSVGInlineText {#text} at (0,0) size 79x23
          chunk 1 text run 1 at (4200.00,1320.00) startOffset 0 endOffset 11 width 77.76: "just a text"
      LayoutSVGText {text} at (4298,1302) size 80x23 contains 1 chunk(s)
        LayoutSVGInlineText {#text} at (0,0) size 79x23
          chunk 1 text run 1 at (4300.00,1320.00) startOffset 0 endOffset 11 width 77.76: "just a text"
      LayoutSVGText {text} at (4398,1302) size 80x23 contains 1 chunk(s)
        LayoutSVGInlineText {#text} at (0,0) size 79x23
          chunk 1 text run 1 at (4400.00,1320.00) startOffset 0 endOffset 11 width 77.76: "just a text"
      LayoutSVGText {text} at (4498,1302) size 80x23 contains 1 chunk(s)
        LayoutSVGInlineText {#text} at (0,0) size 79x23
          chunk 1 text run 1 at (4500.00,1320.00) startOffset 0 endOffset 11 width 77.76: "just a text"
      LayoutSVGText {text} at (4598,1302) size 80x23 contains 1 chunk(s)
        LayoutSVGInlineText {#text} at (0,0) size 79x23
          chunk 1 text run 1 at (4600.00,1320.00) startOffset 0 endOffset 11 width 77.76: "just a text"
      LayoutSVGText {text} at (4698,1302) size 80x23 contains 1 chunk(s)
        LayoutSVGInlineText {#text} at (0,0) size 79x23
          chunk 1 text run 1 at (4700.00,1320.00) startOffset 0 endOffset 11 width 77.76: "just a text"
      LayoutSVGText {text} at (4798,1302) size 80x23 contains 1 chunk(s)
        LayoutSVGInlineText {#text} at (0,0) size 79x23
          chunk 1 text run 1 at (4800.00,1320.00) startOffset 0 endOffset 11 width 77.76: "just a text"
      LayoutSVGText {text} at (4898,1302) size 80x23 contains 1 chunk(s)
        LayoutSVGInlineText {#text} at (0,0) size 79x23
          chunk 1 text run 1 at (4900.00,1320.00) startOffset 0 endOffset 11 width 77.76: "just a text"
      LayoutSVGText {text} at (-2,1402) size 80x23 contains 1 chunk(s)
        LayoutSVGInlineText {#text} at (0,0) size 79x23
          chunk 1 text run 1 at (0.00,1420.00) startOffset 0 endOffset 11 width 77.76: "just a text"
      LayoutSVGText {text} at (98,1402) size 80x23 contains 1 chunk(s)
        LayoutSVGInlineText {#text} at (0,0) size 79x23
          chunk 1 text run 1 at (100.00,1420.00) startOffset 0 endOffset 11 width 77.76: "just a text"
      LayoutSVGText {text} at (198,1402) size 80x23 contains 1 chunk(s)
        LayoutSVGInlineText {#text} at (0,0) size 79x23
          chunk 1 text run 1 at (200.00,1420.00) startOffset 0 endOffset 11 width 77.76: "just a text"
      LayoutSVGText {text} at (298,1402) size 80x23 contains 1 chunk(s)
        LayoutSVGInlineText {#text} at (0,0) size 79x23
          chunk 1 text run 1 at (300.00,1420.00) startOffset 0 endOffset 11 width 77.76: "just a text"
      LayoutSVGText {text} at (398,1402) size 80x23 contains 1 chunk(s)
        LayoutSVGInlineText {#text} at (0,0) size 79x23
          chunk 1 text run 1 at (400.00,1420.00) startOffset 0 endOffset 11 width 77.76: "just a text"
      LayoutSVGText {text} at (498,1402) size 80x23 contains 1 chunk(s)
        LayoutSVGInlineText {#text} at (0,0) size 79x23
          chunk 1 text run 1 at (500.00,1420.00) startOffset 0 endOffset 11 width 77.76: "just a text"
      LayoutSVGText {text} at (598,1402) size 80x23 contains 1 chunk(s)
        LayoutSVGInlineText {#text} at (0,0) size 79x23
          chunk 1 text run 1 at (600.00,1420.00) startOffset 0 endOffset 11 width 77.76: "just a text"
      LayoutSVGText {text} at (698,1402) size 80x23 contains 1 chunk(s)
        LayoutSVGInlineText {#text} at (0,0) size 79x23
          chunk 1 text run 1 at (700.00,1420.00) startOffset 0 endOffset 11 width 77.76: "just a text"
      LayoutSVGText {text} at (798,1402) size 80x23 contains 1 chunk(s)
        LayoutSVGInlineText {#text} at (0,0) size 79x23
          chunk 1 text run 1 at (800.00,1420.00) startOffset 0 endOffset 11 width 77.76: "just a text"
      LayoutSVGText {text} at (898,1402) size 80x23 contains 1 chunk(s)
        LayoutSVGInlineText {#text} at (0,0) size 79x23
          chunk 1 text run 1 at (900.00,1420.00) startOffset 0 endOffset 11 width 77.76: "just a text"
      LayoutSVGText {text} at (998,1402) size 80x23 contains 1 chunk(s)
        LayoutSVGInlineText {#text} at (0,0) size 79x23
          chunk 1 text run 1 at (1000.00,1420.00) startOffset 0 endOffset 11 width 77.76: "just a text"
      LayoutSVGText {text} at (1098,1402) size 80x23 contains 1 chunk(s)
        LayoutSVGInlineText {#text} at (0,0) size 79x23
          chunk 1 text run 1 at (1100.00,1420.00) startOffset 0 endOffset 11 width 77.76: "just a text"
      LayoutSVGText {text} at (1198,1402) size 80x23 contains 1 chunk(s)
        LayoutSVGInlineText {#text} at (0,0) size 79x23
          chunk 1 text run 1 at (1200.00,1420.00) startOffset 0 endOffset 11 width 77.76: "just a text"
      LayoutSVGText {text} at (1298,1402) size 80x23 contains 1 chunk(s)
        LayoutSVGInlineText {#text} at (0,0) size 79x23
          chunk 1 text run 1 at (1300.00,1420.00) startOffset 0 endOffset 11 width 77.76: "just a text"
      LayoutSVGText {text} at (1398,1402) size 80x23 contains 1 chunk(s)
        LayoutSVGInlineText {#text} at (0,0) size 79x23
          chunk 1 text run 1 at (1400.00,1420.00) startOffset 0 endOffset 11 width 77.76: "just a text"
      LayoutSVGText {text} at (1498,1402) size 80x23 contains 1 chunk(s)
        LayoutSVGInlineText {#text} at (0,0) size 79x23
          chunk 1 text run 1 at (1500.00,1420.00) startOffset 0 endOffset 11 width 77.76: "just a text"
      LayoutSVGText {text} at (1598,1402) size 80x23 contains 1 chunk(s)
        LayoutSVGInlineText {#text} at (0,0) size 79x23
          chunk 1 text run 1 at (1600.00,1420.00) startOffset 0 endOffset 11 width 77.76: "just a text"
      LayoutSVGText {text} at (1698,1402) size 80x23 contains 1 chunk(s)
        LayoutSVGInlineText {#text} at (0,0) size 79x23
          chunk 1 text run 1 at (1700.00,1420.00) startOffset 0 endOffset 11 width 77.76: "just a text"
      LayoutSVGText {text} at (1798,1402) size 80x23 contains 1 chunk(s)
        LayoutSVGInlineText {#text} at (0,0) size 79x23
          chunk 1 text run 1 at (1800.00,1420.00) startOffset 0 endOffset 11 width 77.76: "just a text"
      LayoutSVGText {text} at (1898,1402) size 80x23 contains 1 chunk(s)
        LayoutSVGInlineText {#text} at (0,0) size 79x23
          chunk 1 text run 1 at (1900.00,1420.00) startOffset 0 endOffset 11 width 77.76: "just a text"
      LayoutSVGText {text} at (1998,1402) size 80x23 contains 1 chunk(s)
        LayoutSVGInlineText {#text} at (0,0) size 79x23
          chunk 1 text run 1 at (2000.00,1420.00) startOffset 0 endOffset 11 width 77.76: "just a text"
      LayoutSVGText {text} at (2098,1402) size 80x23 contains 1 chunk(s)
        LayoutSVGInlineText {#text} at (0,0) size 79x23
          chunk 1 text run 1 at (2100.00,1420.00) startOffset 0 endOffset 11 width 77.76: "just a text"
      LayoutSVGText {text} at (2198,1402) size 80x23 contains 1 chunk(s)
        LayoutSVGInlineText {#text} at (0,0) size 79x23
          chunk 1 text run 1 at (2200.00,1420.00) startOffset 0 endOffset 11 width 77.76: "just a text"
      LayoutSVGText {text} at (2298,1402) size 80x23 contains 1 chunk(s)
        LayoutSVGInlineText {#text} at (0,0) size 79x23
          chunk 1 text run 1 at (2300.00,1420.00) startOffset 0 endOffset 11 width 77.76: "just a text"
      LayoutSVGText {text} at (2398,1402) size 80x23 contains 1 chunk(s)
        LayoutSVGInlineText {#text} at (0,0) size 79x23
          chunk 1 text run 1 at (2400.00,1420.00) startOffset 0 endOffset 11 width 77.76: "just a text"
      LayoutSVGText {text} at (2498,1402) size 80x23 contains 1 chunk(s)
        LayoutSVGInlineText {#text} at (0,0) size 79x23
          chunk 1 text run 1 at (2500.00,1420.00) startOffset 0 endOffset 11 width 77.76: "just a text"
      LayoutSVGText {text} at (2598,1402) size 80x23 contains 1 chunk(s)
        LayoutSVGInlineText {#text} at (0,0) size 79x23
          chunk 1 text run 1 at (2600.00,1420.00) startOffset 0 endOffset 11 width 77.76: "just a text"
      LayoutSVGText {text} at (2698,1402) size 80x23 contains 1 chunk(s)
        LayoutSVGInlineText {#text} at (0,0) size 79x23
          chunk 1 text run 1 at (2700.00,1420.00) startOffset 0 endOffset 11 width 77.76: "just a text"
      LayoutSVGText {text} at (2798,1402) size 80x23 contains 1 chunk(s)
        LayoutSVGInlineText {#text} at (0,0) size 79x23
          chunk 1 text run 1 at (2800.00,1420.00) startOffset 0 endOffset 11 width 77.76: "just a text"
      LayoutSVGText {text} at (2898,1402) size 80x23 contains 1 chunk(s)
        LayoutSVGInlineText {#text} at (0,0) size 79x23
          chunk 1 text run 1 at (2900.00,1420.00) startOffset 0 endOffset 11 width 77.76: "just a text"
      LayoutSVGText {text} at (2998,1402) size 80x23 contains 1 chunk(s)
        LayoutSVGInlineText {#text} at (0,0) size 79x23
          chunk 1 text run 1 at (3000.00,1420.00) startOffset 0 endOffset 11 width 77.76: "just a text"
      LayoutSVGText {text} at (3098,1402) size 80x23 contains 1 chunk(s)
        LayoutSVGInlineText {#text} at (0,0) size 79x23
          chunk 1 text run 1 at (3100.00,1420.00) startOffset 0 endOffset 11 width 77.76: "just a text"
      LayoutSVGText {text} at (3198,1402) size 80x23 contains 1 chunk(s)
        LayoutSVGInlineText {#text} at (0,0) size 79x23
          chunk 1 text run 1 at (3200.00,1420.00) startOffset 0 endOffset 11 width 77.76: "just a text"
      LayoutSVGText {text} at (3298,1402) size 80x23 contains 1 chunk(s)
        LayoutSVGInlineText {#text} at (0,0) size 79x23
          chunk 1 text run 1 at (3300.00,1420.00) startOffset 0 endOffset 11 width 77.76: "just a text"
      LayoutSVGText {text} at (3398,1402) size 80x23 contains 1 chunk(s)
        LayoutSVGInlineText {#text} at (0,0) size 79x23
          chunk 1 text run 1 at (3400.00,1420.00) startOffset 0 endOffset 11 width 77.76: "just a text"
      LayoutSVGText {text} at (3498,1402) size 80x23 contains 1 chunk(s)
        LayoutSVGInlineText {#text} at (0,0) size 79x23
          chunk 1 text run 1 at (3500.00,1420.00) startOffset 0 endOffset 11 width 77.76: "just a text"
      LayoutSVGText {text} at (3598,1402) size 80x23 contains 1 chunk(s)
        LayoutSVGInlineText {#text} at (0,0) size 79x23
          chunk 1 text run 1 at (3600.00,1420.00) startOffset 0 endOffset 11 width 77.76: "just a text"
      LayoutSVGText {text} at (3698,1402) size 80x23 contains 1 chunk(s)
        LayoutSVGInlineText {#text} at (0,0) size 79x23
          chunk 1 text run 1 at (3700.00,1420.00) startOffset 0 endOffset 11 width 77.76: "just a text"
      LayoutSVGText {text} at (3798,1402) size 80x23 contains 1 chunk(s)
        LayoutSVGInlineText {#text} at (0,0) size 79x23
          chunk 1 text run 1 at (3800.00,1420.00) startOffset 0 endOffset 11 width 77.76: "just a text"
      LayoutSVGText {text} at (3898,1402) size 80x23 contains 1 chunk(s)
        LayoutSVGInlineText {#text} at (0,0) size 79x23
          chunk 1 text run 1 at (3900.00,1420.00) startOffset 0 endOffset 11 width 77.76: "just a text"
      LayoutSVGText {text} at (3998,1402) size 80x23 contains 1 chunk(s)
        LayoutSVGInlineText {#text} at (0,0) size 79x23
          chunk 1 text run 1 at (4000.00,1420.00) startOffset 0 endOffset 11 width 77.76: "just a text"
      LayoutSVGText {text} at (4098,1402) size 80x23 contains 1 chunk(s)
        LayoutSVGInlineText {#text} at (0,0) size 79x23
          chunk 1 text run 1 at (4100.00,1420.00) startOffset 0 endOffset 11 width 77.76: "just a text"
      LayoutSVGText {text} at (4198,1402) size 80x23 contains 1 chunk(s)
        LayoutSVGInlineText {#text} at (0,0) size 79x23
          chunk 1 text run 1 at (4200.00,1420.00) startOffset 0 endOffset 11 width 77.76: "just a text"
      LayoutSVGText {text} at (4298,1402) size 80x23 contains 1 chunk(s)
        LayoutSVGInlineText {#text} at (0,0) size 79x23
          chunk 1 text run 1 at (4300.00,1420.00) startOffset 0 endOffset 11 width 77.76: "just a text"
      LayoutSVGText {text} at (4398,1402) size 80x23 contains 1 chunk(s)
        LayoutSVGInlineText {#text} at (0,0) size 79x23
          chunk 1 text run 1 at (4400.00,1420.00) startOffset 0 endOffset 11 width 77.76: "just a text"
      LayoutSVGText {text} at (4498,1402) size 80x23 contains 1 chunk(s)
        LayoutSVGInlineText {#text} at (0,0) size 79x23
          chunk 1 text run 1 at (4500.00,1420.00) startOffset 0 endOffset 11 width 77.76: "just a text"
      LayoutSVGText {text} at (4598,1402) size 80x23 contains 1 chunk(s)
        LayoutSVGInlineText {#text} at (0,0) size 79x23
          chunk 1 text run 1 at (4600.00,1420.00) startOffset 0 endOffset 11 width 77.76: "just a text"
      LayoutSVGText {text} at (4698,1402) size 80x23 contains 1 chunk(s)
        LayoutSVGInlineText {#text} at (0,0) size 79x23
          chunk 1 text run 1 at (4700.00,1420.00) startOffset 0 endOffset 11 width 77.76: "just a text"
      LayoutSVGText {text} at (4798,1402) size 80x23 contains 1 chunk(s)
        LayoutSVGInlineText {#text} at (0,0) size 79x23
          chunk 1 text run 1 at (4800.00,1420.00) startOffset 0 endOffset 11 width 77.76: "just a text"
      LayoutSVGText {text} at (4898,1402) size 80x23 contains 1 chunk(s)
        LayoutSVGInlineText {#text} at (0,0) size 79x23
          chunk 1 text run 1 at (4900.00,1420.00) startOffset 0 endOffset 11 width 77.76: "just a text"
      LayoutSVGText {text} at (-2,1502) size 80x23 contains 1 chunk(s)
        LayoutSVGInlineText {#text} at (0,0) size 79x23
          chunk 1 text run 1 at (0.00,1520.00) startOffset 0 endOffset 11 width 77.76: "just a text"
      LayoutSVGText {text} at (98,1502) size 80x23 contains 1 chunk(s)
        LayoutSVGInlineText {#text} at (0,0) size 79x23
          chunk 1 text run 1 at (100.00,1520.00) startOffset 0 endOffset 11 width 77.76: "just a text"
      LayoutSVGText {text} at (198,1502) size 80x23 contains 1 chunk(s)
        LayoutSVGInlineText {#text} at (0,0) size 79x23
          chunk 1 text run 1 at (200.00,1520.00) startOffset 0 endOffset 11 width 77.76: "just a text"
      LayoutSVGText {text} at (298,1502) size 80x23 contains 1 chunk(s)
        LayoutSVGInlineText {#text} at (0,0) size 79x23
          chunk 1 text run 1 at (300.00,1520.00) startOffset 0 endOffset 11 width 77.76: "just a text"
      LayoutSVGText {text} at (398,1502) size 80x23 contains 1 chunk(s)
        LayoutSVGInlineText {#text} at (0,0) size 79x23
          chunk 1 text run 1 at (400.00,1520.00) startOffset 0 endOffset 11 width 77.76: "just a text"
      LayoutSVGText {text} at (498,1502) size 80x23 contains 1 chunk(s)
        LayoutSVGInlineText {#text} at (0,0) size 79x23
          chunk 1 text run 1 at (500.00,1520.00) startOffset 0 endOffset 11 width 77.76: "just a text"
      LayoutSVGText {text} at (598,1502) size 80x23 contains 1 chunk(s)
        LayoutSVGInlineText {#text} at (0,0) size 79x23
          chunk 1 text run 1 at (600.00,1520.00) startOffset 0 endOffset 11 width 77.76: "just a text"
      LayoutSVGText {text} at (698,1502) size 80x23 contains 1 chunk(s)
        LayoutSVGInlineText {#text} at (0,0) size 79x23
          chunk 1 text run 1 at (700.00,1520.00) startOffset 0 endOffset 11 width 77.76: "just a text"
      LayoutSVGText {text} at (798,1502) size 80x23 contains 1 chunk(s)
        LayoutSVGInlineText {#text} at (0,0) size 79x23
          chunk 1 text run 1 at (800.00,1520.00) startOffset 0 endOffset 11 width 77.76: "just a text"
      LayoutSVGText {text} at (898,1502) size 80x23 contains 1 chunk(s)
        LayoutSVGInlineText {#text} at (0,0) size 79x23
          chunk 1 text run 1 at (900.00,1520.00) startOffset 0 endOffset 11 width 77.76: "just a text"
      LayoutSVGText {text} at (998,1502) size 80x23 contains 1 chunk(s)
        LayoutSVGInlineText {#text} at (0,0) size 79x23
          chunk 1 text run 1 at (1000.00,1520.00) startOffset 0 endOffset 11 width 77.76: "just a text"
      LayoutSVGText {text} at (1098,1502) size 80x23 contains 1 chunk(s)
        LayoutSVGInlineText {#text} at (0,0) size 79x23
          chunk 1 text run 1 at (1100.00,1520.00) startOffset 0 endOffset 11 width 77.76: "just a text"
      LayoutSVGText {text} at (1198,1502) size 80x23 contains 1 chunk(s)
        LayoutSVGInlineText {#text} at (0,0) size 79x23
          chunk 1 text run 1 at (1200.00,1520.00) startOffset 0 endOffset 11 width 77.76: "just a text"
      LayoutSVGText {text} at (1298,1502) size 80x23 contains 1 chunk(s)
        LayoutSVGInlineText {#text} at (0,0) size 79x23
          chunk 1 text run 1 at (1300.00,1520.00) startOffset 0 endOffset 11 width 77.76: "just a text"
      LayoutSVGText {text} at (1398,1502) size 80x23 contains 1 chunk(s)
        LayoutSVGInlineText {#text} at (0,0) size 79x23
          chunk 1 text run 1 at (1400.00,1520.00) startOffset 0 endOffset 11 width 77.76: "just a text"
      LayoutSVGText {text} at (1498,1502) size 80x23 contains 1 chunk(s)
        LayoutSVGInlineText {#text} at (0,0) size 79x23
          chunk 1 text run 1 at (1500.00,1520.00) startOffset 0 endOffset 11 width 77.76: "just a text"
      LayoutSVGText {text} at (1598,1502) size 80x23 contains 1 chunk(s)
        LayoutSVGInlineText {#text} at (0,0) size 79x23
          chunk 1 text run 1 at (1600.00,1520.00) startOffset 0 endOffset 11 width 77.76: "just a text"
      LayoutSVGText {text} at (1698,1502) size 80x23 contains 1 chunk(s)
        LayoutSVGInlineText {#text} at (0,0) size 79x23
          chunk 1 text run 1 at (1700.00,1520.00) startOffset 0 endOffset 11 width 77.76: "just a text"
      LayoutSVGText {text} at (1798,1502) size 80x23 contains 1 chunk(s)
        LayoutSVGInlineText {#text} at (0,0) size 79x23
          chunk 1 text run 1 at (1800.00,1520.00) startOffset 0 endOffset 11 width 77.76: "just a text"
      LayoutSVGText {text} at (1898,1502) size 80x23 contains 1 chunk(s)
        LayoutSVGInlineText {#text} at (0,0) size 79x23
          chunk 1 text run 1 at (1900.00,1520.00) startOffset 0 endOffset 11 width 77.76: "just a text"
      LayoutSVGText {text} at (1998,1502) size 80x23 contains 1 chunk(s)
        LayoutSVGInlineText {#text} at (0,0) size 79x23
          chunk 1 text run 1 at (2000.00,1520.00) startOffset 0 endOffset 11 width 77.76: "just a text"
      LayoutSVGText {text} at (2098,1502) size 80x23 contains 1 chunk(s)
        LayoutSVGInlineText {#text} at (0,0) size 79x23
          chunk 1 text run 1 at (2100.00,1520.00) startOffset 0 endOffset 11 width 77.76: "just a text"
      LayoutSVGText {text} at (2198,1502) size 80x23 contains 1 chunk(s)
        LayoutSVGInlineText {#text} at (0,0) size 79x23
          chunk 1 text run 1 at (2200.00,1520.00) startOffset 0 endOffset 11 width 77.76: "just a text"
      LayoutSVGText {text} at (2298,1502) size 80x23 contains 1 chunk(s)
        LayoutSVGInlineText {#text} at (0,0) size 79x23
          chunk 1 text run 1 at (2300.00,1520.00) startOffset 0 endOffset 11 width 77.76: "just a text"
      LayoutSVGText {text} at (2398,1502) size 80x23 contains 1 chunk(s)
        LayoutSVGInlineText {#text} at (0,0) size 79x23
          chunk 1 text run 1 at (2400.00,1520.00) startOffset 0 endOffset 11 width 77.76: "just a text"
      LayoutSVGText {text} at (2498,1502) size 80x23 contains 1 chunk(s)
        LayoutSVGInlineText {#text} at (0,0) size 79x23
          chunk 1 text run 1 at (2500.00,1520.00) startOffset 0 endOffset 11 width 77.76: "just a text"
      LayoutSVGText {text} at (2598,1502) size 80x23 contains 1 chunk(s)
        LayoutSVGInlineText {#text} at (0,0) size 79x23
          chunk 1 text run 1 at (2600.00,1520.00) startOffset 0 endOffset 11 width 77.76: "just a text"
      LayoutSVGText {text} at (2698,1502) size 80x23 contains 1 chunk(s)
        LayoutSVGInlineText {#text} at (0,0) size 79x23
          chunk 1 text run 1 at (2700.00,1520.00) startOffset 0 endOffset 11 width 77.76: "just a text"
      LayoutSVGText {text} at (2798,1502) size 80x23 contains 1 chunk(s)
        LayoutSVGInlineText {#text} at (0,0) size 79x23
          chunk 1 text run 1 at (2800.00,1520.00) startOffset 0 endOffset 11 width 77.76: "just a text"
      LayoutSVGText {text} at (2898,1502) size 80x23 contains 1 chunk(s)
        LayoutSVGInlineText {#text} at (0,0) size 79x23
          chunk 1 text run 1 at (2900.00,1520.00) startOffset 0 endOffset 11 width 77.76: "just a text"
      LayoutSVGText {text} at (2998,1502) size 80x23 contains 1 chunk(s)
        LayoutSVGInlineText {#text} at (0,0) size 79x23
          chunk 1 text run 1 at (3000.00,1520.00) startOffset 0 endOffset 11 width 77.76: "just a text"
      LayoutSVGText {text} at (3098,1502) size 80x23 contains 1 chunk(s)
        LayoutSVGInlineText {#text} at (0,0) size 79x23
          chunk 1 text run 1 at (3100.00,1520.00) startOffset 0 endOffset 11 width 77.76: "just a text"
      LayoutSVGText {text} at (3198,1502) size 80x23 contains 1 chunk(s)
        LayoutSVGInlineText {#text} at (0,0) size 79x23
          chunk 1 text run 1 at (3200.00,1520.00) startOffset 0 endOffset 11 width 77.76: "just a text"
      LayoutSVGText {text} at (3298,1502) size 80x23 contains 1 chunk(s)
        LayoutSVGInlineText {#text} at (0,0) size 79x23
          chunk 1 text run 1 at (3300.00,1520.00) startOffset 0 endOffset 11 width 77.76: "just a text"
      LayoutSVGText {text} at (3398,1502) size 80x23 contains 1 chunk(s)
        LayoutSVGInlineText {#text} at (0,0) size 79x23
          chunk 1 text run 1 at (3400.00,1520.00) startOffset 0 endOffset 11 width 77.76: "just a text"
      LayoutSVGText {text} at (3498,1502) size 80x23 contains 1 chunk(s)
        LayoutSVGInlineText {#text} at (0,0) size 79x23
          chunk 1 text run 1 at (3500.00,1520.00) startOffset 0 endOffset 11 width 77.76: "just a text"
      LayoutSVGText {text} at (3598,1502) size 80x23 contains 1 chunk(s)
        LayoutSVGInlineText {#text} at (0,0) size 79x23
          chunk 1 text run 1 at (3600.00,1520.00) startOffset 0 endOffset 11 width 77.76: "just a text"
      LayoutSVGText {text} at (3698,1502) size 80x23 contains 1 chunk(s)
        LayoutSVGInlineText {#text} at (0,0) size 79x23
          chunk 1 text run 1 at (3700.00,1520.00) startOffset 0 endOffset 11 width 77.76: "just a text"
      LayoutSVGText {text} at (3798,1502) size 80x23 contains 1 chunk(s)
        LayoutSVGInlineText {#text} at (0,0) size 79x23
          chunk 1 text run 1 at (3800.00,1520.00) startOffset 0 endOffset 11 width 77.76: "just a text"
      LayoutSVGText {text} at (3898,1502) size 80x23 contains 1 chunk(s)
        LayoutSVGInlineText {#text} at (0,0) size 79x23
          chunk 1 text run 1 at (3900.00,1520.00) startOffset 0 endOffset 11 width 77.76: "just a text"
      LayoutSVGText {text} at (3998,1502) size 80x23 contains 1 chunk(s)
        LayoutSVGInlineText {#text} at (0,0) size 79x23
          chunk 1 text run 1 at (4000.00,1520.00) startOffset 0 endOffset 11 width 77.76: "just a text"
      LayoutSVGText {text} at (4098,1502) size 80x23 contains 1 chunk(s)
        LayoutSVGInlineText {#text} at (0,0) size 79x23
          chunk 1 text run 1 at (4100.00,1520.00) startOffset 0 endOffset 11 width 77.76: "just a text"
      LayoutSVGText {text} at (4198,1502) size 80x23 contains 1 chunk(s)
        LayoutSVGInlineText {#text} at (0,0) size 79x23
          chunk 1 text run 1 at (4200.00,1520.00) startOffset 0 endOffset 11 width 77.76: "just a text"
      LayoutSVGText {text} at (4298,1502) size 80x23 contains 1 chunk(s)
        LayoutSVGInlineText {#text} at (0,0) size 79x23
          chunk 1 text run 1 at (4300.00,1520.00) startOffset 0 endOffset 11 width 77.76: "just a text"
      LayoutSVGText {text} at (4398,1502) size 80x23 contains 1 chunk(s)
        LayoutSVGInlineText {#text} at (0,0) size 79x23
          chunk 1 text run 1 at (4400.00,1520.00) startOffset 0 endOffset 11 width 77.76: "just a text"
      LayoutSVGText {text} at (4498,1502) size 80x23 contains 1 chunk(s)
        LayoutSVGInlineText {#text} at (0,0) size 79x23
          chunk 1 text run 1 at (4500.00,1520.00) startOffset 0 endOffset 11 width 77.76: "just a text"
      LayoutSVGText {text} at (4598,1502) size 80x23 contains 1 chunk(s)
        LayoutSVGInlineText {#text} at (0,0) size 79x23
          chunk 1 text run 1 at (4600.00,1520.00) startOffset 0 endOffset 11 width 77.76: "just a text"
      LayoutSVGText {text} at (4698,1502) size 80x23 contains 1 chunk(s)
        LayoutSVGInlineText {#text} at (0,0) size 79x23
          chunk 1 text run 1 at (4700.00,1520.00) startOffset 0 endOffset 11 width 77.76: "just a text"
      LayoutSVGText {text} at (4798,1502) size 80x23 contains 1 chunk(s)
        LayoutSVGInlineText {#text} at (0,0) size 79x23
          chunk 1 text run 1 at (4800.00,1520.00) startOffset 0 endOffset 11 width 77.76: "just a text"
      LayoutSVGText {text} at (4898,1502) size 80x23 contains 1 chunk(s)
        LayoutSVGInlineText {#text} at (0,0) size 79x23
          chunk 1 text run 1 at (4900.00,1520.00) startOffset 0 endOffset 11 width 77.76: "just a text"
      LayoutSVGText {text} at (-2,1602) size 80x23 contains 1 chunk(s)
        LayoutSVGInlineText {#text} at (0,0) size 79x23
          chunk 1 text run 1 at (0.00,1620.00) startOffset 0 endOffset 11 width 77.76: "just a text"
      LayoutSVGText {text} at (98,1602) size 80x23 contains 1 chunk(s)
        LayoutSVGInlineText {#text} at (0,0) size 79x23
          chunk 1 text run 1 at (100.00,1620.00) startOffset 0 endOffset 11 width 77.76: "just a text"
      LayoutSVGText {text} at (198,1602) size 80x23 contains 1 chunk(s)
        LayoutSVGInlineText {#text} at (0,0) size 79x23
          chunk 1 text run 1 at (200.00,1620.00) startOffset 0 endOffset 11 width 77.76: "just a text"
      LayoutSVGText {text} at (298,1602) size 80x23 contains 1 chunk(s)
        LayoutSVGInlineText {#text} at (0,0) size 79x23
          chunk 1 text run 1 at (300.00,1620.00) startOffset 0 endOffset 11 width 77.76: "just a text"
      LayoutSVGText {text} at (398,1602) size 80x23 contains 1 chunk(s)
        LayoutSVGInlineText {#text} at (0,0) size 79x23
          chunk 1 text run 1 at (400.00,1620.00) startOffset 0 endOffset 11 width 77.76: "just a text"
      LayoutSVGText {text} at (498,1602) size 80x23 contains 1 chunk(s)
        LayoutSVGInlineText {#text} at (0,0) size 79x23
          chunk 1 text run 1 at (500.00,1620.00) startOffset 0 endOffset 11 width 77.76: "just a text"
      LayoutSVGText {text} at (598,1602) size 80x23 contains 1 chunk(s)
        LayoutSVGInlineText {#text} at (0,0) size 79x23
          chunk 1 text run 1 at (600.00,1620.00) startOffset 0 endOffset 11 width 77.76: "just a text"
      LayoutSVGText {text} at (698,1602) size 80x23 contains 1 chunk(s)
        LayoutSVGInlineText {#text} at (0,0) size 79x23
          chunk 1 text run 1 at (700.00,1620.00) startOffset 0 endOffset 11 width 77.76: "just a text"
      LayoutSVGText {text} at (798,1602) size 80x23 contains 1 chunk(s)
        LayoutSVGInlineText {#text} at (0,0) size 79x23
          chunk 1 text run 1 at (800.00,1620.00) startOffset 0 endOffset 11 width 77.76: "just a text"
      LayoutSVGText {text} at (898,1602) size 80x23 contains 1 chunk(s)
        LayoutSVGInlineText {#text} at (0,0) size 79x23
          chunk 1 text run 1 at (900.00,1620.00) startOffset 0 endOffset 11 width 77.76: "just a text"
      LayoutSVGText {text} at (998,1602) size 80x23 contains 1 chunk(s)
        LayoutSVGInlineText {#text} at (0,0) size 79x23
          chunk 1 text run 1 at (1000.00,1620.00) startOffset 0 endOffset 11 width 77.76: "just a text"
      LayoutSVGText {text} at (1098,1602) size 80x23 contains 1 chunk(s)
        LayoutSVGInlineText {#text} at (0,0) size 79x23
          chunk 1 text run 1 at (1100.00,1620.00) startOffset 0 endOffset 11 width 77.76: "just a text"
      LayoutSVGText {text} at (1198,1602) size 80x23 contains 1 chunk(s)
        LayoutSVGInlineText {#text} at (0,0) size 79x23
          chunk 1 text run 1 at (1200.00,1620.00) startOffset 0 endOffset 11 width 77.76: "just a text"
      LayoutSVGText {text} at (1298,1602) size 80x23 contains 1 chunk(s)
        LayoutSVGInlineText {#text} at (0,0) size 79x23
          chunk 1 text run 1 at (1300.00,1620.00) startOffset 0 endOffset 11 width 77.76: "just a text"
      LayoutSVGText {text} at (1398,1602) size 80x23 contains 1 chunk(s)
        LayoutSVGInlineText {#text} at (0,0) size 79x23
          chunk 1 text run 1 at (1400.00,1620.00) startOffset 0 endOffset 11 width 77.76: "just a text"
      LayoutSVGText {text} at (1498,1602) size 80x23 contains 1 chunk(s)
        LayoutSVGInlineText {#text} at (0,0) size 79x23
          chunk 1 text run 1 at (1500.00,1620.00) startOffset 0 endOffset 11 width 77.76: "just a text"
      LayoutSVGText {text} at (1598,1602) size 80x23 contains 1 chunk(s)
        LayoutSVGInlineText {#text} at (0,0) size 79x23
          chunk 1 text run 1 at (1600.00,1620.00) startOffset 0 endOffset 11 width 77.76: "just a text"
      LayoutSVGText {text} at (1698,1602) size 80x23 contains 1 chunk(s)
        LayoutSVGInlineText {#text} at (0,0) size 79x23
          chunk 1 text run 1 at (1700.00,1620.00) startOffset 0 endOffset 11 width 77.76: "just a text"
      LayoutSVGText {text} at (1798,1602) size 80x23 contains 1 chunk(s)
        LayoutSVGInlineText {#text} at (0,0) size 79x23
          chunk 1 text run 1 at (1800.00,1620.00) startOffset 0 endOffset 11 width 77.76: "just a text"
      LayoutSVGText {text} at (1898,1602) size 80x23 contains 1 chunk(s)
        LayoutSVGInlineText {#text} at (0,0) size 79x23
          chunk 1 text run 1 at (1900.00,1620.00) startOffset 0 endOffset 11 width 77.76: "just a text"
      LayoutSVGText {text} at (1998,1602) size 80x23 contains 1 chunk(s)
        LayoutSVGInlineText {#text} at (0,0) size 79x23
          chunk 1 text run 1 at (2000.00,1620.00) startOffset 0 endOffset 11 width 77.76: "just a text"
      LayoutSVGText {text} at (2098,1602) size 80x23 contains 1 chunk(s)
        LayoutSVGInlineText {#text} at (0,0) size 79x23
          chunk 1 text run 1 at (2100.00,1620.00) startOffset 0 endOffset 11 width 77.76: "just a text"
      LayoutSVGText {text} at (2198,1602) size 80x23 contains 1 chunk(s)
        LayoutSVGInlineText {#text} at (0,0) size 79x23
          chunk 1 text run 1 at (2200.00,1620.00) startOffset 0 endOffset 11 width 77.76: "just a text"
      LayoutSVGText {text} at (2298,1602) size 80x23 contains 1 chunk(s)
        LayoutSVGInlineText {#text} at (0,0) size 79x23
          chunk 1 text run 1 at (2300.00,1620.00) startOffset 0 endOffset 11 width 77.76: "just a text"
      LayoutSVGText {text} at (2398,1602) size 80x23 contains 1 chunk(s)
        LayoutSVGInlineText {#text} at (0,0) size 79x23
          chunk 1 text run 1 at (2400.00,1620.00) startOffset 0 endOffset 11 width 77.76: "just a text"
      LayoutSVGText {text} at (2498,1602) size 80x23 contains 1 chunk(s)
        LayoutSVGInlineText {#text} at (0,0) size 79x23
          chunk 1 text run 1 at (2500.00,1620.00) startOffset 0 endOffset 11 width 77.76: "just a text"
      LayoutSVGText {text} at (2598,1602) size 80x23 contains 1 chunk(s)
        LayoutSVGInlineText {#text} at (0,0) size 79x23
          chunk 1 text run 1 at (2600.00,1620.00) startOffset 0 endOffset 11 width 77.76: "just a text"
      LayoutSVGText {text} at (2698,1602) size 80x23 contains 1 chunk(s)
        LayoutSVGInlineText {#text} at (0,0) size 79x23
          chunk 1 text run 1 at (2700.00,1620.00) startOffset 0 endOffset 11 width 77.76: "just a text"
      LayoutSVGText {text} at (2798,1602) size 80x23 contains 1 chunk(s)
        LayoutSVGInlineText {#text} at (0,0) size 79x23
          chunk 1 text run 1 at (2800.00,1620.00) startOffset 0 endOffset 11 width 77.76: "just a text"
      LayoutSVGText {text} at (2898,1602) size 80x23 contains 1 chunk(s)
        LayoutSVGInlineText {#text} at (0,0) size 79x23
          chunk 1 text run 1 at (2900.00,1620.00) startOffset 0 endOffset 11 width 77.76: "just a text"
      LayoutSVGText {text} at (2998,1602) size 80x23 contains 1 chunk(s)
        LayoutSVGInlineText {#text} at (0,0) size 79x23
          chunk 1 text run 1 at (3000.00,1620.00) startOffset 0 endOffset 11 width 77.76: "just a text"
      LayoutSVGText {text} at (3098,1602) size 80x23 contains 1 chunk(s)
        LayoutSVGInlineText {#text} at (0,0) size 79x23
          chunk 1 text run 1 at (3100.00,1620.00) startOffset 0 endOffset 11 width 77.76: "just a text"
      LayoutSVGText {text} at (3198,1602) size 80x23 contains 1 chunk(s)
        LayoutSVGInlineText {#text} at (0,0) size 79x23
          chunk 1 text run 1 at (3200.00,1620.00) startOffset 0 endOffset 11 width 77.76: "just a text"
      LayoutSVGText {text} at (3298,1602) size 80x23 contains 1 chunk(s)
        LayoutSVGInlineText {#text} at (0,0) size 79x23
          chunk 1 text run 1 at (3300.00,1620.00) startOffset 0 endOffset 11 width 77.76: "just a text"
      LayoutSVGText {text} at (3398,1602) size 80x23 contains 1 chunk(s)
        LayoutSVGInlineText {#text} at (0,0) size 79x23
          chunk 1 text run 1 at (3400.00,1620.00) startOffset 0 endOffset 11 width 77.76: "just a text"
      LayoutSVGText {text} at (3498,1602) size 80x23 contains 1 chunk(s)
        LayoutSVGInlineText {#text} at (0,0) size 79x23
          chunk 1 text run 1 at (3500.00,1620.00) startOffset 0 endOffset 11 width 77.76: "just a text"
      LayoutSVGText {text} at (3598,1602) size 80x23 contains 1 chunk(s)
        LayoutSVGInlineText {#text} at (0,0) size 79x23
          chunk 1 text run 1 at (3600.00,1620.00) startOffset 0 endOffset 11 width 77.76: "just a text"
      LayoutSVGText {text} at (3698,1602) size 80x23 contains 1 chunk(s)
        LayoutSVGInlineText {#text} at (0,0) size 79x23
          chunk 1 text run 1 at (3700.00,1620.00) startOffset 0 endOffset 11 width 77.76: "just a text"
      LayoutSVGText {text} at (3798,1602) size 80x23 contains 1 chunk(s)
        LayoutSVGInlineText {#text} at (0,0) size 79x23
          chunk 1 text run 1 at (3800.00,1620.00) startOffset 0 endOffset 11 width 77.76: "just a text"
      LayoutSVGText {text} at (3898,1602) size 80x23 contains 1 chunk(s)
        LayoutSVGInlineText {#text} at (0,0) size 79x23
          chunk 1 text run 1 at (3900.00,1620.00) startOffset 0 endOffset 11 width 77.76: "just a text"
      LayoutSVGText {text} at (3998,1602) size 80x23 contains 1 chunk(s)
        LayoutSVGInlineText {#text} at (0,0) size 79x23
          chunk 1 text run 1 at (4000.00,1620.00) startOffset 0 endOffset 11 width 77.76: "just a text"
      LayoutSVGText {text} at (4098,1602) size 80x23 contains 1 chunk(s)
        LayoutSVGInlineText {#text} at (0,0) size 79x23
          chunk 1 text run 1 at (4100.00,1620.00) startOffset 0 endOffset 11 width 77.76: "just a text"
      LayoutSVGText {text} at (4198,1602) size 80x23 contains 1 chunk(s)
        LayoutSVGInlineText {#text} at (0,0) size 79x23
          chunk 1 text run 1 at (4200.00,1620.00) startOffset 0 endOffset 11 width 77.76: "just a text"
      LayoutSVGText {text} at (4298,1602) size 80x23 contains 1 chunk(s)
        LayoutSVGInlineText {#text} at (0,0) size 79x23
          chunk 1 text run 1 at (4300.00,1620.00) startOffset 0 endOffset 11 width 77.76: "just a text"
      LayoutSVGText {text} at (4398,1602) size 80x23 contains 1 chunk(s)
        LayoutSVGInlineText {#text} at (0,0) size 79x23
          chunk 1 text run 1 at (4400.00,1620.00) startOffset 0 endOffset 11 width 77.76: "just a text"
      LayoutSVGText {text} at (4498,1602) size 80x23 contains 1 chunk(s)
        LayoutSVGInlineText {#text} at (0,0) size 79x23
          chunk 1 text run 1 at (4500.00,1620.00) startOffset 0 endOffset 11 width 77.76: "just a text"
      LayoutSVGText {text} at (4598,1602) size 80x23 contains 1 chunk(s)
        LayoutSVGInlineText {#text} at (0,0) size 79x23
          chunk 1 text run 1 at (4600.00,1620.00) startOffset 0 endOffset 11 width 77.76: "just a text"
      LayoutSVGText {text} at (4698,1602) size 80x23 contains 1 chunk(s)
        LayoutSVGInlineText {#text} at (0,0) size 79x23
          chunk 1 text run 1 at (4700.00,1620.00) startOffset 0 endOffset 11 width 77.76: "just a text"
      LayoutSVGText {text} at (4798,1602) size 80x23 contains 1 chunk(s)
        LayoutSVGInlineText {#text} at (0,0) size 79x23
          chunk 1 text run 1 at (4800.00,1620.00) startOffset 0 endOffset 11 width 77.76: "just a text"
      LayoutSVGText {text} at (4898,1602) size 80x23 contains 1 chunk(s)
        LayoutSVGInlineText {#text} at (0,0) size 79x23
          chunk 1 text run 1 at (4900.00,1620.00) startOffset 0 endOffset 11 width 77.76: "just a text"
      LayoutSVGText {text} at (-2,1702) size 80x23 contains 1 chunk(s)
        LayoutSVGInlineText {#text} at (0,0) size 79x23
          chunk 1 text run 1 at (0.00,1720.00) startOffset 0 endOffset 11 width 77.76: "just a text"
      LayoutSVGText {text} at (98,1702) size 80x23 contains 1 chunk(s)
        LayoutSVGInlineText {#text} at (0,0) size 79x23
          chunk 1 text run 1 at (100.00,1720.00) startOffset 0 endOffset 11 width 77.76: "just a text"
      LayoutSVGText {text} at (198,1702) size 80x23 contains 1 chunk(s)
        LayoutSVGInlineText {#text} at (0,0) size 79x23
          chunk 1 text run 1 at (200.00,1720.00) startOffset 0 endOffset 11 width 77.76: "just a text"
      LayoutSVGText {text} at (298,1702) size 80x23 contains 1 chunk(s)
        LayoutSVGInlineText {#text} at (0,0) size 79x23
          chunk 1 text run 1 at (300.00,1720.00) startOffset 0 endOffset 11 width 77.76: "just a text"
      LayoutSVGText {text} at (398,1702) size 80x23 contains 1 chunk(s)
        LayoutSVGInlineText {#text} at (0,0) size 79x23
          chunk 1 text run 1 at (400.00,1720.00) startOffset 0 endOffset 11 width 77.76: "just a text"
      LayoutSVGText {text} at (498,1702) size 80x23 contains 1 chunk(s)
        LayoutSVGInlineText {#text} at (0,0) size 79x23
          chunk 1 text run 1 at (500.00,1720.00) startOffset 0 endOffset 11 width 77.76: "just a text"
      LayoutSVGText {text} at (598,1702) size 80x23 contains 1 chunk(s)
        LayoutSVGInlineText {#text} at (0,0) size 79x23
          chunk 1 text run 1 at (600.00,1720.00) startOffset 0 endOffset 11 width 77.76: "just a text"
      LayoutSVGText {text} at (698,1702) size 80x23 contains 1 chunk(s)
        LayoutSVGInlineText {#text} at (0,0) size 79x23
          chunk 1 text run 1 at (700.00,1720.00) startOffset 0 endOffset 11 width 77.76: "just a text"
      LayoutSVGText {text} at (798,1702) size 80x23 contains 1 chunk(s)
        LayoutSVGInlineText {#text} at (0,0) size 79x23
          chunk 1 text run 1 at (800.00,1720.00) startOffset 0 endOffset 11 width 77.76: "just a text"
      LayoutSVGText {text} at (898,1702) size 80x23 contains 1 chunk(s)
        LayoutSVGInlineText {#text} at (0,0) size 79x23
          chunk 1 text run 1 at (900.00,1720.00) startOffset 0 endOffset 11 width 77.76: "just a text"
      LayoutSVGText {text} at (998,1702) size 80x23 contains 1 chunk(s)
        LayoutSVGInlineText {#text} at (0,0) size 79x23
          chunk 1 text run 1 at (1000.00,1720.00) startOffset 0 endOffset 11 width 77.76: "just a text"
      LayoutSVGText {text} at (1098,1702) size 80x23 contains 1 chunk(s)
        LayoutSVGInlineText {#text} at (0,0) size 79x23
          chunk 1 text run 1 at (1100.00,1720.00) startOffset 0 endOffset 11 width 77.76: "just a text"
      LayoutSVGText {text} at (1198,1702) size 80x23 contains 1 chunk(s)
        LayoutSVGInlineText {#text} at (0,0) size 79x23
          chunk 1 text run 1 at (1200.00,1720.00) startOffset 0 endOffset 11 width 77.76: "just a text"
      LayoutSVGText {text} at (1298,1702) size 80x23 contains 1 chunk(s)
        LayoutSVGInlineText {#text} at (0,0) size 79x23
          chunk 1 text run 1 at (1300.00,1720.00) startOffset 0 endOffset 11 width 77.76: "just a text"
      LayoutSVGText {text} at (1398,1702) size 80x23 contains 1 chunk(s)
        LayoutSVGInlineText {#text} at (0,0) size 79x23
          chunk 1 text run 1 at (1400.00,1720.00) startOffset 0 endOffset 11 width 77.76: "just a text"
      LayoutSVGText {text} at (1498,1702) size 80x23 contains 1 chunk(s)
        LayoutSVGInlineText {#text} at (0,0) size 79x23
          chunk 1 text run 1 at (1500.00,1720.00) startOffset 0 endOffset 11 width 77.76: "just a text"
      LayoutSVGText {text} at (1598,1702) size 80x23 contains 1 chunk(s)
        LayoutSVGInlineText {#text} at (0,0) size 79x23
          chunk 1 text run 1 at (1600.00,1720.00) startOffset 0 endOffset 11 width 77.76: "just a text"
      LayoutSVGText {text} at (1698,1702) size 80x23 contains 1 chunk(s)
        LayoutSVGInlineText {#text} at (0,0) size 79x23
          chunk 1 text run 1 at (1700.00,1720.00) startOffset 0 endOffset 11 width 77.76: "just a text"
      LayoutSVGText {text} at (1798,1702) size 80x23 contains 1 chunk(s)
        LayoutSVGInlineText {#text} at (0,0) size 79x23
          chunk 1 text run 1 at (1800.00,1720.00) startOffset 0 endOffset 11 width 77.76: "just a text"
      LayoutSVGText {text} at (1898,1702) size 80x23 contains 1 chunk(s)
        LayoutSVGInlineText {#text} at (0,0) size 79x23
          chunk 1 text run 1 at (1900.00,1720.00) startOffset 0 endOffset 11 width 77.76: "just a text"
      LayoutSVGText {text} at (1998,1702) size 80x23 contains 1 chunk(s)
        LayoutSVGInlineText {#text} at (0,0) size 79x23
          chunk 1 text run 1 at (2000.00,1720.00) startOffset 0 endOffset 11 width 77.76: "just a text"
      LayoutSVGText {text} at (2098,1702) size 80x23 contains 1 chunk(s)
        LayoutSVGInlineText {#text} at (0,0) size 79x23
          chunk 1 text run 1 at (2100.00,1720.00) startOffset 0 endOffset 11 width 77.76: "just a text"
      LayoutSVGText {text} at (2198,1702) size 80x23 contains 1 chunk(s)
        LayoutSVGInlineText {#text} at (0,0) size 79x23
          chunk 1 text run 1 at (2200.00,1720.00) startOffset 0 endOffset 11 width 77.76: "just a text"
      LayoutSVGText {text} at (2298,1702) size 80x23 contains 1 chunk(s)
        LayoutSVGInlineText {#text} at (0,0) size 79x23
          chunk 1 text run 1 at (2300.00,1720.00) startOffset 0 endOffset 11 width 77.76: "just a text"
      LayoutSVGText {text} at (2398,1702) size 80x23 contains 1 chunk(s)
        LayoutSVGInlineText {#text} at (0,0) size 79x23
          chunk 1 text run 1 at (2400.00,1720.00) startOffset 0 endOffset 11 width 77.76: "just a text"
      LayoutSVGText {text} at (2498,1702) size 80x23 contains 1 chunk(s)
        LayoutSVGInlineText {#text} at (0,0) size 79x23
          chunk 1 text run 1 at (2500.00,1720.00) startOffset 0 endOffset 11 width 77.76: "just a text"
      LayoutSVGText {text} at (2598,1702) size 80x23 contains 1 chunk(s)
        LayoutSVGInlineText {#text} at (0,0) size 79x23
          chunk 1 text run 1 at (2600.00,1720.00) startOffset 0 endOffset 11 width 77.76: "just a text"
      LayoutSVGText {text} at (2698,1702) size 80x23 contains 1 chunk(s)
        LayoutSVGInlineText {#text} at (0,0) size 79x23
          chunk 1 text run 1 at (2700.00,1720.00) startOffset 0 endOffset 11 width 77.76: "just a text"
      LayoutSVGText {text} at (2798,1702) size 80x23 contains 1 chunk(s)
        LayoutSVGInlineText {#text} at (0,0) size 79x23
          chunk 1 text run 1 at (2800.00,1720.00) startOffset 0 endOffset 11 width 77.76: "just a text"
      LayoutSVGText {text} at (2898,1702) size 80x23 contains 1 chunk(s)
        LayoutSVGInlineText {#text} at (0,0) size 79x23
          chunk 1 text run 1 at (2900.00,1720.00) startOffset 0 endOffset 11 width 77.76: "just a text"
      LayoutSVGText {text} at (2998,1702) size 80x23 contains 1 chunk(s)
        LayoutSVGInlineText {#text} at (0,0) size 79x23
          chunk 1 text run 1 at (3000.00,1720.00) startOffset 0 endOffset 11 width 77.76: "just a text"
      LayoutSVGText {text} at (3098,1702) size 80x23 contains 1 chunk(s)
        LayoutSVGInlineText {#text} at (0,0) size 79x23
          chunk 1 text run 1 at (3100.00,1720.00) startOffset 0 endOffset 11 width 77.76: "just a text"
      LayoutSVGText {text} at (3198,1702) size 80x23 contains 1 chunk(s)
        LayoutSVGInlineText {#text} at (0,0) size 79x23
          chunk 1 text run 1 at (3200.00,1720.00) startOffset 0 endOffset 11 width 77.76: "just a text"
      LayoutSVGText {text} at (3298,1702) size 80x23 contains 1 chunk(s)
        LayoutSVGInlineText {#text} at (0,0) size 79x23
          chunk 1 text run 1 at (3300.00,1720.00) startOffset 0 endOffset 11 width 77.76: "just a text"
      LayoutSVGText {text} at (3398,1702) size 80x23 contains 1 chunk(s)
        LayoutSVGInlineText {#text} at (0,0) size 79x23
          chunk 1 text run 1 at (3400.00,1720.00) startOffset 0 endOffset 11 width 77.76: "just a text"
      LayoutSVGText {text} at (3498,1702) size 80x23 contains 1 chunk(s)
        LayoutSVGInlineText {#text} at (0,0) size 79x23
          chunk 1 text run 1 at (3500.00,1720.00) startOffset 0 endOffset 11 width 77.76: "just a text"
      LayoutSVGText {text} at (3598,1702) size 80x23 contains 1 chunk(s)
        LayoutSVGInlineText {#text} at (0,0) size 79x23
          chunk 1 text run 1 at (3600.00,1720.00) startOffset 0 endOffset 11 width 77.76: "just a text"
      LayoutSVGText {text} at (3698,1702) size 80x23 contains 1 chunk(s)
        LayoutSVGInlineText {#text} at (0,0) size 79x23
          chunk 1 text run 1 at (3700.00,1720.00) startOffset 0 endOffset 11 width 77.76: "just a text"
      LayoutSVGText {text} at (3798,1702) size 80x23 contains 1 chunk(s)
        LayoutSVGInlineText {#text} at (0,0) size 79x23
          chunk 1 text run 1 at (3800.00,1720.00) startOffset 0 endOffset 11 width 77.76: "just a text"
      LayoutSVGText {text} at (3898,1702) size 80x23 contains 1 chunk(s)
        LayoutSVGInlineText {#text} at (0,0) size 79x23
          chunk 1 text run 1 at (3900.00,1720.00) startOffset 0 endOffset 11 width 77.76: "just a text"
      LayoutSVGText {text} at (3998,1702) size 80x23 contains 1 chunk(s)
        LayoutSVGInlineText {#text} at (0,0) size 79x23
          chunk 1 text run 1 at (4000.00,1720.00) startOffset 0 endOffset 11 width 77.76: "just a text"
      LayoutSVGText {text} at (4098,1702) size 80x23 contains 1 chunk(s)
        LayoutSVGInlineText {#text} at (0,0) size 79x23
          chunk 1 text run 1 at (4100.00,1720.00) startOffset 0 endOffset 11 width 77.76: "just a text"
      LayoutSVGText {text} at (4198,1702) size 80x23 contains 1 chunk(s)
        LayoutSVGInlineText {#text} at (0,0) size 79x23
          chunk 1 text run 1 at (4200.00,1720.00) startOffset 0 endOffset 11 width 77.76: "just a text"
      LayoutSVGText {text} at (4298,1702) size 80x23 contains 1 chunk(s)
        LayoutSVGInlineText {#text} at (0,0) size 79x23
          chunk 1 text run 1 at (4300.00,1720.00) startOffset 0 endOffset 11 width 77.76: "just a text"
      LayoutSVGText {text} at (4398,1702) size 80x23 contains 1 chunk(s)
        LayoutSVGInlineText {#text} at (0,0) size 79x23
          chunk 1 text run 1 at (4400.00,1720.00) startOffset 0 endOffset 11 width 77.76: "just a text"
      LayoutSVGText {text} at (4498,1702) size 80x23 contains 1 chunk(s)
        LayoutSVGInlineText {#text} at (0,0) size 79x23
          chunk 1 text run 1 at (4500.00,1720.00) startOffset 0 endOffset 11 width 77.76: "just a text"
      LayoutSVGText {text} at (4598,1702) size 80x23 contains 1 chunk(s)
        LayoutSVGInlineText {#text} at (0,0) size 79x23
          chunk 1 text run 1 at (4600.00,1720.00) startOffset 0 endOffset 11 width 77.76: "just a text"
      LayoutSVGText {text} at (4698,1702) size 80x23 contains 1 chunk(s)
        LayoutSVGInlineText {#text} at (0,0) size 79x23
          chunk 1 text run 1 at (4700.00,1720.00) startOffset 0 endOffset 11 width 77.76: "just a text"
      LayoutSVGText {text} at (4798,1702) size 80x23 contains 1 chunk(s)
        LayoutSVGInlineText {#text} at (0,0) size 79x23
          chunk 1 text run 1 at (4800.00,1720.00) startOffset 0 endOffset 11 width 77.76: "just a text"
      LayoutSVGText {text} at (4898,1702) size 80x23 contains 1 chunk(s)
        LayoutSVGInlineText {#text} at (0,0) size 79x23
          chunk 1 text run 1 at (4900.00,1720.00) startOffset 0 endOffset 11 width 77.76: "just a text"
      LayoutSVGText {text} at (-2,1802) size 80x23 contains 1 chunk(s)
        LayoutSVGInlineText {#text} at (0,0) size 79x23
          chunk 1 text run 1 at (0.00,1820.00) startOffset 0 endOffset 11 width 77.76: "just a text"
      LayoutSVGText {text} at (98,1802) size 80x23 contains 1 chunk(s)
        LayoutSVGInlineText {#text} at (0,0) size 79x23
          chunk 1 text run 1 at (100.00,1820.00) startOffset 0 endOffset 11 width 77.76: "just a text"
      LayoutSVGText {text} at (198,1802) size 80x23 contains 1 chunk(s)
        LayoutSVGInlineText {#text} at (0,0) size 79x23
          chunk 1 text run 1 at (200.00,1820.00) startOffset 0 endOffset 11 width 77.76: "just a text"
      LayoutSVGText {text} at (298,1802) size 80x23 contains 1 chunk(s)
        LayoutSVGInlineText {#text} at (0,0) size 79x23
          chunk 1 text run 1 at (300.00,1820.00) startOffset 0 endOffset 11 width 77.76: "just a text"
      LayoutSVGText {text} at (398,1802) size 80x23 contains 1 chunk(s)
        LayoutSVGInlineText {#text} at (0,0) size 79x23
          chunk 1 text run 1 at (400.00,1820.00) startOffset 0 endOffset 11 width 77.76: "just a text"
      LayoutSVGText {text} at (498,1802) size 80x23 contains 1 chunk(s)
        LayoutSVGInlineText {#text} at (0,0) size 79x23
          chunk 1 text run 1 at (500.00,1820.00) startOffset 0 endOffset 11 width 77.76: "just a text"
      LayoutSVGText {text} at (598,1802) size 80x23 contains 1 chunk(s)
        LayoutSVGInlineText {#text} at (0,0) size 79x23
          chunk 1 text run 1 at (600.00,1820.00) startOffset 0 endOffset 11 width 77.76: "just a text"
      LayoutSVGText {text} at (698,1802) size 80x23 contains 1 chunk(s)
        LayoutSVGInlineText {#text} at (0,0) size 79x23
          chunk 1 text run 1 at (700.00,1820.00) startOffset 0 endOffset 11 width 77.76: "just a text"
      LayoutSVGText {text} at (798,1802) size 80x23 contains 1 chunk(s)
        LayoutSVGInlineText {#text} at (0,0) size 79x23
          chunk 1 text run 1 at (800.00,1820.00) startOffset 0 endOffset 11 width 77.76: "just a text"
      LayoutSVGText {text} at (898,1802) size 80x23 contains 1 chunk(s)
        LayoutSVGInlineText {#text} at (0,0) size 79x23
          chunk 1 text run 1 at (900.00,1820.00) startOffset 0 endOffset 11 width 77.76: "just a text"
      LayoutSVGText {text} at (998,1802) size 80x23 contains 1 chunk(s)
        LayoutSVGInlineText {#text} at (0,0) size 79x23
          chunk 1 text run 1 at (1000.00,1820.00) startOffset 0 endOffset 11 width 77.76: "just a text"
      LayoutSVGText {text} at (1098,1802) size 80x23 contains 1 chunk(s)
        LayoutSVGInlineText {#text} at (0,0) size 79x23
          chunk 1 text run 1 at (1100.00,1820.00) startOffset 0 endOffset 11 width 77.76: "just a text"
      LayoutSVGText {text} at (1198,1802) size 80x23 contains 1 chunk(s)
        LayoutSVGInlineText {#text} at (0,0) size 79x23
          chunk 1 text run 1 at (1200.00,1820.00) startOffset 0 endOffset 11 width 77.76: "just a text"
      LayoutSVGText {text} at (1298,1802) size 80x23 contains 1 chunk(s)
        LayoutSVGInlineText {#text} at (0,0) size 79x23
          chunk 1 text run 1 at (1300.00,1820.00) startOffset 0 endOffset 11 width 77.76: "just a text"
      LayoutSVGText {text} at (1398,1802) size 80x23 contains 1 chunk(s)
        LayoutSVGInlineText {#text} at (0,0) size 79x23
          chunk 1 text run 1 at (1400.00,1820.00) startOffset 0 endOffset 11 width 77.76: "just a text"
      LayoutSVGText {text} at (1498,1802) size 80x23 contains 1 chunk(s)
        LayoutSVGInlineText {#text} at (0,0) size 79x23
          chunk 1 text run 1 at (1500.00,1820.00) startOffset 0 endOffset 11 width 77.76: "just a text"
      LayoutSVGText {text} at (1598,1802) size 80x23 contains 1 chunk(s)
        LayoutSVGInlineText {#text} at (0,0) size 79x23
          chunk 1 text run 1 at (1600.00,1820.00) startOffset 0 endOffset 11 width 77.76: "just a text"
      LayoutSVGText {text} at (1698,1802) size 80x23 contains 1 chunk(s)
        LayoutSVGInlineText {#text} at (0,0) size 79x23
          chunk 1 text run 1 at (1700.00,1820.00) startOffset 0 endOffset 11 width 77.76: "just a text"
      LayoutSVGText {text} at (1798,1802) size 80x23 contains 1 chunk(s)
        LayoutSVGInlineText {#text} at (0,0) size 79x23
          chunk 1 text run 1 at (1800.00,1820.00) startOffset 0 endOffset 11 width 77.76: "just a text"
      LayoutSVGText {text} at (1898,1802) size 80x23 contains 1 chunk(s)
        LayoutSVGInlineText {#text} at (0,0) size 79x23
          chunk 1 text run 1 at (1900.00,1820.00) startOffset 0 endOffset 11 width 77.76: "just a text"
      LayoutSVGText {text} at (1998,1802) size 80x23 contains 1 chunk(s)
        LayoutSVGInlineText {#text} at (0,0) size 79x23
          chunk 1 text run 1 at (2000.00,1820.00) startOffset 0 endOffset 11 width 77.76: "just a text"
      LayoutSVGText {text} at (2098,1802) size 80x23 contains 1 chunk(s)
        LayoutSVGInlineText {#text} at (0,0) size 79x23
          chunk 1 text run 1 at (2100.00,1820.00) startOffset 0 endOffset 11 width 77.76: "just a text"
      LayoutSVGText {text} at (2198,1802) size 80x23 contains 1 chunk(s)
        LayoutSVGInlineText {#text} at (0,0) size 79x23
          chunk 1 text run 1 at (2200.00,1820.00) startOffset 0 endOffset 11 width 77.76: "just a text"
      LayoutSVGText {text} at (2298,1802) size 80x23 contains 1 chunk(s)
        LayoutSVGInlineText {#text} at (0,0) size 79x23
          chunk 1 text run 1 at (2300.00,1820.00) startOffset 0 endOffset 11 width 77.76: "just a text"
      LayoutSVGText {text} at (2398,1802) size 80x23 contains 1 chunk(s)
        LayoutSVGInlineText {#text} at (0,0) size 79x23
          chunk 1 text run 1 at (2400.00,1820.00) startOffset 0 endOffset 11 width 77.76: "just a text"
      LayoutSVGText {text} at (2498,1802) size 80x23 contains 1 chunk(s)
        LayoutSVGInlineText {#text} at (0,0) size 79x23
          chunk 1 text run 1 at (2500.00,1820.00) startOffset 0 endOffset 11 width 77.76: "just a text"
      LayoutSVGText {text} at (2598,1802) size 80x23 contains 1 chunk(s)
        LayoutSVGInlineText {#text} at (0,0) size 79x23
          chunk 1 text run 1 at (2600.00,1820.00) startOffset 0 endOffset 11 width 77.76: "just a text"
      LayoutSVGText {text} at (2698,1802) size 80x23 contains 1 chunk(s)
        LayoutSVGInlineText {#text} at (0,0) size 79x23
          chunk 1 text run 1 at (2700.00,1820.00) startOffset 0 endOffset 11 width 77.76: "just a text"
      LayoutSVGText {text} at (2798,1802) size 80x23 contains 1 chunk(s)
        LayoutSVGInlineText {#text} at (0,0) size 79x23
          chunk 1 text run 1 at (2800.00,1820.00) startOffset 0 endOffset 11 width 77.76: "just a text"
      LayoutSVGText {text} at (2898,1802) size 80x23 contains 1 chunk(s)
        LayoutSVGInlineText {#text} at (0,0) size 79x23
          chunk 1 text run 1 at (2900.00,1820.00) startOffset 0 endOffset 11 width 77.76: "just a text"
      LayoutSVGText {text} at (2998,1802) size 80x23 contains 1 chunk(s)
        LayoutSVGInlineText {#text} at (0,0) size 79x23
          chunk 1 text run 1 at (3000.00,1820.00) startOffset 0 endOffset 11 width 77.76: "just a text"
      LayoutSVGText {text} at (3098,1802) size 80x23 contains 1 chunk(s)
        LayoutSVGInlineText {#text} at (0,0) size 79x23
          chunk 1 text run 1 at (3100.00,1820.00) startOffset 0 endOffset 11 width 77.76: "just a text"
      LayoutSVGText {text} at (3198,1802) size 80x23 contains 1 chunk(s)
        LayoutSVGInlineText {#text} at (0,0) size 79x23
          chunk 1 text run 1 at (3200.00,1820.00) startOffset 0 endOffset 11 width 77.76: "just a text"
      LayoutSVGText {text} at (3298,1802) size 80x23 contains 1 chunk(s)
        LayoutSVGInlineText {#text} at (0,0) size 79x23
          chunk 1 text run 1 at (3300.00,1820.00) startOffset 0 endOffset 11 width 77.76: "just a text"
      LayoutSVGText {text} at (3398,1802) size 80x23 contains 1 chunk(s)
        LayoutSVGInlineText {#text} at (0,0) size 79x23
          chunk 1 text run 1 at (3400.00,1820.00) startOffset 0 endOffset 11 width 77.76: "just a text"
      LayoutSVGText {text} at (3498,1802) size 80x23 contains 1 chunk(s)
        LayoutSVGInlineText {#text} at (0,0) size 79x23
          chunk 1 text run 1 at (3500.00,1820.00) startOffset 0 endOffset 11 width 77.76: "just a text"
      LayoutSVGText {text} at (3598,1802) size 80x23 contains 1 chunk(s)
        LayoutSVGInlineText {#text} at (0,0) size 79x23
          chunk 1 text run 1 at (3600.00,1820.00) startOffset 0 endOffset 11 width 77.76: "just a text"
      LayoutSVGText {text} at (3698,1802) size 80x23 contains 1 chunk(s)
        LayoutSVGInlineText {#text} at (0,0) size 79x23
          chunk 1 text run 1 at (3700.00,1820.00) startOffset 0 endOffset 11 width 77.76: "just a text"
      LayoutSVGText {text} at (3798,1802) size 80x23 contains 1 chunk(s)
        LayoutSVGInlineText {#text} at (0,0) size 79x23
          chunk 1 text run 1 at (3800.00,1820.00) startOffset 0 endOffset 11 width 77.76: "just a text"
      LayoutSVGText {text} at (3898,1802) size 80x23 contains 1 chunk(s)
        LayoutSVGInlineText {#text} at (0,0) size 79x23
          chunk 1 text run 1 at (3900.00,1820.00) startOffset 0 endOffset 11 width 77.76: "just a text"
      LayoutSVGText {text} at (3998,1802) size 80x23 contains 1 chunk(s)
        LayoutSVGInlineText {#text} at (0,0) size 79x23
          chunk 1 text run 1 at (4000.00,1820.00) startOffset 0 endOffset 11 width 77.76: "just a text"
      LayoutSVGText {text} at (4098,1802) size 80x23 contains 1 chunk(s)
        LayoutSVGInlineText {#text} at (0,0) size 79x23
          chunk 1 text run 1 at (4100.00,1820.00) startOffset 0 endOffset 11 width 77.76: "just a text"
      LayoutSVGText {text} at (4198,1802) size 80x23 contains 1 chunk(s)
        LayoutSVGInlineText {#text} at (0,0) size 79x23
          chunk 1 text run 1 at (4200.00,1820.00) startOffset 0 endOffset 11 width 77.76: "just a text"
      LayoutSVGText {text} at (4298,1802) size 80x23 contains 1 chunk(s)
        LayoutSVGInlineText {#text} at (0,0) size 79x23
          chunk 1 text run 1 at (4300.00,1820.00) startOffset 0 endOffset 11 width 77.76: "just a text"
      LayoutSVGText {text} at (4398,1802) size 80x23 contains 1 chunk(s)
        LayoutSVGInlineText {#text} at (0,0) size 79x23
          chunk 1 text run 1 at (4400.00,1820.00) startOffset 0 endOffset 11 width 77.76: "just a text"
      LayoutSVGText {text} at (4498,1802) size 80x23 contains 1 chunk(s)
        LayoutSVGInlineText {#text} at (0,0) size 79x23
          chunk 1 text run 1 at (4500.00,1820.00) startOffset 0 endOffset 11 width 77.76: "just a text"
      LayoutSVGText {text} at (4598,1802) size 80x23 contains 1 chunk(s)
        LayoutSVGInlineText {#text} at (0,0) size 79x23
          chunk 1 text run 1 at (4600.00,1820.00) startOffset 0 endOffset 11 width 77.76: "just a text"
      LayoutSVGText {text} at (4698,1802) size 80x23 contains 1 chunk(s)
        LayoutSVGInlineText {#text} at (0,0) size 79x23
          chunk 1 text run 1 at (4700.00,1820.00) startOffset 0 endOffset 11 width 77.76: "just a text"
      LayoutSVGText {text} at (4798,1802) size 80x23 contains 1 chunk(s)
        LayoutSVGInlineText {#text} at (0,0) size 79x23
          chunk 1 text run 1 at (4800.00,1820.00) startOffset 0 endOffset 11 width 77.76: "just a text"
      LayoutSVGText {text} at (4898,1802) size 80x23 contains 1 chunk(s)
        LayoutSVGInlineText {#text} at (0,0) size 79x23
          chunk 1 text run 1 at (4900.00,1820.00) startOffset 0 endOffset 11 width 77.76: "just a text"
      LayoutSVGText {text} at (-2,1902) size 80x23 contains 1 chunk(s)
        LayoutSVGInlineText {#text} at (0,0) size 79x23
          chunk 1 text run 1 at (0.00,1920.00) startOffset 0 endOffset 11 width 77.76: "just a text"
      LayoutSVGText {text} at (98,1902) size 80x23 contains 1 chunk(s)
        LayoutSVGInlineText {#text} at (0,0) size 79x23
          chunk 1 text run 1 at (100.00,1920.00) startOffset 0 endOffset 11 width 77.76: "just a text"
      LayoutSVGText {text} at (198,1902) size 80x23 contains 1 chunk(s)
        LayoutSVGInlineText {#text} at (0,0) size 79x23
          chunk 1 text run 1 at (200.00,1920.00) startOffset 0 endOffset 11 width 77.76: "just a text"
      LayoutSVGText {text} at (298,1902) size 80x23 contains 1 chunk(s)
        LayoutSVGInlineText {#text} at (0,0) size 79x23
          chunk 1 text run 1 at (300.00,1920.00) startOffset 0 endOffset 11 width 77.76: "just a text"
      LayoutSVGText {text} at (398,1902) size 80x23 contains 1 chunk(s)
        LayoutSVGInlineText {#text} at (0,0) size 79x23
          chunk 1 text run 1 at (400.00,1920.00) startOffset 0 endOffset 11 width 77.76: "just a text"
      LayoutSVGText {text} at (498,1902) size 80x23 contains 1 chunk(s)
        LayoutSVGInlineText {#text} at (0,0) size 79x23
          chunk 1 text run 1 at (500.00,1920.00) startOffset 0 endOffset 11 width 77.76: "just a text"
      LayoutSVGText {text} at (598,1902) size 80x23 contains 1 chunk(s)
        LayoutSVGInlineText {#text} at (0,0) size 79x23
          chunk 1 text run 1 at (600.00,1920.00) startOffset 0 endOffset 11 width 77.76: "just a text"
      LayoutSVGText {text} at (698,1902) size 80x23 contains 1 chunk(s)
        LayoutSVGInlineText {#text} at (0,0) size 79x23
          chunk 1 text run 1 at (700.00,1920.00) startOffset 0 endOffset 11 width 77.76: "just a text"
      LayoutSVGText {text} at (798,1902) size 80x23 contains 1 chunk(s)
        LayoutSVGInlineText {#text} at (0,0) size 79x23
          chunk 1 text run 1 at (800.00,1920.00) startOffset 0 endOffset 11 width 77.76: "just a text"
      LayoutSVGText {text} at (898,1902) size 80x23 contains 1 chunk(s)
        LayoutSVGInlineText {#text} at (0,0) size 79x23
          chunk 1 text run 1 at (900.00,1920.00) startOffset 0 endOffset 11 width 77.76: "just a text"
      LayoutSVGText {text} at (998,1902) size 80x23 contains 1 chunk(s)
        LayoutSVGInlineText {#text} at (0,0) size 79x23
          chunk 1 text run 1 at (1000.00,1920.00) startOffset 0 endOffset 11 width 77.76: "just a text"
      LayoutSVGText {text} at (1098,1902) size 80x23 contains 1 chunk(s)
        LayoutSVGInlineText {#text} at (0,0) size 79x23
          chunk 1 text run 1 at (1100.00,1920.00) startOffset 0 endOffset 11 width 77.76: "just a text"
      LayoutSVGText {text} at (1198,1902) size 80x23 contains 1 chunk(s)
        LayoutSVGInlineText {#text} at (0,0) size 79x23
          chunk 1 text run 1 at (1200.00,1920.00) startOffset 0 endOffset 11 width 77.76: "just a text"
      LayoutSVGText {text} at (1298,1902) size 80x23 contains 1 chunk(s)
        LayoutSVGInlineText {#text} at (0,0) size 79x23
          chunk 1 text run 1 at (1300.00,1920.00) startOffset 0 endOffset 11 width 77.76: "just a text"
      LayoutSVGText {text} at (1398,1902) size 80x23 contains 1 chunk(s)
        LayoutSVGInlineText {#text} at (0,0) size 79x23
          chunk 1 text run 1 at (1400.00,1920.00) startOffset 0 endOffset 11 width 77.76: "just a text"
      LayoutSVGText {text} at (1498,1902) size 80x23 contains 1 chunk(s)
        LayoutSVGInlineText {#text} at (0,0) size 79x23
          chunk 1 text run 1 at (1500.00,1920.00) startOffset 0 endOffset 11 width 77.76: "just a text"
      LayoutSVGText {text} at (1598,1902) size 80x23 contains 1 chunk(s)
        LayoutSVGInlineText {#text} at (0,0) size 79x23
          chunk 1 text run 1 at (1600.00,1920.00) startOffset 0 endOffset 11 width 77.76: "just a text"
      LayoutSVGText {text} at (1698,1902) size 80x23 contains 1 chunk(s)
        LayoutSVGInlineText {#text} at (0,0) size 79x23
          chunk 1 text run 1 at (1700.00,1920.00) startOffset 0 endOffset 11 width 77.76: "just a text"
      LayoutSVGText {text} at (1798,1902) size 80x23 contains 1 chunk(s)
        LayoutSVGInlineText {#text} at (0,0) size 79x23
          chunk 1 text run 1 at (1800.00,1920.00) startOffset 0 endOffset 11 width 77.76: "just a text"
      LayoutSVGText {text} at (1898,1902) size 80x23 contains 1 chunk(s)
        LayoutSVGInlineText {#text} at (0,0) size 79x23
          chunk 1 text run 1 at (1900.00,1920.00) startOffset 0 endOffset 11 width 77.76: "just a text"
      LayoutSVGText {text} at (1998,1902) size 80x23 contains 1 chunk(s)
        LayoutSVGInlineText {#text} at (0,0) size 79x23
          chunk 1 text run 1 at (2000.00,1920.00) startOffset 0 endOffset 11 width 77.76: "just a text"
      LayoutSVGText {text} at (2098,1902) size 80x23 contains 1 chunk(s)
        LayoutSVGInlineText {#text} at (0,0) size 79x23
          chunk 1 text run 1 at (2100.00,1920.00) startOffset 0 endOffset 11 width 77.76: "just a text"
      LayoutSVGText {text} at (2198,1902) size 80x23 contains 1 chunk(s)
        LayoutSVGInlineText {#text} at (0,0) size 79x23
          chunk 1 text run 1 at (2200.00,1920.00) startOffset 0 endOffset 11 width 77.76: "just a text"
      LayoutSVGText {text} at (2298,1902) size 80x23 contains 1 chunk(s)
        LayoutSVGInlineText {#text} at (0,0) size 79x23
          chunk 1 text run 1 at (2300.00,1920.00) startOffset 0 endOffset 11 width 77.76: "just a text"
      LayoutSVGText {text} at (2398,1902) size 80x23 contains 1 chunk(s)
        LayoutSVGInlineText {#text} at (0,0) size 79x23
          chunk 1 text run 1 at (2400.00,1920.00) startOffset 0 endOffset 11 width 77.76: "just a text"
      LayoutSVGText {text} at (2498,1902) size 80x23 contains 1 chunk(s)
        LayoutSVGInlineText {#text} at (0,0) size 79x23
          chunk 1 text run 1 at (2500.00,1920.00) startOffset 0 endOffset 11 width 77.76: "just a text"
      LayoutSVGText {text} at (2598,1902) size 80x23 contains 1 chunk(s)
        LayoutSVGInlineText {#text} at (0,0) size 79x23
          chunk 1 text run 1 at (2600.00,1920.00) startOffset 0 endOffset 11 width 77.76: "just a text"
      LayoutSVGText {text} at (2698,1902) size 80x23 contains 1 chunk(s)
        LayoutSVGInlineText {#text} at (0,0) size 79x23
          chunk 1 text run 1 at (2700.00,1920.00) startOffset 0 endOffset 11 width 77.76: "just a text"
      LayoutSVGText {text} at (2798,1902) size 80x23 contains 1 chunk(s)
        LayoutSVGInlineText {#text} at (0,0) size 79x23
          chunk 1 text run 1 at (2800.00,1920.00) startOffset 0 endOffset 11 width 77.76: "just a text"
      LayoutSVGText {text} at (2898,1902) size 80x23 contains 1 chunk(s)
        LayoutSVGInlineText {#text} at (0,0) size 79x23
          chunk 1 text run 1 at (2900.00,1920.00) startOffset 0 endOffset 11 width 77.76: "just a text"
      LayoutSVGText {text} at (2998,1902) size 80x23 contains 1 chunk(s)
        LayoutSVGInlineText {#text} at (0,0) size 79x23
          chunk 1 text run 1 at (3000.00,1920.00) startOffset 0 endOffset 11 width 77.76: "just a text"
      LayoutSVGText {text} at (3098,1902) size 80x23 contains 1 chunk(s)
        LayoutSVGInlineText {#text} at (0,0) size 79x23
          chunk 1 text run 1 at (3100.00,1920.00) startOffset 0 endOffset 11 width 77.76: "just a text"
      LayoutSVGText {text} at (3198,1902) size 80x23 contains 1 chunk(s)
        LayoutSVGInlineText {#text} at (0,0) size 79x23
          chunk 1 text run 1 at (3200.00,1920.00) startOffset 0 endOffset 11 width 77.76: "just a text"
      LayoutSVGText {text} at (3298,1902) size 80x23 contains 1 chunk(s)
        LayoutSVGInlineText {#text} at (0,0) size 79x23
          chunk 1 text run 1 at (3300.00,1920.00) startOffset 0 endOffset 11 width 77.76: "just a text"
      LayoutSVGText {text} at (3398,1902) size 80x23 contains 1 chunk(s)
        LayoutSVGInlineText {#text} at (0,0) size 79x23
          chunk 1 text run 1 at (3400.00,1920.00) startOffset 0 endOffset 11 width 77.76: "just a text"
      LayoutSVGText {text} at (3498,1902) size 80x23 contains 1 chunk(s)
        LayoutSVGInlineText {#text} at (0,0) size 79x23
          chunk 1 text run 1 at (3500.00,1920.00) startOffset 0 endOffset 11 width 77.76: "just a text"
      LayoutSVGText {text} at (3598,1902) size 80x23 contains 1 chunk(s)
        LayoutSVGInlineText {#text} at (0,0) size 79x23
          chunk 1 text run 1 at (3600.00,1920.00) startOffset 0 endOffset 11 width 77.76: "just a text"
      LayoutSVGText {text} at (3698,1902) size 80x23 contains 1 chunk(s)
        LayoutSVGInlineText {#text} at (0,0) size 79x23
          chunk 1 text run 1 at (3700.00,1920.00) startOffset 0 endOffset 11 width 77.76: "just a text"
      LayoutSVGText {text} at (3798,1902) size 80x23 contains 1 chunk(s)
        LayoutSVGInlineText {#text} at (0,0) size 79x23
          chunk 1 text run 1 at (3800.00,1920.00) startOffset 0 endOffset 11 width 77.76: "just a text"
      LayoutSVGText {text} at (3898,1902) size 80x23 contains 1 chunk(s)
        LayoutSVGInlineText {#text} at (0,0) size 79x23
          chunk 1 text run 1 at (3900.00,1920.00) startOffset 0 endOffset 11 width 77.76: "just a text"
      LayoutSVGText {text} at (3998,1902) size 80x23 contains 1 chunk(s)
        LayoutSVGInlineText {#text} at (0,0) size 79x23
          chunk 1 text run 1 at (4000.00,1920.00) startOffset 0 endOffset 11 width 77.76: "just a text"
      LayoutSVGText {text} at (4098,1902) size 80x23 contains 1 chunk(s)
        LayoutSVGInlineText {#text} at (0,0) size 79x23
          chunk 1 text run 1 at (4100.00,1920.00) startOffset 0 endOffset 11 width 77.76: "just a text"
      LayoutSVGText {text} at (4198,1902) size 80x23 contains 1 chunk(s)
        LayoutSVGInlineText {#text} at (0,0) size 79x23
          chunk 1 text run 1 at (4200.00,1920.00) startOffset 0 endOffset 11 width 77.76: "just a text"
      LayoutSVGText {text} at (4298,1902) size 80x23 contains 1 chunk(s)
        LayoutSVGInlineText {#text} at (0,0) size 79x23
          chunk 1 text run 1 at (4300.00,1920.00) startOffset 0 endOffset 11 width 77.76: "just a text"
      LayoutSVGText {text} at (4398,1902) size 80x23 contains 1 chunk(s)
        LayoutSVGInlineText {#text} at (0,0) size 79x23
          chunk 1 text run 1 at (4400.00,1920.00) startOffset 0 endOffset 11 width 77.76: "just a text"
      LayoutSVGText {text} at (4498,1902) size 80x23 contains 1 chunk(s)
        LayoutSVGInlineText {#text} at (0,0) size 79x23
          chunk 1 text run 1 at (4500.00,1920.00) startOffset 0 endOffset 11 width 77.76: "just a text"
      LayoutSVGText {text} at (4598,1902) size 80x23 contains 1 chunk(s)
        LayoutSVGInlineText {#text} at (0,0) size 79x23
          chunk 1 text run 1 at (4600.00,1920.00) startOffset 0 endOffset 11 width 77.76: "just a text"
      LayoutSVGText {text} at (4698,1902) size 80x23 contains 1 chunk(s)
        LayoutSVGInlineText {#text} at (0,0) size 79x23
          chunk 1 text run 1 at (4700.00,1920.00) startOffset 0 endOffset 11 width 77.76: "just a text"
      LayoutSVGText {text} at (4798,1902) size 80x23 contains 1 chunk(s)
        LayoutSVGInlineText {#text} at (0,0) size 79x23
          chunk 1 text run 1 at (4800.00,1920.00) startOffset 0 endOffset 11 width 77.76: "just a text"
      LayoutSVGText {text} at (4898,1902) size 80x23 contains 1 chunk(s)
        LayoutSVGInlineText {#text} at (0,0) size 79x23
          chunk 1 text run 1 at (4900.00,1920.00) startOffset 0 endOffset 11 width 77.76: "just a text"
      LayoutSVGText {text} at (-2,2002) size 80x23 contains 1 chunk(s)
        LayoutSVGInlineText {#text} at (0,0) size 79x23
          chunk 1 text run 1 at (0.00,2020.00) startOffset 0 endOffset 11 width 77.76: "just a text"
      LayoutSVGText {text} at (98,2002) size 80x23 contains 1 chunk(s)
        LayoutSVGInlineText {#text} at (0,0) size 79x23
          chunk 1 text run 1 at (100.00,2020.00) startOffset 0 endOffset 11 width 77.76: "just a text"
      LayoutSVGText {text} at (198,2002) size 80x23 contains 1 chunk(s)
        LayoutSVGInlineText {#text} at (0,0) size 79x23
          chunk 1 text run 1 at (200.00,2020.00) startOffset 0 endOffset 11 width 77.76: "just a text"
      LayoutSVGText {text} at (298,2002) size 80x23 contains 1 chunk(s)
        LayoutSVGInlineText {#text} at (0,0) size 79x23
          chunk 1 text run 1 at (300.00,2020.00) startOffset 0 endOffset 11 width 77.76: "just a text"
      LayoutSVGText {text} at (398,2002) size 80x23 contains 1 chunk(s)
        LayoutSVGInlineText {#text} at (0,0) size 79x23
          chunk 1 text run 1 at (400.00,2020.00) startOffset 0 endOffset 11 width 77.76: "just a text"
      LayoutSVGText {text} at (498,2002) size 80x23 contains 1 chunk(s)
        LayoutSVGInlineText {#text} at (0,0) size 79x23
          chunk 1 text run 1 at (500.00,2020.00) startOffset 0 endOffset 11 width 77.76: "just a text"
      LayoutSVGText {text} at (598,2002) size 80x23 contains 1 chunk(s)
        LayoutSVGInlineText {#text} at (0,0) size 79x23
          chunk 1 text run 1 at (600.00,2020.00) startOffset 0 endOffset 11 width 77.76: "just a text"
      LayoutSVGText {text} at (698,2002) size 80x23 contains 1 chunk(s)
        LayoutSVGInlineText {#text} at (0,0) size 79x23
          chunk 1 text run 1 at (700.00,2020.00) startOffset 0 endOffset 11 width 77.76: "just a text"
      LayoutSVGText {text} at (798,2002) size 80x23 contains 1 chunk(s)
        LayoutSVGInlineText {#text} at (0,0) size 79x23
          chunk 1 text run 1 at (800.00,2020.00) startOffset 0 endOffset 11 width 77.76: "just a text"
      LayoutSVGText {text} at (898,2002) size 80x23 contains 1 chunk(s)
        LayoutSVGInlineText {#text} at (0,0) size 79x23
          chunk 1 text run 1 at (900.00,2020.00) startOffset 0 endOffset 11 width 77.76: "just a text"
      LayoutSVGText {text} at (998,2002) size 80x23 contains 1 chunk(s)
        LayoutSVGInlineText {#text} at (0,0) size 79x23
          chunk 1 text run 1 at (1000.00,2020.00) startOffset 0 endOffset 11 width 77.76: "just a text"
      LayoutSVGText {text} at (1098,2002) size 80x23 contains 1 chunk(s)
        LayoutSVGInlineText {#text} at (0,0) size 79x23
          chunk 1 text run 1 at (1100.00,2020.00) startOffset 0 endOffset 11 width 77.76: "just a text"
      LayoutSVGText {text} at (1198,2002) size 80x23 contains 1 chunk(s)
        LayoutSVGInlineText {#text} at (0,0) size 79x23
          chunk 1 text run 1 at (1200.00,2020.00) startOffset 0 endOffset 11 width 77.76: "just a text"
      LayoutSVGText {text} at (1298,2002) size 80x23 contains 1 chunk(s)
        LayoutSVGInlineText {#text} at (0,0) size 79x23
          chunk 1 text run 1 at (1300.00,2020.00) startOffset 0 endOffset 11 width 77.76: "just a text"
      LayoutSVGText {text} at (1398,2002) size 80x23 contains 1 chunk(s)
        LayoutSVGInlineText {#text} at (0,0) size 79x23
          chunk 1 text run 1 at (1400.00,2020.00) startOffset 0 endOffset 11 width 77.76: "just a text"
      LayoutSVGText {text} at (1498,2002) size 80x23 contains 1 chunk(s)
        LayoutSVGInlineText {#text} at (0,0) size 79x23
          chunk 1 text run 1 at (1500.00,2020.00) startOffset 0 endOffset 11 width 77.76: "just a text"
      LayoutSVGText {text} at (1598,2002) size 80x23 contains 1 chunk(s)
        LayoutSVGInlineText {#text} at (0,0) size 79x23
          chunk 1 text run 1 at (1600.00,2020.00) startOffset 0 endOffset 11 width 77.76: "just a text"
      LayoutSVGText {text} at (1698,2002) size 80x23 contains 1 chunk(s)
        LayoutSVGInlineText {#text} at (0,0) size 79x23
          chunk 1 text run 1 at (1700.00,2020.00) startOffset 0 endOffset 11 width 77.76: "just a text"
      LayoutSVGText {text} at (1798,2002) size 80x23 contains 1 chunk(s)
        LayoutSVGInlineText {#text} at (0,0) size 79x23
          chunk 1 text run 1 at (1800.00,2020.00) startOffset 0 endOffset 11 width 77.76: "just a text"
      LayoutSVGText {text} at (1898,2002) size 80x23 contains 1 chunk(s)
        LayoutSVGInlineText {#text} at (0,0) size 79x23
          chunk 1 text run 1 at (1900.00,2020.00) startOffset 0 endOffset 11 width 77.76: "just a text"
      LayoutSVGText {text} at (1998,2002) size 80x23 contains 1 chunk(s)
        LayoutSVGInlineText {#text} at (0,0) size 79x23
          chunk 1 text run 1 at (2000.00,2020.00) startOffset 0 endOffset 11 width 77.76: "just a text"
      LayoutSVGText {text} at (2098,2002) size 80x23 contains 1 chunk(s)
        LayoutSVGInlineText {#text} at (0,0) size 79x23
          chunk 1 text run 1 at (2100.00,2020.00) startOffset 0 endOffset 11 width 77.76: "just a text"
      LayoutSVGText {text} at (2198,2002) size 80x23 contains 1 chunk(s)
        LayoutSVGInlineText {#text} at (0,0) size 79x23
          chunk 1 text run 1 at (2200.00,2020.00) startOffset 0 endOffset 11 width 77.76: "just a text"
      LayoutSVGText {text} at (2298,2002) size 80x23 contains 1 chunk(s)
        LayoutSVGInlineText {#text} at (0,0) size 79x23
          chunk 1 text run 1 at (2300.00,2020.00) startOffset 0 endOffset 11 width 77.76: "just a text"
      LayoutSVGText {text} at (2398,2002) size 80x23 contains 1 chunk(s)
        LayoutSVGInlineText {#text} at (0,0) size 79x23
          chunk 1 text run 1 at (2400.00,2020.00) startOffset 0 endOffset 11 width 77.76: "just a text"
      LayoutSVGText {text} at (2498,2002) size 80x23 contains 1 chunk(s)
        LayoutSVGInlineText {#text} at (0,0) size 79x23
          chunk 1 text run 1 at (2500.00,2020.00) startOffset 0 endOffset 11 width 77.76: "just a text"
      LayoutSVGText {text} at (2598,2002) size 80x23 contains 1 chunk(s)
        LayoutSVGInlineText {#text} at (0,0) size 79x23
          chunk 1 text run 1 at (2600.00,2020.00) startOffset 0 endOffset 11 width 77.76: "just a text"
      LayoutSVGText {text} at (2698,2002) size 80x23 contains 1 chunk(s)
        LayoutSVGInlineText {#text} at (0,0) size 79x23
          chunk 1 text run 1 at (2700.00,2020.00) startOffset 0 endOffset 11 width 77.76: "just a text"
      LayoutSVGText {text} at (2798,2002) size 80x23 contains 1 chunk(s)
        LayoutSVGInlineText {#text} at (0,0) size 79x23
          chunk 1 text run 1 at (2800.00,2020.00) startOffset 0 endOffset 11 width 77.76: "just a text"
      LayoutSVGText {text} at (2898,2002) size 80x23 contains 1 chunk(s)
        LayoutSVGInlineText {#text} at (0,0) size 79x23
          chunk 1 text run 1 at (2900.00,2020.00) startOffset 0 endOffset 11 width 77.76: "just a text"
      LayoutSVGText {text} at (2998,2002) size 80x23 contains 1 chunk(s)
        LayoutSVGInlineText {#text} at (0,0) size 79x23
          chunk 1 text run 1 at (3000.00,2020.00) startOffset 0 endOffset 11 width 77.76: "just a text"
      LayoutSVGText {text} at (3098,2002) size 80x23 contains 1 chunk(s)
        LayoutSVGInlineText {#text} at (0,0) size 79x23
          chunk 1 text run 1 at (3100.00,2020.00) startOffset 0 endOffset 11 width 77.76: "just a text"
      LayoutSVGText {text} at (3198,2002) size 80x23 contains 1 chunk(s)
        LayoutSVGInlineText {#text} at (0,0) size 79x23
          chunk 1 text run 1 at (3200.00,2020.00) startOffset 0 endOffset 11 width 77.76: "just a text"
      LayoutSVGText {text} at (3298,2002) size 80x23 contains 1 chunk(s)
        LayoutSVGInlineText {#text} at (0,0) size 79x23
          chunk 1 text run 1 at (3300.00,2020.00) startOffset 0 endOffset 11 width 77.76: "just a text"
      LayoutSVGText {text} at (3398,2002) size 80x23 contains 1 chunk(s)
        LayoutSVGInlineText {#text} at (0,0) size 79x23
          chunk 1 text run 1 at (3400.00,2020.00) startOffset 0 endOffset 11 width 77.76: "just a text"
      LayoutSVGText {text} at (3498,2002) size 80x23 contains 1 chunk(s)
        LayoutSVGInlineText {#text} at (0,0) size 79x23
          chunk 1 text run 1 at (3500.00,2020.00) startOffset 0 endOffset 11 width 77.76: "just a text"
      LayoutSVGText {text} at (3598,2002) size 80x23 contains 1 chunk(s)
        LayoutSVGInlineText {#text} at (0,0) size 79x23
          chunk 1 text run 1 at (3600.00,2020.00) startOffset 0 endOffset 11 width 77.76: "just a text"
      LayoutSVGText {text} at (3698,2002) size 80x23 contains 1 chunk(s)
        LayoutSVGInlineText {#text} at (0,0) size 79x23
          chunk 1 text run 1 at (3700.00,2020.00) startOffset 0 endOffset 11 width 77.76: "just a text"
      LayoutSVGText {text} at (3798,2002) size 80x23 contains 1 chunk(s)
        LayoutSVGInlineText {#text} at (0,0) size 79x23
          chunk 1 text run 1 at (3800.00,2020.00) startOffset 0 endOffset 11 width 77.76: "just a text"
      LayoutSVGText {text} at (3898,2002) size 80x23 contains 1 chunk(s)
        LayoutSVGInlineText {#text} at (0,0) size 79x23
          chunk 1 text run 1 at (3900.00,2020.00) startOffset 0 endOffset 11 width 77.76: "just a text"
      LayoutSVGText {text} at (3998,2002) size 80x23 contains 1 chunk(s)
        LayoutSVGInlineText {#text} at (0,0) size 79x23
          chunk 1 text run 1 at (4000.00,2020.00) startOffset 0 endOffset 11 width 77.76: "just a text"
      LayoutSVGText {text} at (4098,2002) size 80x23 contains 1 chunk(s)
        LayoutSVGInlineText {#text} at (0,0) size 79x23
          chunk 1 text run 1 at (4100.00,2020.00) startOffset 0 endOffset 11 width 77.76: "just a text"
      LayoutSVGText {text} at (4198,2002) size 80x23 contains 1 chunk(s)
        LayoutSVGInlineText {#text} at (0,0) size 79x23
          chunk 1 text run 1 at (4200.00,2020.00) startOffset 0 endOffset 11 width 77.76: "just a text"
      LayoutSVGText {text} at (4298,2002) size 80x23 contains 1 chunk(s)
        LayoutSVGInlineText {#text} at (0,0) size 79x23
          chunk 1 text run 1 at (4300.00,2020.00) startOffset 0 endOffset 11 width 77.76: "just a text"
      LayoutSVGText {text} at (4398,2002) size 80x23 contains 1 chunk(s)
        LayoutSVGInlineText {#text} at (0,0) size 79x23
          chunk 1 text run 1 at (4400.00,2020.00) startOffset 0 endOffset 11 width 77.76: "just a text"
      LayoutSVGText {text} at (4498,2002) size 80x23 contains 1 chunk(s)
        LayoutSVGInlineText {#text} at (0,0) size 79x23
          chunk 1 text run 1 at (4500.00,2020.00) startOffset 0 endOffset 11 width 77.76: "just a text"
      LayoutSVGText {text} at (4598,2002) size 80x23 contains 1 chunk(s)
        LayoutSVGInlineText {#text} at (0,0) size 79x23
          chunk 1 text run 1 at (4600.00,2020.00) startOffset 0 endOffset 11 width 77.76: "just a text"
      LayoutSVGText {text} at (4698,2002) size 80x23 contains 1 chunk(s)
        LayoutSVGInlineText {#text} at (0,0) size 79x23
          chunk 1 text run 1 at (4700.00,2020.00) startOffset 0 endOffset 11 width 77.76: "just a text"
      LayoutSVGText {text} at (4798,2002) size 80x23 contains 1 chunk(s)
        LayoutSVGInlineText {#text} at (0,0) size 79x23
          chunk 1 text run 1 at (4800.00,2020.00) startOffset 0 endOffset 11 width 77.76: "just a text"
      LayoutSVGText {text} at (4898,2002) size 80x23 contains 1 chunk(s)
        LayoutSVGInlineText {#text} at (0,0) size 79x23
          chunk 1 text run 1 at (4900.00,2020.00) startOffset 0 endOffset 11 width 77.76: "just a text"
      LayoutSVGText {text} at (-2,2102) size 80x23 contains 1 chunk(s)
        LayoutSVGInlineText {#text} at (0,0) size 79x23
          chunk 1 text run 1 at (0.00,2120.00) startOffset 0 endOffset 11 width 77.76: "just a text"
      LayoutSVGText {text} at (98,2102) size 80x23 contains 1 chunk(s)
        LayoutSVGInlineText {#text} at (0,0) size 79x23
          chunk 1 text run 1 at (100.00,2120.00) startOffset 0 endOffset 11 width 77.76: "just a text"
      LayoutSVGText {text} at (198,2102) size 80x23 contains 1 chunk(s)
        LayoutSVGInlineText {#text} at (0,0) size 79x23
          chunk 1 text run 1 at (200.00,2120.00) startOffset 0 endOffset 11 width 77.76: "just a text"
      LayoutSVGText {text} at (298,2102) size 80x23 contains 1 chunk(s)
        LayoutSVGInlineText {#text} at (0,0) size 79x23
          chunk 1 text run 1 at (300.00,2120.00) startOffset 0 endOffset 11 width 77.76: "just a text"
      LayoutSVGText {text} at (398,2102) size 80x23 contains 1 chunk(s)
        LayoutSVGInlineText {#text} at (0,0) size 79x23
          chunk 1 text run 1 at (400.00,2120.00) startOffset 0 endOffset 11 width 77.76: "just a text"
      LayoutSVGText {text} at (498,2102) size 80x23 contains 1 chunk(s)
        LayoutSVGInlineText {#text} at (0,0) size 79x23
          chunk 1 text run 1 at (500.00,2120.00) startOffset 0 endOffset 11 width 77.76: "just a text"
      LayoutSVGText {text} at (598,2102) size 80x23 contains 1 chunk(s)
        LayoutSVGInlineText {#text} at (0,0) size 79x23
          chunk 1 text run 1 at (600.00,2120.00) startOffset 0 endOffset 11 width 77.76: "just a text"
      LayoutSVGText {text} at (698,2102) size 80x23 contains 1 chunk(s)
        LayoutSVGInlineText {#text} at (0,0) size 79x23
          chunk 1 text run 1 at (700.00,2120.00) startOffset 0 endOffset 11 width 77.76: "just a text"
      LayoutSVGText {text} at (798,2102) size 80x23 contains 1 chunk(s)
        LayoutSVGInlineText {#text} at (0,0) size 79x23
          chunk 1 text run 1 at (800.00,2120.00) startOffset 0 endOffset 11 width 77.76: "just a text"
      LayoutSVGText {text} at (898,2102) size 80x23 contains 1 chunk(s)
        LayoutSVGInlineText {#text} at (0,0) size 79x23
          chunk 1 text run 1 at (900.00,2120.00) startOffset 0 endOffset 11 width 77.76: "just a text"
      LayoutSVGText {text} at (998,2102) size 80x23 contains 1 chunk(s)
        LayoutSVGInlineText {#text} at (0,0) size 79x23
          chunk 1 text run 1 at (1000.00,2120.00) startOffset 0 endOffset 11 width 77.76: "just a text"
      LayoutSVGText {text} at (1098,2102) size 80x23 contains 1 chunk(s)
        LayoutSVGInlineText {#text} at (0,0) size 79x23
          chunk 1 text run 1 at (1100.00,2120.00) startOffset 0 endOffset 11 width 77.76: "just a text"
      LayoutSVGText {text} at (1198,2102) size 80x23 contains 1 chunk(s)
        LayoutSVGInlineText {#text} at (0,0) size 79x23
          chunk 1 text run 1 at (1200.00,2120.00) startOffset 0 endOffset 11 width 77.76: "just a text"
      LayoutSVGText {text} at (1298,2102) size 80x23 contains 1 chunk(s)
        LayoutSVGInlineText {#text} at (0,0) size 79x23
          chunk 1 text run 1 at (1300.00,2120.00) startOffset 0 endOffset 11 width 77.76: "just a text"
      LayoutSVGText {text} at (1398,2102) size 80x23 contains 1 chunk(s)
        LayoutSVGInlineText {#text} at (0,0) size 79x23
          chunk 1 text run 1 at (1400.00,2120.00) startOffset 0 endOffset 11 width 77.76: "just a text"
      LayoutSVGText {text} at (1498,2102) size 80x23 contains 1 chunk(s)
        LayoutSVGInlineText {#text} at (0,0) size 79x23
          chunk 1 text run 1 at (1500.00,2120.00) startOffset 0 endOffset 11 width 77.76: "just a text"
      LayoutSVGText {text} at (1598,2102) size 80x23 contains 1 chunk(s)
        LayoutSVGInlineText {#text} at (0,0) size 79x23
          chunk 1 text run 1 at (1600.00,2120.00) startOffset 0 endOffset 11 width 77.76: "just a text"
      LayoutSVGText {text} at (1698,2102) size 80x23 contains 1 chunk(s)
        LayoutSVGInlineText {#text} at (0,0) size 79x23
          chunk 1 text run 1 at (1700.00,2120.00) startOffset 0 endOffset 11 width 77.76: "just a text"
      LayoutSVGText {text} at (1798,2102) size 80x23 contains 1 chunk(s)
        LayoutSVGInlineText {#text} at (0,0) size 79x23
          chunk 1 text run 1 at (1800.00,2120.00) startOffset 0 endOffset 11 width 77.76: "just a text"
      LayoutSVGText {text} at (1898,2102) size 80x23 contains 1 chunk(s)
        LayoutSVGInlineText {#text} at (0,0) size 79x23
          chunk 1 text run 1 at (1900.00,2120.00) startOffset 0 endOffset 11 width 77.76: "just a text"
      LayoutSVGText {text} at (1998,2102) size 80x23 contains 1 chunk(s)
        LayoutSVGInlineText {#text} at (0,0) size 79x23
          chunk 1 text run 1 at (2000.00,2120.00) startOffset 0 endOffset 11 width 77.76: "just a text"
      LayoutSVGText {text} at (2098,2102) size 80x23 contains 1 chunk(s)
        LayoutSVGInlineText {#text} at (0,0) size 79x23
          chunk 1 text run 1 at (2100.00,2120.00) startOffset 0 endOffset 11 width 77.76: "just a text"
      LayoutSVGText {text} at (2198,2102) size 80x23 contains 1 chunk(s)
        LayoutSVGInlineText {#text} at (0,0) size 79x23
          chunk 1 text run 1 at (2200.00,2120.00) startOffset 0 endOffset 11 width 77.76: "just a text"
      LayoutSVGText {text} at (2298,2102) size 80x23 contains 1 chunk(s)
        LayoutSVGInlineText {#text} at (0,0) size 79x23
          chunk 1 text run 1 at (2300.00,2120.00) startOffset 0 endOffset 11 width 77.76: "just a text"
      LayoutSVGText {text} at (2398,2102) size 80x23 contains 1 chunk(s)
        LayoutSVGInlineText {#text} at (0,0) size 79x23
          chunk 1 text run 1 at (2400.00,2120.00) startOffset 0 endOffset 11 width 77.76: "just a text"
      LayoutSVGText {text} at (2498,2102) size 80x23 contains 1 chunk(s)
        LayoutSVGInlineText {#text} at (0,0) size 79x23
          chunk 1 text run 1 at (2500.00,2120.00) startOffset 0 endOffset 11 width 77.76: "just a text"
      LayoutSVGText {text} at (2598,2102) size 80x23 contains 1 chunk(s)
        LayoutSVGInlineText {#text} at (0,0) size 79x23
          chunk 1 text run 1 at (2600.00,2120.00) startOffset 0 endOffset 11 width 77.76: "just a text"
      LayoutSVGText {text} at (2698,2102) size 80x23 contains 1 chunk(s)
        LayoutSVGInlineText {#text} at (0,0) size 79x23
          chunk 1 text run 1 at (2700.00,2120.00) startOffset 0 endOffset 11 width 77.76: "just a text"
      LayoutSVGText {text} at (2798,2102) size 80x23 contains 1 chunk(s)
        LayoutSVGInlineText {#text} at (0,0) size 79x23
          chunk 1 text run 1 at (2800.00,2120.00) startOffset 0 endOffset 11 width 77.76: "just a text"
      LayoutSVGText {text} at (2898,2102) size 80x23 contains 1 chunk(s)
        LayoutSVGInlineText {#text} at (0,0) size 79x23
          chunk 1 text run 1 at (2900.00,2120.00) startOffset 0 endOffset 11 width 77.76: "just a text"
      LayoutSVGText {text} at (2998,2102) size 80x23 contains 1 chunk(s)
        LayoutSVGInlineText {#text} at (0,0) size 79x23
          chunk 1 text run 1 at (3000.00,2120.00) startOffset 0 endOffset 11 width 77.76: "just a text"
      LayoutSVGText {text} at (3098,2102) size 80x23 contains 1 chunk(s)
        LayoutSVGInlineText {#text} at (0,0) size 79x23
          chunk 1 text run 1 at (3100.00,2120.00) startOffset 0 endOffset 11 width 77.76: "just a text"
      LayoutSVGText {text} at (3198,2102) size 80x23 contains 1 chunk(s)
        LayoutSVGInlineText {#text} at (0,0) size 79x23
          chunk 1 text run 1 at (3200.00,2120.00) startOffset 0 endOffset 11 width 77.76: "just a text"
      LayoutSVGText {text} at (3298,2102) size 80x23 contains 1 chunk(s)
        LayoutSVGInlineText {#text} at (0,0) size 79x23
          chunk 1 text run 1 at (3300.00,2120.00) startOffset 0 endOffset 11 width 77.76: "just a text"
      LayoutSVGText {text} at (3398,2102) size 80x23 contains 1 chunk(s)
        LayoutSVGInlineText {#text} at (0,0) size 79x23
          chunk 1 text run 1 at (3400.00,2120.00) startOffset 0 endOffset 11 width 77.76: "just a text"
      LayoutSVGText {text} at (3498,2102) size 80x23 contains 1 chunk(s)
        LayoutSVGInlineText {#text} at (0,0) size 79x23
          chunk 1 text run 1 at (3500.00,2120.00) startOffset 0 endOffset 11 width 77.76: "just a text"
      LayoutSVGText {text} at (3598,2102) size 80x23 contains 1 chunk(s)
        LayoutSVGInlineText {#text} at (0,0) size 79x23
          chunk 1 text run 1 at (3600.00,2120.00) startOffset 0 endOffset 11 width 77.76: "just a text"
      LayoutSVGText {text} at (3698,2102) size 80x23 contains 1 chunk(s)
        LayoutSVGInlineText {#text} at (0,0) size 79x23
          chunk 1 text run 1 at (3700.00,2120.00) startOffset 0 endOffset 11 width 77.76: "just a text"
      LayoutSVGText {text} at (3798,2102) size 80x23 contains 1 chunk(s)
        LayoutSVGInlineText {#text} at (0,0) size 79x23
          chunk 1 text run 1 at (3800.00,2120.00) startOffset 0 endOffset 11 width 77.76: "just a text"
      LayoutSVGText {text} at (3898,2102) size 80x23 contains 1 chunk(s)
        LayoutSVGInlineText {#text} at (0,0) size 79x23
          chunk 1 text run 1 at (3900.00,2120.00) startOffset 0 endOffset 11 width 77.76: "just a text"
      LayoutSVGText {text} at (3998,2102) size 80x23 contains 1 chunk(s)
        LayoutSVGInlineText {#text} at (0,0) size 79x23
          chunk 1 text run 1 at (4000.00,2120.00) startOffset 0 endOffset 11 width 77.76: "just a text"
      LayoutSVGText {text} at (4098,2102) size 80x23 contains 1 chunk(s)
        LayoutSVGInlineText {#text} at (0,0) size 79x23
          chunk 1 text run 1 at (4100.00,2120.00) startOffset 0 endOffset 11 width 77.76: "just a text"
      LayoutSVGText {text} at (4198,2102) size 80x23 contains 1 chunk(s)
        LayoutSVGInlineText {#text} at (0,0) size 79x23
          chunk 1 text run 1 at (4200.00,2120.00) startOffset 0 endOffset 11 width 77.76: "just a text"
      LayoutSVGText {text} at (4298,2102) size 80x23 contains 1 chunk(s)
        LayoutSVGInlineText {#text} at (0,0) size 79x23
          chunk 1 text run 1 at (4300.00,2120.00) startOffset 0 endOffset 11 width 77.76: "just a text"
      LayoutSVGText {text} at (4398,2102) size 80x23 contains 1 chunk(s)
        LayoutSVGInlineText {#text} at (0,0) size 79x23
          chunk 1 text run 1 at (4400.00,2120.00) startOffset 0 endOffset 11 width 77.76: "just a text"
      LayoutSVGText {text} at (4498,2102) size 80x23 contains 1 chunk(s)
        LayoutSVGInlineText {#text} at (0,0) size 79x23
          chunk 1 text run 1 at (4500.00,2120.00) startOffset 0 endOffset 11 width 77.76: "just a text"
      LayoutSVGText {text} at (4598,2102) size 80x23 contains 1 chunk(s)
        LayoutSVGInlineText {#text} at (0,0) size 79x23
          chunk 1 text run 1 at (4600.00,2120.00) startOffset 0 endOffset 11 width 77.76: "just a text"
      LayoutSVGText {text} at (4698,2102) size 80x23 contains 1 chunk(s)
        LayoutSVGInlineText {#text} at (0,0) size 79x23
          chunk 1 text run 1 at (4700.00,2120.00) startOffset 0 endOffset 11 width 77.76: "just a text"
      LayoutSVGText {text} at (4798,2102) size 80x23 contains 1 chunk(s)
        LayoutSVGInlineText {#text} at (0,0) size 79x23
          chunk 1 text run 1 at (4800.00,2120.00) startOffset 0 endOffset 11 width 77.76: "just a text"
      LayoutSVGText {text} at (4898,2102) size 80x23 contains 1 chunk(s)
        LayoutSVGInlineText {#text} at (0,0) size 79x23
          chunk 1 text run 1 at (4900.00,2120.00) startOffset 0 endOffset 11 width 77.76: "just a text"
      LayoutSVGText {text} at (-2,2202) size 80x23 contains 1 chunk(s)
        LayoutSVGInlineText {#text} at (0,0) size 79x23
          chunk 1 text run 1 at (0.00,2220.00) startOffset 0 endOffset 11 width 77.76: "just a text"
      LayoutSVGText {text} at (98,2202) size 80x23 contains 1 chunk(s)
        LayoutSVGInlineText {#text} at (0,0) size 79x23
          chunk 1 text run 1 at (100.00,2220.00) startOffset 0 endOffset 11 width 77.76: "just a text"
      LayoutSVGText {text} at (198,2202) size 80x23 contains 1 chunk(s)
        LayoutSVGInlineText {#text} at (0,0) size 79x23
          chunk 1 text run 1 at (200.00,2220.00) startOffset 0 endOffset 11 width 77.76: "just a text"
      LayoutSVGText {text} at (298,2202) size 80x23 contains 1 chunk(s)
        LayoutSVGInlineText {#text} at (0,0) size 79x23
          chunk 1 text run 1 at (300.00,2220.00) startOffset 0 endOffset 11 width 77.76: "just a text"
      LayoutSVGText {text} at (398,2202) size 80x23 contains 1 chunk(s)
        LayoutSVGInlineText {#text} at (0,0) size 79x23
          chunk 1 text run 1 at (400.00,2220.00) startOffset 0 endOffset 11 width 77.76: "just a text"
      LayoutSVGText {text} at (498,2202) size 80x23 contains 1 chunk(s)
        LayoutSVGInlineText {#text} at (0,0) size 79x23
          chunk 1 text run 1 at (500.00,2220.00) startOffset 0 endOffset 11 width 77.76: "just a text"
      LayoutSVGText {text} at (598,2202) size 80x23 contains 1 chunk(s)
        LayoutSVGInlineText {#text} at (0,0) size 79x23
          chunk 1 text run 1 at (600.00,2220.00) startOffset 0 endOffset 11 width 77.76: "just a text"
      LayoutSVGText {text} at (698,2202) size 80x23 contains 1 chunk(s)
        LayoutSVGInlineText {#text} at (0,0) size 79x23
          chunk 1 text run 1 at (700.00,2220.00) startOffset 0 endOffset 11 width 77.76: "just a text"
      LayoutSVGText {text} at (798,2202) size 80x23 contains 1 chunk(s)
        LayoutSVGInlineText {#text} at (0,0) size 79x23
          chunk 1 text run 1 at (800.00,2220.00) startOffset 0 endOffset 11 width 77.76: "just a text"
      LayoutSVGText {text} at (898,2202) size 80x23 contains 1 chunk(s)
        LayoutSVGInlineText {#text} at (0,0) size 79x23
          chunk 1 text run 1 at (900.00,2220.00) startOffset 0 endOffset 11 width 77.76: "just a text"
      LayoutSVGText {text} at (998,2202) size 80x23 contains 1 chunk(s)
        LayoutSVGInlineText {#text} at (0,0) size 79x23
          chunk 1 text run 1 at (1000.00,2220.00) startOffset 0 endOffset 11 width 77.76: "just a text"
      LayoutSVGText {text} at (1098,2202) size 80x23 contains 1 chunk(s)
        LayoutSVGInlineText {#text} at (0,0) size 79x23
          chunk 1 text run 1 at (1100.00,2220.00) startOffset 0 endOffset 11 width 77.76: "just a text"
      LayoutSVGText {text} at (1198,2202) size 80x23 contains 1 chunk(s)
        LayoutSVGInlineText {#text} at (0,0) size 79x23
          chunk 1 text run 1 at (1200.00,2220.00) startOffset 0 endOffset 11 width 77.76: "just a text"
      LayoutSVGText {text} at (1298,2202) size 80x23 contains 1 chunk(s)
        LayoutSVGInlineText {#text} at (0,0) size 79x23
          chunk 1 text run 1 at (1300.00,2220.00) startOffset 0 endOffset 11 width 77.76: "just a text"
      LayoutSVGText {text} at (1398,2202) size 80x23 contains 1 chunk(s)
        LayoutSVGInlineText {#text} at (0,0) size 79x23
          chunk 1 text run 1 at (1400.00,2220.00) startOffset 0 endOffset 11 width 77.76: "just a text"
      LayoutSVGText {text} at (1498,2202) size 80x23 contains 1 chunk(s)
        LayoutSVGInlineText {#text} at (0,0) size 79x23
          chunk 1 text run 1 at (1500.00,2220.00) startOffset 0 endOffset 11 width 77.76: "just a text"
      LayoutSVGText {text} at (1598,2202) size 80x23 contains 1 chunk(s)
        LayoutSVGInlineText {#text} at (0,0) size 79x23
          chunk 1 text run 1 at (1600.00,2220.00) startOffset 0 endOffset 11 width 77.76: "just a text"
      LayoutSVGText {text} at (1698,2202) size 80x23 contains 1 chunk(s)
        LayoutSVGInlineText {#text} at (0,0) size 79x23
          chunk 1 text run 1 at (1700.00,2220.00) startOffset 0 endOffset 11 width 77.76: "just a text"
      LayoutSVGText {text} at (1798,2202) size 80x23 contains 1 chunk(s)
        LayoutSVGInlineText {#text} at (0,0) size 79x23
          chunk 1 text run 1 at (1800.00,2220.00) startOffset 0 endOffset 11 width 77.76: "just a text"
      LayoutSVGText {text} at (1898,2202) size 80x23 contains 1 chunk(s)
        LayoutSVGInlineText {#text} at (0,0) size 79x23
          chunk 1 text run 1 at (1900.00,2220.00) startOffset 0 endOffset 11 width 77.76: "just a text"
      LayoutSVGText {text} at (1998,2202) size 80x23 contains 1 chunk(s)
        LayoutSVGInlineText {#text} at (0,0) size 79x23
          chunk 1 text run 1 at (2000.00,2220.00) startOffset 0 endOffset 11 width 77.76: "just a text"
      LayoutSVGText {text} at (2098,2202) size 80x23 contains 1 chunk(s)
        LayoutSVGInlineText {#text} at (0,0) size 79x23
          chunk 1 text run 1 at (2100.00,2220.00) startOffset 0 endOffset 11 width 77.76: "just a text"
      LayoutSVGText {text} at (2198,2202) size 80x23 contains 1 chunk(s)
        LayoutSVGInlineText {#text} at (0,0) size 79x23
          chunk 1 text run 1 at (2200.00,2220.00) startOffset 0 endOffset 11 width 77.76: "just a text"
      LayoutSVGText {text} at (2298,2202) size 80x23 contains 1 chunk(s)
        LayoutSVGInlineText {#text} at (0,0) size 79x23
          chunk 1 text run 1 at (2300.00,2220.00) startOffset 0 endOffset 11 width 77.76: "just a text"
      LayoutSVGText {text} at (2398,2202) size 80x23 contains 1 chunk(s)
        LayoutSVGInlineText {#text} at (0,0) size 79x23
          chunk 1 text run 1 at (2400.00,2220.00) startOffset 0 endOffset 11 width 77.76: "just a text"
      LayoutSVGText {text} at (2498,2202) size 80x23 contains 1 chunk(s)
        LayoutSVGInlineText {#text} at (0,0) size 79x23
          chunk 1 text run 1 at (2500.00,2220.00) startOffset 0 endOffset 11 width 77.76: "just a text"
      LayoutSVGText {text} at (2598,2202) size 80x23 contains 1 chunk(s)
        LayoutSVGInlineText {#text} at (0,0) size 79x23
          chunk 1 text run 1 at (2600.00,2220.00) startOffset 0 endOffset 11 width 77.76: "just a text"
      LayoutSVGText {text} at (2698,2202) size 80x23 contains 1 chunk(s)
        LayoutSVGInlineText {#text} at (0,0) size 79x23
          chunk 1 text run 1 at (2700.00,2220.00) startOffset 0 endOffset 11 width 77.76: "just a text"
      LayoutSVGText {text} at (2798,2202) size 80x23 contains 1 chunk(s)
        LayoutSVGInlineText {#text} at (0,0) size 79x23
          chunk 1 text run 1 at (2800.00,2220.00) startOffset 0 endOffset 11 width 77.76: "just a text"
      LayoutSVGText {text} at (2898,2202) size 80x23 contains 1 chunk(s)
        LayoutSVGInlineText {#text} at (0,0) size 79x23
          chunk 1 text run 1 at (2900.00,2220.00) startOffset 0 endOffset 11 width 77.76: "just a text"
      LayoutSVGText {text} at (2998,2202) size 80x23 contains 1 chunk(s)
        LayoutSVGInlineText {#text} at (0,0) size 79x23
          chunk 1 text run 1 at (3000.00,2220.00) startOffset 0 endOffset 11 width 77.76: "just a text"
      LayoutSVGText {text} at (3098,2202) size 80x23 contains 1 chunk(s)
        LayoutSVGInlineText {#text} at (0,0) size 79x23
          chunk 1 text run 1 at (3100.00,2220.00) startOffset 0 endOffset 11 width 77.76: "just a text"
      LayoutSVGText {text} at (3198,2202) size 80x23 contains 1 chunk(s)
        LayoutSVGInlineText {#text} at (0,0) size 79x23
          chunk 1 text run 1 at (3200.00,2220.00) startOffset 0 endOffset 11 width 77.76: "just a text"
      LayoutSVGText {text} at (3298,2202) size 80x23 contains 1 chunk(s)
        LayoutSVGInlineText {#text} at (0,0) size 79x23
          chunk 1 text run 1 at (3300.00,2220.00) startOffset 0 endOffset 11 width 77.76: "just a text"
      LayoutSVGText {text} at (3398,2202) size 80x23 contains 1 chunk(s)
        LayoutSVGInlineText {#text} at (0,0) size 79x23
          chunk 1 text run 1 at (3400.00,2220.00) startOffset 0 endOffset 11 width 77.76: "just a text"
      LayoutSVGText {text} at (3498,2202) size 80x23 contains 1 chunk(s)
        LayoutSVGInlineText {#text} at (0,0) size 79x23
          chunk 1 text run 1 at (3500.00,2220.00) startOffset 0 endOffset 11 width 77.76: "just a text"
      LayoutSVGText {text} at (3598,2202) size 80x23 contains 1 chunk(s)
        LayoutSVGInlineText {#text} at (0,0) size 79x23
          chunk 1 text run 1 at (3600.00,2220.00) startOffset 0 endOffset 11 width 77.76: "just a text"
      LayoutSVGText {text} at (3698,2202) size 80x23 contains 1 chunk(s)
        LayoutSVGInlineText {#text} at (0,0) size 79x23
          chunk 1 text run 1 at (3700.00,2220.00) startOffset 0 endOffset 11 width 77.76: "just a text"
      LayoutSVGText {text} at (3798,2202) size 80x23 contains 1 chunk(s)
        LayoutSVGInlineText {#text} at (0,0) size 79x23
          chunk 1 text run 1 at (3800.00,2220.00) startOffset 0 endOffset 11 width 77.76: "just a text"
      LayoutSVGText {text} at (3898,2202) size 80x23 contains 1 chunk(s)
        LayoutSVGInlineText {#text} at (0,0) size 79x23
          chunk 1 text run 1 at (3900.00,2220.00) startOffset 0 endOffset 11 width 77.76: "just a text"
      LayoutSVGText {text} at (3998,2202) size 80x23 contains 1 chunk(s)
        LayoutSVGInlineText {#text} at (0,0) size 79x23
          chunk 1 text run 1 at (4000.00,2220.00) startOffset 0 endOffset 11 width 77.76: "just a text"
      LayoutSVGText {text} at (4098,2202) size 80x23 contains 1 chunk(s)
        LayoutSVGInlineText {#text} at (0,0) size 79x23
          chunk 1 text run 1 at (4100.00,2220.00) startOffset 0 endOffset 11 width 77.76: "just a text"
      LayoutSVGText {text} at (4198,2202) size 80x23 contains 1 chunk(s)
        LayoutSVGInlineText {#text} at (0,0) size 79x23
          chunk 1 text run 1 at (4200.00,2220.00) startOffset 0 endOffset 11 width 77.76: "just a text"
      LayoutSVGText {text} at (4298,2202) size 80x23 contains 1 chunk(s)
        LayoutSVGInlineText {#text} at (0,0) size 79x23
          chunk 1 text run 1 at (4300.00,2220.00) startOffset 0 endOffset 11 width 77.76: "just a text"
      LayoutSVGText {text} at (4398,2202) size 80x23 contains 1 chunk(s)
        LayoutSVGInlineText {#text} at (0,0) size 79x23
          chunk 1 text run 1 at (4400.00,2220.00) startOffset 0 endOffset 11 width 77.76: "just a text"
      LayoutSVGText {text} at (4498,2202) size 80x23 contains 1 chunk(s)
        LayoutSVGInlineText {#text} at (0,0) size 79x23
          chunk 1 text run 1 at (4500.00,2220.00) startOffset 0 endOffset 11 width 77.76: "just a text"
      LayoutSVGText {text} at (4598,2202) size 80x23 contains 1 chunk(s)
        LayoutSVGInlineText {#text} at (0,0) size 79x23
          chunk 1 text run 1 at (4600.00,2220.00) startOffset 0 endOffset 11 width 77.76: "just a text"
      LayoutSVGText {text} at (4698,2202) size 80x23 contains 1 chunk(s)
        LayoutSVGInlineText {#text} at (0,0) size 79x23
          chunk 1 text run 1 at (4700.00,2220.00) startOffset 0 endOffset 11 width 77.76: "just a text"
      LayoutSVGText {text} at (4798,2202) size 80x23 contains 1 chunk(s)
        LayoutSVGInlineText {#text} at (0,0) size 79x23
          chunk 1 text run 1 at (4800.00,2220.00) startOffset 0 endOffset 11 width 77.76: "just a text"
      LayoutSVGText {text} at (4898,2202) size 80x23 contains 1 chunk(s)
        LayoutSVGInlineText {#text} at (0,0) size 79x23
          chunk 1 text run 1 at (4900.00,2220.00) startOffset 0 endOffset 11 width 77.76: "just a text"
      LayoutSVGText {text} at (-2,2302) size 80x23 contains 1 chunk(s)
        LayoutSVGInlineText {#text} at (0,0) size 79x23
          chunk 1 text run 1 at (0.00,2320.00) startOffset 0 endOffset 11 width 77.76: "just a text"
      LayoutSVGText {text} at (98,2302) size 80x23 contains 1 chunk(s)
        LayoutSVGInlineText {#text} at (0,0) size 79x23
          chunk 1 text run 1 at (100.00,2320.00) startOffset 0 endOffset 11 width 77.76: "just a text"
      LayoutSVGText {text} at (198,2302) size 80x23 contains 1 chunk(s)
        LayoutSVGInlineText {#text} at (0,0) size 79x23
          chunk 1 text run 1 at (200.00,2320.00) startOffset 0 endOffset 11 width 77.76: "just a text"
      LayoutSVGText {text} at (298,2302) size 80x23 contains 1 chunk(s)
        LayoutSVGInlineText {#text} at (0,0) size 79x23
          chunk 1 text run 1 at (300.00,2320.00) startOffset 0 endOffset 11 width 77.76: "just a text"
      LayoutSVGText {text} at (398,2302) size 80x23 contains 1 chunk(s)
        LayoutSVGInlineText {#text} at (0,0) size 79x23
          chunk 1 text run 1 at (400.00,2320.00) startOffset 0 endOffset 11 width 77.76: "just a text"
      LayoutSVGText {text} at (498,2302) size 80x23 contains 1 chunk(s)
        LayoutSVGInlineText {#text} at (0,0) size 79x23
          chunk 1 text run 1 at (500.00,2320.00) startOffset 0 endOffset 11 width 77.76: "just a text"
      LayoutSVGText {text} at (598,2302) size 80x23 contains 1 chunk(s)
        LayoutSVGInlineText {#text} at (0,0) size 79x23
          chunk 1 text run 1 at (600.00,2320.00) startOffset 0 endOffset 11 width 77.76: "just a text"
      LayoutSVGText {text} at (698,2302) size 80x23 contains 1 chunk(s)
        LayoutSVGInlineText {#text} at (0,0) size 79x23
          chunk 1 text run 1 at (700.00,2320.00) startOffset 0 endOffset 11 width 77.76: "just a text"
      LayoutSVGText {text} at (798,2302) size 80x23 contains 1 chunk(s)
        LayoutSVGInlineText {#text} at (0,0) size 79x23
          chunk 1 text run 1 at (800.00,2320.00) startOffset 0 endOffset 11 width 77.76: "just a text"
      LayoutSVGText {text} at (898,2302) size 80x23 contains 1 chunk(s)
        LayoutSVGInlineText {#text} at (0,0) size 79x23
          chunk 1 text run 1 at (900.00,2320.00) startOffset 0 endOffset 11 width 77.76: "just a text"
      LayoutSVGText {text} at (998,2302) size 80x23 contains 1 chunk(s)
        LayoutSVGInlineText {#text} at (0,0) size 79x23
          chunk 1 text run 1 at (1000.00,2320.00) startOffset 0 endOffset 11 width 77.76: "just a text"
      LayoutSVGText {text} at (1098,2302) size 80x23 contains 1 chunk(s)
        LayoutSVGInlineText {#text} at (0,0) size 79x23
          chunk 1 text run 1 at (1100.00,2320.00) startOffset 0 endOffset 11 width 77.76: "just a text"
      LayoutSVGText {text} at (1198,2302) size 80x23 contains 1 chunk(s)
        LayoutSVGInlineText {#text} at (0,0) size 79x23
          chunk 1 text run 1 at (1200.00,2320.00) startOffset 0 endOffset 11 width 77.76: "just a text"
      LayoutSVGText {text} at (1298,2302) size 80x23 contains 1 chunk(s)
        LayoutSVGInlineText {#text} at (0,0) size 79x23
          chunk 1 text run 1 at (1300.00,2320.00) startOffset 0 endOffset 11 width 77.76: "just a text"
      LayoutSVGText {text} at (1398,2302) size 80x23 contains 1 chunk(s)
        LayoutSVGInlineText {#text} at (0,0) size 79x23
          chunk 1 text run 1 at (1400.00,2320.00) startOffset 0 endOffset 11 width 77.76: "just a text"
      LayoutSVGText {text} at (1498,2302) size 80x23 contains 1 chunk(s)
        LayoutSVGInlineText {#text} at (0,0) size 79x23
          chunk 1 text run 1 at (1500.00,2320.00) startOffset 0 endOffset 11 width 77.76: "just a text"
      LayoutSVGText {text} at (1598,2302) size 80x23 contains 1 chunk(s)
        LayoutSVGInlineText {#text} at (0,0) size 79x23
          chunk 1 text run 1 at (1600.00,2320.00) startOffset 0 endOffset 11 width 77.76: "just a text"
      LayoutSVGText {text} at (1698,2302) size 80x23 contains 1 chunk(s)
        LayoutSVGInlineText {#text} at (0,0) size 79x23
          chunk 1 text run 1 at (1700.00,2320.00) startOffset 0 endOffset 11 width 77.76: "just a text"
      LayoutSVGText {text} at (1798,2302) size 80x23 contains 1 chunk(s)
        LayoutSVGInlineText {#text} at (0,0) size 79x23
          chunk 1 text run 1 at (1800.00,2320.00) startOffset 0 endOffset 11 width 77.76: "just a text"
      LayoutSVGText {text} at (1898,2302) size 80x23 contains 1 chunk(s)
        LayoutSVGInlineText {#text} at (0,0) size 79x23
          chunk 1 text run 1 at (1900.00,2320.00) startOffset 0 endOffset 11 width 77.76: "just a text"
      LayoutSVGText {text} at (1998,2302) size 80x23 contains 1 chunk(s)
        LayoutSVGInlineText {#text} at (0,0) size 79x23
          chunk 1 text run 1 at (2000.00,2320.00) startOffset 0 endOffset 11 width 77.76: "just a text"
      LayoutSVGText {text} at (2098,2302) size 80x23 contains 1 chunk(s)
        LayoutSVGInlineText {#text} at (0,0) size 79x23
          chunk 1 text run 1 at (2100.00,2320.00) startOffset 0 endOffset 11 width 77.76: "just a text"
      LayoutSVGText {text} at (2198,2302) size 80x23 contains 1 chunk(s)
        LayoutSVGInlineText {#text} at (0,0) size 79x23
          chunk 1 text run 1 at (2200.00,2320.00) startOffset 0 endOffset 11 width 77.76: "just a text"
      LayoutSVGText {text} at (2298,2302) size 80x23 contains 1 chunk(s)
        LayoutSVGInlineText {#text} at (0,0) size 79x23
          chunk 1 text run 1 at (2300.00,2320.00) startOffset 0 endOffset 11 width 77.76: "just a text"
      LayoutSVGText {text} at (2398,2302) size 80x23 contains 1 chunk(s)
        LayoutSVGInlineText {#text} at (0,0) size 79x23
          chunk 1 text run 1 at (2400.00,2320.00) startOffset 0 endOffset 11 width 77.76: "just a text"
      LayoutSVGText {text} at (2498,2302) size 80x23 contains 1 chunk(s)
        LayoutSVGInlineText {#text} at (0,0) size 79x23
          chunk 1 text run 1 at (2500.00,2320.00) startOffset 0 endOffset 11 width 77.76: "just a text"
      LayoutSVGText {text} at (2598,2302) size 80x23 contains 1 chunk(s)
        LayoutSVGInlineText {#text} at (0,0) size 79x23
          chunk 1 text run 1 at (2600.00,2320.00) startOffset 0 endOffset 11 width 77.76: "just a text"
      LayoutSVGText {text} at (2698,2302) size 80x23 contains 1 chunk(s)
        LayoutSVGInlineText {#text} at (0,0) size 79x23
          chunk 1 text run 1 at (2700.00,2320.00) startOffset 0 endOffset 11 width 77.76: "just a text"
      LayoutSVGText {text} at (2798,2302) size 80x23 contains 1 chunk(s)
        LayoutSVGInlineText {#text} at (0,0) size 79x23
          chunk 1 text run 1 at (2800.00,2320.00) startOffset 0 endOffset 11 width 77.76: "just a text"
      LayoutSVGText {text} at (2898,2302) size 80x23 contains 1 chunk(s)
        LayoutSVGInlineText {#text} at (0,0) size 79x23
          chunk 1 text run 1 at (2900.00,2320.00) startOffset 0 endOffset 11 width 77.76: "just a text"
      LayoutSVGText {text} at (2998,2302) size 80x23 contains 1 chunk(s)
        LayoutSVGInlineText {#text} at (0,0) size 79x23
          chunk 1 text run 1 at (3000.00,2320.00) startOffset 0 endOffset 11 width 77.76: "just a text"
      LayoutSVGText {text} at (3098,2302) size 80x23 contains 1 chunk(s)
        LayoutSVGInlineText {#text} at (0,0) size 79x23
          chunk 1 text run 1 at (3100.00,2320.00) startOffset 0 endOffset 11 width 77.76: "just a text"
      LayoutSVGText {text} at (3198,2302) size 80x23 contains 1 chunk(s)
        LayoutSVGInlineText {#text} at (0,0) size 79x23
          chunk 1 text run 1 at (3200.00,2320.00) startOffset 0 endOffset 11 width 77.76: "just a text"
      LayoutSVGText {text} at (3298,2302) size 80x23 contains 1 chunk(s)
        LayoutSVGInlineText {#text} at (0,0) size 79x23
          chunk 1 text run 1 at (3300.00,2320.00) startOffset 0 endOffset 11 width 77.76: "just a text"
      LayoutSVGText {text} at (3398,2302) size 80x23 contains 1 chunk(s)
        LayoutSVGInlineText {#text} at (0,0) size 79x23
          chunk 1 text run 1 at (3400.00,2320.00) startOffset 0 endOffset 11 width 77.76: "just a text"
      LayoutSVGText {text} at (3498,2302) size 80x23 contains 1 chunk(s)
        LayoutSVGInlineText {#text} at (0,0) size 79x23
          chunk 1 text run 1 at (3500.00,2320.00) startOffset 0 endOffset 11 width 77.76: "just a text"
      LayoutSVGText {text} at (3598,2302) size 80x23 contains 1 chunk(s)
        LayoutSVGInlineText {#text} at (0,0) size 79x23
          chunk 1 text run 1 at (3600.00,2320.00) startOffset 0 endOffset 11 width 77.76: "just a text"
      LayoutSVGText {text} at (3698,2302) size 80x23 contains 1 chunk(s)
        LayoutSVGInlineText {#text} at (0,0) size 79x23
          chunk 1 text run 1 at (3700.00,2320.00) startOffset 0 endOffset 11 width 77.76: "just a text"
      LayoutSVGText {text} at (3798,2302) size 80x23 contains 1 chunk(s)
        LayoutSVGInlineText {#text} at (0,0) size 79x23
          chunk 1 text run 1 at (3800.00,2320.00) startOffset 0 endOffset 11 width 77.76: "just a text"
      LayoutSVGText {text} at (3898,2302) size 80x23 contains 1 chunk(s)
        LayoutSVGInlineText {#text} at (0,0) size 79x23
          chunk 1 text run 1 at (3900.00,2320.00) startOffset 0 endOffset 11 width 77.76: "just a text"
      LayoutSVGText {text} at (3998,2302) size 80x23 contains 1 chunk(s)
        LayoutSVGInlineText {#text} at (0,0) size 79x23
          chunk 1 text run 1 at (4000.00,2320.00) startOffset 0 endOffset 11 width 77.76: "just a text"
      LayoutSVGText {text} at (4098,2302) size 80x23 contains 1 chunk(s)
        LayoutSVGInlineText {#text} at (0,0) size 79x23
          chunk 1 text run 1 at (4100.00,2320.00) startOffset 0 endOffset 11 width 77.76: "just a text"
      LayoutSVGText {text} at (4198,2302) size 80x23 contains 1 chunk(s)
        LayoutSVGInlineText {#text} at (0,0) size 79x23
          chunk 1 text run 1 at (4200.00,2320.00) startOffset 0 endOffset 11 width 77.76: "just a text"
      LayoutSVGText {text} at (4298,2302) size 80x23 contains 1 chunk(s)
        LayoutSVGInlineText {#text} at (0,0) size 79x23
          chunk 1 text run 1 at (4300.00,2320.00) startOffset 0 endOffset 11 width 77.76: "just a text"
      LayoutSVGText {text} at (4398,2302) size 80x23 contains 1 chunk(s)
        LayoutSVGInlineText {#text} at (0,0) size 79x23
          chunk 1 text run 1 at (4400.00,2320.00) startOffset 0 endOffset 11 width 77.76: "just a text"
      LayoutSVGText {text} at (4498,2302) size 80x23 contains 1 chunk(s)
        LayoutSVGInlineText {#text} at (0,0) size 79x23
          chunk 1 text run 1 at (4500.00,2320.00) startOffset 0 endOffset 11 width 77.76: "just a text"
      LayoutSVGText {text} at (4598,2302) size 80x23 contains 1 chunk(s)
        LayoutSVGInlineText {#text} at (0,0) size 79x23
          chunk 1 text run 1 at (4600.00,2320.00) startOffset 0 endOffset 11 width 77.76: "just a text"
      LayoutSVGText {text} at (4698,2302) size 80x23 contains 1 chunk(s)
        LayoutSVGInlineText {#text} at (0,0) size 79x23
          chunk 1 text run 1 at (4700.00,2320.00) startOffset 0 endOffset 11 width 77.76: "just a text"
      LayoutSVGText {text} at (4798,2302) size 80x23 contains 1 chunk(s)
        LayoutSVGInlineText {#text} at (0,0) size 79x23
          chunk 1 text run 1 at (4800.00,2320.00) startOffset 0 endOffset 11 width 77.76: "just a text"
      LayoutSVGText {text} at (4898,2302) size 80x23 contains 1 chunk(s)
        LayoutSVGInlineText {#text} at (0,0) size 79x23
          chunk 1 text run 1 at (4900.00,2320.00) startOffset 0 endOffset 11 width 77.76: "just a text"
      LayoutSVGText {text} at (-2,2402) size 80x23 contains 1 chunk(s)
        LayoutSVGInlineText {#text} at (0,0) size 79x23
          chunk 1 text run 1 at (0.00,2420.00) startOffset 0 endOffset 11 width 77.76: "just a text"
      LayoutSVGText {text} at (98,2402) size 80x23 contains 1 chunk(s)
        LayoutSVGInlineText {#text} at (0,0) size 79x23
          chunk 1 text run 1 at (100.00,2420.00) startOffset 0 endOffset 11 width 77.76: "just a text"
      LayoutSVGText {text} at (198,2402) size 80x23 contains 1 chunk(s)
        LayoutSVGInlineText {#text} at (0,0) size 79x23
          chunk 1 text run 1 at (200.00,2420.00) startOffset 0 endOffset 11 width 77.76: "just a text"
      LayoutSVGText {text} at (298,2402) size 80x23 contains 1 chunk(s)
        LayoutSVGInlineText {#text} at (0,0) size 79x23
          chunk 1 text run 1 at (300.00,2420.00) startOffset 0 endOffset 11 width 77.76: "just a text"
      LayoutSVGText {text} at (398,2402) size 80x23 contains 1 chunk(s)
        LayoutSVGInlineText {#text} at (0,0) size 79x23
          chunk 1 text run 1 at (400.00,2420.00) startOffset 0 endOffset 11 width 77.76: "just a text"
      LayoutSVGText {text} at (498,2402) size 80x23 contains 1 chunk(s)
        LayoutSVGInlineText {#text} at (0,0) size 79x23
          chunk 1 text run 1 at (500.00,2420.00) startOffset 0 endOffset 11 width 77.76: "just a text"
      LayoutSVGText {text} at (598,2402) size 80x23 contains 1 chunk(s)
        LayoutSVGInlineText {#text} at (0,0) size 79x23
          chunk 1 text run 1 at (600.00,2420.00) startOffset 0 endOffset 11 width 77.76: "just a text"
      LayoutSVGText {text} at (698,2402) size 80x23 contains 1 chunk(s)
        LayoutSVGInlineText {#text} at (0,0) size 79x23
          chunk 1 text run 1 at (700.00,2420.00) startOffset 0 endOffset 11 width 77.76: "just a text"
      LayoutSVGText {text} at (798,2402) size 80x23 contains 1 chunk(s)
        LayoutSVGInlineText {#text} at (0,0) size 79x23
          chunk 1 text run 1 at (800.00,2420.00) startOffset 0 endOffset 11 width 77.76: "just a text"
      LayoutSVGText {text} at (898,2402) size 80x23 contains 1 chunk(s)
        LayoutSVGInlineText {#text} at (0,0) size 79x23
          chunk 1 text run 1 at (900.00,2420.00) startOffset 0 endOffset 11 width 77.76: "just a text"
      LayoutSVGText {text} at (998,2402) size 80x23 contains 1 chunk(s)
        LayoutSVGInlineText {#text} at (0,0) size 79x23
          chunk 1 text run 1 at (1000.00,2420.00) startOffset 0 endOffset 11 width 77.76: "just a text"
      LayoutSVGText {text} at (1098,2402) size 80x23 contains 1 chunk(s)
        LayoutSVGInlineText {#text} at (0,0) size 79x23
          chunk 1 text run 1 at (1100.00,2420.00) startOffset 0 endOffset 11 width 77.76: "just a text"
      LayoutSVGText {text} at (1198,2402) size 80x23 contains 1 chunk(s)
        LayoutSVGInlineText {#text} at (0,0) size 79x23
          chunk 1 text run 1 at (1200.00,2420.00) startOffset 0 endOffset 11 width 77.76: "just a text"
      LayoutSVGText {text} at (1298,2402) size 80x23 contains 1 chunk(s)
        LayoutSVGInlineText {#text} at (0,0) size 79x23
          chunk 1 text run 1 at (1300.00,2420.00) startOffset 0 endOffset 11 width 77.76: "just a text"
      LayoutSVGText {text} at (1398,2402) size 80x23 contains 1 chunk(s)
        LayoutSVGInlineText {#text} at (0,0) size 79x23
          chunk 1 text run 1 at (1400.00,2420.00) startOffset 0 endOffset 11 width 77.76: "just a text"
      LayoutSVGText {text} at (1498,2402) size 80x23 contains 1 chunk(s)
        LayoutSVGInlineText {#text} at (0,0) size 79x23
          chunk 1 text run 1 at (1500.00,2420.00) startOffset 0 endOffset 11 width 77.76: "just a text"
      LayoutSVGText {text} at (1598,2402) size 80x23 contains 1 chunk(s)
        LayoutSVGInlineText {#text} at (0,0) size 79x23
          chunk 1 text run 1 at (1600.00,2420.00) startOffset 0 endOffset 11 width 77.76: "just a text"
      LayoutSVGText {text} at (1698,2402) size 80x23 contains 1 chunk(s)
        LayoutSVGInlineText {#text} at (0,0) size 79x23
          chunk 1 text run 1 at (1700.00,2420.00) startOffset 0 endOffset 11 width 77.76: "just a text"
      LayoutSVGText {text} at (1798,2402) size 80x23 contains 1 chunk(s)
        LayoutSVGInlineText {#text} at (0,0) size 79x23
          chunk 1 text run 1 at (1800.00,2420.00) startOffset 0 endOffset 11 width 77.76: "just a text"
      LayoutSVGText {text} at (1898,2402) size 80x23 contains 1 chunk(s)
        LayoutSVGInlineText {#text} at (0,0) size 79x23
          chunk 1 text run 1 at (1900.00,2420.00) startOffset 0 endOffset 11 width 77.76: "just a text"
      LayoutSVGText {text} at (1998,2402) size 80x23 contains 1 chunk(s)
        LayoutSVGInlineText {#text} at (0,0) size 79x23
          chunk 1 text run 1 at (2000.00,2420.00) startOffset 0 endOffset 11 width 77.76: "just a text"
      LayoutSVGText {text} at (2098,2402) size 80x23 contains 1 chunk(s)
        LayoutSVGInlineText {#text} at (0,0) size 79x23
          chunk 1 text run 1 at (2100.00,2420.00) startOffset 0 endOffset 11 width 77.76: "just a text"
      LayoutSVGText {text} at (2198,2402) size 80x23 contains 1 chunk(s)
        LayoutSVGInlineText {#text} at (0,0) size 79x23
          chunk 1 text run 1 at (2200.00,2420.00) startOffset 0 endOffset 11 width 77.76: "just a text"
      LayoutSVGText {text} at (2298,2402) size 80x23 contains 1 chunk(s)
        LayoutSVGInlineText {#text} at (0,0) size 79x23
          chunk 1 text run 1 at (2300.00,2420.00) startOffset 0 endOffset 11 width 77.76: "just a text"
      LayoutSVGText {text} at (2398,2402) size 80x23 contains 1 chunk(s)
        LayoutSVGInlineText {#text} at (0,0) size 79x23
          chunk 1 text run 1 at (2400.00,2420.00) startOffset 0 endOffset 11 width 77.76: "just a text"
      LayoutSVGText {text} at (2498,2402) size 80x23 contains 1 chunk(s)
        LayoutSVGInlineText {#text} at (0,0) size 79x23
          chunk 1 text run 1 at (2500.00,2420.00) startOffset 0 endOffset 11 width 77.76: "just a text"
      LayoutSVGText {text} at (2598,2402) size 80x23 contains 1 chunk(s)
        LayoutSVGInlineText {#text} at (0,0) size 79x23
          chunk 1 text run 1 at (2600.00,2420.00) startOffset 0 endOffset 11 width 77.76: "just a text"
      LayoutSVGText {text} at (2698,2402) size 80x23 contains 1 chunk(s)
        LayoutSVGInlineText {#text} at (0,0) size 79x23
          chunk 1 text run 1 at (2700.00,2420.00) startOffset 0 endOffset 11 width 77.76: "just a text"
      LayoutSVGText {text} at (2798,2402) size 80x23 contains 1 chunk(s)
        LayoutSVGInlineText {#text} at (0,0) size 79x23
          chunk 1 text run 1 at (2800.00,2420.00) startOffset 0 endOffset 11 width 77.76: "just a text"
      LayoutSVGText {text} at (2898,2402) size 80x23 contains 1 chunk(s)
        LayoutSVGInlineText {#text} at (0,0) size 79x23
          chunk 1 text run 1 at (2900.00,2420.00) startOffset 0 endOffset 11 width 77.76: "just a text"
      LayoutSVGText {text} at (2998,2402) size 80x23 contains 1 chunk(s)
        LayoutSVGInlineText {#text} at (0,0) size 79x23
          chunk 1 text run 1 at (3000.00,2420.00) startOffset 0 endOffset 11 width 77.76: "just a text"
      LayoutSVGText {text} at (3098,2402) size 80x23 contains 1 chunk(s)
        LayoutSVGInlineText {#text} at (0,0) size 79x23
          chunk 1 text run 1 at (3100.00,2420.00) startOffset 0 endOffset 11 width 77.76: "just a text"
      LayoutSVGText {text} at (3198,2402) size 80x23 contains 1 chunk(s)
        LayoutSVGInlineText {#text} at (0,0) size 79x23
          chunk 1 text run 1 at (3200.00,2420.00) startOffset 0 endOffset 11 width 77.76: "just a text"
      LayoutSVGText {text} at (3298,2402) size 80x23 contains 1 chunk(s)
        LayoutSVGInlineText {#text} at (0,0) size 79x23
          chunk 1 text run 1 at (3300.00,2420.00) startOffset 0 endOffset 11 width 77.76: "just a text"
      LayoutSVGText {text} at (3398,2402) size 80x23 contains 1 chunk(s)
        LayoutSVGInlineText {#text} at (0,0) size 79x23
          chunk 1 text run 1 at (3400.00,2420.00) startOffset 0 endOffset 11 width 77.76: "just a text"
      LayoutSVGText {text} at (3498,2402) size 80x23 contains 1 chunk(s)
        LayoutSVGInlineText {#text} at (0,0) size 79x23
          chunk 1 text run 1 at (3500.00,2420.00) startOffset 0 endOffset 11 width 77.76: "just a text"
      LayoutSVGText {text} at (3598,2402) size 80x23 contains 1 chunk(s)
        LayoutSVGInlineText {#text} at (0,0) size 79x23
          chunk 1 text run 1 at (3600.00,2420.00) startOffset 0 endOffset 11 width 77.76: "just a text"
      LayoutSVGText {text} at (3698,2402) size 80x23 contains 1 chunk(s)
        LayoutSVGInlineText {#text} at (0,0) size 79x23
          chunk 1 text run 1 at (3700.00,2420.00) startOffset 0 endOffset 11 width 77.76: "just a text"
      LayoutSVGText {text} at (3798,2402) size 80x23 contains 1 chunk(s)
        LayoutSVGInlineText {#text} at (0,0) size 79x23
          chunk 1 text run 1 at (3800.00,2420.00) startOffset 0 endOffset 11 width 77.76: "just a text"
      LayoutSVGText {text} at (3898,2402) size 80x23 contains 1 chunk(s)
        LayoutSVGInlineText {#text} at (0,0) size 79x23
          chunk 1 text run 1 at (3900.00,2420.00) startOffset 0 endOffset 11 width 77.76: "just a text"
      LayoutSVGText {text} at (3998,2402) size 80x23 contains 1 chunk(s)
        LayoutSVGInlineText {#text} at (0,0) size 79x23
          chunk 1 text run 1 at (4000.00,2420.00) startOffset 0 endOffset 11 width 77.76: "just a text"
      LayoutSVGText {text} at (4098,2402) size 80x23 contains 1 chunk(s)
        LayoutSVGInlineText {#text} at (0,0) size 79x23
          chunk 1 text run 1 at (4100.00,2420.00) startOffset 0 endOffset 11 width 77.76: "just a text"
      LayoutSVGText {text} at (4198,2402) size 80x23 contains 1 chunk(s)
        LayoutSVGInlineText {#text} at (0,0) size 79x23
          chunk 1 text run 1 at (4200.00,2420.00) startOffset 0 endOffset 11 width 77.76: "just a text"
      LayoutSVGText {text} at (4298,2402) size 80x23 contains 1 chunk(s)
        LayoutSVGInlineText {#text} at (0,0) size 79x23
          chunk 1 text run 1 at (4300.00,2420.00) startOffset 0 endOffset 11 width 77.76: "just a text"
      LayoutSVGText {text} at (4398,2402) size 80x23 contains 1 chunk(s)
        LayoutSVGInlineText {#text} at (0,0) size 79x23
          chunk 1 text run 1 at (4400.00,2420.00) startOffset 0 endOffset 11 width 77.76: "just a text"
      LayoutSVGText {text} at (4498,2402) size 80x23 contains 1 chunk(s)
        LayoutSVGInlineText {#text} at (0,0) size 79x23
          chunk 1 text run 1 at (4500.00,2420.00) startOffset 0 endOffset 11 width 77.76: "just a text"
      LayoutSVGText {text} at (4598,2402) size 80x23 contains 1 chunk(s)
        LayoutSVGInlineText {#text} at (0,0) size 79x23
          chunk 1 text run 1 at (4600.00,2420.00) startOffset 0 endOffset 11 width 77.76: "just a text"
      LayoutSVGText {text} at (4698,2402) size 80x23 contains 1 chunk(s)
        LayoutSVGInlineText {#text} at (0,0) size 79x23
          chunk 1 text run 1 at (4700.00,2420.00) startOffset 0 endOffset 11 width 77.76: "just a text"
      LayoutSVGText {text} at (4798,2402) size 80x23 contains 1 chunk(s)
        LayoutSVGInlineText {#text} at (0,0) size 79x23
          chunk 1 text run 1 at (4800.00,2420.00) startOffset 0 endOffset 11 width 77.76: "just a text"
      LayoutSVGText {text} at (4898,2402) size 80x23 contains 1 chunk(s)
        LayoutSVGInlineText {#text} at (0,0) size 79x23
          chunk 1 text run 1 at (4900.00,2420.00) startOffset 0 endOffset 11 width 77.76: "just a text"
      LayoutSVGText {text} at (-2,2502) size 80x23 contains 1 chunk(s)
        LayoutSVGInlineText {#text} at (0,0) size 79x23
          chunk 1 text run 1 at (0.00,2520.00) startOffset 0 endOffset 11 width 77.76: "just a text"
      LayoutSVGText {text} at (98,2502) size 80x23 contains 1 chunk(s)
        LayoutSVGInlineText {#text} at (0,0) size 79x23
          chunk 1 text run 1 at (100.00,2520.00) startOffset 0 endOffset 11 width 77.76: "just a text"
      LayoutSVGText {text} at (198,2502) size 80x23 contains 1 chunk(s)
        LayoutSVGInlineText {#text} at (0,0) size 79x23
          chunk 1 text run 1 at (200.00,2520.00) startOffset 0 endOffset 11 width 77.76: "just a text"
      LayoutSVGText {text} at (298,2502) size 80x23 contains 1 chunk(s)
        LayoutSVGInlineText {#text} at (0,0) size 79x23
          chunk 1 text run 1 at (300.00,2520.00) startOffset 0 endOffset 11 width 77.76: "just a text"
      LayoutSVGText {text} at (398,2502) size 80x23 contains 1 chunk(s)
        LayoutSVGInlineText {#text} at (0,0) size 79x23
          chunk 1 text run 1 at (400.00,2520.00) startOffset 0 endOffset 11 width 77.76: "just a text"
      LayoutSVGText {text} at (498,2502) size 80x23 contains 1 chunk(s)
        LayoutSVGInlineText {#text} at (0,0) size 79x23
          chunk 1 text run 1 at (500.00,2520.00) startOffset 0 endOffset 11 width 77.76: "just a text"
      LayoutSVGText {text} at (598,2502) size 80x23 contains 1 chunk(s)
        LayoutSVGInlineText {#text} at (0,0) size 79x23
          chunk 1 text run 1 at (600.00,2520.00) startOffset 0 endOffset 11 width 77.76: "just a text"
      LayoutSVGText {text} at (698,2502) size 80x23 contains 1 chunk(s)
        LayoutSVGInlineText {#text} at (0,0) size 79x23
          chunk 1 text run 1 at (700.00,2520.00) startOffset 0 endOffset 11 width 77.76: "just a text"
      LayoutSVGText {text} at (798,2502) size 80x23 contains 1 chunk(s)
        LayoutSVGInlineText {#text} at (0,0) size 79x23
          chunk 1 text run 1 at (800.00,2520.00) startOffset 0 endOffset 11 width 77.76: "just a text"
      LayoutSVGText {text} at (898,2502) size 80x23 contains 1 chunk(s)
        LayoutSVGInlineText {#text} at (0,0) size 79x23
          chunk 1 text run 1 at (900.00,2520.00) startOffset 0 endOffset 11 width 77.76: "just a text"
      LayoutSVGText {text} at (998,2502) size 80x23 contains 1 chunk(s)
        LayoutSVGInlineText {#text} at (0,0) size 79x23
          chunk 1 text run 1 at (1000.00,2520.00) startOffset 0 endOffset 11 width 77.76: "just a text"
      LayoutSVGText {text} at (1098,2502) size 80x23 contains 1 chunk(s)
        LayoutSVGInlineText {#text} at (0,0) size 79x23
          chunk 1 text run 1 at (1100.00,2520.00) startOffset 0 endOffset 11 width 77.76: "just a text"
      LayoutSVGText {text} at (1198,2502) size 80x23 contains 1 chunk(s)
        LayoutSVGInlineText {#text} at (0,0) size 79x23
          chunk 1 text run 1 at (1200.00,2520.00) startOffset 0 endOffset 11 width 77.76: "just a text"
      LayoutSVGText {text} at (1298,2502) size 80x23 contains 1 chunk(s)
        LayoutSVGInlineText {#text} at (0,0) size 79x23
          chunk 1 text run 1 at (1300.00,2520.00) startOffset 0 endOffset 11 width 77.76: "just a text"
      LayoutSVGText {text} at (1398,2502) size 80x23 contains 1 chunk(s)
        LayoutSVGInlineText {#text} at (0,0) size 79x23
          chunk 1 text run 1 at (1400.00,2520.00) startOffset 0 endOffset 11 width 77.76: "just a text"
      LayoutSVGText {text} at (1498,2502) size 80x23 contains 1 chunk(s)
        LayoutSVGInlineText {#text} at (0,0) size 79x23
          chunk 1 text run 1 at (1500.00,2520.00) startOffset 0 endOffset 11 width 77.76: "just a text"
      LayoutSVGText {text} at (1598,2502) size 80x23 contains 1 chunk(s)
        LayoutSVGInlineText {#text} at (0,0) size 79x23
          chunk 1 text run 1 at (1600.00,2520.00) startOffset 0 endOffset 11 width 77.76: "just a text"
      LayoutSVGText {text} at (1698,2502) size 80x23 contains 1 chunk(s)
        LayoutSVGInlineText {#text} at (0,0) size 79x23
          chunk 1 text run 1 at (1700.00,2520.00) startOffset 0 endOffset 11 width 77.76: "just a text"
      LayoutSVGText {text} at (1798,2502) size 80x23 contains 1 chunk(s)
        LayoutSVGInlineText {#text} at (0,0) size 79x23
          chunk 1 text run 1 at (1800.00,2520.00) startOffset 0 endOffset 11 width 77.76: "just a text"
      LayoutSVGText {text} at (1898,2502) size 80x23 contains 1 chunk(s)
        LayoutSVGInlineText {#text} at (0,0) size 79x23
          chunk 1 text run 1 at (1900.00,2520.00) startOffset 0 endOffset 11 width 77.76: "just a text"
      LayoutSVGText {text} at (1998,2502) size 80x23 contains 1 chunk(s)
        LayoutSVGInlineText {#text} at (0,0) size 79x23
          chunk 1 text run 1 at (2000.00,2520.00) startOffset 0 endOffset 11 width 77.76: "just a text"
      LayoutSVGText {text} at (2098,2502) size 80x23 contains 1 chunk(s)
        LayoutSVGInlineText {#text} at (0,0) size 79x23
          chunk 1 text run 1 at (2100.00,2520.00) startOffset 0 endOffset 11 width 77.76: "just a text"
      LayoutSVGText {text} at (2198,2502) size 80x23 contains 1 chunk(s)
        LayoutSVGInlineText {#text} at (0,0) size 79x23
          chunk 1 text run 1 at (2200.00,2520.00) startOffset 0 endOffset 11 width 77.76: "just a text"
      LayoutSVGText {text} at (2298,2502) size 80x23 contains 1 chunk(s)
        LayoutSVGInlineText {#text} at (0,0) size 79x23
          chunk 1 text run 1 at (2300.00,2520.00) startOffset 0 endOffset 11 width 77.76: "just a text"
      LayoutSVGText {text} at (2398,2502) size 80x23 contains 1 chunk(s)
        LayoutSVGInlineText {#text} at (0,0) size 79x23
          chunk 1 text run 1 at (2400.00,2520.00) startOffset 0 endOffset 11 width 77.76: "just a text"
      LayoutSVGText {text} at (2498,2502) size 80x23 contains 1 chunk(s)
        LayoutSVGInlineText {#text} at (0,0) size 79x23
          chunk 1 text run 1 at (2500.00,2520.00) startOffset 0 endOffset 11 width 77.76: "just a text"
      LayoutSVGText {text} at (2598,2502) size 80x23 contains 1 chunk(s)
        LayoutSVGInlineText {#text} at (0,0) size 79x23
          chunk 1 text run 1 at (2600.00,2520.00) startOffset 0 endOffset 11 width 77.76: "just a text"
      LayoutSVGText {text} at (2698,2502) size 80x23 contains 1 chunk(s)
        LayoutSVGInlineText {#text} at (0,0) size 79x23
          chunk 1 text run 1 at (2700.00,2520.00) startOffset 0 endOffset 11 width 77.76: "just a text"
      LayoutSVGText {text} at (2798,2502) size 80x23 contains 1 chunk(s)
        LayoutSVGInlineText {#text} at (0,0) size 79x23
          chunk 1 text run 1 at (2800.00,2520.00) startOffset 0 endOffset 11 width 77.76: "just a text"
      LayoutSVGText {text} at (2898,2502) size 80x23 contains 1 chunk(s)
        LayoutSVGInlineText {#text} at (0,0) size 79x23
          chunk 1 text run 1 at (2900.00,2520.00) startOffset 0 endOffset 11 width 77.76: "just a text"
      LayoutSVGText {text} at (2998,2502) size 80x23 contains 1 chunk(s)
        LayoutSVGInlineText {#text} at (0,0) size 79x23
          chunk 1 text run 1 at (3000.00,2520.00) startOffset 0 endOffset 11 width 77.76: "just a text"
      LayoutSVGText {text} at (3098,2502) size 80x23 contains 1 chunk(s)
        LayoutSVGInlineText {#text} at (0,0) size 79x23
          chunk 1 text run 1 at (3100.00,2520.00) startOffset 0 endOffset 11 width 77.76: "just a text"
      LayoutSVGText {text} at (3198,2502) size 80x23 contains 1 chunk(s)
        LayoutSVGInlineText {#text} at (0,0) size 79x23
          chunk 1 text run 1 at (3200.00,2520.00) startOffset 0 endOffset 11 width 77.76: "just a text"
      LayoutSVGText {text} at (3298,2502) size 80x23 contains 1 chunk(s)
        LayoutSVGInlineText {#text} at (0,0) size 79x23
          chunk 1 text run 1 at (3300.00,2520.00) startOffset 0 endOffset 11 width 77.76: "just a text"
      LayoutSVGText {text} at (3398,2502) size 80x23 contains 1 chunk(s)
        LayoutSVGInlineText {#text} at (0,0) size 79x23
          chunk 1 text run 1 at (3400.00,2520.00) startOffset 0 endOffset 11 width 77.76: "just a text"
      LayoutSVGText {text} at (3498,2502) size 80x23 contains 1 chunk(s)
        LayoutSVGInlineText {#text} at (0,0) size 79x23
          chunk 1 text run 1 at (3500.00,2520.00) startOffset 0 endOffset 11 width 77.76: "just a text"
      LayoutSVGText {text} at (3598,2502) size 80x23 contains 1 chunk(s)
        LayoutSVGInlineText {#text} at (0,0) size 79x23
          chunk 1 text run 1 at (3600.00,2520.00) startOffset 0 endOffset 11 width 77.76: "just a text"
      LayoutSVGText {text} at (3698,2502) size 80x23 contains 1 chunk(s)
        LayoutSVGInlineText {#text} at (0,0) size 79x23
          chunk 1 text run 1 at (3700.00,2520.00) startOffset 0 endOffset 11 width 77.76: "just a text"
      LayoutSVGText {text} at (3798,2502) size 80x23 contains 1 chunk(s)
        LayoutSVGInlineText {#text} at (0,0) size 79x23
          chunk 1 text run 1 at (3800.00,2520.00) startOffset 0 endOffset 11 width 77.76: "just a text"
      LayoutSVGText {text} at (3898,2502) size 80x23 contains 1 chunk(s)
        LayoutSVGInlineText {#text} at (0,0) size 79x23
          chunk 1 text run 1 at (3900.00,2520.00) startOffset 0 endOffset 11 width 77.76: "just a text"
      LayoutSVGText {text} at (3998,2502) size 80x23 contains 1 chunk(s)
        LayoutSVGInlineText {#text} at (0,0) size 79x23
          chunk 1 text run 1 at (4000.00,2520.00) startOffset 0 endOffset 11 width 77.76: "just a text"
      LayoutSVGText {text} at (4098,2502) size 80x23 contains 1 chunk(s)
        LayoutSVGInlineText {#text} at (0,0) size 79x23
          chunk 1 text run 1 at (4100.00,2520.00) startOffset 0 endOffset 11 width 77.76: "just a text"
      LayoutSVGText {text} at (4198,2502) size 80x23 contains 1 chunk(s)
        LayoutSVGInlineText {#text} at (0,0) size 79x23
          chunk 1 text run 1 at (4200.00,2520.00) startOffset 0 endOffset 11 width 77.76: "just a text"
      LayoutSVGText {text} at (4298,2502) size 80x23 contains 1 chunk(s)
        LayoutSVGInlineText {#text} at (0,0) size 79x23
          chunk 1 text run 1 at (4300.00,2520.00) startOffset 0 endOffset 11 width 77.76: "just a text"
      LayoutSVGText {text} at (4398,2502) size 80x23 contains 1 chunk(s)
        LayoutSVGInlineText {#text} at (0,0) size 79x23
          chunk 1 text run 1 at (4400.00,2520.00) startOffset 0 endOffset 11 width 77.76: "just a text"
      LayoutSVGText {text} at (4498,2502) size 80x23 contains 1 chunk(s)
        LayoutSVGInlineText {#text} at (0,0) size 79x23
          chunk 1 text run 1 at (4500.00,2520.00) startOffset 0 endOffset 11 width 77.76: "just a text"
      LayoutSVGText {text} at (4598,2502) size 80x23 contains 1 chunk(s)
        LayoutSVGInlineText {#text} at (0,0) size 79x23
          chunk 1 text run 1 at (4600.00,2520.00) startOffset 0 endOffset 11 width 77.76: "just a text"
      LayoutSVGText {text} at (4698,2502) size 80x23 contains 1 chunk(s)
        LayoutSVGInlineText {#text} at (0,0) size 79x23
          chunk 1 text run 1 at (4700.00,2520.00) startOffset 0 endOffset 11 width 77.76: "just a text"
      LayoutSVGText {text} at (4798,2502) size 80x23 contains 1 chunk(s)
        LayoutSVGInlineText {#text} at (0,0) size 79x23
          chunk 1 text run 1 at (4800.00,2520.00) startOffset 0 endOffset 11 width 77.76: "just a text"
      LayoutSVGText {text} at (4898,2502) size 80x23 contains 1 chunk(s)
        LayoutSVGInlineText {#text} at (0,0) size 79x23
          chunk 1 text run 1 at (4900.00,2520.00) startOffset 0 endOffset 11 width 77.76: "just a text"
      LayoutSVGText {text} at (-2,2602) size 80x23 contains 1 chunk(s)
        LayoutSVGInlineText {#text} at (0,0) size 79x23
          chunk 1 text run 1 at (0.00,2620.00) startOffset 0 endOffset 11 width 77.76: "just a text"
      LayoutSVGText {text} at (98,2602) size 80x23 contains 1 chunk(s)
        LayoutSVGInlineText {#text} at (0,0) size 79x23
          chunk 1 text run 1 at (100.00,2620.00) startOffset 0 endOffset 11 width 77.76: "just a text"
      LayoutSVGText {text} at (198,2602) size 80x23 contains 1 chunk(s)
        LayoutSVGInlineText {#text} at (0,0) size 79x23
          chunk 1 text run 1 at (200.00,2620.00) startOffset 0 endOffset 11 width 77.76: "just a text"
      LayoutSVGText {text} at (298,2602) size 80x23 contains 1 chunk(s)
        LayoutSVGInlineText {#text} at (0,0) size 79x23
          chunk 1 text run 1 at (300.00,2620.00) startOffset 0 endOffset 11 width 77.76: "just a text"
      LayoutSVGText {text} at (398,2602) size 80x23 contains 1 chunk(s)
        LayoutSVGInlineText {#text} at (0,0) size 79x23
          chunk 1 text run 1 at (400.00,2620.00) startOffset 0 endOffset 11 width 77.76: "just a text"
      LayoutSVGText {text} at (498,2602) size 80x23 contains 1 chunk(s)
        LayoutSVGInlineText {#text} at (0,0) size 79x23
          chunk 1 text run 1 at (500.00,2620.00) startOffset 0 endOffset 11 width 77.76: "just a text"
      LayoutSVGText {text} at (598,2602) size 80x23 contains 1 chunk(s)
        LayoutSVGInlineText {#text} at (0,0) size 79x23
          chunk 1 text run 1 at (600.00,2620.00) startOffset 0 endOffset 11 width 77.76: "just a text"
      LayoutSVGText {text} at (698,2602) size 80x23 contains 1 chunk(s)
        LayoutSVGInlineText {#text} at (0,0) size 79x23
          chunk 1 text run 1 at (700.00,2620.00) startOffset 0 endOffset 11 width 77.76: "just a text"
      LayoutSVGText {text} at (798,2602) size 80x23 contains 1 chunk(s)
        LayoutSVGInlineText {#text} at (0,0) size 79x23
          chunk 1 text run 1 at (800.00,2620.00) startOffset 0 endOffset 11 width 77.76: "just a text"
      LayoutSVGText {text} at (898,2602) size 80x23 contains 1 chunk(s)
        LayoutSVGInlineText {#text} at (0,0) size 79x23
          chunk 1 text run 1 at (900.00,2620.00) startOffset 0 endOffset 11 width 77.76: "just a text"
      LayoutSVGText {text} at (998,2602) size 80x23 contains 1 chunk(s)
        LayoutSVGInlineText {#text} at (0,0) size 79x23
          chunk 1 text run 1 at (1000.00,2620.00) startOffset 0 endOffset 11 width 77.76: "just a text"
      LayoutSVGText {text} at (1098,2602) size 80x23 contains 1 chunk(s)
        LayoutSVGInlineText {#text} at (0,0) size 79x23
          chunk 1 text run 1 at (1100.00,2620.00) startOffset 0 endOffset 11 width 77.76: "just a text"
      LayoutSVGText {text} at (1198,2602) size 80x23 contains 1 chunk(s)
        LayoutSVGInlineText {#text} at (0,0) size 79x23
          chunk 1 text run 1 at (1200.00,2620.00) startOffset 0 endOffset 11 width 77.76: "just a text"
      LayoutSVGText {text} at (1298,2602) size 80x23 contains 1 chunk(s)
        LayoutSVGInlineText {#text} at (0,0) size 79x23
          chunk 1 text run 1 at (1300.00,2620.00) startOffset 0 endOffset 11 width 77.76: "just a text"
      LayoutSVGText {text} at (1398,2602) size 80x23 contains 1 chunk(s)
        LayoutSVGInlineText {#text} at (0,0) size 79x23
          chunk 1 text run 1 at (1400.00,2620.00) startOffset 0 endOffset 11 width 77.76: "just a text"
      LayoutSVGText {text} at (1498,2602) size 80x23 contains 1 chunk(s)
        LayoutSVGInlineText {#text} at (0,0) size 79x23
          chunk 1 text run 1 at (1500.00,2620.00) startOffset 0 endOffset 11 width 77.76: "just a text"
      LayoutSVGText {text} at (1598,2602) size 80x23 contains 1 chunk(s)
        LayoutSVGInlineText {#text} at (0,0) size 79x23
          chunk 1 text run 1 at (1600.00,2620.00) startOffset 0 endOffset 11 width 77.76: "just a text"
      LayoutSVGText {text} at (1698,2602) size 80x23 contains 1 chunk(s)
        LayoutSVGInlineText {#text} at (0,0) size 79x23
          chunk 1 text run 1 at (1700.00,2620.00) startOffset 0 endOffset 11 width 77.76: "just a text"
      LayoutSVGText {text} at (1798,2602) size 80x23 contains 1 chunk(s)
        LayoutSVGInlineText {#text} at (0,0) size 79x23
          chunk 1 text run 1 at (1800.00,2620.00) startOffset 0 endOffset 11 width 77.76: "just a text"
      LayoutSVGText {text} at (1898,2602) size 80x23 contains 1 chunk(s)
        LayoutSVGInlineText {#text} at (0,0) size 79x23
          chunk 1 text run 1 at (1900.00,2620.00) startOffset 0 endOffset 11 width 77.76: "just a text"
      LayoutSVGText {text} at (1998,2602) size 80x23 contains 1 chunk(s)
        LayoutSVGInlineText {#text} at (0,0) size 79x23
          chunk 1 text run 1 at (2000.00,2620.00) startOffset 0 endOffset 11 width 77.76: "just a text"
      LayoutSVGText {text} at (2098,2602) size 80x23 contains 1 chunk(s)
        LayoutSVGInlineText {#text} at (0,0) size 79x23
          chunk 1 text run 1 at (2100.00,2620.00) startOffset 0 endOffset 11 width 77.76: "just a text"
      LayoutSVGText {text} at (2198,2602) size 80x23 contains 1 chunk(s)
        LayoutSVGInlineText {#text} at (0,0) size 79x23
          chunk 1 text run 1 at (2200.00,2620.00) startOffset 0 endOffset 11 width 77.76: "just a text"
      LayoutSVGText {text} at (2298,2602) size 80x23 contains 1 chunk(s)
        LayoutSVGInlineText {#text} at (0,0) size 79x23
          chunk 1 text run 1 at (2300.00,2620.00) startOffset 0 endOffset 11 width 77.76: "just a text"
      LayoutSVGText {text} at (2398,2602) size 80x23 contains 1 chunk(s)
        LayoutSVGInlineText {#text} at (0,0) size 79x23
          chunk 1 text run 1 at (2400.00,2620.00) startOffset 0 endOffset 11 width 77.76: "just a text"
      LayoutSVGText {text} at (2498,2602) size 80x23 contains 1 chunk(s)
        LayoutSVGInlineText {#text} at (0,0) size 79x23
          chunk 1 text run 1 at (2500.00,2620.00) startOffset 0 endOffset 11 width 77.76: "just a text"
      LayoutSVGText {text} at (2598,2602) size 80x23 contains 1 chunk(s)
        LayoutSVGInlineText {#text} at (0,0) size 79x23
          chunk 1 text run 1 at (2600.00,2620.00) startOffset 0 endOffset 11 width 77.76: "just a text"
      LayoutSVGText {text} at (2698,2602) size 80x23 contains 1 chunk(s)
        LayoutSVGInlineText {#text} at (0,0) size 79x23
          chunk 1 text run 1 at (2700.00,2620.00) startOffset 0 endOffset 11 width 77.76: "just a text"
      LayoutSVGText {text} at (2798,2602) size 80x23 contains 1 chunk(s)
        LayoutSVGInlineText {#text} at (0,0) size 79x23
          chunk 1 text run 1 at (2800.00,2620.00) startOffset 0 endOffset 11 width 77.76: "just a text"
      LayoutSVGText {text} at (2898,2602) size 80x23 contains 1 chunk(s)
        LayoutSVGInlineText {#text} at (0,0) size 79x23
          chunk 1 text run 1 at (2900.00,2620.00) startOffset 0 endOffset 11 width 77.76: "just a text"
      LayoutSVGText {text} at (2998,2602) size 80x23 contains 1 chunk(s)
        LayoutSVGInlineText {#text} at (0,0) size 79x23
          chunk 1 text run 1 at (3000.00,2620.00) startOffset 0 endOffset 11 width 77.76: "just a text"
      LayoutSVGText {text} at (3098,2602) size 80x23 contains 1 chunk(s)
        LayoutSVGInlineText {#text} at (0,0) size 79x23
          chunk 1 text run 1 at (3100.00,2620.00) startOffset 0 endOffset 11 width 77.76: "just a text"
      LayoutSVGText {text} at (3198,2602) size 80x23 contains 1 chunk(s)
        LayoutSVGInlineText {#text} at (0,0) size 79x23
          chunk 1 text run 1 at (3200.00,2620.00) startOffset 0 endOffset 11 width 77.76: "just a text"
      LayoutSVGText {text} at (3298,2602) size 80x23 contains 1 chunk(s)
        LayoutSVGInlineText {#text} at (0,0) size 79x23
          chunk 1 text run 1 at (3300.00,2620.00) startOffset 0 endOffset 11 width 77.76: "just a text"
      LayoutSVGText {text} at (3398,2602) size 80x23 contains 1 chunk(s)
        LayoutSVGInlineText {#text} at (0,0) size 79x23
          chunk 1 text run 1 at (3400.00,2620.00) startOffset 0 endOffset 11 width 77.76: "just a text"
      LayoutSVGText {text} at (3498,2602) size 80x23 contains 1 chunk(s)
        LayoutSVGInlineText {#text} at (0,0) size 79x23
          chunk 1 text run 1 at (3500.00,2620.00) startOffset 0 endOffset 11 width 77.76: "just a text"
      LayoutSVGText {text} at (3598,2602) size 80x23 contains 1 chunk(s)
        LayoutSVGInlineText {#text} at (0,0) size 79x23
          chunk 1 text run 1 at (3600.00,2620.00) startOffset 0 endOffset 11 width 77.76: "just a text"
      LayoutSVGText {text} at (3698,2602) size 80x23 contains 1 chunk(s)
        LayoutSVGInlineText {#text} at (0,0) size 79x23
          chunk 1 text run 1 at (3700.00,2620.00) startOffset 0 endOffset 11 width 77.76: "just a text"
      LayoutSVGText {text} at (3798,2602) size 80x23 contains 1 chunk(s)
        LayoutSVGInlineText {#text} at (0,0) size 79x23
          chunk 1 text run 1 at (3800.00,2620.00) startOffset 0 endOffset 11 width 77.76: "just a text"
      LayoutSVGText {text} at (3898,2602) size 80x23 contains 1 chunk(s)
        LayoutSVGInlineText {#text} at (0,0) size 79x23
          chunk 1 text run 1 at (3900.00,2620.00) startOffset 0 endOffset 11 width 77.76: "just a text"
      LayoutSVGText {text} at (3998,2602) size 80x23 contains 1 chunk(s)
        LayoutSVGInlineText {#text} at (0,0) size 79x23
          chunk 1 text run 1 at (4000.00,2620.00) startOffset 0 endOffset 11 width 77.76: "just a text"
      LayoutSVGText {text} at (4098,2602) size 80x23 contains 1 chunk(s)
        LayoutSVGInlineText {#text} at (0,0) size 79x23
          chunk 1 text run 1 at (4100.00,2620.00) startOffset 0 endOffset 11 width 77.76: "just a text"
      LayoutSVGText {text} at (4198,2602) size 80x23 contains 1 chunk(s)
        LayoutSVGInlineText {#text} at (0,0) size 79x23
          chunk 1 text run 1 at (4200.00,2620.00) startOffset 0 endOffset 11 width 77.76: "just a text"
      LayoutSVGText {text} at (4298,2602) size 80x23 contains 1 chunk(s)
        LayoutSVGInlineText {#text} at (0,0) size 79x23
          chunk 1 text run 1 at (4300.00,2620.00) startOffset 0 endOffset 11 width 77.76: "just a text"
      LayoutSVGText {text} at (4398,2602) size 80x23 contains 1 chunk(s)
        LayoutSVGInlineText {#text} at (0,0) size 79x23
          chunk 1 text run 1 at (4400.00,2620.00) startOffset 0 endOffset 11 width 77.76: "just a text"
      LayoutSVGText {text} at (4498,2602) size 80x23 contains 1 chunk(s)
        LayoutSVGInlineText {#text} at (0,0) size 79x23
          chunk 1 text run 1 at (4500.00,2620.00) startOffset 0 endOffset 11 width 77.76: "just a text"
      LayoutSVGText {text} at (4598,2602) size 80x23 contains 1 chunk(s)
        LayoutSVGInlineText {#text} at (0,0) size 79x23
          chunk 1 text run 1 at (4600.00,2620.00) startOffset 0 endOffset 11 width 77.76: "just a text"
      LayoutSVGText {text} at (4698,2602) size 80x23 contains 1 chunk(s)
        LayoutSVGInlineText {#text} at (0,0) size 79x23
          chunk 1 text run 1 at (4700.00,2620.00) startOffset 0 endOffset 11 width 77.76: "just a text"
      LayoutSVGText {text} at (4798,2602) size 80x23 contains 1 chunk(s)
        LayoutSVGInlineText {#text} at (0,0) size 79x23
          chunk 1 text run 1 at (4800.00,2620.00) startOffset 0 endOffset 11 width 77.76: "just a text"
      LayoutSVGText {text} at (4898,2602) size 80x23 contains 1 chunk(s)
        LayoutSVGInlineText {#text} at (0,0) size 79x23
          chunk 1 text run 1 at (4900.00,2620.00) startOffset 0 endOffset 11 width 77.76: "just a text"
      LayoutSVGText {text} at (-2,2702) size 80x23 contains 1 chunk(s)
        LayoutSVGInlineText {#text} at (0,0) size 79x23
          chunk 1 text run 1 at (0.00,2720.00) startOffset 0 endOffset 11 width 77.76: "just a text"
      LayoutSVGText {text} at (98,2702) size 80x23 contains 1 chunk(s)
        LayoutSVGInlineText {#text} at (0,0) size 79x23
          chunk 1 text run 1 at (100.00,2720.00) startOffset 0 endOffset 11 width 77.76: "just a text"
      LayoutSVGText {text} at (198,2702) size 80x23 contains 1 chunk(s)
        LayoutSVGInlineText {#text} at (0,0) size 79x23
          chunk 1 text run 1 at (200.00,2720.00) startOffset 0 endOffset 11 width 77.76: "just a text"
      LayoutSVGText {text} at (298,2702) size 80x23 contains 1 chunk(s)
        LayoutSVGInlineText {#text} at (0,0) size 79x23
          chunk 1 text run 1 at (300.00,2720.00) startOffset 0 endOffset 11 width 77.76: "just a text"
      LayoutSVGText {text} at (398,2702) size 80x23 contains 1 chunk(s)
        LayoutSVGInlineText {#text} at (0,0) size 79x23
          chunk 1 text run 1 at (400.00,2720.00) startOffset 0 endOffset 11 width 77.76: "just a text"
      LayoutSVGText {text} at (498,2702) size 80x23 contains 1 chunk(s)
        LayoutSVGInlineText {#text} at (0,0) size 79x23
          chunk 1 text run 1 at (500.00,2720.00) startOffset 0 endOffset 11 width 77.76: "just a text"
      LayoutSVGText {text} at (598,2702) size 80x23 contains 1 chunk(s)
        LayoutSVGInlineText {#text} at (0,0) size 79x23
          chunk 1 text run 1 at (600.00,2720.00) startOffset 0 endOffset 11 width 77.76: "just a text"
      LayoutSVGText {text} at (698,2702) size 80x23 contains 1 chunk(s)
        LayoutSVGInlineText {#text} at (0,0) size 79x23
          chunk 1 text run 1 at (700.00,2720.00) startOffset 0 endOffset 11 width 77.76: "just a text"
      LayoutSVGText {text} at (798,2702) size 80x23 contains 1 chunk(s)
        LayoutSVGInlineText {#text} at (0,0) size 79x23
          chunk 1 text run 1 at (800.00,2720.00) startOffset 0 endOffset 11 width 77.76: "just a text"
      LayoutSVGText {text} at (898,2702) size 80x23 contains 1 chunk(s)
        LayoutSVGInlineText {#text} at (0,0) size 79x23
          chunk 1 text run 1 at (900.00,2720.00) startOffset 0 endOffset 11 width 77.76: "just a text"
      LayoutSVGText {text} at (998,2702) size 80x23 contains 1 chunk(s)
        LayoutSVGInlineText {#text} at (0,0) size 79x23
          chunk 1 text run 1 at (1000.00,2720.00) startOffset 0 endOffset 11 width 77.76: "just a text"
      LayoutSVGText {text} at (1098,2702) size 80x23 contains 1 chunk(s)
        LayoutSVGInlineText {#text} at (0,0) size 79x23
          chunk 1 text run 1 at (1100.00,2720.00) startOffset 0 endOffset 11 width 77.76: "just a text"
      LayoutSVGText {text} at (1198,2702) size 80x23 contains 1 chunk(s)
        LayoutSVGInlineText {#text} at (0,0) size 79x23
          chunk 1 text run 1 at (1200.00,2720.00) startOffset 0 endOffset 11 width 77.76: "just a text"
      LayoutSVGText {text} at (1298,2702) size 80x23 contains 1 chunk(s)
        LayoutSVGInlineText {#text} at (0,0) size 79x23
          chunk 1 text run 1 at (1300.00,2720.00) startOffset 0 endOffset 11 width 77.76: "just a text"
      LayoutSVGText {text} at (1398,2702) size 80x23 contains 1 chunk(s)
        LayoutSVGInlineText {#text} at (0,0) size 79x23
          chunk 1 text run 1 at (1400.00,2720.00) startOffset 0 endOffset 11 width 77.76: "just a text"
      LayoutSVGText {text} at (1498,2702) size 80x23 contains 1 chunk(s)
        LayoutSVGInlineText {#text} at (0,0) size 79x23
          chunk 1 text run 1 at (1500.00,2720.00) startOffset 0 endOffset 11 width 77.76: "just a text"
      LayoutSVGText {text} at (1598,2702) size 80x23 contains 1 chunk(s)
        LayoutSVGInlineText {#text} at (0,0) size 79x23
          chunk 1 text run 1 at (1600.00,2720.00) startOffset 0 endOffset 11 width 77.76: "just a text"
      LayoutSVGText {text} at (1698,2702) size 80x23 contains 1 chunk(s)
        LayoutSVGInlineText {#text} at (0,0) size 79x23
          chunk 1 text run 1 at (1700.00,2720.00) startOffset 0 endOffset 11 width 77.76: "just a text"
      LayoutSVGText {text} at (1798,2702) size 80x23 contains 1 chunk(s)
        LayoutSVGInlineText {#text} at (0,0) size 79x23
          chunk 1 text run 1 at (1800.00,2720.00) startOffset 0 endOffset 11 width 77.76: "just a text"
      LayoutSVGText {text} at (1898,2702) size 80x23 contains 1 chunk(s)
        LayoutSVGInlineText {#text} at (0,0) size 79x23
          chunk 1 text run 1 at (1900.00,2720.00) startOffset 0 endOffset 11 width 77.76: "just a text"
      LayoutSVGText {text} at (1998,2702) size 80x23 contains 1 chunk(s)
        LayoutSVGInlineText {#text} at (0,0) size 79x23
          chunk 1 text run 1 at (2000.00,2720.00) startOffset 0 endOffset 11 width 77.76: "just a text"
      LayoutSVGText {text} at (2098,2702) size 80x23 contains 1 chunk(s)
        LayoutSVGInlineText {#text} at (0,0) size 79x23
          chunk 1 text run 1 at (2100.00,2720.00) startOffset 0 endOffset 11 width 77.76: "just a text"
      LayoutSVGText {text} at (2198,2702) size 80x23 contains 1 chunk(s)
        LayoutSVGInlineText {#text} at (0,0) size 79x23
          chunk 1 text run 1 at (2200.00,2720.00) startOffset 0 endOffset 11 width 77.76: "just a text"
      LayoutSVGText {text} at (2298,2702) size 80x23 contains 1 chunk(s)
        LayoutSVGInlineText {#text} at (0,0) size 79x23
          chunk 1 text run 1 at (2300.00,2720.00) startOffset 0 endOffset 11 width 77.76: "just a text"
      LayoutSVGText {text} at (2398,2702) size 80x23 contains 1 chunk(s)
        LayoutSVGInlineText {#text} at (0,0) size 79x23
          chunk 1 text run 1 at (2400.00,2720.00) startOffset 0 endOffset 11 width 77.76: "just a text"
      LayoutSVGText {text} at (2498,2702) size 80x23 contains 1 chunk(s)
        LayoutSVGInlineText {#text} at (0,0) size 79x23
          chunk 1 text run 1 at (2500.00,2720.00) startOffset 0 endOffset 11 width 77.76: "just a text"
      LayoutSVGText {text} at (2598,2702) size 80x23 contains 1 chunk(s)
        LayoutSVGInlineText {#text} at (0,0) size 79x23
          chunk 1 text run 1 at (2600.00,2720.00) startOffset 0 endOffset 11 width 77.76: "just a text"
      LayoutSVGText {text} at (2698,2702) size 80x23 contains 1 chunk(s)
        LayoutSVGInlineText {#text} at (0,0) size 79x23
          chunk 1 text run 1 at (2700.00,2720.00) startOffset 0 endOffset 11 width 77.76: "just a text"
      LayoutSVGText {text} at (2798,2702) size 80x23 contains 1 chunk(s)
        LayoutSVGInlineText {#text} at (0,0) size 79x23
          chunk 1 text run 1 at (2800.00,2720.00) startOffset 0 endOffset 11 width 77.76: "just a text"
      LayoutSVGText {text} at (2898,2702) size 80x23 contains 1 chunk(s)
        LayoutSVGInlineText {#text} at (0,0) size 79x23
          chunk 1 text run 1 at (2900.00,2720.00) startOffset 0 endOffset 11 width 77.76: "just a text"
      LayoutSVGText {text} at (2998,2702) size 80x23 contains 1 chunk(s)
        LayoutSVGInlineText {#text} at (0,0) size 79x23
          chunk 1 text run 1 at (3000.00,2720.00) startOffset 0 endOffset 11 width 77.76: "just a text"
      LayoutSVGText {text} at (3098,2702) size 80x23 contains 1 chunk(s)
        LayoutSVGInlineText {#text} at (0,0) size 79x23
          chunk 1 text run 1 at (3100.00,2720.00) startOffset 0 endOffset 11 width 77.76: "just a text"
      LayoutSVGText {text} at (3198,2702) size 80x23 contains 1 chunk(s)
        LayoutSVGInlineText {#text} at (0,0) size 79x23
          chunk 1 text run 1 at (3200.00,2720.00) startOffset 0 endOffset 11 width 77.76: "just a text"
      LayoutSVGText {text} at (3298,2702) size 80x23 contains 1 chunk(s)
        LayoutSVGInlineText {#text} at (0,0) size 79x23
          chunk 1 text run 1 at (3300.00,2720.00) startOffset 0 endOffset 11 width 77.76: "just a text"
      LayoutSVGText {text} at (3398,2702) size 80x23 contains 1 chunk(s)
        LayoutSVGInlineText {#text} at (0,0) size 79x23
          chunk 1 text run 1 at (3400.00,2720.00) startOffset 0 endOffset 11 width 77.76: "just a text"
      LayoutSVGText {text} at (3498,2702) size 80x23 contains 1 chunk(s)
        LayoutSVGInlineText {#text} at (0,0) size 79x23
          chunk 1 text run 1 at (3500.00,2720.00) startOffset 0 endOffset 11 width 77.76: "just a text"
      LayoutSVGText {text} at (3598,2702) size 80x23 contains 1 chunk(s)
        LayoutSVGInlineText {#text} at (0,0) size 79x23
          chunk 1 text run 1 at (3600.00,2720.00) startOffset 0 endOffset 11 width 77.76: "just a text"
      LayoutSVGText {text} at (3698,2702) size 80x23 contains 1 chunk(s)
        LayoutSVGInlineText {#text} at (0,0) size 79x23
          chunk 1 text run 1 at (3700.00,2720.00) startOffset 0 endOffset 11 width 77.76: "just a text"
      LayoutSVGText {text} at (3798,2702) size 80x23 contains 1 chunk(s)
        LayoutSVGInlineText {#text} at (0,0) size 79x23
          chunk 1 text run 1 at (3800.00,2720.00) startOffset 0 endOffset 11 width 77.76: "just a text"
      LayoutSVGText {text} at (3898,2702) size 80x23 contains 1 chunk(s)
        LayoutSVGInlineText {#text} at (0,0) size 79x23
          chunk 1 text run 1 at (3900.00,2720.00) startOffset 0 endOffset 11 width 77.76: "just a text"
      LayoutSVGText {text} at (3998,2702) size 80x23 contains 1 chunk(s)
        LayoutSVGInlineText {#text} at (0,0) size 79x23
          chunk 1 text run 1 at (4000.00,2720.00) startOffset 0 endOffset 11 width 77.76: "just a text"
      LayoutSVGText {text} at (4098,2702) size 80x23 contains 1 chunk(s)
        LayoutSVGInlineText {#text} at (0,0) size 79x23
          chunk 1 text run 1 at (4100.00,2720.00) startOffset 0 endOffset 11 width 77.76: "just a text"
      LayoutSVGText {text} at (4198,2702) size 80x23 contains 1 chunk(s)
        LayoutSVGInlineText {#text} at (0,0) size 79x23
          chunk 1 text run 1 at (4200.00,2720.00) startOffset 0 endOffset 11 width 77.76: "just a text"
      LayoutSVGText {text} at (4298,2702) size 80x23 contains 1 chunk(s)
        LayoutSVGInlineText {#text} at (0,0) size 79x23
          chunk 1 text run 1 at (4300.00,2720.00) startOffset 0 endOffset 11 width 77.76: "just a text"
      LayoutSVGText {text} at (4398,2702) size 80x23 contains 1 chunk(s)
        LayoutSVGInlineText {#text} at (0,0) size 79x23
          chunk 1 text run 1 at (4400.00,2720.00) startOffset 0 endOffset 11 width 77.76: "just a text"
      LayoutSVGText {text} at (4498,2702) size 80x23 contains 1 chunk(s)
        LayoutSVGInlineText {#text} at (0,0) size 79x23
          chunk 1 text run 1 at (4500.00,2720.00) startOffset 0 endOffset 11 width 77.76: "just a text"
      LayoutSVGText {text} at (4598,2702) size 80x23 contains 1 chunk(s)
        LayoutSVGInlineText {#text} at (0,0) size 79x23
          chunk 1 text run 1 at (4600.00,2720.00) startOffset 0 endOffset 11 width 77.76: "just a text"
      LayoutSVGText {text} at (4698,2702) size 80x23 contains 1 chunk(s)
        LayoutSVGInlineText {#text} at (0,0) size 79x23
          chunk 1 text run 1 at (4700.00,2720.00) startOffset 0 endOffset 11 width 77.76: "just a text"
      LayoutSVGText {text} at (4798,2702) size 80x23 contains 1 chunk(s)
        LayoutSVGInlineText {#text} at (0,0) size 79x23
          chunk 1 text run 1 at (4800.00,2720.00) startOffset 0 endOffset 11 width 77.76: "just a text"
      LayoutSVGText {text} at (4898,2702) size 80x23 contains 1 chunk(s)
        LayoutSVGInlineText {#text} at (0,0) size 79x23
          chunk 1 text run 1 at (4900.00,2720.00) startOffset 0 endOffset 11 width 77.76: "just a text"
      LayoutSVGText {text} at (-2,2802) size 80x23 contains 1 chunk(s)
        LayoutSVGInlineText {#text} at (0,0) size 79x23
          chunk 1 text run 1 at (0.00,2820.00) startOffset 0 endOffset 11 width 77.76: "just a text"
      LayoutSVGText {text} at (98,2802) size 80x23 contains 1 chunk(s)
        LayoutSVGInlineText {#text} at (0,0) size 79x23
          chunk 1 text run 1 at (100.00,2820.00) startOffset 0 endOffset 11 width 77.76: "just a text"
      LayoutSVGText {text} at (198,2802) size 80x23 contains 1 chunk(s)
        LayoutSVGInlineText {#text} at (0,0) size 79x23
          chunk 1 text run 1 at (200.00,2820.00) startOffset 0 endOffset 11 width 77.76: "just a text"
      LayoutSVGText {text} at (298,2802) size 80x23 contains 1 chunk(s)
        LayoutSVGInlineText {#text} at (0,0) size 79x23
          chunk 1 text run 1 at (300.00,2820.00) startOffset 0 endOffset 11 width 77.76: "just a text"
      LayoutSVGText {text} at (398,2802) size 80x23 contains 1 chunk(s)
        LayoutSVGInlineText {#text} at (0,0) size 79x23
          chunk 1 text run 1 at (400.00,2820.00) startOffset 0 endOffset 11 width 77.76: "just a text"
      LayoutSVGText {text} at (498,2802) size 80x23 contains 1 chunk(s)
        LayoutSVGInlineText {#text} at (0,0) size 79x23
          chunk 1 text run 1 at (500.00,2820.00) startOffset 0 endOffset 11 width 77.76: "just a text"
      LayoutSVGText {text} at (598,2802) size 80x23 contains 1 chunk(s)
        LayoutSVGInlineText {#text} at (0,0) size 79x23
          chunk 1 text run 1 at (600.00,2820.00) startOffset 0 endOffset 11 width 77.76: "just a text"
      LayoutSVGText {text} at (698,2802) size 80x23 contains 1 chunk(s)
        LayoutSVGInlineText {#text} at (0,0) size 79x23
          chunk 1 text run 1 at (700.00,2820.00) startOffset 0 endOffset 11 width 77.76: "just a text"
      LayoutSVGText {text} at (798,2802) size 80x23 contains 1 chunk(s)
        LayoutSVGInlineText {#text} at (0,0) size 79x23
          chunk 1 text run 1 at (800.00,2820.00) startOffset 0 endOffset 11 width 77.76: "just a text"
      LayoutSVGText {text} at (898,2802) size 80x23 contains 1 chunk(s)
        LayoutSVGInlineText {#text} at (0,0) size 79x23
          chunk 1 text run 1 at (900.00,2820.00) startOffset 0 endOffset 11 width 77.76: "just a text"
      LayoutSVGText {text} at (998,2802) size 80x23 contains 1 chunk(s)
        LayoutSVGInlineText {#text} at (0,0) size 79x23
          chunk 1 text run 1 at (1000.00,2820.00) startOffset 0 endOffset 11 width 77.76: "just a text"
      LayoutSVGText {text} at (1098,2802) size 80x23 contains 1 chunk(s)
        LayoutSVGInlineText {#text} at (0,0) size 79x23
          chunk 1 text run 1 at (1100.00,2820.00) startOffset 0 endOffset 11 width 77.76: "just a text"
      LayoutSVGText {text} at (1198,2802) size 80x23 contains 1 chunk(s)
        LayoutSVGInlineText {#text} at (0,0) size 79x23
          chunk 1 text run 1 at (1200.00,2820.00) startOffset 0 endOffset 11 width 77.76: "just a text"
      LayoutSVGText {text} at (1298,2802) size 80x23 contains 1 chunk(s)
        LayoutSVGInlineText {#text} at (0,0) size 79x23
          chunk 1 text run 1 at (1300.00,2820.00) startOffset 0 endOffset 11 width 77.76: "just a text"
      LayoutSVGText {text} at (1398,2802) size 80x23 contains 1 chunk(s)
        LayoutSVGInlineText {#text} at (0,0) size 79x23
          chunk 1 text run 1 at (1400.00,2820.00) startOffset 0 endOffset 11 width 77.76: "just a text"
      LayoutSVGText {text} at (1498,2802) size 80x23 contains 1 chunk(s)
        LayoutSVGInlineText {#text} at (0,0) size 79x23
          chunk 1 text run 1 at (1500.00,2820.00) startOffset 0 endOffset 11 width 77.76: "just a text"
      LayoutSVGText {text} at (1598,2802) size 80x23 contains 1 chunk(s)
        LayoutSVGInlineText {#text} at (0,0) size 79x23
          chunk 1 text run 1 at (1600.00,2820.00) startOffset 0 endOffset 11 width 77.76: "just a text"
      LayoutSVGText {text} at (1698,2802) size 80x23 contains 1 chunk(s)
        LayoutSVGInlineText {#text} at (0,0) size 79x23
          chunk 1 text run 1 at (1700.00,2820.00) startOffset 0 endOffset 11 width 77.76: "just a text"
      LayoutSVGText {text} at (1798,2802) size 80x23 contains 1 chunk(s)
        LayoutSVGInlineText {#text} at (0,0) size 79x23
          chunk 1 text run 1 at (1800.00,2820.00) startOffset 0 endOffset 11 width 77.76: "just a text"
      LayoutSVGText {text} at (1898,2802) size 80x23 contains 1 chunk(s)
        LayoutSVGInlineText {#text} at (0,0) size 79x23
          chunk 1 text run 1 at (1900.00,2820.00) startOffset 0 endOffset 11 width 77.76: "just a text"
      LayoutSVGText {text} at (1998,2802) size 80x23 contains 1 chunk(s)
        LayoutSVGInlineText {#text} at (0,0) size 79x23
          chunk 1 text run 1 at (2000.00,2820.00) startOffset 0 endOffset 11 width 77.76: "just a text"
      LayoutSVGText {text} at (2098,2802) size 80x23 contains 1 chunk(s)
        LayoutSVGInlineText {#text} at (0,0) size 79x23
          chunk 1 text run 1 at (2100.00,2820.00) startOffset 0 endOffset 11 width 77.76: "just a text"
      LayoutSVGText {text} at (2198,2802) size 80x23 contains 1 chunk(s)
        LayoutSVGInlineText {#text} at (0,0) size 79x23
          chunk 1 text run 1 at (2200.00,2820.00) startOffset 0 endOffset 11 width 77.76: "just a text"
      LayoutSVGText {text} at (2298,2802) size 80x23 contains 1 chunk(s)
        LayoutSVGInlineText {#text} at (0,0) size 79x23
          chunk 1 text run 1 at (2300.00,2820.00) startOffset 0 endOffset 11 width 77.76: "just a text"
      LayoutSVGText {text} at (2398,2802) size 80x23 contains 1 chunk(s)
        LayoutSVGInlineText {#text} at (0,0) size 79x23
          chunk 1 text run 1 at (2400.00,2820.00) startOffset 0 endOffset 11 width 77.76: "just a text"
      LayoutSVGText {text} at (2498,2802) size 80x23 contains 1 chunk(s)
        LayoutSVGInlineText {#text} at (0,0) size 79x23
          chunk 1 text run 1 at (2500.00,2820.00) startOffset 0 endOffset 11 width 77.76: "just a text"
      LayoutSVGText {text} at (2598,2802) size 80x23 contains 1 chunk(s)
        LayoutSVGInlineText {#text} at (0,0) size 79x23
          chunk 1 text run 1 at (2600.00,2820.00) startOffset 0 endOffset 11 width 77.76: "just a text"
      LayoutSVGText {text} at (2698,2802) size 80x23 contains 1 chunk(s)
        LayoutSVGInlineText {#text} at (0,0) size 79x23
          chunk 1 text run 1 at (2700.00,2820.00) startOffset 0 endOffset 11 width 77.76: "just a text"
      LayoutSVGText {text} at (2798,2802) size 80x23 contains 1 chunk(s)
        LayoutSVGInlineText {#text} at (0,0) size 79x23
          chunk 1 text run 1 at (2800.00,2820.00) startOffset 0 endOffset 11 width 77.76: "just a text"
      LayoutSVGText {text} at (2898,2802) size 80x23 contains 1 chunk(s)
        LayoutSVGInlineText {#text} at (0,0) size 79x23
          chunk 1 text run 1 at (2900.00,2820.00) startOffset 0 endOffset 11 width 77.76: "just a text"
      LayoutSVGText {text} at (2998,2802) size 80x23 contains 1 chunk(s)
        LayoutSVGInlineText {#text} at (0,0) size 79x23
          chunk 1 text run 1 at (3000.00,2820.00) startOffset 0 endOffset 11 width 77.76: "just a text"
      LayoutSVGText {text} at (3098,2802) size 80x23 contains 1 chunk(s)
        LayoutSVGInlineText {#text} at (0,0) size 79x23
          chunk 1 text run 1 at (3100.00,2820.00) startOffset 0 endOffset 11 width 77.76: "just a text"
      LayoutSVGText {text} at (3198,2802) size 80x23 contains 1 chunk(s)
        LayoutSVGInlineText {#text} at (0,0) size 79x23
          chunk 1 text run 1 at (3200.00,2820.00) startOffset 0 endOffset 11 width 77.76: "just a text"
      LayoutSVGText {text} at (3298,2802) size 80x23 contains 1 chunk(s)
        LayoutSVGInlineText {#text} at (0,0) size 79x23
          chunk 1 text run 1 at (3300.00,2820.00) startOffset 0 endOffset 11 width 77.76: "just a text"
      LayoutSVGText {text} at (3398,2802) size 80x23 contains 1 chunk(s)
        LayoutSVGInlineText {#text} at (0,0) size 79x23
          chunk 1 text run 1 at (3400.00,2820.00) startOffset 0 endOffset 11 width 77.76: "just a text"
      LayoutSVGText {text} at (3498,2802) size 80x23 contains 1 chunk(s)
        LayoutSVGInlineText {#text} at (0,0) size 79x23
          chunk 1 text run 1 at (3500.00,2820.00) startOffset 0 endOffset 11 width 77.76: "just a text"
      LayoutSVGText {text} at (3598,2802) size 80x23 contains 1 chunk(s)
        LayoutSVGInlineText {#text} at (0,0) size 79x23
          chunk 1 text run 1 at (3600.00,2820.00) startOffset 0 endOffset 11 width 77.76: "just a text"
      LayoutSVGText {text} at (3698,2802) size 80x23 contains 1 chunk(s)
        LayoutSVGInlineText {#text} at (0,0) size 79x23
          chunk 1 text run 1 at (3700.00,2820.00) startOffset 0 endOffset 11 width 77.76: "just a text"
      LayoutSVGText {text} at (3798,2802) size 80x23 contains 1 chunk(s)
        LayoutSVGInlineText {#text} at (0,0) size 79x23
          chunk 1 text run 1 at (3800.00,2820.00) startOffset 0 endOffset 11 width 77.76: "just a text"
      LayoutSVGText {text} at (3898,2802) size 80x23 contains 1 chunk(s)
        LayoutSVGInlineText {#text} at (0,0) size 79x23
          chunk 1 text run 1 at (3900.00,2820.00) startOffset 0 endOffset 11 width 77.76: "just a text"
      LayoutSVGText {text} at (3998,2802) size 80x23 contains 1 chunk(s)
        LayoutSVGInlineText {#text} at (0,0) size 79x23
          chunk 1 text run 1 at (4000.00,2820.00) startOffset 0 endOffset 11 width 77.76: "just a text"
      LayoutSVGText {text} at (4098,2802) size 80x23 contains 1 chunk(s)
        LayoutSVGInlineText {#text} at (0,0) size 79x23
          chunk 1 text run 1 at (4100.00,2820.00) startOffset 0 endOffset 11 width 77.76: "just a text"
      LayoutSVGText {text} at (4198,2802) size 80x23 contains 1 chunk(s)
        LayoutSVGInlineText {#text} at (0,0) size 79x23
          chunk 1 text run 1 at (4200.00,2820.00) startOffset 0 endOffset 11 width 77.76: "just a text"
      LayoutSVGText {text} at (4298,2802) size 80x23 contains 1 chunk(s)
        LayoutSVGInlineText {#text} at (0,0) size 79x23
          chunk 1 text run 1 at (4300.00,2820.00) startOffset 0 endOffset 11 width 77.76: "just a text"
      LayoutSVGText {text} at (4398,2802) size 80x23 contains 1 chunk(s)
        LayoutSVGInlineText {#text} at (0,0) size 79x23
          chunk 1 text run 1 at (4400.00,2820.00) startOffset 0 endOffset 11 width 77.76: "just a text"
      LayoutSVGText {text} at (4498,2802) size 80x23 contains 1 chunk(s)
        LayoutSVGInlineText {#text} at (0,0) size 79x23
          chunk 1 text run 1 at (4500.00,2820.00) startOffset 0 endOffset 11 width 77.76: "just a text"
      LayoutSVGText {text} at (4598,2802) size 80x23 contains 1 chunk(s)
        LayoutSVGInlineText {#text} at (0,0) size 79x23
          chunk 1 text run 1 at (4600.00,2820.00) startOffset 0 endOffset 11 width 77.76: "just a text"
      LayoutSVGText {text} at (4698,2802) size 80x23 contains 1 chunk(s)
        LayoutSVGInlineText {#text} at (0,0) size 79x23
          chunk 1 text run 1 at (4700.00,2820.00) startOffset 0 endOffset 11 width 77.76: "just a text"
      LayoutSVGText {text} at (4798,2802) size 80x23 contains 1 chunk(s)
        LayoutSVGInlineText {#text} at (0,0) size 79x23
          chunk 1 text run 1 at (4800.00,2820.00) startOffset 0 endOffset 11 width 77.76: "just a text"
      LayoutSVGText {text} at (4898,2802) size 80x23 contains 1 chunk(s)
        LayoutSVGInlineText {#text} at (0,0) size 79x23
          chunk 1 text run 1 at (4900.00,2820.00) startOffset 0 endOffset 11 width 77.76: "just a text"
      LayoutSVGText {text} at (-2,2902) size 80x23 contains 1 chunk(s)
        LayoutSVGInlineText {#text} at (0,0) size 79x23
          chunk 1 text run 1 at (0.00,2920.00) startOffset 0 endOffset 11 width 77.76: "just a text"
      LayoutSVGText {text} at (98,2902) size 80x23 contains 1 chunk(s)
        LayoutSVGInlineText {#text} at (0,0) size 79x23
          chunk 1 text run 1 at (100.00,2920.00) startOffset 0 endOffset 11 width 77.76: "just a text"
      LayoutSVGText {text} at (198,2902) size 80x23 contains 1 chunk(s)
        LayoutSVGInlineText {#text} at (0,0) size 79x23
          chunk 1 text run 1 at (200.00,2920.00) startOffset 0 endOffset 11 width 77.76: "just a text"
      LayoutSVGText {text} at (298,2902) size 80x23 contains 1 chunk(s)
        LayoutSVGInlineText {#text} at (0,0) size 79x23
          chunk 1 text run 1 at (300.00,2920.00) startOffset 0 endOffset 11 width 77.76: "just a text"
      LayoutSVGText {text} at (398,2902) size 80x23 contains 1 chunk(s)
        LayoutSVGInlineText {#text} at (0,0) size 79x23
          chunk 1 text run 1 at (400.00,2920.00) startOffset 0 endOffset 11 width 77.76: "just a text"
      LayoutSVGText {text} at (498,2902) size 80x23 contains 1 chunk(s)
        LayoutSVGInlineText {#text} at (0,0) size 79x23
          chunk 1 text run 1 at (500.00,2920.00) startOffset 0 endOffset 11 width 77.76: "just a text"
      LayoutSVGText {text} at (598,2902) size 80x23 contains 1 chunk(s)
        LayoutSVGInlineText {#text} at (0,0) size 79x23
          chunk 1 text run 1 at (600.00,2920.00) startOffset 0 endOffset 11 width 77.76: "just a text"
      LayoutSVGText {text} at (698,2902) size 80x23 contains 1 chunk(s)
        LayoutSVGInlineText {#text} at (0,0) size 79x23
          chunk 1 text run 1 at (700.00,2920.00) startOffset 0 endOffset 11 width 77.76: "just a text"
      LayoutSVGText {text} at (798,2902) size 80x23 contains 1 chunk(s)
        LayoutSVGInlineText {#text} at (0,0) size 79x23
          chunk 1 text run 1 at (800.00,2920.00) startOffset 0 endOffset 11 width 77.76: "just a text"
      LayoutSVGText {text} at (898,2902) size 80x23 contains 1 chunk(s)
        LayoutSVGInlineText {#text} at (0,0) size 79x23
          chunk 1 text run 1 at (900.00,2920.00) startOffset 0 endOffset 11 width 77.76: "just a text"
      LayoutSVGText {text} at (998,2902) size 80x23 contains 1 chunk(s)
        LayoutSVGInlineText {#text} at (0,0) size 79x23
          chunk 1 text run 1 at (1000.00,2920.00) startOffset 0 endOffset 11 width 77.76: "just a text"
      LayoutSVGText {text} at (1098,2902) size 80x23 contains 1 chunk(s)
        LayoutSVGInlineText {#text} at (0,0) size 79x23
          chunk 1 text run 1 at (1100.00,2920.00) startOffset 0 endOffset 11 width 77.76: "just a text"
      LayoutSVGText {text} at (1198,2902) size 80x23 contains 1 chunk(s)
        LayoutSVGInlineText {#text} at (0,0) size 79x23
          chunk 1 text run 1 at (1200.00,2920.00) startOffset 0 endOffset 11 width 77.76: "just a text"
      LayoutSVGText {text} at (1298,2902) size 80x23 contains 1 chunk(s)
        LayoutSVGInlineText {#text} at (0,0) size 79x23
          chunk 1 text run 1 at (1300.00,2920.00) startOffset 0 endOffset 11 width 77.76: "just a text"
      LayoutSVGText {text} at (1398,2902) size 80x23 contains 1 chunk(s)
        LayoutSVGInlineText {#text} at (0,0) size 79x23
          chunk 1 text run 1 at (1400.00,2920.00) startOffset 0 endOffset 11 width 77.76: "just a text"
      LayoutSVGText {text} at (1498,2902) size 80x23 contains 1 chunk(s)
        LayoutSVGInlineText {#text} at (0,0) size 79x23
          chunk 1 text run 1 at (1500.00,2920.00) startOffset 0 endOffset 11 width 77.76: "just a text"
      LayoutSVGText {text} at (1598,2902) size 80x23 contains 1 chunk(s)
        LayoutSVGInlineText {#text} at (0,0) size 79x23
          chunk 1 text run 1 at (1600.00,2920.00) startOffset 0 endOffset 11 width 77.76: "just a text"
      LayoutSVGText {text} at (1698,2902) size 80x23 contains 1 chunk(s)
        LayoutSVGInlineText {#text} at (0,0) size 79x23
          chunk 1 text run 1 at (1700.00,2920.00) startOffset 0 endOffset 11 width 77.76: "just a text"
      LayoutSVGText {text} at (1798,2902) size 80x23 contains 1 chunk(s)
        LayoutSVGInlineText {#text} at (0,0) size 79x23
          chunk 1 text run 1 at (1800.00,2920.00) startOffset 0 endOffset 11 width 77.76: "just a text"
      LayoutSVGText {text} at (1898,2902) size 80x23 contains 1 chunk(s)
        LayoutSVGInlineText {#text} at (0,0) size 79x23
          chunk 1 text run 1 at (1900.00,2920.00) startOffset 0 endOffset 11 width 77.76: "just a text"
      LayoutSVGText {text} at (1998,2902) size 80x23 contains 1 chunk(s)
        LayoutSVGInlineText {#text} at (0,0) size 79x23
          chunk 1 text run 1 at (2000.00,2920.00) startOffset 0 endOffset 11 width 77.76: "just a text"
      LayoutSVGText {text} at (2098,2902) size 80x23 contains 1 chunk(s)
        LayoutSVGInlineText {#text} at (0,0) size 79x23
          chunk 1 text run 1 at (2100.00,2920.00) startOffset 0 endOffset 11 width 77.76: "just a text"
      LayoutSVGText {text} at (2198,2902) size 80x23 contains 1 chunk(s)
        LayoutSVGInlineText {#text} at (0,0) size 79x23
          chunk 1 text run 1 at (2200.00,2920.00) startOffset 0 endOffset 11 width 77.76: "just a text"
      LayoutSVGText {text} at (2298,2902) size 80x23 contains 1 chunk(s)
        LayoutSVGInlineText {#text} at (0,0) size 79x23
          chunk 1 text run 1 at (2300.00,2920.00) startOffset 0 endOffset 11 width 77.76: "just a text"
      LayoutSVGText {text} at (2398,2902) size 80x23 contains 1 chunk(s)
        LayoutSVGInlineText {#text} at (0,0) size 79x23
          chunk 1 text run 1 at (2400.00,2920.00) startOffset 0 endOffset 11 width 77.76: "just a text"
      LayoutSVGText {text} at (2498,2902) size 80x23 contains 1 chunk(s)
        LayoutSVGInlineText {#text} at (0,0) size 79x23
          chunk 1 text run 1 at (2500.00,2920.00) startOffset 0 endOffset 11 width 77.76: "just a text"
      LayoutSVGText {text} at (2598,2902) size 80x23 contains 1 chunk(s)
        LayoutSVGInlineText {#text} at (0,0) size 79x23
          chunk 1 text run 1 at (2600.00,2920.00) startOffset 0 endOffset 11 width 77.76: "just a text"
      LayoutSVGText {text} at (2698,2902) size 80x23 contains 1 chunk(s)
        LayoutSVGInlineText {#text} at (0,0) size 79x23
          chunk 1 text run 1 at (2700.00,2920.00) startOffset 0 endOffset 11 width 77.76: "just a text"
      LayoutSVGText {text} at (2798,2902) size 80x23 contains 1 chunk(s)
        LayoutSVGInlineText {#text} at (0,0) size 79x23
          chunk 1 text run 1 at (2800.00,2920.00) startOffset 0 endOffset 11 width 77.76: "just a text"
      LayoutSVGText {text} at (2898,2902) size 80x23 contains 1 chunk(s)
        LayoutSVGInlineText {#text} at (0,0) size 79x23
          chunk 1 text run 1 at (2900.00,2920.00) startOffset 0 endOffset 11 width 77.76: "just a text"
      LayoutSVGText {text} at (2998,2902) size 80x23 contains 1 chunk(s)
        LayoutSVGInlineText {#text} at (0,0) size 79x23
          chunk 1 text run 1 at (3000.00,2920.00) startOffset 0 endOffset 11 width 77.76: "just a text"
      LayoutSVGText {text} at (3098,2902) size 80x23 contains 1 chunk(s)
        LayoutSVGInlineText {#text} at (0,0) size 79x23
          chunk 1 text run 1 at (3100.00,2920.00) startOffset 0 endOffset 11 width 77.76: "just a text"
      LayoutSVGText {text} at (3198,2902) size 80x23 contains 1 chunk(s)
        LayoutSVGInlineText {#text} at (0,0) size 79x23
          chunk 1 text run 1 at (3200.00,2920.00) startOffset 0 endOffset 11 width 77.76: "just a text"
      LayoutSVGText {text} at (3298,2902) size 80x23 contains 1 chunk(s)
        LayoutSVGInlineText {#text} at (0,0) size 79x23
          chunk 1 text run 1 at (3300.00,2920.00) startOffset 0 endOffset 11 width 77.76: "just a text"
      LayoutSVGText {text} at (3398,2902) size 80x23 contains 1 chunk(s)
        LayoutSVGInlineText {#text} at (0,0) size 79x23
          chunk 1 text run 1 at (3400.00,2920.00) startOffset 0 endOffset 11 width 77.76: "just a text"
      LayoutSVGText {text} at (3498,2902) size 80x23 contains 1 chunk(s)
        LayoutSVGInlineText {#text} at (0,0) size 79x23
          chunk 1 text run 1 at (3500.00,2920.00) startOffset 0 endOffset 11 width 77.76: "just a text"
      LayoutSVGText {text} at (3598,2902) size 80x23 contains 1 chunk(s)
        LayoutSVGInlineText {#text} at (0,0) size 79x23
          chunk 1 text run 1 at (3600.00,2920.00) startOffset 0 endOffset 11 width 77.76: "just a text"
      LayoutSVGText {text} at (3698,2902) size 80x23 contains 1 chunk(s)
        LayoutSVGInlineText {#text} at (0,0) size 79x23
          chunk 1 text run 1 at (3700.00,2920.00) startOffset 0 endOffset 11 width 77.76: "just a text"
      LayoutSVGText {text} at (3798,2902) size 80x23 contains 1 chunk(s)
        LayoutSVGInlineText {#text} at (0,0) size 79x23
          chunk 1 text run 1 at (3800.00,2920.00) startOffset 0 endOffset 11 width 77.76: "just a text"
      LayoutSVGText {text} at (3898,2902) size 80x23 contains 1 chunk(s)
        LayoutSVGInlineText {#text} at (0,0) size 79x23
          chunk 1 text run 1 at (3900.00,2920.00) startOffset 0 endOffset 11 width 77.76: "just a text"
      LayoutSVGText {text} at (3998,2902) size 80x23 contains 1 chunk(s)
        LayoutSVGInlineText {#text} at (0,0) size 79x23
          chunk 1 text run 1 at (4000.00,2920.00) startOffset 0 endOffset 11 width 77.76: "just a text"
      LayoutSVGText {text} at (4098,2902) size 80x23 contains 1 chunk(s)
        LayoutSVGInlineText {#text} at (0,0) size 79x23
          chunk 1 text run 1 at (4100.00,2920.00) startOffset 0 endOffset 11 width 77.76: "just a text"
      LayoutSVGText {text} at (4198,2902) size 80x23 contains 1 chunk(s)
        LayoutSVGInlineText {#text} at (0,0) size 79x23
          chunk 1 text run 1 at (4200.00,2920.00) startOffset 0 endOffset 11 width 77.76: "just a text"
      LayoutSVGText {text} at (4298,2902) size 80x23 contains 1 chunk(s)
        LayoutSVGInlineText {#text} at (0,0) size 79x23
          chunk 1 text run 1 at (4300.00,2920.00) startOffset 0 endOffset 11 width 77.76: "just a text"
      LayoutSVGText {text} at (4398,2902) size 80x23 contains 1 chunk(s)
        LayoutSVGInlineText {#text} at (0,0) size 79x23
          chunk 1 text run 1 at (4400.00,2920.00) startOffset 0 endOffset 11 width 77.76: "just a text"
      LayoutSVGText {text} at (4498,2902) size 80x23 contains 1 chunk(s)
        LayoutSVGInlineText {#text} at (0,0) size 79x23
          chunk 1 text run 1 at (4500.00,2920.00) startOffset 0 endOffset 11 width 77.76: "just a text"
      LayoutSVGText {text} at (4598,2902) size 80x23 contains 1 chunk(s)
        LayoutSVGInlineText {#text} at (0,0) size 79x23
          chunk 1 text run 1 at (4600.00,2920.00) startOffset 0 endOffset 11 width 77.76: "just a text"
      LayoutSVGText {text} at (4698,2902) size 80x23 contains 1 chunk(s)
        LayoutSVGInlineText {#text} at (0,0) size 79x23
          chunk 1 text run 1 at (4700.00,2920.00) startOffset 0 endOffset 11 width 77.76: "just a text"
      LayoutSVGText {text} at (4798,2902) size 80x23 contains 1 chunk(s)
        LayoutSVGInlineText {#text} at (0,0) size 79x23
          chunk 1 text run 1 at (4800.00,2920.00) startOffset 0 endOffset 11 width 77.76: "just a text"
      LayoutSVGText {text} at (4898,2902) size 80x23 contains 1 chunk(s)
        LayoutSVGInlineText {#text} at (0,0) size 79x23
          chunk 1 text run 1 at (4900.00,2920.00) startOffset 0 endOffset 11 width 77.76: "just a text"
      LayoutSVGText {text} at (-2,3002) size 80x23 contains 1 chunk(s)
        LayoutSVGInlineText {#text} at (0,0) size 79x23
          chunk 1 text run 1 at (0.00,3020.00) startOffset 0 endOffset 11 width 77.76: "just a text"
      LayoutSVGText {text} at (98,3002) size 80x23 contains 1 chunk(s)
        LayoutSVGInlineText {#text} at (0,0) size 79x23
          chunk 1 text run 1 at (100.00,3020.00) startOffset 0 endOffset 11 width 77.76: "just a text"
      LayoutSVGText {text} at (198,3002) size 80x23 contains 1 chunk(s)
        LayoutSVGInlineText {#text} at (0,0) size 79x23
          chunk 1 text run 1 at (200.00,3020.00) startOffset 0 endOffset 11 width 77.76: "just a text"
      LayoutSVGText {text} at (298,3002) size 80x23 contains 1 chunk(s)
        LayoutSVGInlineText {#text} at (0,0) size 79x23
          chunk 1 text run 1 at (300.00,3020.00) startOffset 0 endOffset 11 width 77.76: "just a text"
      LayoutSVGText {text} at (398,3002) size 80x23 contains 1 chunk(s)
        LayoutSVGInlineText {#text} at (0,0) size 79x23
          chunk 1 text run 1 at (400.00,3020.00) startOffset 0 endOffset 11 width 77.76: "just a text"
      LayoutSVGText {text} at (498,3002) size 80x23 contains 1 chunk(s)
        LayoutSVGInlineText {#text} at (0,0) size 79x23
          chunk 1 text run 1 at (500.00,3020.00) startOffset 0 endOffset 11 width 77.76: "just a text"
      LayoutSVGText {text} at (598,3002) size 80x23 contains 1 chunk(s)
        LayoutSVGInlineText {#text} at (0,0) size 79x23
          chunk 1 text run 1 at (600.00,3020.00) startOffset 0 endOffset 11 width 77.76: "just a text"
      LayoutSVGText {text} at (698,3002) size 80x23 contains 1 chunk(s)
        LayoutSVGInlineText {#text} at (0,0) size 79x23
          chunk 1 text run 1 at (700.00,3020.00) startOffset 0 endOffset 11 width 77.76: "just a text"
      LayoutSVGText {text} at (798,3002) size 80x23 contains 1 chunk(s)
        LayoutSVGInlineText {#text} at (0,0) size 79x23
          chunk 1 text run 1 at (800.00,3020.00) startOffset 0 endOffset 11 width 77.76: "just a text"
      LayoutSVGText {text} at (898,3002) size 80x23 contains 1 chunk(s)
        LayoutSVGInlineText {#text} at (0,0) size 79x23
          chunk 1 text run 1 at (900.00,3020.00) startOffset 0 endOffset 11 width 77.76: "just a text"
      LayoutSVGText {text} at (998,3002) size 80x23 contains 1 chunk(s)
        LayoutSVGInlineText {#text} at (0,0) size 79x23
          chunk 1 text run 1 at (1000.00,3020.00) startOffset 0 endOffset 11 width 77.76: "just a text"
      LayoutSVGText {text} at (1098,3002) size 80x23 contains 1 chunk(s)
        LayoutSVGInlineText {#text} at (0,0) size 79x23
          chunk 1 text run 1 at (1100.00,3020.00) startOffset 0 endOffset 11 width 77.76: "just a text"
      LayoutSVGText {text} at (1198,3002) size 80x23 contains 1 chunk(s)
        LayoutSVGInlineText {#text} at (0,0) size 79x23
          chunk 1 text run 1 at (1200.00,3020.00) startOffset 0 endOffset 11 width 77.76: "just a text"
      LayoutSVGText {text} at (1298,3002) size 80x23 contains 1 chunk(s)
        LayoutSVGInlineText {#text} at (0,0) size 79x23
          chunk 1 text run 1 at (1300.00,3020.00) startOffset 0 endOffset 11 width 77.76: "just a text"
      LayoutSVGText {text} at (1398,3002) size 80x23 contains 1 chunk(s)
        LayoutSVGInlineText {#text} at (0,0) size 79x23
          chunk 1 text run 1 at (1400.00,3020.00) startOffset 0 endOffset 11 width 77.76: "just a text"
      LayoutSVGText {text} at (1498,3002) size 80x23 contains 1 chunk(s)
        LayoutSVGInlineText {#text} at (0,0) size 79x23
          chunk 1 text run 1 at (1500.00,3020.00) startOffset 0 endOffset 11 width 77.76: "just a text"
      LayoutSVGText {text} at (1598,3002) size 80x23 contains 1 chunk(s)
        LayoutSVGInlineText {#text} at (0,0) size 79x23
          chunk 1 text run 1 at (1600.00,3020.00) startOffset 0 endOffset 11 width 77.76: "just a text"
      LayoutSVGText {text} at (1698,3002) size 80x23 contains 1 chunk(s)
        LayoutSVGInlineText {#text} at (0,0) size 79x23
          chunk 1 text run 1 at (1700.00,3020.00) startOffset 0 endOffset 11 width 77.76: "just a text"
      LayoutSVGText {text} at (1798,3002) size 80x23 contains 1 chunk(s)
        LayoutSVGInlineText {#text} at (0,0) size 79x23
          chunk 1 text run 1 at (1800.00,3020.00) startOffset 0 endOffset 11 width 77.76: "just a text"
      LayoutSVGText {text} at (1898,3002) size 80x23 contains 1 chunk(s)
        LayoutSVGInlineText {#text} at (0,0) size 79x23
          chunk 1 text run 1 at (1900.00,3020.00) startOffset 0 endOffset 11 width 77.76: "just a text"
      LayoutSVGText {text} at (1998,3002) size 80x23 contains 1 chunk(s)
        LayoutSVGInlineText {#text} at (0,0) size 79x23
          chunk 1 text run 1 at (2000.00,3020.00) startOffset 0 endOffset 11 width 77.76: "just a text"
      LayoutSVGText {text} at (2098,3002) size 80x23 contains 1 chunk(s)
        LayoutSVGInlineText {#text} at (0,0) size 79x23
          chunk 1 text run 1 at (2100.00,3020.00) startOffset 0 endOffset 11 width 77.76: "just a text"
      LayoutSVGText {text} at (2198,3002) size 80x23 contains 1 chunk(s)
        LayoutSVGInlineText {#text} at (0,0) size 79x23
          chunk 1 text run 1 at (2200.00,3020.00) startOffset 0 endOffset 11 width 77.76: "just a text"
      LayoutSVGText {text} at (2298,3002) size 80x23 contains 1 chunk(s)
        LayoutSVGInlineText {#text} at (0,0) size 79x23
          chunk 1 text run 1 at (2300.00,3020.00) startOffset 0 endOffset 11 width 77.76: "just a text"
      LayoutSVGText {text} at (2398,3002) size 80x23 contains 1 chunk(s)
        LayoutSVGInlineText {#text} at (0,0) size 79x23
          chunk 1 text run 1 at (2400.00,3020.00) startOffset 0 endOffset 11 width 77.76: "just a text"
      LayoutSVGText {text} at (2498,3002) size 80x23 contains 1 chunk(s)
        LayoutSVGInlineText {#text} at (0,0) size 79x23
          chunk 1 text run 1 at (2500.00,3020.00) startOffset 0 endOffset 11 width 77.76: "just a text"
      LayoutSVGText {text} at (2598,3002) size 80x23 contains 1 chunk(s)
        LayoutSVGInlineText {#text} at (0,0) size 79x23
          chunk 1 text run 1 at (2600.00,3020.00) startOffset 0 endOffset 11 width 77.76: "just a text"
      LayoutSVGText {text} at (2698,3002) size 80x23 contains 1 chunk(s)
        LayoutSVGInlineText {#text} at (0,0) size 79x23
          chunk 1 text run 1 at (2700.00,3020.00) startOffset 0 endOffset 11 width 77.76: "just a text"
      LayoutSVGText {text} at (2798,3002) size 80x23 contains 1 chunk(s)
        LayoutSVGInlineText {#text} at (0,0) size 79x23
          chunk 1 text run 1 at (2800.00,3020.00) startOffset 0 endOffset 11 width 77.76: "just a text"
      LayoutSVGText {text} at (2898,3002) size 80x23 contains 1 chunk(s)
        LayoutSVGInlineText {#text} at (0,0) size 79x23
          chunk 1 text run 1 at (2900.00,3020.00) startOffset 0 endOffset 11 width 77.76: "just a text"
      LayoutSVGText {text} at (2998,3002) size 80x23 contains 1 chunk(s)
        LayoutSVGInlineText {#text} at (0,0) size 79x23
          chunk 1 text run 1 at (3000.00,3020.00) startOffset 0 endOffset 11 width 77.76: "just a text"
      LayoutSVGText {text} at (3098,3002) size 80x23 contains 1 chunk(s)
        LayoutSVGInlineText {#text} at (0,0) size 79x23
          chunk 1 text run 1 at (3100.00,3020.00) startOffset 0 endOffset 11 width 77.76: "just a text"
      LayoutSVGText {text} at (3198,3002) size 80x23 contains 1 chunk(s)
        LayoutSVGInlineText {#text} at (0,0) size 79x23
          chunk 1 text run 1 at (3200.00,3020.00) startOffset 0 endOffset 11 width 77.76: "just a text"
      LayoutSVGText {text} at (3298,3002) size 80x23 contains 1 chunk(s)
        LayoutSVGInlineText {#text} at (0,0) size 79x23
          chunk 1 text run 1 at (3300.00,3020.00) startOffset 0 endOffset 11 width 77.76: "just a text"
      LayoutSVGText {text} at (3398,3002) size 80x23 contains 1 chunk(s)
        LayoutSVGInlineText {#text} at (0,0) size 79x23
          chunk 1 text run 1 at (3400.00,3020.00) startOffset 0 endOffset 11 width 77.76: "just a text"
      LayoutSVGText {text} at (3498,3002) size 80x23 contains 1 chunk(s)
        LayoutSVGInlineText {#text} at (0,0) size 79x23
          chunk 1 text run 1 at (3500.00,3020.00) startOffset 0 endOffset 11 width 77.76: "just a text"
      LayoutSVGText {text} at (3598,3002) size 80x23 contains 1 chunk(s)
        LayoutSVGInlineText {#text} at (0,0) size 79x23
          chunk 1 text run 1 at (3600.00,3020.00) startOffset 0 endOffset 11 width 77.76: "just a text"
      LayoutSVGText {text} at (3698,3002) size 80x23 contains 1 chunk(s)
        LayoutSVGInlineText {#text} at (0,0) size 79x23
          chunk 1 text run 1 at (3700.00,3020.00) startOffset 0 endOffset 11 width 77.76: "just a text"
      LayoutSVGText {text} at (3798,3002) size 80x23 contains 1 chunk(s)
        LayoutSVGInlineText {#text} at (0,0) size 79x23
          chunk 1 text run 1 at (3800.00,3020.00) startOffset 0 endOffset 11 width 77.76: "just a text"
      LayoutSVGText {text} at (3898,3002) size 80x23 contains 1 chunk(s)
        LayoutSVGInlineText {#text} at (0,0) size 79x23
          chunk 1 text run 1 at (3900.00,3020.00) startOffset 0 endOffset 11 width 77.76: "just a text"
      LayoutSVGText {text} at (3998,3002) size 80x23 contains 1 chunk(s)
        LayoutSVGInlineText {#text} at (0,0) size 79x23
          chunk 1 text run 1 at (4000.00,3020.00) startOffset 0 endOffset 11 width 77.76: "just a text"
      LayoutSVGText {text} at (4098,3002) size 80x23 contains 1 chunk(s)
        LayoutSVGInlineText {#text} at (0,0) size 79x23
          chunk 1 text run 1 at (4100.00,3020.00) startOffset 0 endOffset 11 width 77.76: "just a text"
      LayoutSVGText {text} at (4198,3002) size 80x23 contains 1 chunk(s)
        LayoutSVGInlineText {#text} at (0,0) size 79x23
          chunk 1 text run 1 at (4200.00,3020.00) startOffset 0 endOffset 11 width 77.76: "just a text"
      LayoutSVGText {text} at (4298,3002) size 80x23 contains 1 chunk(s)
        LayoutSVGInlineText {#text} at (0,0) size 79x23
          chunk 1 text run 1 at (4300.00,3020.00) startOffset 0 endOffset 11 width 77.76: "just a text"
      LayoutSVGText {text} at (4398,3002) size 80x23 contains 1 chunk(s)
        LayoutSVGInlineText {#text} at (0,0) size 79x23
          chunk 1 text run 1 at (4400.00,3020.00) startOffset 0 endOffset 11 width 77.76: "just a text"
      LayoutSVGText {text} at (4498,3002) size 80x23 contains 1 chunk(s)
        LayoutSVGInlineText {#text} at (0,0) size 79x23
          chunk 1 text run 1 at (4500.00,3020.00) startOffset 0 endOffset 11 width 77.76: "just a text"
      LayoutSVGText {text} at (4598,3002) size 80x23 contains 1 chunk(s)
        LayoutSVGInlineText {#text} at (0,0) size 79x23
          chunk 1 text run 1 at (4600.00,3020.00) startOffset 0 endOffset 11 width 77.76: "just a text"
      LayoutSVGText {text} at (4698,3002) size 80x23 contains 1 chunk(s)
        LayoutSVGInlineText {#text} at (0,0) size 79x23
          chunk 1 text run 1 at (4700.00,3020.00) startOffset 0 endOffset 11 width 77.76: "just a text"
      LayoutSVGText {text} at (4798,3002) size 80x23 contains 1 chunk(s)
        LayoutSVGInlineText {#text} at (0,0) size 79x23
          chunk 1 text run 1 at (4800.00,3020.00) startOffset 0 endOffset 11 width 77.76: "just a text"
      LayoutSVGText {text} at (4898,3002) size 80x23 contains 1 chunk(s)
        LayoutSVGInlineText {#text} at (0,0) size 79x23
          chunk 1 text run 1 at (4900.00,3020.00) startOffset 0 endOffset 11 width 77.76: "just a text"
      LayoutSVGText {text} at (-2,3102) size 80x23 contains 1 chunk(s)
        LayoutSVGInlineText {#text} at (0,0) size 79x23
          chunk 1 text run 1 at (0.00,3120.00) startOffset 0 endOffset 11 width 77.76: "just a text"
      LayoutSVGText {text} at (98,3102) size 80x23 contains 1 chunk(s)
        LayoutSVGInlineText {#text} at (0,0) size 79x23
          chunk 1 text run 1 at (100.00,3120.00) startOffset 0 endOffset 11 width 77.76: "just a text"
      LayoutSVGText {text} at (198,3102) size 80x23 contains 1 chunk(s)
        LayoutSVGInlineText {#text} at (0,0) size 79x23
          chunk 1 text run 1 at (200.00,3120.00) startOffset 0 endOffset 11 width 77.76: "just a text"
      LayoutSVGText {text} at (298,3102) size 80x23 contains 1 chunk(s)
        LayoutSVGInlineText {#text} at (0,0) size 79x23
          chunk 1 text run 1 at (300.00,3120.00) startOffset 0 endOffset 11 width 77.76: "just a text"
      LayoutSVGText {text} at (398,3102) size 80x23 contains 1 chunk(s)
        LayoutSVGInlineText {#text} at (0,0) size 79x23
          chunk 1 text run 1 at (400.00,3120.00) startOffset 0 endOffset 11 width 77.76: "just a text"
      LayoutSVGText {text} at (498,3102) size 80x23 contains 1 chunk(s)
        LayoutSVGInlineText {#text} at (0,0) size 79x23
          chunk 1 text run 1 at (500.00,3120.00) startOffset 0 endOffset 11 width 77.76: "just a text"
      LayoutSVGText {text} at (598,3102) size 80x23 contains 1 chunk(s)
        LayoutSVGInlineText {#text} at (0,0) size 79x23
          chunk 1 text run 1 at (600.00,3120.00) startOffset 0 endOffset 11 width 77.76: "just a text"
      LayoutSVGText {text} at (698,3102) size 80x23 contains 1 chunk(s)
        LayoutSVGInlineText {#text} at (0,0) size 79x23
          chunk 1 text run 1 at (700.00,3120.00) startOffset 0 endOffset 11 width 77.76: "just a text"
      LayoutSVGText {text} at (798,3102) size 80x23 contains 1 chunk(s)
        LayoutSVGInlineText {#text} at (0,0) size 79x23
          chunk 1 text run 1 at (800.00,3120.00) startOffset 0 endOffset 11 width 77.76: "just a text"
      LayoutSVGText {text} at (898,3102) size 80x23 contains 1 chunk(s)
        LayoutSVGInlineText {#text} at (0,0) size 79x23
          chunk 1 text run 1 at (900.00,3120.00) startOffset 0 endOffset 11 width 77.76: "just a text"
      LayoutSVGText {text} at (998,3102) size 80x23 contains 1 chunk(s)
        LayoutSVGInlineText {#text} at (0,0) size 79x23
          chunk 1 text run 1 at (1000.00,3120.00) startOffset 0 endOffset 11 width 77.76: "just a text"
      LayoutSVGText {text} at (1098,3102) size 80x23 contains 1 chunk(s)
        LayoutSVGInlineText {#text} at (0,0) size 79x23
          chunk 1 text run 1 at (1100.00,3120.00) startOffset 0 endOffset 11 width 77.76: "just a text"
      LayoutSVGText {text} at (1198,3102) size 80x23 contains 1 chunk(s)
        LayoutSVGInlineText {#text} at (0,0) size 79x23
          chunk 1 text run 1 at (1200.00,3120.00) startOffset 0 endOffset 11 width 77.76: "just a text"
      LayoutSVGText {text} at (1298,3102) size 80x23 contains 1 chunk(s)
        LayoutSVGInlineText {#text} at (0,0) size 79x23
          chunk 1 text run 1 at (1300.00,3120.00) startOffset 0 endOffset 11 width 77.76: "just a text"
      LayoutSVGText {text} at (1398,3102) size 80x23 contains 1 chunk(s)
        LayoutSVGInlineText {#text} at (0,0) size 79x23
          chunk 1 text run 1 at (1400.00,3120.00) startOffset 0 endOffset 11 width 77.76: "just a text"
      LayoutSVGText {text} at (1498,3102) size 80x23 contains 1 chunk(s)
        LayoutSVGInlineText {#text} at (0,0) size 79x23
          chunk 1 text run 1 at (1500.00,3120.00) startOffset 0 endOffset 11 width 77.76: "just a text"
      LayoutSVGText {text} at (1598,3102) size 80x23 contains 1 chunk(s)
        LayoutSVGInlineText {#text} at (0,0) size 79x23
          chunk 1 text run 1 at (1600.00,3120.00) startOffset 0 endOffset 11 width 77.76: "just a text"
      LayoutSVGText {text} at (1698,3102) size 80x23 contains 1 chunk(s)
        LayoutSVGInlineText {#text} at (0,0) size 79x23
          chunk 1 text run 1 at (1700.00,3120.00) startOffset 0 endOffset 11 width 77.76: "just a text"
      LayoutSVGText {text} at (1798,3102) size 80x23 contains 1 chunk(s)
        LayoutSVGInlineText {#text} at (0,0) size 79x23
          chunk 1 text run 1 at (1800.00,3120.00) startOffset 0 endOffset 11 width 77.76: "just a text"
      LayoutSVGText {text} at (1898,3102) size 80x23 contains 1 chunk(s)
        LayoutSVGInlineText {#text} at (0,0) size 79x23
          chunk 1 text run 1 at (1900.00,3120.00) startOffset 0 endOffset 11 width 77.76: "just a text"
      LayoutSVGText {text} at (1998,3102) size 80x23 contains 1 chunk(s)
        LayoutSVGInlineText {#text} at (0,0) size 79x23
          chunk 1 text run 1 at (2000.00,3120.00) startOffset 0 endOffset 11 width 77.76: "just a text"
      LayoutSVGText {text} at (2098,3102) size 80x23 contains 1 chunk(s)
        LayoutSVGInlineText {#text} at (0,0) size 79x23
          chunk 1 text run 1 at (2100.00,3120.00) startOffset 0 endOffset 11 width 77.76: "just a text"
      LayoutSVGText {text} at (2198,3102) size 80x23 contains 1 chunk(s)
        LayoutSVGInlineText {#text} at (0,0) size 79x23
          chunk 1 text run 1 at (2200.00,3120.00) startOffset 0 endOffset 11 width 77.76: "just a text"
      LayoutSVGText {text} at (2298,3102) size 80x23 contains 1 chunk(s)
        LayoutSVGInlineText {#text} at (0,0) size 79x23
          chunk 1 text run 1 at (2300.00,3120.00) startOffset 0 endOffset 11 width 77.76: "just a text"
      LayoutSVGText {text} at (2398,3102) size 80x23 contains 1 chunk(s)
        LayoutSVGInlineText {#text} at (0,0) size 79x23
          chunk 1 text run 1 at (2400.00,3120.00) startOffset 0 endOffset 11 width 77.76: "just a text"
      LayoutSVGText {text} at (2498,3102) size 80x23 contains 1 chunk(s)
        LayoutSVGInlineText {#text} at (0,0) size 79x23
          chunk 1 text run 1 at (2500.00,3120.00) startOffset 0 endOffset 11 width 77.76: "just a text"
      LayoutSVGText {text} at (2598,3102) size 80x23 contains 1 chunk(s)
        LayoutSVGInlineText {#text} at (0,0) size 79x23
          chunk 1 text run 1 at (2600.00,3120.00) startOffset 0 endOffset 11 width 77.76: "just a text"
      LayoutSVGText {text} at (2698,3102) size 80x23 contains 1 chunk(s)
        LayoutSVGInlineText {#text} at (0,0) size 79x23
          chunk 1 text run 1 at (2700.00,3120.00) startOffset 0 endOffset 11 width 77.76: "just a text"
      LayoutSVGText {text} at (2798,3102) size 80x23 contains 1 chunk(s)
        LayoutSVGInlineText {#text} at (0,0) size 79x23
          chunk 1 text run 1 at (2800.00,3120.00) startOffset 0 endOffset 11 width 77.76: "just a text"
      LayoutSVGText {text} at (2898,3102) size 80x23 contains 1 chunk(s)
        LayoutSVGInlineText {#text} at (0,0) size 79x23
          chunk 1 text run 1 at (2900.00,3120.00) startOffset 0 endOffset 11 width 77.76: "just a text"
      LayoutSVGText {text} at (2998,3102) size 80x23 contains 1 chunk(s)
        LayoutSVGInlineText {#text} at (0,0) size 79x23
          chunk 1 text run 1 at (3000.00,3120.00) startOffset 0 endOffset 11 width 77.76: "just a text"
      LayoutSVGText {text} at (3098,3102) size 80x23 contains 1 chunk(s)
        LayoutSVGInlineText {#text} at (0,0) size 79x23
          chunk 1 text run 1 at (3100.00,3120.00) startOffset 0 endOffset 11 width 77.76: "just a text"
      LayoutSVGText {text} at (3198,3102) size 80x23 contains 1 chunk(s)
        LayoutSVGInlineText {#text} at (0,0) size 79x23
          chunk 1 text run 1 at (3200.00,3120.00) startOffset 0 endOffset 11 width 77.76: "just a text"
      LayoutSVGText {text} at (3298,3102) size 80x23 contains 1 chunk(s)
        LayoutSVGInlineText {#text} at (0,0) size 79x23
          chunk 1 text run 1 at (3300.00,3120.00) startOffset 0 endOffset 11 width 77.76: "just a text"
      LayoutSVGText {text} at (3398,3102) size 80x23 contains 1 chunk(s)
        LayoutSVGInlineText {#text} at (0,0) size 79x23
          chunk 1 text run 1 at (3400.00,3120.00) startOffset 0 endOffset 11 width 77.76: "just a text"
      LayoutSVGText {text} at (3498,3102) size 80x23 contains 1 chunk(s)
        LayoutSVGInlineText {#text} at (0,0) size 79x23
          chunk 1 text run 1 at (3500.00,3120.00) startOffset 0 endOffset 11 width 77.76: "just a text"
      LayoutSVGText {text} at (3598,3102) size 80x23 contains 1 chunk(s)
        LayoutSVGInlineText {#text} at (0,0) size 79x23
          chunk 1 text run 1 at (3600.00,3120.00) startOffset 0 endOffset 11 width 77.76: "just a text"
      LayoutSVGText {text} at (3698,3102) size 80x23 contains 1 chunk(s)
        LayoutSVGInlineText {#text} at (0,0) size 79x23
          chunk 1 text run 1 at (3700.00,3120.00) startOffset 0 endOffset 11 width 77.76: "just a text"
      LayoutSVGText {text} at (3798,3102) size 80x23 contains 1 chunk(s)
        LayoutSVGInlineText {#text} at (0,0) size 79x23
          chunk 1 text run 1 at (3800.00,3120.00) startOffset 0 endOffset 11 width 77.76: "just a text"
      LayoutSVGText {text} at (3898,3102) size 80x23 contains 1 chunk(s)
        LayoutSVGInlineText {#text} at (0,0) size 79x23
          chunk 1 text run 1 at (3900.00,3120.00) startOffset 0 endOffset 11 width 77.76: "just a text"
      LayoutSVGText {text} at (3998,3102) size 80x23 contains 1 chunk(s)
        LayoutSVGInlineText {#text} at (0,0) size 79x23
          chunk 1 text run 1 at (4000.00,3120.00) startOffset 0 endOffset 11 width 77.76: "just a text"
      LayoutSVGText {text} at (4098,3102) size 80x23 contains 1 chunk(s)
        LayoutSVGInlineText {#text} at (0,0) size 79x23
          chunk 1 text run 1 at (4100.00,3120.00) startOffset 0 endOffset 11 width 77.76: "just a text"
      LayoutSVGText {text} at (4198,3102) size 80x23 contains 1 chunk(s)
        LayoutSVGInlineText {#text} at (0,0) size 79x23
          chunk 1 text run 1 at (4200.00,3120.00) startOffset 0 endOffset 11 width 77.76: "just a text"
      LayoutSVGText {text} at (4298,3102) size 80x23 contains 1 chunk(s)
        LayoutSVGInlineText {#text} at (0,0) size 79x23
          chunk 1 text run 1 at (4300.00,3120.00) startOffset 0 endOffset 11 width 77.76: "just a text"
      LayoutSVGText {text} at (4398,3102) size 80x23 contains 1 chunk(s)
        LayoutSVGInlineText {#text} at (0,0) size 79x23
          chunk 1 text run 1 at (4400.00,3120.00) startOffset 0 endOffset 11 width 77.76: "just a text"
      LayoutSVGText {text} at (4498,3102) size 80x23 contains 1 chunk(s)
        LayoutSVGInlineText {#text} at (0,0) size 79x23
          chunk 1 text run 1 at (4500.00,3120.00) startOffset 0 endOffset 11 width 77.76: "just a text"
      LayoutSVGText {text} at (4598,3102) size 80x23 contains 1 chunk(s)
        LayoutSVGInlineText {#text} at (0,0) size 79x23
          chunk 1 text run 1 at (4600.00,3120.00) startOffset 0 endOffset 11 width 77.76: "just a text"
      LayoutSVGText {text} at (4698,3102) size 80x23 contains 1 chunk(s)
        LayoutSVGInlineText {#text} at (0,0) size 79x23
          chunk 1 text run 1 at (4700.00,3120.00) startOffset 0 endOffset 11 width 77.76: "just a text"
      LayoutSVGText {text} at (4798,3102) size 80x23 contains 1 chunk(s)
        LayoutSVGInlineText {#text} at (0,0) size 79x23
          chunk 1 text run 1 at (4800.00,3120.00) startOffset 0 endOffset 11 width 77.76: "just a text"
      LayoutSVGText {text} at (4898,3102) size 80x23 contains 1 chunk(s)
        LayoutSVGInlineText {#text} at (0,0) size 79x23
          chunk 1 text run 1 at (4900.00,3120.00) startOffset 0 endOffset 11 width 77.76: "just a text"
      LayoutSVGText {text} at (-2,3202) size 80x23 contains 1 chunk(s)
        LayoutSVGInlineText {#text} at (0,0) size 79x23
          chunk 1 text run 1 at (0.00,3220.00) startOffset 0 endOffset 11 width 77.76: "just a text"
      LayoutSVGText {text} at (98,3202) size 80x23 contains 1 chunk(s)
        LayoutSVGInlineText {#text} at (0,0) size 79x23
          chunk 1 text run 1 at (100.00,3220.00) startOffset 0 endOffset 11 width 77.76: "just a text"
      LayoutSVGText {text} at (198,3202) size 80x23 contains 1 chunk(s)
        LayoutSVGInlineText {#text} at (0,0) size 79x23
          chunk 1 text run 1 at (200.00,3220.00) startOffset 0 endOffset 11 width 77.76: "just a text"
      LayoutSVGText {text} at (298,3202) size 80x23 contains 1 chunk(s)
        LayoutSVGInlineText {#text} at (0,0) size 79x23
          chunk 1 text run 1 at (300.00,3220.00) startOffset 0 endOffset 11 width 77.76: "just a text"
      LayoutSVGText {text} at (398,3202) size 80x23 contains 1 chunk(s)
        LayoutSVGInlineText {#text} at (0,0) size 79x23
          chunk 1 text run 1 at (400.00,3220.00) startOffset 0 endOffset 11 width 77.76: "just a text"
      LayoutSVGText {text} at (498,3202) size 80x23 contains 1 chunk(s)
        LayoutSVGInlineText {#text} at (0,0) size 79x23
          chunk 1 text run 1 at (500.00,3220.00) startOffset 0 endOffset 11 width 77.76: "just a text"
      LayoutSVGText {text} at (598,3202) size 80x23 contains 1 chunk(s)
        LayoutSVGInlineText {#text} at (0,0) size 79x23
          chunk 1 text run 1 at (600.00,3220.00) startOffset 0 endOffset 11 width 77.76: "just a text"
      LayoutSVGText {text} at (698,3202) size 80x23 contains 1 chunk(s)
        LayoutSVGInlineText {#text} at (0,0) size 79x23
          chunk 1 text run 1 at (700.00,3220.00) startOffset 0 endOffset 11 width 77.76: "just a text"
      LayoutSVGText {text} at (798,3202) size 80x23 contains 1 chunk(s)
        LayoutSVGInlineText {#text} at (0,0) size 79x23
          chunk 1 text run 1 at (800.00,3220.00) startOffset 0 endOffset 11 width 77.76: "just a text"
      LayoutSVGText {text} at (898,3202) size 80x23 contains 1 chunk(s)
        LayoutSVGInlineText {#text} at (0,0) size 79x23
          chunk 1 text run 1 at (900.00,3220.00) startOffset 0 endOffset 11 width 77.76: "just a text"
      LayoutSVGText {text} at (998,3202) size 80x23 contains 1 chunk(s)
        LayoutSVGInlineText {#text} at (0,0) size 79x23
          chunk 1 text run 1 at (1000.00,3220.00) startOffset 0 endOffset 11 width 77.76: "just a text"
      LayoutSVGText {text} at (1098,3202) size 80x23 contains 1 chunk(s)
        LayoutSVGInlineText {#text} at (0,0) size 79x23
          chunk 1 text run 1 at (1100.00,3220.00) startOffset 0 endOffset 11 width 77.76: "just a text"
      LayoutSVGText {text} at (1198,3202) size 80x23 contains 1 chunk(s)
        LayoutSVGInlineText {#text} at (0,0) size 79x23
          chunk 1 text run 1 at (1200.00,3220.00) startOffset 0 endOffset 11 width 77.76: "just a text"
      LayoutSVGText {text} at (1298,3202) size 80x23 contains 1 chunk(s)
        LayoutSVGInlineText {#text} at (0,0) size 79x23
          chunk 1 text run 1 at (1300.00,3220.00) startOffset 0 endOffset 11 width 77.76: "just a text"
      LayoutSVGText {text} at (1398,3202) size 80x23 contains 1 chunk(s)
        LayoutSVGInlineText {#text} at (0,0) size 79x23
          chunk 1 text run 1 at (1400.00,3220.00) startOffset 0 endOffset 11 width 77.76: "just a text"
      LayoutSVGText {text} at (1498,3202) size 80x23 contains 1 chunk(s)
        LayoutSVGInlineText {#text} at (0,0) size 79x23
          chunk 1 text run 1 at (1500.00,3220.00) startOffset 0 endOffset 11 width 77.76: "just a text"
      LayoutSVGText {text} at (1598,3202) size 80x23 contains 1 chunk(s)
        LayoutSVGInlineText {#text} at (0,0) size 79x23
          chunk 1 text run 1 at (1600.00,3220.00) startOffset 0 endOffset 11 width 77.76: "just a text"
      LayoutSVGText {text} at (1698,3202) size 80x23 contains 1 chunk(s)
        LayoutSVGInlineText {#text} at (0,0) size 79x23
          chunk 1 text run 1 at (1700.00,3220.00) startOffset 0 endOffset 11 width 77.76: "just a text"
      LayoutSVGText {text} at (1798,3202) size 80x23 contains 1 chunk(s)
        LayoutSVGInlineText {#text} at (0,0) size 79x23
          chunk 1 text run 1 at (1800.00,3220.00) startOffset 0 endOffset 11 width 77.76: "just a text"
      LayoutSVGText {text} at (1898,3202) size 80x23 contains 1 chunk(s)
        LayoutSVGInlineText {#text} at (0,0) size 79x23
          chunk 1 text run 1 at (1900.00,3220.00) startOffset 0 endOffset 11 width 77.76: "just a text"
      LayoutSVGText {text} at (1998,3202) size 80x23 contains 1 chunk(s)
        LayoutSVGInlineText {#text} at (0,0) size 79x23
          chunk 1 text run 1 at (2000.00,3220.00) startOffset 0 endOffset 11 width 77.76: "just a text"
      LayoutSVGText {text} at (2098,3202) size 80x23 contains 1 chunk(s)
        LayoutSVGInlineText {#text} at (0,0) size 79x23
          chunk 1 text run 1 at (2100.00,3220.00) startOffset 0 endOffset 11 width 77.76: "just a text"
      LayoutSVGText {text} at (2198,3202) size 80x23 contains 1 chunk(s)
        LayoutSVGInlineText {#text} at (0,0) size 79x23
          chunk 1 text run 1 at (2200.00,3220.00) startOffset 0 endOffset 11 width 77.76: "just a text"
      LayoutSVGText {text} at (2298,3202) size 80x23 contains 1 chunk(s)
        LayoutSVGInlineText {#text} at (0,0) size 79x23
          chunk 1 text run 1 at (2300.00,3220.00) startOffset 0 endOffset 11 width 77.76: "just a text"
      LayoutSVGText {text} at (2398,3202) size 80x23 contains 1 chunk(s)
        LayoutSVGInlineText {#text} at (0,0) size 79x23
          chunk 1 text run 1 at (2400.00,3220.00) startOffset 0 endOffset 11 width 77.76: "just a text"
      LayoutSVGText {text} at (2498,3202) size 80x23 contains 1 chunk(s)
        LayoutSVGInlineText {#text} at (0,0) size 79x23
          chunk 1 text run 1 at (2500.00,3220.00) startOffset 0 endOffset 11 width 77.76: "just a text"
      LayoutSVGText {text} at (2598,3202) size 80x23 contains 1 chunk(s)
        LayoutSVGInlineText {#text} at (0,0) size 79x23
          chunk 1 text run 1 at (2600.00,3220.00) startOffset 0 endOffset 11 width 77.76: "just a text"
      LayoutSVGText {text} at (2698,3202) size 80x23 contains 1 chunk(s)
        LayoutSVGInlineText {#text} at (0,0) size 79x23
          chunk 1 text run 1 at (2700.00,3220.00) startOffset 0 endOffset 11 width 77.76: "just a text"
      LayoutSVGText {text} at (2798,3202) size 80x23 contains 1 chunk(s)
        LayoutSVGInlineText {#text} at (0,0) size 79x23
          chunk 1 text run 1 at (2800.00,3220.00) startOffset 0 endOffset 11 width 77.76: "just a text"
      LayoutSVGText {text} at (2898,3202) size 80x23 contains 1 chunk(s)
        LayoutSVGInlineText {#text} at (0,0) size 79x23
          chunk 1 text run 1 at (2900.00,3220.00) startOffset 0 endOffset 11 width 77.76: "just a text"
      LayoutSVGText {text} at (2998,3202) size 80x23 contains 1 chunk(s)
        LayoutSVGInlineText {#text} at (0,0) size 79x23
          chunk 1 text run 1 at (3000.00,3220.00) startOffset 0 endOffset 11 width 77.76: "just a text"
      LayoutSVGText {text} at (3098,3202) size 80x23 contains 1 chunk(s)
        LayoutSVGInlineText {#text} at (0,0) size 79x23
          chunk 1 text run 1 at (3100.00,3220.00) startOffset 0 endOffset 11 width 77.76: "just a text"
      LayoutSVGText {text} at (3198,3202) size 80x23 contains 1 chunk(s)
        LayoutSVGInlineText {#text} at (0,0) size 79x23
          chunk 1 text run 1 at (3200.00,3220.00) startOffset 0 endOffset 11 width 77.76: "just a text"
      LayoutSVGText {text} at (3298,3202) size 80x23 contains 1 chunk(s)
        LayoutSVGInlineText {#text} at (0,0) size 79x23
          chunk 1 text run 1 at (3300.00,3220.00) startOffset 0 endOffset 11 width 77.76: "just a text"
      LayoutSVGText {text} at (3398,3202) size 80x23 contains 1 chunk(s)
        LayoutSVGInlineText {#text} at (0,0) size 79x23
          chunk 1 text run 1 at (3400.00,3220.00) startOffset 0 endOffset 11 width 77.76: "just a text"
      LayoutSVGText {text} at (3498,3202) size 80x23 contains 1 chunk(s)
        LayoutSVGInlineText {#text} at (0,0) size 79x23
          chunk 1 text run 1 at (3500.00,3220.00) startOffset 0 endOffset 11 width 77.76: "just a text"
      LayoutSVGText {text} at (3598,3202) size 80x23 contains 1 chunk(s)
        LayoutSVGInlineText {#text} at (0,0) size 79x23
          chunk 1 text run 1 at (3600.00,3220.00) startOffset 0 endOffset 11 width 77.76: "just a text"
      LayoutSVGText {text} at (3698,3202) size 80x23 contains 1 chunk(s)
        LayoutSVGInlineText {#text} at (0,0) size 79x23
          chunk 1 text run 1 at (3700.00,3220.00) startOffset 0 endOffset 11 width 77.76: "just a text"
      LayoutSVGText {text} at (3798,3202) size 80x23 contains 1 chunk(s)
        LayoutSVGInlineText {#text} at (0,0) size 79x23
          chunk 1 text run 1 at (3800.00,3220.00) startOffset 0 endOffset 11 width 77.76: "just a text"
      LayoutSVGText {text} at (3898,3202) size 80x23 contains 1 chunk(s)
        LayoutSVGInlineText {#text} at (0,0) size 79x23
          chunk 1 text run 1 at (3900.00,3220.00) startOffset 0 endOffset 11 width 77.76: "just a text"
      LayoutSVGText {text} at (3998,3202) size 80x23 contains 1 chunk(s)
        LayoutSVGInlineText {#text} at (0,0) size 79x23
          chunk 1 text run 1 at (4000.00,3220.00) startOffset 0 endOffset 11 width 77.76: "just a text"
      LayoutSVGText {text} at (4098,3202) size 80x23 contains 1 chunk(s)
        LayoutSVGInlineText {#text} at (0,0) size 79x23
          chunk 1 text run 1 at (4100.00,3220.00) startOffset 0 endOffset 11 width 77.76: "just a text"
      LayoutSVGText {text} at (4198,3202) size 80x23 contains 1 chunk(s)
        LayoutSVGInlineText {#text} at (0,0) size 79x23
          chunk 1 text run 1 at (4200.00,3220.00) startOffset 0 endOffset 11 width 77.76: "just a text"
      LayoutSVGText {text} at (4298,3202) size 80x23 contains 1 chunk(s)
        LayoutSVGInlineText {#text} at (0,0) size 79x23
          chunk 1 text run 1 at (4300.00,3220.00) startOffset 0 endOffset 11 width 77.76: "just a text"
      LayoutSVGText {text} at (4398,3202) size 80x23 contains 1 chunk(s)
        LayoutSVGInlineText {#text} at (0,0) size 79x23
          chunk 1 text run 1 at (4400.00,3220.00) startOffset 0 endOffset 11 width 77.76: "just a text"
      LayoutSVGText {text} at (4498,3202) size 80x23 contains 1 chunk(s)
        LayoutSVGInlineText {#text} at (0,0) size 79x23
          chunk 1 text run 1 at (4500.00,3220.00) startOffset 0 endOffset 11 width 77.76: "just a text"
      LayoutSVGText {text} at (4598,3202) size 80x23 contains 1 chunk(s)
        LayoutSVGInlineText {#text} at (0,0) size 79x23
          chunk 1 text run 1 at (4600.00,3220.00) startOffset 0 endOffset 11 width 77.76: "just a text"
      LayoutSVGText {text} at (4698,3202) size 80x23 contains 1 chunk(s)
        LayoutSVGInlineText {#text} at (0,0) size 79x23
          chunk 1 text run 1 at (4700.00,3220.00) startOffset 0 endOffset 11 width 77.76: "just a text"
      LayoutSVGText {text} at (4798,3202) size 80x23 contains 1 chunk(s)
        LayoutSVGInlineText {#text} at (0,0) size 79x23
          chunk 1 text run 1 at (4800.00,3220.00) startOffset 0 endOffset 11 width 77.76: "just a text"
      LayoutSVGText {text} at (4898,3202) size 80x23 contains 1 chunk(s)
        LayoutSVGInlineText {#text} at (0,0) size 79x23
          chunk 1 text run 1 at (4900.00,3220.00) startOffset 0 endOffset 11 width 77.76: "just a text"
      LayoutSVGText {text} at (-2,3302) size 80x23 contains 1 chunk(s)
        LayoutSVGInlineText {#text} at (0,0) size 79x23
          chunk 1 text run 1 at (0.00,3320.00) startOffset 0 endOffset 11 width 77.76: "just a text"
      LayoutSVGText {text} at (98,3302) size 80x23 contains 1 chunk(s)
        LayoutSVGInlineText {#text} at (0,0) size 79x23
          chunk 1 text run 1 at (100.00,3320.00) startOffset 0 endOffset 11 width 77.76: "just a text"
      LayoutSVGText {text} at (198,3302) size 80x23 contains 1 chunk(s)
        LayoutSVGInlineText {#text} at (0,0) size 79x23
          chunk 1 text run 1 at (200.00,3320.00) startOffset 0 endOffset 11 width 77.76: "just a text"
      LayoutSVGText {text} at (298,3302) size 80x23 contains 1 chunk(s)
        LayoutSVGInlineText {#text} at (0,0) size 79x23
          chunk 1 text run 1 at (300.00,3320.00) startOffset 0 endOffset 11 width 77.76: "just a text"
      LayoutSVGText {text} at (398,3302) size 80x23 contains 1 chunk(s)
        LayoutSVGInlineText {#text} at (0,0) size 79x23
          chunk 1 text run 1 at (400.00,3320.00) startOffset 0 endOffset 11 width 77.76: "just a text"
      LayoutSVGText {text} at (498,3302) size 80x23 contains 1 chunk(s)
        LayoutSVGInlineText {#text} at (0,0) size 79x23
          chunk 1 text run 1 at (500.00,3320.00) startOffset 0 endOffset 11 width 77.76: "just a text"
      LayoutSVGText {text} at (598,3302) size 80x23 contains 1 chunk(s)
        LayoutSVGInlineText {#text} at (0,0) size 79x23
          chunk 1 text run 1 at (600.00,3320.00) startOffset 0 endOffset 11 width 77.76: "just a text"
      LayoutSVGText {text} at (698,3302) size 80x23 contains 1 chunk(s)
        LayoutSVGInlineText {#text} at (0,0) size 79x23
          chunk 1 text run 1 at (700.00,3320.00) startOffset 0 endOffset 11 width 77.76: "just a text"
      LayoutSVGText {text} at (798,3302) size 80x23 contains 1 chunk(s)
        LayoutSVGInlineText {#text} at (0,0) size 79x23
          chunk 1 text run 1 at (800.00,3320.00) startOffset 0 endOffset 11 width 77.76: "just a text"
      LayoutSVGText {text} at (898,3302) size 80x23 contains 1 chunk(s)
        LayoutSVGInlineText {#text} at (0,0) size 79x23
          chunk 1 text run 1 at (900.00,3320.00) startOffset 0 endOffset 11 width 77.76: "just a text"
      LayoutSVGText {text} at (998,3302) size 80x23 contains 1 chunk(s)
        LayoutSVGInlineText {#text} at (0,0) size 79x23
          chunk 1 text run 1 at (1000.00,3320.00) startOffset 0 endOffset 11 width 77.76: "just a text"
      LayoutSVGText {text} at (1098,3302) size 80x23 contains 1 chunk(s)
        LayoutSVGInlineText {#text} at (0,0) size 79x23
          chunk 1 text run 1 at (1100.00,3320.00) startOffset 0 endOffset 11 width 77.76: "just a text"
      LayoutSVGText {text} at (1198,3302) size 80x23 contains 1 chunk(s)
        LayoutSVGInlineText {#text} at (0,0) size 79x23
          chunk 1 text run 1 at (1200.00,3320.00) startOffset 0 endOffset 11 width 77.76: "just a text"
      LayoutSVGText {text} at (1298,3302) size 80x23 contains 1 chunk(s)
        LayoutSVGInlineText {#text} at (0,0) size 79x23
          chunk 1 text run 1 at (1300.00,3320.00) startOffset 0 endOffset 11 width 77.76: "just a text"
      LayoutSVGText {text} at (1398,3302) size 80x23 contains 1 chunk(s)
        LayoutSVGInlineText {#text} at (0,0) size 79x23
          chunk 1 text run 1 at (1400.00,3320.00) startOffset 0 endOffset 11 width 77.76: "just a text"
      LayoutSVGText {text} at (1498,3302) size 80x23 contains 1 chunk(s)
        LayoutSVGInlineText {#text} at (0,0) size 79x23
          chunk 1 text run 1 at (1500.00,3320.00) startOffset 0 endOffset 11 width 77.76: "just a text"
      LayoutSVGText {text} at (1598,3302) size 80x23 contains 1 chunk(s)
        LayoutSVGInlineText {#text} at (0,0) size 79x23
          chunk 1 text run 1 at (1600.00,3320.00) startOffset 0 endOffset 11 width 77.76: "just a text"
      LayoutSVGText {text} at (1698,3302) size 80x23 contains 1 chunk(s)
        LayoutSVGInlineText {#text} at (0,0) size 79x23
          chunk 1 text run 1 at (1700.00,3320.00) startOffset 0 endOffset 11 width 77.76: "just a text"
      LayoutSVGText {text} at (1798,3302) size 80x23 contains 1 chunk(s)
        LayoutSVGInlineText {#text} at (0,0) size 79x23
          chunk 1 text run 1 at (1800.00,3320.00) startOffset 0 endOffset 11 width 77.76: "just a text"
      LayoutSVGText {text} at (1898,3302) size 80x23 contains 1 chunk(s)
        LayoutSVGInlineText {#text} at (0,0) size 79x23
          chunk 1 text run 1 at (1900.00,3320.00) startOffset 0 endOffset 11 width 77.76: "just a text"
      LayoutSVGText {text} at (1998,3302) size 80x23 contains 1 chunk(s)
        LayoutSVGInlineText {#text} at (0,0) size 79x23
          chunk 1 text run 1 at (2000.00,3320.00) startOffset 0 endOffset 11 width 77.76: "just a text"
      LayoutSVGText {text} at (2098,3302) size 80x23 contains 1 chunk(s)
        LayoutSVGInlineText {#text} at (0,0) size 79x23
          chunk 1 text run 1 at (2100.00,3320.00) startOffset 0 endOffset 11 width 77.76: "just a text"
      LayoutSVGText {text} at (2198,3302) size 80x23 contains 1 chunk(s)
        LayoutSVGInlineText {#text} at (0,0) size 79x23
          chunk 1 text run 1 at (2200.00,3320.00) startOffset 0 endOffset 11 width 77.76: "just a text"
      LayoutSVGText {text} at (2298,3302) size 80x23 contains 1 chunk(s)
        LayoutSVGInlineText {#text} at (0,0) size 79x23
          chunk 1 text run 1 at (2300.00,3320.00) startOffset 0 endOffset 11 width 77.76: "just a text"
      LayoutSVGText {text} at (2398,3302) size 80x23 contains 1 chunk(s)
        LayoutSVGInlineText {#text} at (0,0) size 79x23
          chunk 1 text run 1 at (2400.00,3320.00) startOffset 0 endOffset 11 width 77.76: "just a text"
      LayoutSVGText {text} at (2498,3302) size 80x23 contains 1 chunk(s)
        LayoutSVGInlineText {#text} at (0,0) size 79x23
          chunk 1 text run 1 at (2500.00,3320.00) startOffset 0 endOffset 11 width 77.76: "just a text"
      LayoutSVGText {text} at (2598,3302) size 80x23 contains 1 chunk(s)
        LayoutSVGInlineText {#text} at (0,0) size 79x23
          chunk 1 text run 1 at (2600.00,3320.00) startOffset 0 endOffset 11 width 77.76: "just a text"
      LayoutSVGText {text} at (2698,3302) size 80x23 contains 1 chunk(s)
        LayoutSVGInlineText {#text} at (0,0) size 79x23
          chunk 1 text run 1 at (2700.00,3320.00) startOffset 0 endOffset 11 width 77.76: "just a text"
      LayoutSVGText {text} at (2798,3302) size 80x23 contains 1 chunk(s)
        LayoutSVGInlineText {#text} at (0,0) size 79x23
          chunk 1 text run 1 at (2800.00,3320.00) startOffset 0 endOffset 11 width 77.76: "just a text"
      LayoutSVGText {text} at (2898,3302) size 80x23 contains 1 chunk(s)
        LayoutSVGInlineText {#text} at (0,0) size 79x23
          chunk 1 text run 1 at (2900.00,3320.00) startOffset 0 endOffset 11 width 77.76: "just a text"
      LayoutSVGText {text} at (2998,3302) size 80x23 contains 1 chunk(s)
        LayoutSVGInlineText {#text} at (0,0) size 79x23
          chunk 1 text run 1 at (3000.00,3320.00) startOffset 0 endOffset 11 width 77.76: "just a text"
      LayoutSVGText {text} at (3098,3302) size 80x23 contains 1 chunk(s)
        LayoutSVGInlineText {#text} at (0,0) size 79x23
          chunk 1 text run 1 at (3100.00,3320.00) startOffset 0 endOffset 11 width 77.76: "just a text"
      LayoutSVGText {text} at (3198,3302) size 80x23 contains 1 chunk(s)
        LayoutSVGInlineText {#text} at (0,0) size 79x23
          chunk 1 text run 1 at (3200.00,3320.00) startOffset 0 endOffset 11 width 77.76: "just a text"
      LayoutSVGText {text} at (3298,3302) size 80x23 contains 1 chunk(s)
        LayoutSVGInlineText {#text} at (0,0) size 79x23
          chunk 1 text run 1 at (3300.00,3320.00) startOffset 0 endOffset 11 width 77.76: "just a text"
      LayoutSVGText {text} at (3398,3302) size 80x23 contains 1 chunk(s)
        LayoutSVGInlineText {#text} at (0,0) size 79x23
          chunk 1 text run 1 at (3400.00,3320.00) startOffset 0 endOffset 11 width 77.76: "just a text"
      LayoutSVGText {text} at (3498,3302) size 80x23 contains 1 chunk(s)
        LayoutSVGInlineText {#text} at (0,0) size 79x23
          chunk 1 text run 1 at (3500.00,3320.00) startOffset 0 endOffset 11 width 77.76: "just a text"
      LayoutSVGText {text} at (3598,3302) size 80x23 contains 1 chunk(s)
        LayoutSVGInlineText {#text} at (0,0) size 79x23
          chunk 1 text run 1 at (3600.00,3320.00) startOffset 0 endOffset 11 width 77.76: "just a text"
      LayoutSVGText {text} at (3698,3302) size 80x23 contains 1 chunk(s)
        LayoutSVGInlineText {#text} at (0,0) size 79x23
          chunk 1 text run 1 at (3700.00,3320.00) startOffset 0 endOffset 11 width 77.76: "just a text"
      LayoutSVGText {text} at (3798,3302) size 80x23 contains 1 chunk(s)
        LayoutSVGInlineText {#text} at (0,0) size 79x23
          chunk 1 text run 1 at (3800.00,3320.00) startOffset 0 endOffset 11 width 77.76: "just a text"
      LayoutSVGText {text} at (3898,3302) size 80x23 contains 1 chunk(s)
        LayoutSVGInlineText {#text} at (0,0) size 79x23
          chunk 1 text run 1 at (3900.00,3320.00) startOffset 0 endOffset 11 width 77.76: "just a text"
      LayoutSVGText {text} at (3998,3302) size 80x23 contains 1 chunk(s)
        LayoutSVGInlineText {#text} at (0,0) size 79x23
          chunk 1 text run 1 at (4000.00,3320.00) startOffset 0 endOffset 11 width 77.76: "just a text"
      LayoutSVGText {text} at (4098,3302) size 80x23 contains 1 chunk(s)
        LayoutSVGInlineText {#text} at (0,0) size 79x23
          chunk 1 text run 1 at (4100.00,3320.00) startOffset 0 endOffset 11 width 77.76: "just a text"
      LayoutSVGText {text} at (4198,3302) size 80x23 contains 1 chunk(s)
        LayoutSVGInlineText {#text} at (0,0) size 79x23
          chunk 1 text run 1 at (4200.00,3320.00) startOffset 0 endOffset 11 width 77.76: "just a text"
      LayoutSVGText {text} at (4298,3302) size 80x23 contains 1 chunk(s)
        LayoutSVGInlineText {#text} at (0,0) size 79x23
          chunk 1 text run 1 at (4300.00,3320.00) startOffset 0 endOffset 11 width 77.76: "just a text"
      LayoutSVGText {text} at (4398,3302) size 80x23 contains 1 chunk(s)
        LayoutSVGInlineText {#text} at (0,0) size 79x23
          chunk 1 text run 1 at (4400.00,3320.00) startOffset 0 endOffset 11 width 77.76: "just a text"
      LayoutSVGText {text} at (4498,3302) size 80x23 contains 1 chunk(s)
        LayoutSVGInlineText {#text} at (0,0) size 79x23
          chunk 1 text run 1 at (4500.00,3320.00) startOffset 0 endOffset 11 width 77.76: "just a text"
      LayoutSVGText {text} at (4598,3302) size 80x23 contains 1 chunk(s)
        LayoutSVGInlineText {#text} at (0,0) size 79x23
          chunk 1 text run 1 at (4600.00,3320.00) startOffset 0 endOffset 11 width 77.76: "just a text"
      LayoutSVGText {text} at (4698,3302) size 80x23 contains 1 chunk(s)
        LayoutSVGInlineText {#text} at (0,0) size 79x23
          chunk 1 text run 1 at (4700.00,3320.00) startOffset 0 endOffset 11 width 77.76: "just a text"
      LayoutSVGText {text} at (4798,3302) size 80x23 contains 1 chunk(s)
        LayoutSVGInlineText {#text} at (0,0) size 79x23
          chunk 1 text run 1 at (4800.00,3320.00) startOffset 0 endOffset 11 width 77.76: "just a text"
      LayoutSVGText {text} at (4898,3302) size 80x23 contains 1 chunk(s)
        LayoutSVGInlineText {#text} at (0,0) size 79x23
          chunk 1 text run 1 at (4900.00,3320.00) startOffset 0 endOffset 11 width 77.76: "just a text"
      LayoutSVGText {text} at (-2,3402) size 80x23 contains 1 chunk(s)
        LayoutSVGInlineText {#text} at (0,0) size 79x23
          chunk 1 text run 1 at (0.00,3420.00) startOffset 0 endOffset 11 width 77.76: "just a text"
      LayoutSVGText {text} at (98,3402) size 80x23 contains 1 chunk(s)
        LayoutSVGInlineText {#text} at (0,0) size 79x23
          chunk 1 text run 1 at (100.00,3420.00) startOffset 0 endOffset 11 width 77.76: "just a text"
      LayoutSVGText {text} at (198,3402) size 80x23 contains 1 chunk(s)
        LayoutSVGInlineText {#text} at (0,0) size 79x23
          chunk 1 text run 1 at (200.00,3420.00) startOffset 0 endOffset 11 width 77.76: "just a text"
      LayoutSVGText {text} at (298,3402) size 80x23 contains 1 chunk(s)
        LayoutSVGInlineText {#text} at (0,0) size 79x23
          chunk 1 text run 1 at (300.00,3420.00) startOffset 0 endOffset 11 width 77.76: "just a text"
      LayoutSVGText {text} at (398,3402) size 80x23 contains 1 chunk(s)
        LayoutSVGInlineText {#text} at (0,0) size 79x23
          chunk 1 text run 1 at (400.00,3420.00) startOffset 0 endOffset 11 width 77.76: "just a text"
      LayoutSVGText {text} at (498,3402) size 80x23 contains 1 chunk(s)
        LayoutSVGInlineText {#text} at (0,0) size 79x23
          chunk 1 text run 1 at (500.00,3420.00) startOffset 0 endOffset 11 width 77.76: "just a text"
      LayoutSVGText {text} at (598,3402) size 80x23 contains 1 chunk(s)
        LayoutSVGInlineText {#text} at (0,0) size 79x23
          chunk 1 text run 1 at (600.00,3420.00) startOffset 0 endOffset 11 width 77.76: "just a text"
      LayoutSVGText {text} at (698,3402) size 80x23 contains 1 chunk(s)
        LayoutSVGInlineText {#text} at (0,0) size 79x23
          chunk 1 text run 1 at (700.00,3420.00) startOffset 0 endOffset 11 width 77.76: "just a text"
      LayoutSVGText {text} at (798,3402) size 80x23 contains 1 chunk(s)
        LayoutSVGInlineText {#text} at (0,0) size 79x23
          chunk 1 text run 1 at (800.00,3420.00) startOffset 0 endOffset 11 width 77.76: "just a text"
      LayoutSVGText {text} at (898,3402) size 80x23 contains 1 chunk(s)
        LayoutSVGInlineText {#text} at (0,0) size 79x23
          chunk 1 text run 1 at (900.00,3420.00) startOffset 0 endOffset 11 width 77.76: "just a text"
      LayoutSVGText {text} at (998,3402) size 80x23 contains 1 chunk(s)
        LayoutSVGInlineText {#text} at (0,0) size 79x23
          chunk 1 text run 1 at (1000.00,3420.00) startOffset 0 endOffset 11 width 77.76: "just a text"
      LayoutSVGText {text} at (1098,3402) size 80x23 contains 1 chunk(s)
        LayoutSVGInlineText {#text} at (0,0) size 79x23
          chunk 1 text run 1 at (1100.00,3420.00) startOffset 0 endOffset 11 width 77.76: "just a text"
      LayoutSVGText {text} at (1198,3402) size 80x23 contains 1 chunk(s)
        LayoutSVGInlineText {#text} at (0,0) size 79x23
          chunk 1 text run 1 at (1200.00,3420.00) startOffset 0 endOffset 11 width 77.76: "just a text"
      LayoutSVGText {text} at (1298,3402) size 80x23 contains 1 chunk(s)
        LayoutSVGInlineText {#text} at (0,0) size 79x23
          chunk 1 text run 1 at (1300.00,3420.00) startOffset 0 endOffset 11 width 77.76: "just a text"
      LayoutSVGText {text} at (1398,3402) size 80x23 contains 1 chunk(s)
        LayoutSVGInlineText {#text} at (0,0) size 79x23
          chunk 1 text run 1 at (1400.00,3420.00) startOffset 0 endOffset 11 width 77.76: "just a text"
      LayoutSVGText {text} at (1498,3402) size 80x23 contains 1 chunk(s)
        LayoutSVGInlineText {#text} at (0,0) size 79x23
          chunk 1 text run 1 at (1500.00,3420.00) startOffset 0 endOffset 11 width 77.76: "just a text"
      LayoutSVGText {text} at (1598,3402) size 80x23 contains 1 chunk(s)
        LayoutSVGInlineText {#text} at (0,0) size 79x23
          chunk 1 text run 1 at (1600.00,3420.00) startOffset 0 endOffset 11 width 77.76: "just a text"
      LayoutSVGText {text} at (1698,3402) size 80x23 contains 1 chunk(s)
        LayoutSVGInlineText {#text} at (0,0) size 79x23
          chunk 1 text run 1 at (1700.00,3420.00) startOffset 0 endOffset 11 width 77.76: "just a text"
      LayoutSVGText {text} at (1798,3402) size 80x23 contains 1 chunk(s)
        LayoutSVGInlineText {#text} at (0,0) size 79x23
          chunk 1 text run 1 at (1800.00,3420.00) startOffset 0 endOffset 11 width 77.76: "just a text"
      LayoutSVGText {text} at (1898,3402) size 80x23 contains 1 chunk(s)
        LayoutSVGInlineText {#text} at (0,0) size 79x23
          chunk 1 text run 1 at (1900.00,3420.00) startOffset 0 endOffset 11 width 77.76: "just a text"
      LayoutSVGText {text} at (1998,3402) size 80x23 contains 1 chunk(s)
        LayoutSVGInlineText {#text} at (0,0) size 79x23
          chunk 1 text run 1 at (2000.00,3420.00) startOffset 0 endOffset 11 width 77.76: "just a text"
      LayoutSVGText {text} at (2098,3402) size 80x23 contains 1 chunk(s)
        LayoutSVGInlineText {#text} at (0,0) size 79x23
          chunk 1 text run 1 at (2100.00,3420.00) startOffset 0 endOffset 11 width 77.76: "just a text"
      LayoutSVGText {text} at (2198,3402) size 80x23 contains 1 chunk(s)
        LayoutSVGInlineText {#text} at (0,0) size 79x23
          chunk 1 text run 1 at (2200.00,3420.00) startOffset 0 endOffset 11 width 77.76: "just a text"
      LayoutSVGText {text} at (2298,3402) size 80x23 contains 1 chunk(s)
        LayoutSVGInlineText {#text} at (0,0) size 79x23
          chunk 1 text run 1 at (2300.00,3420.00) startOffset 0 endOffset 11 width 77.76: "just a text"
      LayoutSVGText {text} at (2398,3402) size 80x23 contains 1 chunk(s)
        LayoutSVGInlineText {#text} at (0,0) size 79x23
          chunk 1 text run 1 at (2400.00,3420.00) startOffset 0 endOffset 11 width 77.76: "just a text"
      LayoutSVGText {text} at (2498,3402) size 80x23 contains 1 chunk(s)
        LayoutSVGInlineText {#text} at (0,0) size 79x23
          chunk 1 text run 1 at (2500.00,3420.00) startOffset 0 endOffset 11 width 77.76: "just a text"
      LayoutSVGText {text} at (2598,3402) size 80x23 contains 1 chunk(s)
        LayoutSVGInlineText {#text} at (0,0) size 79x23
          chunk 1 text run 1 at (2600.00,3420.00) startOffset 0 endOffset 11 width 77.76: "just a text"
      LayoutSVGText {text} at (2698,3402) size 80x23 contains 1 chunk(s)
        LayoutSVGInlineText {#text} at (0,0) size 79x23
          chunk 1 text run 1 at (2700.00,3420.00) startOffset 0 endOffset 11 width 77.76: "just a text"
      LayoutSVGText {text} at (2798,3402) size 80x23 contains 1 chunk(s)
        LayoutSVGInlineText {#text} at (0,0) size 79x23
          chunk 1 text run 1 at (2800.00,3420.00) startOffset 0 endOffset 11 width 77.76: "just a text"
      LayoutSVGText {text} at (2898,3402) size 80x23 contains 1 chunk(s)
        LayoutSVGInlineText {#text} at (0,0) size 79x23
          chunk 1 text run 1 at (2900.00,3420.00) startOffset 0 endOffset 11 width 77.76: "just a text"
      LayoutSVGText {text} at (2998,3402) size 80x23 contains 1 chunk(s)
        LayoutSVGInlineText {#text} at (0,0) size 79x23
          chunk 1 text run 1 at (3000.00,3420.00) startOffset 0 endOffset 11 width 77.76: "just a text"
      LayoutSVGText {text} at (3098,3402) size 80x23 contains 1 chunk(s)
        LayoutSVGInlineText {#text} at (0,0) size 79x23
          chunk 1 text run 1 at (3100.00,3420.00) startOffset 0 endOffset 11 width 77.76: "just a text"
      LayoutSVGText {text} at (3198,3402) size 80x23 contains 1 chunk(s)
        LayoutSVGInlineText {#text} at (0,0) size 79x23
          chunk 1 text run 1 at (3200.00,3420.00) startOffset 0 endOffset 11 width 77.76: "just a text"
      LayoutSVGText {text} at (3298,3402) size 80x23 contains 1 chunk(s)
        LayoutSVGInlineText {#text} at (0,0) size 79x23
          chunk 1 text run 1 at (3300.00,3420.00) startOffset 0 endOffset 11 width 77.76: "just a text"
      LayoutSVGText {text} at (3398,3402) size 80x23 contains 1 chunk(s)
        LayoutSVGInlineText {#text} at (0,0) size 79x23
          chunk 1 text run 1 at (3400.00,3420.00) startOffset 0 endOffset 11 width 77.76: "just a text"
      LayoutSVGText {text} at (3498,3402) size 80x23 contains 1 chunk(s)
        LayoutSVGInlineText {#text} at (0,0) size 79x23
          chunk 1 text run 1 at (3500.00,3420.00) startOffset 0 endOffset 11 width 77.76: "just a text"
      LayoutSVGText {text} at (3598,3402) size 80x23 contains 1 chunk(s)
        LayoutSVGInlineText {#text} at (0,0) size 79x23
          chunk 1 text run 1 at (3600.00,3420.00) startOffset 0 endOffset 11 width 77.76: "just a text"
      LayoutSVGText {text} at (3698,3402) size 80x23 contains 1 chunk(s)
        LayoutSVGInlineText {#text} at (0,0) size 79x23
          chunk 1 text run 1 at (3700.00,3420.00) startOffset 0 endOffset 11 width 77.76: "just a text"
      LayoutSVGText {text} at (3798,3402) size 80x23 contains 1 chunk(s)
        LayoutSVGInlineText {#text} at (0,0) size 79x23
          chunk 1 text run 1 at (3800.00,3420.00) startOffset 0 endOffset 11 width 77.76: "just a text"
      LayoutSVGText {text} at (3898,3402) size 80x23 contains 1 chunk(s)
        LayoutSVGInlineText {#text} at (0,0) size 79x23
          chunk 1 text run 1 at (3900.00,3420.00) startOffset 0 endOffset 11 width 77.76: "just a text"
      LayoutSVGText {text} at (3998,3402) size 80x23 contains 1 chunk(s)
        LayoutSVGInlineText {#text} at (0,0) size 79x23
          chunk 1 text run 1 at (4000.00,3420.00) startOffset 0 endOffset 11 width 77.76: "just a text"
      LayoutSVGText {text} at (4098,3402) size 80x23 contains 1 chunk(s)
        LayoutSVGInlineText {#text} at (0,0) size 79x23
          chunk 1 text run 1 at (4100.00,3420.00) startOffset 0 endOffset 11 width 77.76: "just a text"
      LayoutSVGText {text} at (4198,3402) size 80x23 contains 1 chunk(s)
        LayoutSVGInlineText {#text} at (0,0) size 79x23
          chunk 1 text run 1 at (4200.00,3420.00) startOffset 0 endOffset 11 width 77.76: "just a text"
      LayoutSVGText {text} at (4298,3402) size 80x23 contains 1 chunk(s)
        LayoutSVGInlineText {#text} at (0,0) size 79x23
          chunk 1 text run 1 at (4300.00,3420.00) startOffset 0 endOffset 11 width 77.76: "just a text"
      LayoutSVGText {text} at (4398,3402) size 80x23 contains 1 chunk(s)
        LayoutSVGInlineText {#text} at (0,0) size 79x23
          chunk 1 text run 1 at (4400.00,3420.00) startOffset 0 endOffset 11 width 77.76: "just a text"
      LayoutSVGText {text} at (4498,3402) size 80x23 contains 1 chunk(s)
        LayoutSVGInlineText {#text} at (0,0) size 79x23
          chunk 1 text run 1 at (4500.00,3420.00) startOffset 0 endOffset 11 width 77.76: "just a text"
      LayoutSVGText {text} at (4598,3402) size 80x23 contains 1 chunk(s)
        LayoutSVGInlineText {#text} at (0,0) size 79x23
          chunk 1 text run 1 at (4600.00,3420.00) startOffset 0 endOffset 11 width 77.76: "just a text"
      LayoutSVGText {text} at (4698,3402) size 80x23 contains 1 chunk(s)
        LayoutSVGInlineText {#text} at (0,0) size 79x23
          chunk 1 text run 1 at (4700.00,3420.00) startOffset 0 endOffset 11 width 77.76: "just a text"
      LayoutSVGText {text} at (4798,3402) size 80x23 contains 1 chunk(s)
        LayoutSVGInlineText {#text} at (0,0) size 79x23
          chunk 1 text run 1 at (4800.00,3420.00) startOffset 0 endOffset 11 width 77.76: "just a text"
      LayoutSVGText {text} at (4898,3402) size 80x23 contains 1 chunk(s)
        LayoutSVGInlineText {#text} at (0,0) size 79x23
          chunk 1 text run 1 at (4900.00,3420.00) startOffset 0 endOffset 11 width 77.76: "just a text"
      LayoutSVGText {text} at (-2,3502) size 80x23 contains 1 chunk(s)
        LayoutSVGInlineText {#text} at (0,0) size 79x23
          chunk 1 text run 1 at (0.00,3520.00) startOffset 0 endOffset 11 width 77.76: "just a text"
      LayoutSVGText {text} at (98,3502) size 80x23 contains 1 chunk(s)
        LayoutSVGInlineText {#text} at (0,0) size 79x23
          chunk 1 text run 1 at (100.00,3520.00) startOffset 0 endOffset 11 width 77.76: "just a text"
      LayoutSVGText {text} at (198,3502) size 80x23 contains 1 chunk(s)
        LayoutSVGInlineText {#text} at (0,0) size 79x23
          chunk 1 text run 1 at (200.00,3520.00) startOffset 0 endOffset 11 width 77.76: "just a text"
      LayoutSVGText {text} at (298,3502) size 80x23 contains 1 chunk(s)
        LayoutSVGInlineText {#text} at (0,0) size 79x23
          chunk 1 text run 1 at (300.00,3520.00) startOffset 0 endOffset 11 width 77.76: "just a text"
      LayoutSVGText {text} at (398,3502) size 80x23 contains 1 chunk(s)
        LayoutSVGInlineText {#text} at (0,0) size 79x23
          chunk 1 text run 1 at (400.00,3520.00) startOffset 0 endOffset 11 width 77.76: "just a text"
      LayoutSVGText {text} at (498,3502) size 80x23 contains 1 chunk(s)
        LayoutSVGInlineText {#text} at (0,0) size 79x23
          chunk 1 text run 1 at (500.00,3520.00) startOffset 0 endOffset 11 width 77.76: "just a text"
      LayoutSVGText {text} at (598,3502) size 80x23 contains 1 chunk(s)
        LayoutSVGInlineText {#text} at (0,0) size 79x23
          chunk 1 text run 1 at (600.00,3520.00) startOffset 0 endOffset 11 width 77.76: "just a text"
      LayoutSVGText {text} at (698,3502) size 80x23 contains 1 chunk(s)
        LayoutSVGInlineText {#text} at (0,0) size 79x23
          chunk 1 text run 1 at (700.00,3520.00) startOffset 0 endOffset 11 width 77.76: "just a text"
      LayoutSVGText {text} at (798,3502) size 80x23 contains 1 chunk(s)
        LayoutSVGInlineText {#text} at (0,0) size 79x23
          chunk 1 text run 1 at (800.00,3520.00) startOffset 0 endOffset 11 width 77.76: "just a text"
      LayoutSVGText {text} at (898,3502) size 80x23 contains 1 chunk(s)
        LayoutSVGInlineText {#text} at (0,0) size 79x23
          chunk 1 text run 1 at (900.00,3520.00) startOffset 0 endOffset 11 width 77.76: "just a text"
      LayoutSVGText {text} at (998,3502) size 80x23 contains 1 chunk(s)
        LayoutSVGInlineText {#text} at (0,0) size 79x23
          chunk 1 text run 1 at (1000.00,3520.00) startOffset 0 endOffset 11 width 77.76: "just a text"
      LayoutSVGText {text} at (1098,3502) size 80x23 contains 1 chunk(s)
        LayoutSVGInlineText {#text} at (0,0) size 79x23
          chunk 1 text run 1 at (1100.00,3520.00) startOffset 0 endOffset 11 width 77.76: "just a text"
      LayoutSVGText {text} at (1198,3502) size 80x23 contains 1 chunk(s)
        LayoutSVGInlineText {#text} at (0,0) size 79x23
          chunk 1 text run 1 at (1200.00,3520.00) startOffset 0 endOffset 11 width 77.76: "just a text"
      LayoutSVGText {text} at (1298,3502) size 80x23 contains 1 chunk(s)
        LayoutSVGInlineText {#text} at (0,0) size 79x23
          chunk 1 text run 1 at (1300.00,3520.00) startOffset 0 endOffset 11 width 77.76: "just a text"
      LayoutSVGText {text} at (1398,3502) size 80x23 contains 1 chunk(s)
        LayoutSVGInlineText {#text} at (0,0) size 79x23
          chunk 1 text run 1 at (1400.00,3520.00) startOffset 0 endOffset 11 width 77.76: "just a text"
      LayoutSVGText {text} at (1498,3502) size 80x23 contains 1 chunk(s)
        LayoutSVGInlineText {#text} at (0,0) size 79x23
          chunk 1 text run 1 at (1500.00,3520.00) startOffset 0 endOffset 11 width 77.76: "just a text"
      LayoutSVGText {text} at (1598,3502) size 80x23 contains 1 chunk(s)
        LayoutSVGInlineText {#text} at (0,0) size 79x23
          chunk 1 text run 1 at (1600.00,3520.00) startOffset 0 endOffset 11 width 77.76: "just a text"
      LayoutSVGText {text} at (1698,3502) size 80x23 contains 1 chunk(s)
        LayoutSVGInlineText {#text} at (0,0) size 79x23
          chunk 1 text run 1 at (1700.00,3520.00) startOffset 0 endOffset 11 width 77.76: "just a text"
      LayoutSVGText {text} at (1798,3502) size 80x23 contains 1 chunk(s)
        LayoutSVGInlineText {#text} at (0,0) size 79x23
          chunk 1 text run 1 at (1800.00,3520.00) startOffset 0 endOffset 11 width 77.76: "just a text"
      LayoutSVGText {text} at (1898,3502) size 80x23 contains 1 chunk(s)
        LayoutSVGInlineText {#text} at (0,0) size 79x23
          chunk 1 text run 1 at (1900.00,3520.00) startOffset 0 endOffset 11 width 77.76: "just a text"
      LayoutSVGText {text} at (1998,3502) size 80x23 contains 1 chunk(s)
        LayoutSVGInlineText {#text} at (0,0) size 79x23
          chunk 1 text run 1 at (2000.00,3520.00) startOffset 0 endOffset 11 width 77.76: "just a text"
      LayoutSVGText {text} at (2098,3502) size 80x23 contains 1 chunk(s)
        LayoutSVGInlineText {#text} at (0,0) size 79x23
          chunk 1 text run 1 at (2100.00,3520.00) startOffset 0 endOffset 11 width 77.76: "just a text"
      LayoutSVGText {text} at (2198,3502) size 80x23 contains 1 chunk(s)
        LayoutSVGInlineText {#text} at (0,0) size 79x23
          chunk 1 text run 1 at (2200.00,3520.00) startOffset 0 endOffset 11 width 77.76: "just a text"
      LayoutSVGText {text} at (2298,3502) size 80x23 contains 1 chunk(s)
        LayoutSVGInlineText {#text} at (0,0) size 79x23
          chunk 1 text run 1 at (2300.00,3520.00) startOffset 0 endOffset 11 width 77.76: "just a text"
      LayoutSVGText {text} at (2398,3502) size 80x23 contains 1 chunk(s)
        LayoutSVGInlineText {#text} at (0,0) size 79x23
          chunk 1 text run 1 at (2400.00,3520.00) startOffset 0 endOffset 11 width 77.76: "just a text"
      LayoutSVGText {text} at (2498,3502) size 80x23 contains 1 chunk(s)
        LayoutSVGInlineText {#text} at (0,0) size 79x23
          chunk 1 text run 1 at (2500.00,3520.00) startOffset 0 endOffset 11 width 77.76: "just a text"
      LayoutSVGText {text} at (2598,3502) size 80x23 contains 1 chunk(s)
        LayoutSVGInlineText {#text} at (0,0) size 79x23
          chunk 1 text run 1 at (2600.00,3520.00) startOffset 0 endOffset 11 width 77.76: "just a text"
      LayoutSVGText {text} at (2698,3502) size 80x23 contains 1 chunk(s)
        LayoutSVGInlineText {#text} at (0,0) size 79x23
          chunk 1 text run 1 at (2700.00,3520.00) startOffset 0 endOffset 11 width 77.76: "just a text"
      LayoutSVGText {text} at (2798,3502) size 80x23 contains 1 chunk(s)
        LayoutSVGInlineText {#text} at (0,0) size 79x23
          chunk 1 text run 1 at (2800.00,3520.00) startOffset 0 endOffset 11 width 77.76: "just a text"
      LayoutSVGText {text} at (2898,3502) size 80x23 contains 1 chunk(s)
        LayoutSVGInlineText {#text} at (0,0) size 79x23
          chunk 1 text run 1 at (2900.00,3520.00) startOffset 0 endOffset 11 width 77.76: "just a text"
      LayoutSVGText {text} at (2998,3502) size 80x23 contains 1 chunk(s)
        LayoutSVGInlineText {#text} at (0,0) size 79x23
          chunk 1 text run 1 at (3000.00,3520.00) startOffset 0 endOffset 11 width 77.76: "just a text"
      LayoutSVGText {text} at (3098,3502) size 80x23 contains 1 chunk(s)
        LayoutSVGInlineText {#text} at (0,0) size 79x23
          chunk 1 text run 1 at (3100.00,3520.00) startOffset 0 endOffset 11 width 77.76: "just a text"
      LayoutSVGText {text} at (3198,3502) size 80x23 contains 1 chunk(s)
        LayoutSVGInlineText {#text} at (0,0) size 79x23
          chunk 1 text run 1 at (3200.00,3520.00) startOffset 0 endOffset 11 width 77.76: "just a text"
      LayoutSVGText {text} at (3298,3502) size 80x23 contains 1 chunk(s)
        LayoutSVGInlineText {#text} at (0,0) size 79x23
          chunk 1 text run 1 at (3300.00,3520.00) startOffset 0 endOffset 11 width 77.76: "just a text"
      LayoutSVGText {text} at (3398,3502) size 80x23 contains 1 chunk(s)
        LayoutSVGInlineText {#text} at (0,0) size 79x23
          chunk 1 text run 1 at (3400.00,3520.00) startOffset 0 endOffset 11 width 77.76: "just a text"
      LayoutSVGText {text} at (3498,3502) size 80x23 contains 1 chunk(s)
        LayoutSVGInlineText {#text} at (0,0) size 79x23
          chunk 1 text run 1 at (3500.00,3520.00) startOffset 0 endOffset 11 width 77.76: "just a text"
      LayoutSVGText {text} at (3598,3502) size 80x23 contains 1 chunk(s)
        LayoutSVGInlineText {#text} at (0,0) size 79x23
          chunk 1 text run 1 at (3600.00,3520.00) startOffset 0 endOffset 11 width 77.76: "just a text"
      LayoutSVGText {text} at (3698,3502) size 80x23 contains 1 chunk(s)
        LayoutSVGInlineText {#text} at (0,0) size 79x23
          chunk 1 text run 1 at (3700.00,3520.00) startOffset 0 endOffset 11 width 77.76: "just a text"
      LayoutSVGText {text} at (3798,3502) size 80x23 contains 1 chunk(s)
        LayoutSVGInlineText {#text} at (0,0) size 79x23
          chunk 1 text run 1 at (3800.00,3520.00) startOffset 0 endOffset 11 width 77.76: "just a text"
      LayoutSVGText {text} at (3898,3502) size 80x23 contains 1 chunk(s)
        LayoutSVGInlineText {#text} at (0,0) size 79x23
          chunk 1 text run 1 at (3900.00,3520.00) startOffset 0 endOffset 11 width 77.76: "just a text"
      LayoutSVGText {text} at (3998,3502) size 80x23 contains 1 chunk(s)
        LayoutSVGInlineText {#text} at (0,0) size 79x23
          chunk 1 text run 1 at (4000.00,3520.00) startOffset 0 endOffset 11 width 77.76: "just a text"
      LayoutSVGText {text} at (4098,3502) size 80x23 contains 1 chunk(s)
        LayoutSVGInlineText {#text} at (0,0) size 79x23
          chunk 1 text run 1 at (4100.00,3520.00) startOffset 0 endOffset 11 width 77.76: "just a text"
      LayoutSVGText {text} at (4198,3502) size 80x23 contains 1 chunk(s)
        LayoutSVGInlineText {#text} at (0,0) size 79x23
          chunk 1 text run 1 at (4200.00,3520.00) startOffset 0 endOffset 11 width 77.76: "just a text"
      LayoutSVGText {text} at (4298,3502) size 80x23 contains 1 chunk(s)
        LayoutSVGInlineText {#text} at (0,0) size 79x23
          chunk 1 text run 1 at (4300.00,3520.00) startOffset 0 endOffset 11 width 77.76: "just a text"
      LayoutSVGText {text} at (4398,3502) size 80x23 contains 1 chunk(s)
        LayoutSVGInlineText {#text} at (0,0) size 79x23
          chunk 1 text run 1 at (4400.00,3520.00) startOffset 0 endOffset 11 width 77.76: "just a text"
      LayoutSVGText {text} at (4498,3502) size 80x23 contains 1 chunk(s)
        LayoutSVGInlineText {#text} at (0,0) size 79x23
          chunk 1 text run 1 at (4500.00,3520.00) startOffset 0 endOffset 11 width 77.76: "just a text"
      LayoutSVGText {text} at (4598,3502) size 80x23 contains 1 chunk(s)
        LayoutSVGInlineText {#text} at (0,0) size 79x23
          chunk 1 text run 1 at (4600.00,3520.00) startOffset 0 endOffset 11 width 77.76: "just a text"
      LayoutSVGText {text} at (4698,3502) size 80x23 contains 1 chunk(s)
        LayoutSVGInlineText {#text} at (0,0) size 79x23
          chunk 1 text run 1 at (4700.00,3520.00) startOffset 0 endOffset 11 width 77.76: "just a text"
      LayoutSVGText {text} at (4798,3502) size 80x23 contains 1 chunk(s)
        LayoutSVGInlineText {#text} at (0,0) size 79x23
          chunk 1 text run 1 at (4800.00,3520.00) startOffset 0 endOffset 11 width 77.76: "just a text"
      LayoutSVGText {text} at (4898,3502) size 80x23 contains 1 chunk(s)
        LayoutSVGInlineText {#text} at (0,0) size 79x23
          chunk 1 text run 1 at (4900.00,3520.00) startOffset 0 endOffset 11 width 77.76: "just a text"
      LayoutSVGText {text} at (-2,3602) size 80x23 contains 1 chunk(s)
        LayoutSVGInlineText {#text} at (0,0) size 79x23
          chunk 1 text run 1 at (0.00,3620.00) startOffset 0 endOffset 11 width 77.76: "just a text"
      LayoutSVGText {text} at (98,3602) size 80x23 contains 1 chunk(s)
        LayoutSVGInlineText {#text} at (0,0) size 79x23
          chunk 1 text run 1 at (100.00,3620.00) startOffset 0 endOffset 11 width 77.76: "just a text"
      LayoutSVGText {text} at (198,3602) size 80x23 contains 1 chunk(s)
        LayoutSVGInlineText {#text} at (0,0) size 79x23
          chunk 1 text run 1 at (200.00,3620.00) startOffset 0 endOffset 11 width 77.76: "just a text"
      LayoutSVGText {text} at (298,3602) size 80x23 contains 1 chunk(s)
        LayoutSVGInlineText {#text} at (0,0) size 79x23
          chunk 1 text run 1 at (300.00,3620.00) startOffset 0 endOffset 11 width 77.76: "just a text"
      LayoutSVGText {text} at (398,3602) size 80x23 contains 1 chunk(s)
        LayoutSVGInlineText {#text} at (0,0) size 79x23
          chunk 1 text run 1 at (400.00,3620.00) startOffset 0 endOffset 11 width 77.76: "just a text"
      LayoutSVGText {text} at (498,3602) size 80x23 contains 1 chunk(s)
        LayoutSVGInlineText {#text} at (0,0) size 79x23
          chunk 1 text run 1 at (500.00,3620.00) startOffset 0 endOffset 11 width 77.76: "just a text"
      LayoutSVGText {text} at (598,3602) size 80x23 contains 1 chunk(s)
        LayoutSVGInlineText {#text} at (0,0) size 79x23
          chunk 1 text run 1 at (600.00,3620.00) startOffset 0 endOffset 11 width 77.76: "just a text"
      LayoutSVGText {text} at (698,3602) size 80x23 contains 1 chunk(s)
        LayoutSVGInlineText {#text} at (0,0) size 79x23
          chunk 1 text run 1 at (700.00,3620.00) startOffset 0 endOffset 11 width 77.76: "just a text"
      LayoutSVGText {text} at (798,3602) size 80x23 contains 1 chunk(s)
        LayoutSVGInlineText {#text} at (0,0) size 79x23
          chunk 1 text run 1 at (800.00,3620.00) startOffset 0 endOffset 11 width 77.76: "just a text"
      LayoutSVGText {text} at (898,3602) size 80x23 contains 1 chunk(s)
        LayoutSVGInlineText {#text} at (0,0) size 79x23
          chunk 1 text run 1 at (900.00,3620.00) startOffset 0 endOffset 11 width 77.76: "just a text"
      LayoutSVGText {text} at (998,3602) size 80x23 contains 1 chunk(s)
        LayoutSVGInlineText {#text} at (0,0) size 79x23
          chunk 1 text run 1 at (1000.00,3620.00) startOffset 0 endOffset 11 width 77.76: "just a text"
      LayoutSVGText {text} at (1098,3602) size 80x23 contains 1 chunk(s)
        LayoutSVGInlineText {#text} at (0,0) size 79x23
          chunk 1 text run 1 at (1100.00,3620.00) startOffset 0 endOffset 11 width 77.76: "just a text"
      LayoutSVGText {text} at (1198,3602) size 80x23 contains 1 chunk(s)
        LayoutSVGInlineText {#text} at (0,0) size 79x23
          chunk 1 text run 1 at (1200.00,3620.00) startOffset 0 endOffset 11 width 77.76: "just a text"
      LayoutSVGText {text} at (1298,3602) size 80x23 contains 1 chunk(s)
        LayoutSVGInlineText {#text} at (0,0) size 79x23
          chunk 1 text run 1 at (1300.00,3620.00) startOffset 0 endOffset 11 width 77.76: "just a text"
      LayoutSVGText {text} at (1398,3602) size 80x23 contains 1 chunk(s)
        LayoutSVGInlineText {#text} at (0,0) size 79x23
          chunk 1 text run 1 at (1400.00,3620.00) startOffset 0 endOffset 11 width 77.76: "just a text"
      LayoutSVGText {text} at (1498,3602) size 80x23 contains 1 chunk(s)
        LayoutSVGInlineText {#text} at (0,0) size 79x23
          chunk 1 text run 1 at (1500.00,3620.00) startOffset 0 endOffset 11 width 77.76: "just a text"
      LayoutSVGText {text} at (1598,3602) size 80x23 contains 1 chunk(s)
        LayoutSVGInlineText {#text} at (0,0) size 79x23
          chunk 1 text run 1 at (1600.00,3620.00) startOffset 0 endOffset 11 width 77.76: "just a text"
      LayoutSVGText {text} at (1698,3602) size 80x23 contains 1 chunk(s)
        LayoutSVGInlineText {#text} at (0,0) size 79x23
          chunk 1 text run 1 at (1700.00,3620.00) startOffset 0 endOffset 11 width 77.76: "just a text"
      LayoutSVGText {text} at (1798,3602) size 80x23 contains 1 chunk(s)
        LayoutSVGInlineText {#text} at (0,0) size 79x23
          chunk 1 text run 1 at (1800.00,3620.00) startOffset 0 endOffset 11 width 77.76: "just a text"
      LayoutSVGText {text} at (1898,3602) size 80x23 contains 1 chunk(s)
        LayoutSVGInlineText {#text} at (0,0) size 79x23
          chunk 1 text run 1 at (1900.00,3620.00) startOffset 0 endOffset 11 width 77.76: "just a text"
      LayoutSVGText {text} at (1998,3602) size 80x23 contains 1 chunk(s)
        LayoutSVGInlineText {#text} at (0,0) size 79x23
          chunk 1 text run 1 at (2000.00,3620.00) startOffset 0 endOffset 11 width 77.76: "just a text"
      LayoutSVGText {text} at (2098,3602) size 80x23 contains 1 chunk(s)
        LayoutSVGInlineText {#text} at (0,0) size 79x23
          chunk 1 text run 1 at (2100.00,3620.00) startOffset 0 endOffset 11 width 77.76: "just a text"
      LayoutSVGText {text} at (2198,3602) size 80x23 contains 1 chunk(s)
        LayoutSVGInlineText {#text} at (0,0) size 79x23
          chunk 1 text run 1 at (2200.00,3620.00) startOffset 0 endOffset 11 width 77.76: "just a text"
      LayoutSVGText {text} at (2298,3602) size 80x23 contains 1 chunk(s)
        LayoutSVGInlineText {#text} at (0,0) size 79x23
          chunk 1 text run 1 at (2300.00,3620.00) startOffset 0 endOffset 11 width 77.76: "just a text"
      LayoutSVGText {text} at (2398,3602) size 80x23 contains 1 chunk(s)
        LayoutSVGInlineText {#text} at (0,0) size 79x23
          chunk 1 text run 1 at (2400.00,3620.00) startOffset 0 endOffset 11 width 77.76: "just a text"
      LayoutSVGText {text} at (2498,3602) size 80x23 contains 1 chunk(s)
        LayoutSVGInlineText {#text} at (0,0) size 79x23
          chunk 1 text run 1 at (2500.00,3620.00) startOffset 0 endOffset 11 width 77.76: "just a text"
      LayoutSVGText {text} at (2598,3602) size 80x23 contains 1 chunk(s)
        LayoutSVGInlineText {#text} at (0,0) size 79x23
          chunk 1 text run 1 at (2600.00,3620.00) startOffset 0 endOffset 11 width 77.76: "just a text"
      LayoutSVGText {text} at (2698,3602) size 80x23 contains 1 chunk(s)
        LayoutSVGInlineText {#text} at (0,0) size 79x23
          chunk 1 text run 1 at (2700.00,3620.00) startOffset 0 endOffset 11 width 77.76: "just a text"
      LayoutSVGText {text} at (2798,3602) size 80x23 contains 1 chunk(s)
        LayoutSVGInlineText {#text} at (0,0) size 79x23
          chunk 1 text run 1 at (2800.00,3620.00) startOffset 0 endOffset 11 width 77.76: "just a text"
      LayoutSVGText {text} at (2898,3602) size 80x23 contains 1 chunk(s)
        LayoutSVGInlineText {#text} at (0,0) size 79x23
          chunk 1 text run 1 at (2900.00,3620.00) startOffset 0 endOffset 11 width 77.76: "just a text"
      LayoutSVGText {text} at (2998,3602) size 80x23 contains 1 chunk(s)
        LayoutSVGInlineText {#text} at (0,0) size 79x23
          chunk 1 text run 1 at (3000.00,3620.00) startOffset 0 endOffset 11 width 77.76: "just a text"
      LayoutSVGText {text} at (3098,3602) size 80x23 contains 1 chunk(s)
        LayoutSVGInlineText {#text} at (0,0) size 79x23
          chunk 1 text run 1 at (3100.00,3620.00) startOffset 0 endOffset 11 width 77.76: "just a text"
      LayoutSVGText {text} at (3198,3602) size 80x23 contains 1 chunk(s)
        LayoutSVGInlineText {#text} at (0,0) size 79x23
          chunk 1 text run 1 at (3200.00,3620.00) startOffset 0 endOffset 11 width 77.76: "just a text"
      LayoutSVGText {text} at (3298,3602) size 80x23 contains 1 chunk(s)
        LayoutSVGInlineText {#text} at (0,0) size 79x23
          chunk 1 text run 1 at (3300.00,3620.00) startOffset 0 endOffset 11 width 77.76: "just a text"
      LayoutSVGText {text} at (3398,3602) size 80x23 contains 1 chunk(s)
        LayoutSVGInlineText {#text} at (0,0) size 79x23
          chunk 1 text run 1 at (3400.00,3620.00) startOffset 0 endOffset 11 width 77.76: "just a text"
      LayoutSVGText {text} at (3498,3602) size 80x23 contains 1 chunk(s)
        LayoutSVGInlineText {#text} at (0,0) size 79x23
          chunk 1 text run 1 at (3500.00,3620.00) startOffset 0 endOffset 11 width 77.76: "just a text"
      LayoutSVGText {text} at (3598,3602) size 80x23 contains 1 chunk(s)
        LayoutSVGInlineText {#text} at (0,0) size 79x23
          chunk 1 text run 1 at (3600.00,3620.00) startOffset 0 endOffset 11 width 77.76: "just a text"
      LayoutSVGText {text} at (3698,3602) size 80x23 contains 1 chunk(s)
        LayoutSVGInlineText {#text} at (0,0) size 79x23
          chunk 1 text run 1 at (3700.00,3620.00) startOffset 0 endOffset 11 width 77.76: "just a text"
      LayoutSVGText {text} at (3798,3602) size 80x23 contains 1 chunk(s)
        LayoutSVGInlineText {#text} at (0,0) size 79x23
          chunk 1 text run 1 at (3800.00,3620.00) startOffset 0 endOffset 11 width 77.76: "just a text"
      LayoutSVGText {text} at (3898,3602) size 80x23 contains 1 chunk(s)
        LayoutSVGInlineText {#text} at (0,0) size 79x23
          chunk 1 text run 1 at (3900.00,3620.00) startOffset 0 endOffset 11 width 77.76: "just a text"
      LayoutSVGText {text} at (3998,3602) size 80x23 contains 1 chunk(s)
        LayoutSVGInlineText {#text} at (0,0) size 79x23
          chunk 1 text run 1 at (4000.00,3620.00) startOffset 0 endOffset 11 width 77.76: "just a text"
      LayoutSVGText {text} at (4098,3602) size 80x23 contains 1 chunk(s)
        LayoutSVGInlineText {#text} at (0,0) size 79x23
          chunk 1 text run 1 at (4100.00,3620.00) startOffset 0 endOffset 11 width 77.76: "just a text"
      LayoutSVGText {text} at (4198,3602) size 80x23 contains 1 chunk(s)
        LayoutSVGInlineText {#text} at (0,0) size 79x23
          chunk 1 text run 1 at (4200.00,3620.00) startOffset 0 endOffset 11 width 77.76: "just a text"
      LayoutSVGText {text} at (4298,3602) size 80x23 contains 1 chunk(s)
        LayoutSVGInlineText {#text} at (0,0) size 79x23
          chunk 1 text run 1 at (4300.00,3620.00) startOffset 0 endOffset 11 width 77.76: "just a text"
      LayoutSVGText {text} at (4398,3602) size 80x23 contains 1 chunk(s)
        LayoutSVGInlineText {#text} at (0,0) size 79x23
          chunk 1 text run 1 at (4400.00,3620.00) startOffset 0 endOffset 11 width 77.76: "just a text"
      LayoutSVGText {text} at (4498,3602) size 80x23 contains 1 chunk(s)
        LayoutSVGInlineText {#text} at (0,0) size 79x23
          chunk 1 text run 1 at (4500.00,3620.00) startOffset 0 endOffset 11 width 77.76: "just a text"
      LayoutSVGText {text} at (4598,3602) size 80x23 contains 1 chunk(s)
        LayoutSVGInlineText {#text} at (0,0) size 79x23
          chunk 1 text run 1 at (4600.00,3620.00) startOffset 0 endOffset 11 width 77.76: "just a text"
      LayoutSVGText {text} at (4698,3602) size 80x23 contains 1 chunk(s)
        LayoutSVGInlineText {#text} at (0,0) size 79x23
          chunk 1 text run 1 at (4700.00,3620.00) startOffset 0 endOffset 11 width 77.76: "just a text"
      LayoutSVGText {text} at (4798,3602) size 80x23 contains 1 chunk(s)
        LayoutSVGInlineText {#text} at (0,0) size 79x23
          chunk 1 text run 1 at (4800.00,3620.00) startOffset 0 endOffset 11 width 77.76: "just a text"
      LayoutSVGText {text} at (4898,3602) size 80x23 contains 1 chunk(s)
        LayoutSVGInlineText {#text} at (0,0) size 79x23
          chunk 1 text run 1 at (4900.00,3620.00) startOffset 0 endOffset 11 width 77.76: "just a text"
      LayoutSVGText {text} at (-2,3702) size 80x23 contains 1 chunk(s)
        LayoutSVGInlineText {#text} at (0,0) size 79x23
          chunk 1 text run 1 at (0.00,3720.00) startOffset 0 endOffset 11 width 77.76: "just a text"
      LayoutSVGText {text} at (98,3702) size 80x23 contains 1 chunk(s)
        LayoutSVGInlineText {#text} at (0,0) size 79x23
          chunk 1 text run 1 at (100.00,3720.00) startOffset 0 endOffset 11 width 77.76: "just a text"
      LayoutSVGText {text} at (198,3702) size 80x23 contains 1 chunk(s)
        LayoutSVGInlineText {#text} at (0,0) size 79x23
          chunk 1 text run 1 at (200.00,3720.00) startOffset 0 endOffset 11 width 77.76: "just a text"
      LayoutSVGText {text} at (298,3702) size 80x23 contains 1 chunk(s)
        LayoutSVGInlineText {#text} at (0,0) size 79x23
          chunk 1 text run 1 at (300.00,3720.00) startOffset 0 endOffset 11 width 77.76: "just a text"
      LayoutSVGText {text} at (398,3702) size 80x23 contains 1 chunk(s)
        LayoutSVGInlineText {#text} at (0,0) size 79x23
          chunk 1 text run 1 at (400.00,3720.00) startOffset 0 endOffset 11 width 77.76: "just a text"
      LayoutSVGText {text} at (498,3702) size 80x23 contains 1 chunk(s)
        LayoutSVGInlineText {#text} at (0,0) size 79x23
          chunk 1 text run 1 at (500.00,3720.00) startOffset 0 endOffset 11 width 77.76: "just a text"
      LayoutSVGText {text} at (598,3702) size 80x23 contains 1 chunk(s)
        LayoutSVGInlineText {#text} at (0,0) size 79x23
          chunk 1 text run 1 at (600.00,3720.00) startOffset 0 endOffset 11 width 77.76: "just a text"
      LayoutSVGText {text} at (698,3702) size 80x23 contains 1 chunk(s)
        LayoutSVGInlineText {#text} at (0,0) size 79x23
          chunk 1 text run 1 at (700.00,3720.00) startOffset 0 endOffset 11 width 77.76: "just a text"
      LayoutSVGText {text} at (798,3702) size 80x23 contains 1 chunk(s)
        LayoutSVGInlineText {#text} at (0,0) size 79x23
          chunk 1 text run 1 at (800.00,3720.00) startOffset 0 endOffset 11 width 77.76: "just a text"
      LayoutSVGText {text} at (898,3702) size 80x23 contains 1 chunk(s)
        LayoutSVGInlineText {#text} at (0,0) size 79x23
          chunk 1 text run 1 at (900.00,3720.00) startOffset 0 endOffset 11 width 77.76: "just a text"
      LayoutSVGText {text} at (998,3702) size 80x23 contains 1 chunk(s)
        LayoutSVGInlineText {#text} at (0,0) size 79x23
          chunk 1 text run 1 at (1000.00,3720.00) startOffset 0 endOffset 11 width 77.76: "just a text"
      LayoutSVGText {text} at (1098,3702) size 80x23 contains 1 chunk(s)
        LayoutSVGInlineText {#text} at (0,0) size 79x23
          chunk 1 text run 1 at (1100.00,3720.00) startOffset 0 endOffset 11 width 77.76: "just a text"
      LayoutSVGText {text} at (1198,3702) size 80x23 contains 1 chunk(s)
        LayoutSVGInlineText {#text} at (0,0) size 79x23
          chunk 1 text run 1 at (1200.00,3720.00) startOffset 0 endOffset 11 width 77.76: "just a text"
      LayoutSVGText {text} at (1298,3702) size 80x23 contains 1 chunk(s)
        LayoutSVGInlineText {#text} at (0,0) size 79x23
          chunk 1 text run 1 at (1300.00,3720.00) startOffset 0 endOffset 11 width 77.76: "just a text"
      LayoutSVGText {text} at (1398,3702) size 80x23 contains 1 chunk(s)
        LayoutSVGInlineText {#text} at (0,0) size 79x23
          chunk 1 text run 1 at (1400.00,3720.00) startOffset 0 endOffset 11 width 77.76: "just a text"
      LayoutSVGText {text} at (1498,3702) size 80x23 contains 1 chunk(s)
        LayoutSVGInlineText {#text} at (0,0) size 79x23
          chunk 1 text run 1 at (1500.00,3720.00) startOffset 0 endOffset 11 width 77.76: "just a text"
      LayoutSVGText {text} at (1598,3702) size 80x23 contains 1 chunk(s)
        LayoutSVGInlineText {#text} at (0,0) size 79x23
          chunk 1 text run 1 at (1600.00,3720.00) startOffset 0 endOffset 11 width 77.76: "just a text"
      LayoutSVGText {text} at (1698,3702) size 80x23 contains 1 chunk(s)
        LayoutSVGInlineText {#text} at (0,0) size 79x23
          chunk 1 text run 1 at (1700.00,3720.00) startOffset 0 endOffset 11 width 77.76: "just a text"
      LayoutSVGText {text} at (1798,3702) size 80x23 contains 1 chunk(s)
        LayoutSVGInlineText {#text} at (0,0) size 79x23
          chunk 1 text run 1 at (1800.00,3720.00) startOffset 0 endOffset 11 width 77.76: "just a text"
      LayoutSVGText {text} at (1898,3702) size 80x23 contains 1 chunk(s)
        LayoutSVGInlineText {#text} at (0,0) size 79x23
          chunk 1 text run 1 at (1900.00,3720.00) startOffset 0 endOffset 11 width 77.76: "just a text"
      LayoutSVGText {text} at (1998,3702) size 80x23 contains 1 chunk(s)
        LayoutSVGInlineText {#text} at (0,0) size 79x23
          chunk 1 text run 1 at (2000.00,3720.00) startOffset 0 endOffset 11 width 77.76: "just a text"
      LayoutSVGText {text} at (2098,3702) size 80x23 contains 1 chunk(s)
        LayoutSVGInlineText {#text} at (0,0) size 79x23
          chunk 1 text run 1 at (2100.00,3720.00) startOffset 0 endOffset 11 width 77.76: "just a text"
      LayoutSVGText {text} at (2198,3702) size 80x23 contains 1 chunk(s)
        LayoutSVGInlineText {#text} at (0,0) size 79x23
          chunk 1 text run 1 at (2200.00,3720.00) startOffset 0 endOffset 11 width 77.76: "just a text"
      LayoutSVGText {text} at (2298,3702) size 80x23 contains 1 chunk(s)
        LayoutSVGInlineText {#text} at (0,0) size 79x23
          chunk 1 text run 1 at (2300.00,3720.00) startOffset 0 endOffset 11 width 77.76: "just a text"
      LayoutSVGText {text} at (2398,3702) size 80x23 contains 1 chunk(s)
        LayoutSVGInlineText {#text} at (0,0) size 79x23
          chunk 1 text run 1 at (2400.00,3720.00) startOffset 0 endOffset 11 width 77.76: "just a text"
      LayoutSVGText {text} at (2498,3702) size 80x23 contains 1 chunk(s)
        LayoutSVGInlineText {#text} at (0,0) size 79x23
          chunk 1 text run 1 at (2500.00,3720.00) startOffset 0 endOffset 11 width 77.76: "just a text"
      LayoutSVGText {text} at (2598,3702) size 80x23 contains 1 chunk(s)
        LayoutSVGInlineText {#text} at (0,0) size 79x23
          chunk 1 text run 1 at (2600.00,3720.00) startOffset 0 endOffset 11 width 77.76: "just a text"
      LayoutSVGText {text} at (2698,3702) size 80x23 contains 1 chunk(s)
        LayoutSVGInlineText {#text} at (0,0) size 79x23
          chunk 1 text run 1 at (2700.00,3720.00) startOffset 0 endOffset 11 width 77.76: "just a text"
      LayoutSVGText {text} at (2798,3702) size 80x23 contains 1 chunk(s)
        LayoutSVGInlineText {#text} at (0,0) size 79x23
          chunk 1 text run 1 at (2800.00,3720.00) startOffset 0 endOffset 11 width 77.76: "just a text"
      LayoutSVGText {text} at (2898,3702) size 80x23 contains 1 chunk(s)
        LayoutSVGInlineText {#text} at (0,0) size 79x23
          chunk 1 text run 1 at (2900.00,3720.00) startOffset 0 endOffset 11 width 77.76: "just a text"
      LayoutSVGText {text} at (2998,3702) size 80x23 contains 1 chunk(s)
        LayoutSVGInlineText {#text} at (0,0) size 79x23
          chunk 1 text run 1 at (3000.00,3720.00) startOffset 0 endOffset 11 width 77.76: "just a text"
      LayoutSVGText {text} at (3098,3702) size 80x23 contains 1 chunk(s)
        LayoutSVGInlineText {#text} at (0,0) size 79x23
          chunk 1 text run 1 at (3100.00,3720.00) startOffset 0 endOffset 11 width 77.76: "just a text"
      LayoutSVGText {text} at (3198,3702) size 80x23 contains 1 chunk(s)
        LayoutSVGInlineText {#text} at (0,0) size 79x23
          chunk 1 text run 1 at (3200.00,3720.00) startOffset 0 endOffset 11 width 77.76: "just a text"
      LayoutSVGText {text} at (3298,3702) size 80x23 contains 1 chunk(s)
        LayoutSVGInlineText {#text} at (0,0) size 79x23
          chunk 1 text run 1 at (3300.00,3720.00) startOffset 0 endOffset 11 width 77.76: "just a text"
      LayoutSVGText {text} at (3398,3702) size 80x23 contains 1 chunk(s)
        LayoutSVGInlineText {#text} at (0,0) size 79x23
          chunk 1 text run 1 at (3400.00,3720.00) startOffset 0 endOffset 11 width 77.76: "just a text"
      LayoutSVGText {text} at (3498,3702) size 80x23 contains 1 chunk(s)
        LayoutSVGInlineText {#text} at (0,0) size 79x23
          chunk 1 text run 1 at (3500.00,3720.00) startOffset 0 endOffset 11 width 77.76: "just a text"
      LayoutSVGText {text} at (3598,3702) size 80x23 contains 1 chunk(s)
        LayoutSVGInlineText {#text} at (0,0) size 79x23
          chunk 1 text run 1 at (3600.00,3720.00) startOffset 0 endOffset 11 width 77.76: "just a text"
      LayoutSVGText {text} at (3698,3702) size 80x23 contains 1 chunk(s)
        LayoutSVGInlineText {#text} at (0,0) size 79x23
          chunk 1 text run 1 at (3700.00,3720.00) startOffset 0 endOffset 11 width 77.76: "just a text"
      LayoutSVGText {text} at (3798,3702) size 80x23 contains 1 chunk(s)
        LayoutSVGInlineText {#text} at (0,0) size 79x23
          chunk 1 text run 1 at (3800.00,3720.00) startOffset 0 endOffset 11 width 77.76: "just a text"
      LayoutSVGText {text} at (3898,3702) size 80x23 contains 1 chunk(s)
        LayoutSVGInlineText {#text} at (0,0) size 79x23
          chunk 1 text run 1 at (3900.00,3720.00) startOffset 0 endOffset 11 width 77.76: "just a text"
      LayoutSVGText {text} at (3998,3702) size 80x23 contains 1 chunk(s)
        LayoutSVGInlineText {#text} at (0,0) size 79x23
          chunk 1 text run 1 at (4000.00,3720.00) startOffset 0 endOffset 11 width 77.76: "just a text"
      LayoutSVGText {text} at (4098,3702) size 80x23 contains 1 chunk(s)
        LayoutSVGInlineText {#text} at (0,0) size 79x23
          chunk 1 text run 1 at (4100.00,3720.00) startOffset 0 endOffset 11 width 77.76: "just a text"
      LayoutSVGText {text} at (4198,3702) size 80x23 contains 1 chunk(s)
        LayoutSVGInlineText {#text} at (0,0) size 79x23
          chunk 1 text run 1 at (4200.00,3720.00) startOffset 0 endOffset 11 width 77.76: "just a text"
      LayoutSVGText {text} at (4298,3702) size 80x23 contains 1 chunk(s)
        LayoutSVGInlineText {#text} at (0,0) size 79x23
          chunk 1 text run 1 at (4300.00,3720.00) startOffset 0 endOffset 11 width 77.76: "just a text"
      LayoutSVGText {text} at (4398,3702) size 80x23 contains 1 chunk(s)
        LayoutSVGInlineText {#text} at (0,0) size 79x23
          chunk 1 text run 1 at (4400.00,3720.00) startOffset 0 endOffset 11 width 77.76: "just a text"
      LayoutSVGText {text} at (4498,3702) size 80x23 contains 1 chunk(s)
        LayoutSVGInlineText {#text} at (0,0) size 79x23
          chunk 1 text run 1 at (4500.00,3720.00) startOffset 0 endOffset 11 width 77.76: "just a text"
      LayoutSVGText {text} at (4598,3702) size 80x23 contains 1 chunk(s)
        LayoutSVGInlineText {#text} at (0,0) size 79x23
          chunk 1 text run 1 at (4600.00,3720.00) startOffset 0 endOffset 11 width 77.76: "just a text"
      LayoutSVGText {text} at (4698,3702) size 80x23 contains 1 chunk(s)
        LayoutSVGInlineText {#text} at (0,0) size 79x23
          chunk 1 text run 1 at (4700.00,3720.00) startOffset 0 endOffset 11 width 77.76: "just a text"
      LayoutSVGText {text} at (4798,3702) size 80x23 contains 1 chunk(s)
        LayoutSVGInlineText {#text} at (0,0) size 79x23
          chunk 1 text run 1 at (4800.00,3720.00) startOffset 0 endOffset 11 width 77.76: "just a text"
      LayoutSVGText {text} at (4898,3702) size 80x23 contains 1 chunk(s)
        LayoutSVGInlineText {#text} at (0,0) size 79x23
          chunk 1 text run 1 at (4900.00,3720.00) startOffset 0 endOffset 11 width 77.76: "just a text"
      LayoutSVGText {text} at (-2,3802) size 80x23 contains 1 chunk(s)
        LayoutSVGInlineText {#text} at (0,0) size 79x23
          chunk 1 text run 1 at (0.00,3820.00) startOffset 0 endOffset 11 width 77.76: "just a text"
      LayoutSVGText {text} at (98,3802) size 80x23 contains 1 chunk(s)
        LayoutSVGInlineText {#text} at (0,0) size 79x23
          chunk 1 text run 1 at (100.00,3820.00) startOffset 0 endOffset 11 width 77.76: "just a text"
      LayoutSVGText {text} at (198,3802) size 80x23 contains 1 chunk(s)
        LayoutSVGInlineText {#text} at (0,0) size 79x23
          chunk 1 text run 1 at (200.00,3820.00) startOffset 0 endOffset 11 width 77.76: "just a text"
      LayoutSVGText {text} at (298,3802) size 80x23 contains 1 chunk(s)
        LayoutSVGInlineText {#text} at (0,0) size 79x23
          chunk 1 text run 1 at (300.00,3820.00) startOffset 0 endOffset 11 width 77.76: "just a text"
      LayoutSVGText {text} at (398,3802) size 80x23 contains 1 chunk(s)
        LayoutSVGInlineText {#text} at (0,0) size 79x23
          chunk 1 text run 1 at (400.00,3820.00) startOffset 0 endOffset 11 width 77.76: "just a text"
      LayoutSVGText {text} at (498,3802) size 80x23 contains 1 chunk(s)
        LayoutSVGInlineText {#text} at (0,0) size 79x23
          chunk 1 text run 1 at (500.00,3820.00) startOffset 0 endOffset 11 width 77.76: "just a text"
      LayoutSVGText {text} at (598,3802) size 80x23 contains 1 chunk(s)
        LayoutSVGInlineText {#text} at (0,0) size 79x23
          chunk 1 text run 1 at (600.00,3820.00) startOffset 0 endOffset 11 width 77.76: "just a text"
      LayoutSVGText {text} at (698,3802) size 80x23 contains 1 chunk(s)
        LayoutSVGInlineText {#text} at (0,0) size 79x23
          chunk 1 text run 1 at (700.00,3820.00) startOffset 0 endOffset 11 width 77.76: "just a text"
      LayoutSVGText {text} at (798,3802) size 80x23 contains 1 chunk(s)
        LayoutSVGInlineText {#text} at (0,0) size 79x23
          chunk 1 text run 1 at (800.00,3820.00) startOffset 0 endOffset 11 width 77.76: "just a text"
      LayoutSVGText {text} at (898,3802) size 80x23 contains 1 chunk(s)
        LayoutSVGInlineText {#text} at (0,0) size 79x23
          chunk 1 text run 1 at (900.00,3820.00) startOffset 0 endOffset 11 width 77.76: "just a text"
      LayoutSVGText {text} at (998,3802) size 80x23 contains 1 chunk(s)
        LayoutSVGInlineText {#text} at (0,0) size 79x23
          chunk 1 text run 1 at (1000.00,3820.00) startOffset 0 endOffset 11 width 77.76: "just a text"
      LayoutSVGText {text} at (1098,3802) size 80x23 contains 1 chunk(s)
        LayoutSVGInlineText {#text} at (0,0) size 79x23
          chunk 1 text run 1 at (1100.00,3820.00) startOffset 0 endOffset 11 width 77.76: "just a text"
      LayoutSVGText {text} at (1198,3802) size 80x23 contains 1 chunk(s)
        LayoutSVGInlineText {#text} at (0,0) size 79x23
          chunk 1 text run 1 at (1200.00,3820.00) startOffset 0 endOffset 11 width 77.76: "just a text"
      LayoutSVGText {text} at (1298,3802) size 80x23 contains 1 chunk(s)
        LayoutSVGInlineText {#text} at (0,0) size 79x23
          chunk 1 text run 1 at (1300.00,3820.00) startOffset 0 endOffset 11 width 77.76: "just a text"
      LayoutSVGText {text} at (1398,3802) size 80x23 contains 1 chunk(s)
        LayoutSVGInlineText {#text} at (0,0) size 79x23
          chunk 1 text run 1 at (1400.00,3820.00) startOffset 0 endOffset 11 width 77.76: "just a text"
      LayoutSVGText {text} at (1498,3802) size 80x23 contains 1 chunk(s)
        LayoutSVGInlineText {#text} at (0,0) size 79x23
          chunk 1 text run 1 at (1500.00,3820.00) startOffset 0 endOffset 11 width 77.76: "just a text"
      LayoutSVGText {text} at (1598,3802) size 80x23 contains 1 chunk(s)
        LayoutSVGInlineText {#text} at (0,0) size 79x23
          chunk 1 text run 1 at (1600.00,3820.00) startOffset 0 endOffset 11 width 77.76: "just a text"
      LayoutSVGText {text} at (1698,3802) size 80x23 contains 1 chunk(s)
        LayoutSVGInlineText {#text} at (0,0) size 79x23
          chunk 1 text run 1 at (1700.00,3820.00) startOffset 0 endOffset 11 width 77.76: "just a text"
      LayoutSVGText {text} at (1798,3802) size 80x23 contains 1 chunk(s)
        LayoutSVGInlineText {#text} at (0,0) size 79x23
          chunk 1 text run 1 at (1800.00,3820.00) startOffset 0 endOffset 11 width 77.76: "just a text"
      LayoutSVGText {text} at (1898,3802) size 80x23 contains 1 chunk(s)
        LayoutSVGInlineText {#text} at (0,0) size 79x23
          chunk 1 text run 1 at (1900.00,3820.00) startOffset 0 endOffset 11 width 77.76: "just a text"
      LayoutSVGText {text} at (1998,3802) size 80x23 contains 1 chunk(s)
        LayoutSVGInlineText {#text} at (0,0) size 79x23
          chunk 1 text run 1 at (2000.00,3820.00) startOffset 0 endOffset 11 width 77.76: "just a text"
      LayoutSVGText {text} at (2098,3802) size 80x23 contains 1 chunk(s)
        LayoutSVGInlineText {#text} at (0,0) size 79x23
          chunk 1 text run 1 at (2100.00,3820.00) startOffset 0 endOffset 11 width 77.76: "just a text"
      LayoutSVGText {text} at (2198,3802) size 80x23 contains 1 chunk(s)
        LayoutSVGInlineText {#text} at (0,0) size 79x23
          chunk 1 text run 1 at (2200.00,3820.00) startOffset 0 endOffset 11 width 77.76: "just a text"
      LayoutSVGText {text} at (2298,3802) size 80x23 contains 1 chunk(s)
        LayoutSVGInlineText {#text} at (0,0) size 79x23
          chunk 1 text run 1 at (2300.00,3820.00) startOffset 0 endOffset 11 width 77.76: "just a text"
      LayoutSVGText {text} at (2398,3802) size 80x23 contains 1 chunk(s)
        LayoutSVGInlineText {#text} at (0,0) size 79x23
          chunk 1 text run 1 at (2400.00,3820.00) startOffset 0 endOffset 11 width 77.76: "just a text"
      LayoutSVGText {text} at (2498,3802) size 80x23 contains 1 chunk(s)
        LayoutSVGInlineText {#text} at (0,0) size 79x23
          chunk 1 text run 1 at (2500.00,3820.00) startOffset 0 endOffset 11 width 77.76: "just a text"
      LayoutSVGText {text} at (2598,3802) size 80x23 contains 1 chunk(s)
        LayoutSVGInlineText {#text} at (0,0) size 79x23
          chunk 1 text run 1 at (2600.00,3820.00) startOffset 0 endOffset 11 width 77.76: "just a text"
      LayoutSVGText {text} at (2698,3802) size 80x23 contains 1 chunk(s)
        LayoutSVGInlineText {#text} at (0,0) size 79x23
          chunk 1 text run 1 at (2700.00,3820.00) startOffset 0 endOffset 11 width 77.76: "just a text"
      LayoutSVGText {text} at (2798,3802) size 80x23 contains 1 chunk(s)
        LayoutSVGInlineText {#text} at (0,0) size 79x23
          chunk 1 text run 1 at (2800.00,3820.00) startOffset 0 endOffset 11 width 77.76: "just a text"
      LayoutSVGText {text} at (2898,3802) size 80x23 contains 1 chunk(s)
        LayoutSVGInlineText {#text} at (0,0) size 79x23
          chunk 1 text run 1 at (2900.00,3820.00) startOffset 0 endOffset 11 width 77.76: "just a text"
      LayoutSVGText {text} at (2998,3802) size 80x23 contains 1 chunk(s)
        LayoutSVGInlineText {#text} at (0,0) size 79x23
          chunk 1 text run 1 at (3000.00,3820.00) startOffset 0 endOffset 11 width 77.76: "just a text"
      LayoutSVGText {text} at (3098,3802) size 80x23 contains 1 chunk(s)
        LayoutSVGInlineText {#text} at (0,0) size 79x23
          chunk 1 text run 1 at (3100.00,3820.00) startOffset 0 endOffset 11 width 77.76: "just a text"
      LayoutSVGText {text} at (3198,3802) size 80x23 contains 1 chunk(s)
        LayoutSVGInlineText {#text} at (0,0) size 79x23
          chunk 1 text run 1 at (3200.00,3820.00) startOffset 0 endOffset 11 width 77.76: "just a text"
      LayoutSVGText {text} at (3298,3802) size 80x23 contains 1 chunk(s)
        LayoutSVGInlineText {#text} at (0,0) size 79x23
          chunk 1 text run 1 at (3300.00,3820.00) startOffset 0 endOffset 11 width 77.76: "just a text"
      LayoutSVGText {text} at (3398,3802) size 80x23 contains 1 chunk(s)
        LayoutSVGInlineText {#text} at (0,0) size 79x23
          chunk 1 text run 1 at (3400.00,3820.00) startOffset 0 endOffset 11 width 77.76: "just a text"
      LayoutSVGText {text} at (3498,3802) size 80x23 contains 1 chunk(s)
        LayoutSVGInlineText {#text} at (0,0) size 79x23
          chunk 1 text run 1 at (3500.00,3820.00) startOffset 0 endOffset 11 width 77.76: "just a text"
      LayoutSVGText {text} at (3598,3802) size 80x23 contains 1 chunk(s)
        LayoutSVGInlineText {#text} at (0,0) size 79x23
          chunk 1 text run 1 at (3600.00,3820.00) startOffset 0 endOffset 11 width 77.76: "just a text"
      LayoutSVGText {text} at (3698,3802) size 80x23 contains 1 chunk(s)
        LayoutSVGInlineText {#text} at (0,0) size 79x23
          chunk 1 text run 1 at (3700.00,3820.00) startOffset 0 endOffset 11 width 77.76: "just a text"
      LayoutSVGText {text} at (3798,3802) size 80x23 contains 1 chunk(s)
        LayoutSVGInlineText {#text} at (0,0) size 79x23
          chunk 1 text run 1 at (3800.00,3820.00) startOffset 0 endOffset 11 width 77.76: "just a text"
      LayoutSVGText {text} at (3898,3802) size 80x23 contains 1 chunk(s)
        LayoutSVGInlineText {#text} at (0,0) size 79x23
          chunk 1 text run 1 at (3900.00,3820.00) startOffset 0 endOffset 11 width 77.76: "just a text"
      LayoutSVGText {text} at (3998,3802) size 80x23 contains 1 chunk(s)
        LayoutSVGInlineText {#text} at (0,0) size 79x23
          chunk 1 text run 1 at (4000.00,3820.00) startOffset 0 endOffset 11 width 77.76: "just a text"
      LayoutSVGText {text} at (4098,3802) size 80x23 contains 1 chunk(s)
        LayoutSVGInlineText {#text} at (0,0) size 79x23
          chunk 1 text run 1 at (4100.00,3820.00) startOffset 0 endOffset 11 width 77.76: "just a text"
      LayoutSVGText {text} at (4198,3802) size 80x23 contains 1 chunk(s)
        LayoutSVGInlineText {#text} at (0,0) size 79x23
          chunk 1 text run 1 at (4200.00,3820.00) startOffset 0 endOffset 11 width 77.76: "just a text"
      LayoutSVGText {text} at (4298,3802) size 80x23 contains 1 chunk(s)
        LayoutSVGInlineText {#text} at (0,0) size 79x23
          chunk 1 text run 1 at (4300.00,3820.00) startOffset 0 endOffset 11 width 77.76: "just a text"
      LayoutSVGText {text} at (4398,3802) size 80x23 contains 1 chunk(s)
        LayoutSVGInlineText {#text} at (0,0) size 79x23
          chunk 1 text run 1 at (4400.00,3820.00) startOffset 0 endOffset 11 width 77.76: "just a text"
      LayoutSVGText {text} at (4498,3802) size 80x23 contains 1 chunk(s)
        LayoutSVGInlineText {#text} at (0,0) size 79x23
          chunk 1 text run 1 at (4500.00,3820.00) startOffset 0 endOffset 11 width 77.76: "just a text"
      LayoutSVGText {text} at (4598,3802) size 80x23 contains 1 chunk(s)
        LayoutSVGInlineText {#text} at (0,0) size 79x23
          chunk 1 text run 1 at (4600.00,3820.00) startOffset 0 endOffset 11 width 77.76: "just a text"
      LayoutSVGText {text} at (4698,3802) size 80x23 contains 1 chunk(s)
        LayoutSVGInlineText {#text} at (0,0) size 79x23
          chunk 1 text run 1 at (4700.00,3820.00) startOffset 0 endOffset 11 width 77.76: "just a text"
      LayoutSVGText {text} at (4798,3802) size 80x23 contains 1 chunk(s)
        LayoutSVGInlineText {#text} at (0,0) size 79x23
          chunk 1 text run 1 at (4800.00,3820.00) startOffset 0 endOffset 11 width 77.76: "just a text"
      LayoutSVGText {text} at (4898,3802) size 80x23 contains 1 chunk(s)
        LayoutSVGInlineText {#text} at (0,0) size 79x23
          chunk 1 text run 1 at (4900.00,3820.00) startOffset 0 endOffset 11 width 77.76: "just a text"
      LayoutSVGText {text} at (-2,3902) size 80x23 contains 1 chunk(s)
        LayoutSVGInlineText {#text} at (0,0) size 79x23
          chunk 1 text run 1 at (0.00,3920.00) startOffset 0 endOffset 11 width 77.76: "just a text"
      LayoutSVGText {text} at (98,3902) size 80x23 contains 1 chunk(s)
        LayoutSVGInlineText {#text} at (0,0) size 79x23
          chunk 1 text run 1 at (100.00,3920.00) startOffset 0 endOffset 11 width 77.76: "just a text"
      LayoutSVGText {text} at (198,3902) size 80x23 contains 1 chunk(s)
        LayoutSVGInlineText {#text} at (0,0) size 79x23
          chunk 1 text run 1 at (200.00,3920.00) startOffset 0 endOffset 11 width 77.76: "just a text"
      LayoutSVGText {text} at (298,3902) size 80x23 contains 1 chunk(s)
        LayoutSVGInlineText {#text} at (0,0) size 79x23
          chunk 1 text run 1 at (300.00,3920.00) startOffset 0 endOffset 11 width 77.76: "just a text"
      LayoutSVGText {text} at (398,3902) size 80x23 contains 1 chunk(s)
        LayoutSVGInlineText {#text} at (0,0) size 79x23
          chunk 1 text run 1 at (400.00,3920.00) startOffset 0 endOffset 11 width 77.76: "just a text"
      LayoutSVGText {text} at (498,3902) size 80x23 contains 1 chunk(s)
        LayoutSVGInlineText {#text} at (0,0) size 79x23
          chunk 1 text run 1 at (500.00,3920.00) startOffset 0 endOffset 11 width 77.76: "just a text"
      LayoutSVGText {text} at (598,3902) size 80x23 contains 1 chunk(s)
        LayoutSVGInlineText {#text} at (0,0) size 79x23
          chunk 1 text run 1 at (600.00,3920.00) startOffset 0 endOffset 11 width 77.76: "just a text"
      LayoutSVGText {text} at (698,3902) size 80x23 contains 1 chunk(s)
        LayoutSVGInlineText {#text} at (0,0) size 79x23
          chunk 1 text run 1 at (700.00,3920.00) startOffset 0 endOffset 11 width 77.76: "just a text"
      LayoutSVGText {text} at (798,3902) size 80x23 contains 1 chunk(s)
        LayoutSVGInlineText {#text} at (0,0) size 79x23
          chunk 1 text run 1 at (800.00,3920.00) startOffset 0 endOffset 11 width 77.76: "just a text"
      LayoutSVGText {text} at (898,3902) size 80x23 contains 1 chunk(s)
        LayoutSVGInlineText {#text} at (0,0) size 79x23
          chunk 1 text run 1 at (900.00,3920.00) startOffset 0 endOffset 11 width 77.76: "just a text"
      LayoutSVGText {text} at (998,3902) size 80x23 contains 1 chunk(s)
        LayoutSVGInlineText {#text} at (0,0) size 79x23
          chunk 1 text run 1 at (1000.00,3920.00) startOffset 0 endOffset 11 width 77.76: "just a text"
      LayoutSVGText {text} at (1098,3902) size 80x23 contains 1 chunk(s)
        LayoutSVGInlineText {#text} at (0,0) size 79x23
          chunk 1 text run 1 at (1100.00,3920.00) startOffset 0 endOffset 11 width 77.76: "just a text"
      LayoutSVGText {text} at (1198,3902) size 80x23 contains 1 chunk(s)
        LayoutSVGInlineText {#text} at (0,0) size 79x23
          chunk 1 text run 1 at (1200.00,3920.00) startOffset 0 endOffset 11 width 77.76: "just a text"
      LayoutSVGText {text} at (1298,3902) size 80x23 contains 1 chunk(s)
        LayoutSVGInlineText {#text} at (0,0) size 79x23
          chunk 1 text run 1 at (1300.00,3920.00) startOffset 0 endOffset 11 width 77.76: "just a text"
      LayoutSVGText {text} at (1398,3902) size 80x23 contains 1 chunk(s)
        LayoutSVGInlineText {#text} at (0,0) size 79x23
          chunk 1 text run 1 at (1400.00,3920.00) startOffset 0 endOffset 11 width 77.76: "just a text"
      LayoutSVGText {text} at (1498,3902) size 80x23 contains 1 chunk(s)
        LayoutSVGInlineText {#text} at (0,0) size 79x23
          chunk 1 text run 1 at (1500.00,3920.00) startOffset 0 endOffset 11 width 77.76: "just a text"
      LayoutSVGText {text} at (1598,3902) size 80x23 contains 1 chunk(s)
        LayoutSVGInlineText {#text} at (0,0) size 79x23
          chunk 1 text run 1 at (1600.00,3920.00) startOffset 0 endOffset 11 width 77.76: "just a text"
      LayoutSVGText {text} at (1698,3902) size 80x23 contains 1 chunk(s)
        LayoutSVGInlineText {#text} at (0,0) size 79x23
          chunk 1 text run 1 at (1700.00,3920.00) startOffset 0 endOffset 11 width 77.76: "just a text"
      LayoutSVGText {text} at (1798,3902) size 80x23 contains 1 chunk(s)
        LayoutSVGInlineText {#text} at (0,0) size 79x23
          chunk 1 text run 1 at (1800.00,3920.00) startOffset 0 endOffset 11 width 77.76: "just a text"
      LayoutSVGText {text} at (1898,3902) size 80x23 contains 1 chunk(s)
        LayoutSVGInlineText {#text} at (0,0) size 79x23
          chunk 1 text run 1 at (1900.00,3920.00) startOffset 0 endOffset 11 width 77.76: "just a text"
      LayoutSVGText {text} at (1998,3902) size 80x23 contains 1 chunk(s)
        LayoutSVGInlineText {#text} at (0,0) size 79x23
          chunk 1 text run 1 at (2000.00,3920.00) startOffset 0 endOffset 11 width 77.76: "just a text"
      LayoutSVGText {text} at (2098,3902) size 80x23 contains 1 chunk(s)
        LayoutSVGInlineText {#text} at (0,0) size 79x23
          chunk 1 text run 1 at (2100.00,3920.00) startOffset 0 endOffset 11 width 77.76: "just a text"
      LayoutSVGText {text} at (2198,3902) size 80x23 contains 1 chunk(s)
        LayoutSVGInlineText {#text} at (0,0) size 79x23
          chunk 1 text run 1 at (2200.00,3920.00) startOffset 0 endOffset 11 width 77.76: "just a text"
      LayoutSVGText {text} at (2298,3902) size 80x23 contains 1 chunk(s)
        LayoutSVGInlineText {#text} at (0,0) size 79x23
          chunk 1 text run 1 at (2300.00,3920.00) startOffset 0 endOffset 11 width 77.76: "just a text"
      LayoutSVGText {text} at (2398,3902) size 80x23 contains 1 chunk(s)
        LayoutSVGInlineText {#text} at (0,0) size 79x23
          chunk 1 text run 1 at (2400.00,3920.00) startOffset 0 endOffset 11 width 77.76: "just a text"
      LayoutSVGText {text} at (2498,3902) size 80x23 contains 1 chunk(s)
        LayoutSVGInlineText {#text} at (0,0) size 79x23
          chunk 1 text run 1 at (2500.00,3920.00) startOffset 0 endOffset 11 width 77.76: "just a text"
      LayoutSVGText {text} at (2598,3902) size 80x23 contains 1 chunk(s)
        LayoutSVGInlineText {#text} at (0,0) size 79x23
          chunk 1 text run 1 at (2600.00,3920.00) startOffset 0 endOffset 11 width 77.76: "just a text"
      LayoutSVGText {text} at (2698,3902) size 80x23 contains 1 chunk(s)
        LayoutSVGInlineText {#text} at (0,0) size 79x23
          chunk 1 text run 1 at (2700.00,3920.00) startOffset 0 endOffset 11 width 77.76: "just a text"
      LayoutSVGText {text} at (2798,3902) size 80x23 contains 1 chunk(s)
        LayoutSVGInlineText {#text} at (0,0) size 79x23
          chunk 1 text run 1 at (2800.00,3920.00) startOffset 0 endOffset 11 width 77.76: "just a text"
      LayoutSVGText {text} at (2898,3902) size 80x23 contains 1 chunk(s)
        LayoutSVGInlineText {#text} at (0,0) size 79x23
          chunk 1 text run 1 at (2900.00,3920.00) startOffset 0 endOffset 11 width 77.76: "just a text"
      LayoutSVGText {text} at (2998,3902) size 80x23 contains 1 chunk(s)
        LayoutSVGInlineText {#text} at (0,0) size 79x23
          chunk 1 text run 1 at (3000.00,3920.00) startOffset 0 endOffset 11 width 77.76: "just a text"
      LayoutSVGText {text} at (3098,3902) size 80x23 contains 1 chunk(s)
        LayoutSVGInlineText {#text} at (0,0) size 79x23
          chunk 1 text run 1 at (3100.00,3920.00) startOffset 0 endOffset 11 width 77.76: "just a text"
      LayoutSVGText {text} at (3198,3902) size 80x23 contains 1 chunk(s)
        LayoutSVGInlineText {#text} at (0,0) size 79x23
          chunk 1 text run 1 at (3200.00,3920.00) startOffset 0 endOffset 11 width 77.76: "just a text"
      LayoutSVGText {text} at (3298,3902) size 80x23 contains 1 chunk(s)
        LayoutSVGInlineText {#text} at (0,0) size 79x23
          chunk 1 text run 1 at (3300.00,3920.00) startOffset 0 endOffset 11 width 77.76: "just a text"
      LayoutSVGText {text} at (3398,3902) size 80x23 contains 1 chunk(s)
        LayoutSVGInlineText {#text} at (0,0) size 79x23
          chunk 1 text run 1 at (3400.00,3920.00) startOffset 0 endOffset 11 width 77.76: "just a text"
      LayoutSVGText {text} at (3498,3902) size 80x23 contains 1 chunk(s)
        LayoutSVGInlineText {#text} at (0,0) size 79x23
          chunk 1 text run 1 at (3500.00,3920.00) startOffset 0 endOffset 11 width 77.76: "just a text"
      LayoutSVGText {text} at (3598,3902) size 80x23 contains 1 chunk(s)
        LayoutSVGInlineText {#text} at (0,0) size 79x23
          chunk 1 text run 1 at (3600.00,3920.00) startOffset 0 endOffset 11 width 77.76: "just a text"
      LayoutSVGText {text} at (3698,3902) size 80x23 contains 1 chunk(s)
        LayoutSVGInlineText {#text} at (0,0) size 79x23
          chunk 1 text run 1 at (3700.00,3920.00) startOffset 0 endOffset 11 width 77.76: "just a text"
      LayoutSVGText {text} at (3798,3902) size 80x23 contains 1 chunk(s)
        LayoutSVGInlineText {#text} at (0,0) size 79x23
          chunk 1 text run 1 at (3800.00,3920.00) startOffset 0 endOffset 11 width 77.76: "just a text"
      LayoutSVGText {text} at (3898,3902) size 80x23 contains 1 chunk(s)
        LayoutSVGInlineText {#text} at (0,0) size 79x23
          chunk 1 text run 1 at (3900.00,3920.00) startOffset 0 endOffset 11 width 77.76: "just a text"
      LayoutSVGText {text} at (3998,3902) size 80x23 contains 1 chunk(s)
        LayoutSVGInlineText {#text} at (0,0) size 79x23
          chunk 1 text run 1 at (4000.00,3920.00) startOffset 0 endOffset 11 width 77.76: "just a text"
      LayoutSVGText {text} at (4098,3902) size 80x23 contains 1 chunk(s)
        LayoutSVGInlineText {#text} at (0,0) size 79x23
          chunk 1 text run 1 at (4100.00,3920.00) startOffset 0 endOffset 11 width 77.76: "just a text"
      LayoutSVGText {text} at (4198,3902) size 80x23 contains 1 chunk(s)
        LayoutSVGInlineText {#text} at (0,0) size 79x23
          chunk 1 text run 1 at (4200.00,3920.00) startOffset 0 endOffset 11 width 77.76: "just a text"
      LayoutSVGText {text} at (4298,3902) size 80x23 contains 1 chunk(s)
        LayoutSVGInlineText {#text} at (0,0) size 79x23
          chunk 1 text run 1 at (4300.00,3920.00) startOffset 0 endOffset 11 width 77.76: "just a text"
      LayoutSVGText {text} at (4398,3902) size 80x23 contains 1 chunk(s)
        LayoutSVGInlineText {#text} at (0,0) size 79x23
          chunk 1 text run 1 at (4400.00,3920.00) startOffset 0 endOffset 11 width 77.76: "just a text"
      LayoutSVGText {text} at (4498,3902) size 80x23 contains 1 chunk(s)
        LayoutSVGInlineText {#text} at (0,0) size 79x23
          chunk 1 text run 1 at (4500.00,3920.00) startOffset 0 endOffset 11 width 77.76: "just a text"
      LayoutSVGText {text} at (4598,3902) size 80x23 contains 1 chunk(s)
        LayoutSVGInlineText {#text} at (0,0) size 79x23
          chunk 1 text run 1 at (4600.00,3920.00) startOffset 0 endOffset 11 width 77.76: "just a text"
      LayoutSVGText {text} at (4698,3902) size 80x23 contains 1 chunk(s)
        LayoutSVGInlineText {#text} at (0,0) size 79x23
          chunk 1 text run 1 at (4700.00,3920.00) startOffset 0 endOffset 11 width 77.76: "just a text"
      LayoutSVGText {text} at (4798,3902) size 80x23 contains 1 chunk(s)
        LayoutSVGInlineText {#text} at (0,0) size 79x23
          chunk 1 text run 1 at (4800.00,3920.00) startOffset 0 endOffset 11 width 77.76: "just a text"
      LayoutSVGText {text} at (4898,3902) size 80x23 contains 1 chunk(s)
        LayoutSVGInlineText {#text} at (0,0) size 79x23
          chunk 1 text run 1 at (4900.00,3920.00) startOffset 0 endOffset 11 width 77.76: "just a text"
      LayoutSVGText {text} at (-2,4002) size 80x23 contains 1 chunk(s)
        LayoutSVGInlineText {#text} at (0,0) size 79x23
          chunk 1 text run 1 at (0.00,4020.00) startOffset 0 endOffset 11 width 77.76: "just a text"
      LayoutSVGText {text} at (98,4002) size 80x23 contains 1 chunk(s)
        LayoutSVGInlineText {#text} at (0,0) size 79x23
          chunk 1 text run 1 at (100.00,4020.00) startOffset 0 endOffset 11 width 77.76: "just a text"
      LayoutSVGText {text} at (198,4002) size 80x23 contains 1 chunk(s)
        LayoutSVGInlineText {#text} at (0,0) size 79x23
          chunk 1 text run 1 at (200.00,4020.00) startOffset 0 endOffset 11 width 77.76: "just a text"
      LayoutSVGText {text} at (298,4002) size 80x23 contains 1 chunk(s)
        LayoutSVGInlineText {#text} at (0,0) size 79x23
          chunk 1 text run 1 at (300.00,4020.00) startOffset 0 endOffset 11 width 77.76: "just a text"
      LayoutSVGText {text} at (398,4002) size 80x23 contains 1 chunk(s)
        LayoutSVGInlineText {#text} at (0,0) size 79x23
          chunk 1 text run 1 at (400.00,4020.00) startOffset 0 endOffset 11 width 77.76: "just a text"
      LayoutSVGText {text} at (498,4002) size 80x23 contains 1 chunk(s)
        LayoutSVGInlineText {#text} at (0,0) size 79x23
          chunk 1 text run 1 at (500.00,4020.00) startOffset 0 endOffset 11 width 77.76: "just a text"
      LayoutSVGText {text} at (598,4002) size 80x23 contains 1 chunk(s)
        LayoutSVGInlineText {#text} at (0,0) size 79x23
          chunk 1 text run 1 at (600.00,4020.00) startOffset 0 endOffset 11 width 77.76: "just a text"
      LayoutSVGText {text} at (698,4002) size 80x23 contains 1 chunk(s)
        LayoutSVGInlineText {#text} at (0,0) size 79x23
          chunk 1 text run 1 at (700.00,4020.00) startOffset 0 endOffset 11 width 77.76: "just a text"
      LayoutSVGText {text} at (798,4002) size 80x23 contains 1 chunk(s)
        LayoutSVGInlineText {#text} at (0,0) size 79x23
          chunk 1 text run 1 at (800.00,4020.00) startOffset 0 endOffset 11 width 77.76: "just a text"
      LayoutSVGText {text} at (898,4002) size 80x23 contains 1 chunk(s)
        LayoutSVGInlineText {#text} at (0,0) size 79x23
          chunk 1 text run 1 at (900.00,4020.00) startOffset 0 endOffset 11 width 77.76: "just a text"
      LayoutSVGText {text} at (998,4002) size 80x23 contains 1 chunk(s)
        LayoutSVGInlineText {#text} at (0,0) size 79x23
          chunk 1 text run 1 at (1000.00,4020.00) startOffset 0 endOffset 11 width 77.76: "just a text"
      LayoutSVGText {text} at (1098,4002) size 80x23 contains 1 chunk(s)
        LayoutSVGInlineText {#text} at (0,0) size 79x23
          chunk 1 text run 1 at (1100.00,4020.00) startOffset 0 endOffset 11 width 77.76: "just a text"
      LayoutSVGText {text} at (1198,4002) size 80x23 contains 1 chunk(s)
        LayoutSVGInlineText {#text} at (0,0) size 79x23
          chunk 1 text run 1 at (1200.00,4020.00) startOffset 0 endOffset 11 width 77.76: "just a text"
      LayoutSVGText {text} at (1298,4002) size 80x23 contains 1 chunk(s)
        LayoutSVGInlineText {#text} at (0,0) size 79x23
          chunk 1 text run 1 at (1300.00,4020.00) startOffset 0 endOffset 11 width 77.76: "just a text"
      LayoutSVGText {text} at (1398,4002) size 80x23 contains 1 chunk(s)
        LayoutSVGInlineText {#text} at (0,0) size 79x23
          chunk 1 text run 1 at (1400.00,4020.00) startOffset 0 endOffset 11 width 77.76: "just a text"
      LayoutSVGText {text} at (1498,4002) size 80x23 contains 1 chunk(s)
        LayoutSVGInlineText {#text} at (0,0) size 79x23
          chunk 1 text run 1 at (1500.00,4020.00) startOffset 0 endOffset 11 width 77.76: "just a text"
      LayoutSVGText {text} at (1598,4002) size 80x23 contains 1 chunk(s)
        LayoutSVGInlineText {#text} at (0,0) size 79x23
          chunk 1 text run 1 at (1600.00,4020.00) startOffset 0 endOffset 11 width 77.76: "just a text"
      LayoutSVGText {text} at (1698,4002) size 80x23 contains 1 chunk(s)
        LayoutSVGInlineText {#text} at (0,0) size 79x23
          chunk 1 text run 1 at (1700.00,4020.00) startOffset 0 endOffset 11 width 77.76: "just a text"
      LayoutSVGText {text} at (1798,4002) size 80x23 contains 1 chunk(s)
        LayoutSVGInlineText {#text} at (0,0) size 79x23
          chunk 1 text run 1 at (1800.00,4020.00) startOffset 0 endOffset 11 width 77.76: "just a text"
      LayoutSVGText {text} at (1898,4002) size 80x23 contains 1 chunk(s)
        LayoutSVGInlineText {#text} at (0,0) size 79x23
          chunk 1 text run 1 at (1900.00,4020.00) startOffset 0 endOffset 11 width 77.76: "just a text"
      LayoutSVGText {text} at (1998,4002) size 80x23 contains 1 chunk(s)
        LayoutSVGInlineText {#text} at (0,0) size 79x23
          chunk 1 text run 1 at (2000.00,4020.00) startOffset 0 endOffset 11 width 77.76: "just a text"
      LayoutSVGText {text} at (2098,4002) size 80x23 contains 1 chunk(s)
        LayoutSVGInlineText {#text} at (0,0) size 79x23
          chunk 1 text run 1 at (2100.00,4020.00) startOffset 0 endOffset 11 width 77.76: "just a text"
      LayoutSVGText {text} at (2198,4002) size 80x23 contains 1 chunk(s)
        LayoutSVGInlineText {#text} at (0,0) size 79x23
          chunk 1 text run 1 at (2200.00,4020.00) startOffset 0 endOffset 11 width 77.76: "just a text"
      LayoutSVGText {text} at (2298,4002) size 80x23 contains 1 chunk(s)
        LayoutSVGInlineText {#text} at (0,0) size 79x23
          chunk 1 text run 1 at (2300.00,4020.00) startOffset 0 endOffset 11 width 77.76: "just a text"
      LayoutSVGText {text} at (2398,4002) size 80x23 contains 1 chunk(s)
        LayoutSVGInlineText {#text} at (0,0) size 79x23
          chunk 1 text run 1 at (2400.00,4020.00) startOffset 0 endOffset 11 width 77.76: "just a text"
      LayoutSVGText {text} at (2498,4002) size 80x23 contains 1 chunk(s)
        LayoutSVGInlineText {#text} at (0,0) size 79x23
          chunk 1 text run 1 at (2500.00,4020.00) startOffset 0 endOffset 11 width 77.76: "just a text"
      LayoutSVGText {text} at (2598,4002) size 80x23 contains 1 chunk(s)
        LayoutSVGInlineText {#text} at (0,0) size 79x23
          chunk 1 text run 1 at (2600.00,4020.00) startOffset 0 endOffset 11 width 77.76: "just a text"
      LayoutSVGText {text} at (2698,4002) size 80x23 contains 1 chunk(s)
        LayoutSVGInlineText {#text} at (0,0) size 79x23
          chunk 1 text run 1 at (2700.00,4020.00) startOffset 0 endOffset 11 width 77.76: "just a text"
      LayoutSVGText {text} at (2798,4002) size 80x23 contains 1 chunk(s)
        LayoutSVGInlineText {#text} at (0,0) size 79x23
          chunk 1 text run 1 at (2800.00,4020.00) startOffset 0 endOffset 11 width 77.76: "just a text"
      LayoutSVGText {text} at (2898,4002) size 80x23 contains 1 chunk(s)
        LayoutSVGInlineText {#text} at (0,0) size 79x23
          chunk 1 text run 1 at (2900.00,4020.00) startOffset 0 endOffset 11 width 77.76: "just a text"
      LayoutSVGText {text} at (2998,4002) size 80x23 contains 1 chunk(s)
        LayoutSVGInlineText {#text} at (0,0) size 79x23
          chunk 1 text run 1 at (3000.00,4020.00) startOffset 0 endOffset 11 width 77.76: "just a text"
      LayoutSVGText {text} at (3098,4002) size 80x23 contains 1 chunk(s)
        LayoutSVGInlineText {#text} at (0,0) size 79x23
          chunk 1 text run 1 at (3100.00,4020.00) startOffset 0 endOffset 11 width 77.76: "just a text"
      LayoutSVGText {text} at (3198,4002) size 80x23 contains 1 chunk(s)
        LayoutSVGInlineText {#text} at (0,0) size 79x23
          chunk 1 text run 1 at (3200.00,4020.00) startOffset 0 endOffset 11 width 77.76: "just a text"
      LayoutSVGText {text} at (3298,4002) size 80x23 contains 1 chunk(s)
        LayoutSVGInlineText {#text} at (0,0) size 79x23
          chunk 1 text run 1 at (3300.00,4020.00) startOffset 0 endOffset 11 width 77.76: "just a text"
      LayoutSVGText {text} at (3398,4002) size 80x23 contains 1 chunk(s)
        LayoutSVGInlineText {#text} at (0,0) size 79x23
          chunk 1 text run 1 at (3400.00,4020.00) startOffset 0 endOffset 11 width 77.76: "just a text"
      LayoutSVGText {text} at (3498,4002) size 80x23 contains 1 chunk(s)
        LayoutSVGInlineText {#text} at (0,0) size 79x23
          chunk 1 text run 1 at (3500.00,4020.00) startOffset 0 endOffset 11 width 77.76: "just a text"
      LayoutSVGText {text} at (3598,4002) size 80x23 contains 1 chunk(s)
        LayoutSVGInlineText {#text} at (0,0) size 79x23
          chunk 1 text run 1 at (3600.00,4020.00) startOffset 0 endOffset 11 width 77.76: "just a text"
      LayoutSVGText {text} at (3698,4002) size 80x23 contains 1 chunk(s)
        LayoutSVGInlineText {#text} at (0,0) size 79x23
          chunk 1 text run 1 at (3700.00,4020.00) startOffset 0 endOffset 11 width 77.76: "just a text"
      LayoutSVGText {text} at (3798,4002) size 80x23 contains 1 chunk(s)
        LayoutSVGInlineText {#text} at (0,0) size 79x23
          chunk 1 text run 1 at (3800.00,4020.00) startOffset 0 endOffset 11 width 77.76: "just a text"
      LayoutSVGText {text} at (3898,4002) size 80x23 contains 1 chunk(s)
        LayoutSVGInlineText {#text} at (0,0) size 79x23
          chunk 1 text run 1 at (3900.00,4020.00) startOffset 0 endOffset 11 width 77.76: "just a text"
      LayoutSVGText {text} at (3998,4002) size 80x23 contains 1 chunk(s)
        LayoutSVGInlineText {#text} at (0,0) size 79x23
          chunk 1 text run 1 at (4000.00,4020.00) startOffset 0 endOffset 11 width 77.76: "just a text"
      LayoutSVGText {text} at (4098,4002) size 80x23 contains 1 chunk(s)
        LayoutSVGInlineText {#text} at (0,0) size 79x23
          chunk 1 text run 1 at (4100.00,4020.00) startOffset 0 endOffset 11 width 77.76: "just a text"
      LayoutSVGText {text} at (4198,4002) size 80x23 contains 1 chunk(s)
        LayoutSVGInlineText {#text} at (0,0) size 79x23
          chunk 1 text run 1 at (4200.00,4020.00) startOffset 0 endOffset 11 width 77.76: "just a text"
      LayoutSVGText {text} at (4298,4002) size 80x23 contains 1 chunk(s)
        LayoutSVGInlineText {#text} at (0,0) size 79x23
          chunk 1 text run 1 at (4300.00,4020.00) startOffset 0 endOffset 11 width 77.76: "just a text"
      LayoutSVGText {text} at (4398,4002) size 80x23 contains 1 chunk(s)
        LayoutSVGInlineText {#text} at (0,0) size 79x23
          chunk 1 text run 1 at (4400.00,4020.00) startOffset 0 endOffset 11 width 77.76: "just a text"
      LayoutSVGText {text} at (4498,4002) size 80x23 contains 1 chunk(s)
        LayoutSVGInlineText {#text} at (0,0) size 79x23
          chunk 1 text run 1 at (4500.00,4020.00) startOffset 0 endOffset 11 width 77.76: "just a text"
      LayoutSVGText {text} at (4598,4002) size 80x23 contains 1 chunk(s)
        LayoutSVGInlineText {#text} at (0,0) size 79x23
          chunk 1 text run 1 at (4600.00,4020.00) startOffset 0 endOffset 11 width 77.76: "just a text"
      LayoutSVGText {text} at (4698,4002) size 80x23 contains 1 chunk(s)
        LayoutSVGInlineText {#text} at (0,0) size 79x23
          chunk 1 text run 1 at (4700.00,4020.00) startOffset 0 endOffset 11 width 77.76: "just a text"
      LayoutSVGText {text} at (4798,4002) size 80x23 contains 1 chunk(s)
        LayoutSVGInlineText {#text} at (0,0) size 79x23
          chunk 1 text run 1 at (4800.00,4020.00) startOffset 0 endOffset 11 width 77.76: "just a text"
      LayoutSVGText {text} at (4898,4002) size 80x23 contains 1 chunk(s)
        LayoutSVGInlineText {#text} at (0,0) size 79x23
          chunk 1 text run 1 at (4900.00,4020.00) startOffset 0 endOffset 11 width 77.76: "just a text"
      LayoutSVGText {text} at (-2,4102) size 80x23 contains 1 chunk(s)
        LayoutSVGInlineText {#text} at (0,0) size 79x23
          chunk 1 text run 1 at (0.00,4120.00) startOffset 0 endOffset 11 width 77.76: "just a text"
      LayoutSVGText {text} at (98,4102) size 80x23 contains 1 chunk(s)
        LayoutSVGInlineText {#text} at (0,0) size 79x23
          chunk 1 text run 1 at (100.00,4120.00) startOffset 0 endOffset 11 width 77.76: "just a text"
      LayoutSVGText {text} at (198,4102) size 80x23 contains 1 chunk(s)
        LayoutSVGInlineText {#text} at (0,0) size 79x23
          chunk 1 text run 1 at (200.00,4120.00) startOffset 0 endOffset 11 width 77.76: "just a text"
      LayoutSVGText {text} at (298,4102) size 80x23 contains 1 chunk(s)
        LayoutSVGInlineText {#text} at (0,0) size 79x23
          chunk 1 text run 1 at (300.00,4120.00) startOffset 0 endOffset 11 width 77.76: "just a text"
      LayoutSVGText {text} at (398,4102) size 80x23 contains 1 chunk(s)
        LayoutSVGInlineText {#text} at (0,0) size 79x23
          chunk 1 text run 1 at (400.00,4120.00) startOffset 0 endOffset 11 width 77.76: "just a text"
      LayoutSVGText {text} at (498,4102) size 80x23 contains 1 chunk(s)
        LayoutSVGInlineText {#text} at (0,0) size 79x23
          chunk 1 text run 1 at (500.00,4120.00) startOffset 0 endOffset 11 width 77.76: "just a text"
      LayoutSVGText {text} at (598,4102) size 80x23 contains 1 chunk(s)
        LayoutSVGInlineText {#text} at (0,0) size 79x23
          chunk 1 text run 1 at (600.00,4120.00) startOffset 0 endOffset 11 width 77.76: "just a text"
      LayoutSVGText {text} at (698,4102) size 80x23 contains 1 chunk(s)
        LayoutSVGInlineText {#text} at (0,0) size 79x23
          chunk 1 text run 1 at (700.00,4120.00) startOffset 0 endOffset 11 width 77.76: "just a text"
      LayoutSVGText {text} at (798,4102) size 80x23 contains 1 chunk(s)
        LayoutSVGInlineText {#text} at (0,0) size 79x23
          chunk 1 text run 1 at (800.00,4120.00) startOffset 0 endOffset 11 width 77.76: "just a text"
      LayoutSVGText {text} at (898,4102) size 80x23 contains 1 chunk(s)
        LayoutSVGInlineText {#text} at (0,0) size 79x23
          chunk 1 text run 1 at (900.00,4120.00) startOffset 0 endOffset 11 width 77.76: "just a text"
      LayoutSVGText {text} at (998,4102) size 80x23 contains 1 chunk(s)
        LayoutSVGInlineText {#text} at (0,0) size 79x23
          chunk 1 text run 1 at (1000.00,4120.00) startOffset 0 endOffset 11 width 77.76: "just a text"
      LayoutSVGText {text} at (1098,4102) size 80x23 contains 1 chunk(s)
        LayoutSVGInlineText {#text} at (0,0) size 79x23
          chunk 1 text run 1 at (1100.00,4120.00) startOffset 0 endOffset 11 width 77.76: "just a text"
      LayoutSVGText {text} at (1198,4102) size 80x23 contains 1 chunk(s)
        LayoutSVGInlineText {#text} at (0,0) size 79x23
          chunk 1 text run 1 at (1200.00,4120.00) startOffset 0 endOffset 11 width 77.76: "just a text"
      LayoutSVGText {text} at (1298,4102) size 80x23 contains 1 chunk(s)
        LayoutSVGInlineText {#text} at (0,0) size 79x23
          chunk 1 text run 1 at (1300.00,4120.00) startOffset 0 endOffset 11 width 77.76: "just a text"
      LayoutSVGText {text} at (1398,4102) size 80x23 contains 1 chunk(s)
        LayoutSVGInlineText {#text} at (0,0) size 79x23
          chunk 1 text run 1 at (1400.00,4120.00) startOffset 0 endOffset 11 width 77.76: "just a text"
      LayoutSVGText {text} at (1498,4102) size 80x23 contains 1 chunk(s)
        LayoutSVGInlineText {#text} at (0,0) size 79x23
          chunk 1 text run 1 at (1500.00,4120.00) startOffset 0 endOffset 11 width 77.76: "just a text"
      LayoutSVGText {text} at (1598,4102) size 80x23 contains 1 chunk(s)
        LayoutSVGInlineText {#text} at (0,0) size 79x23
          chunk 1 text run 1 at (1600.00,4120.00) startOffset 0 endOffset 11 width 77.76: "just a text"
      LayoutSVGText {text} at (1698,4102) size 80x23 contains 1 chunk(s)
        LayoutSVGInlineText {#text} at (0,0) size 79x23
          chunk 1 text run 1 at (1700.00,4120.00) startOffset 0 endOffset 11 width 77.76: "just a text"
      LayoutSVGText {text} at (1798,4102) size 80x23 contains 1 chunk(s)
        LayoutSVGInlineText {#text} at (0,0) size 79x23
          chunk 1 text run 1 at (1800.00,4120.00) startOffset 0 endOffset 11 width 77.76: "just a text"
      LayoutSVGText {text} at (1898,4102) size 80x23 contains 1 chunk(s)
        LayoutSVGInlineText {#text} at (0,0) size 79x23
          chunk 1 text run 1 at (1900.00,4120.00) startOffset 0 endOffset 11 width 77.76: "just a text"
      LayoutSVGText {text} at (1998,4102) size 80x23 contains 1 chunk(s)
        LayoutSVGInlineText {#text} at (0,0) size 79x23
          chunk 1 text run 1 at (2000.00,4120.00) startOffset 0 endOffset 11 width 77.76: "just a text"
      LayoutSVGText {text} at (2098,4102) size 80x23 contains 1 chunk(s)
        LayoutSVGInlineText {#text} at (0,0) size 79x23
          chunk 1 text run 1 at (2100.00,4120.00) startOffset 0 endOffset 11 width 77.76: "just a text"
      LayoutSVGText {text} at (2198,4102) size 80x23 contains 1 chunk(s)
        LayoutSVGInlineText {#text} at (0,0) size 79x23
          chunk 1 text run 1 at (2200.00,4120.00) startOffset 0 endOffset 11 width 77.76: "just a text"
      LayoutSVGText {text} at (2298,4102) size 80x23 contains 1 chunk(s)
        LayoutSVGInlineText {#text} at (0,0) size 79x23
          chunk 1 text run 1 at (2300.00,4120.00) startOffset 0 endOffset 11 width 77.76: "just a text"
      LayoutSVGText {text} at (2398,4102) size 80x23 contains 1 chunk(s)
        LayoutSVGInlineText {#text} at (0,0) size 79x23
          chunk 1 text run 1 at (2400.00,4120.00) startOffset 0 endOffset 11 width 77.76: "just a text"
      LayoutSVGText {text} at (2498,4102) size 80x23 contains 1 chunk(s)
        LayoutSVGInlineText {#text} at (0,0) size 79x23
          chunk 1 text run 1 at (2500.00,4120.00) startOffset 0 endOffset 11 width 77.76: "just a text"
      LayoutSVGText {text} at (2598,4102) size 80x23 contains 1 chunk(s)
        LayoutSVGInlineText {#text} at (0,0) size 79x23
          chunk 1 text run 1 at (2600.00,4120.00) startOffset 0 endOffset 11 width 77.76: "just a text"
      LayoutSVGText {text} at (2698,4102) size 80x23 contains 1 chunk(s)
        LayoutSVGInlineText {#text} at (0,0) size 79x23
          chunk 1 text run 1 at (2700.00,4120.00) startOffset 0 endOffset 11 width 77.76: "just a text"
      LayoutSVGText {text} at (2798,4102) size 80x23 contains 1 chunk(s)
        LayoutSVGInlineText {#text} at (0,0) size 79x23
          chunk 1 text run 1 at (2800.00,4120.00) startOffset 0 endOffset 11 width 77.76: "just a text"
      LayoutSVGText {text} at (2898,4102) size 80x23 contains 1 chunk(s)
        LayoutSVGInlineText {#text} at (0,0) size 79x23
          chunk 1 text run 1 at (2900.00,4120.00) startOffset 0 endOffset 11 width 77.76: "just a text"
      LayoutSVGText {text} at (2998,4102) size 80x23 contains 1 chunk(s)
        LayoutSVGInlineText {#text} at (0,0) size 79x23
          chunk 1 text run 1 at (3000.00,4120.00) startOffset 0 endOffset 11 width 77.76: "just a text"
      LayoutSVGText {text} at (3098,4102) size 80x23 contains 1 chunk(s)
        LayoutSVGInlineText {#text} at (0,0) size 79x23
          chunk 1 text run 1 at (3100.00,4120.00) startOffset 0 endOffset 11 width 77.76: "just a text"
      LayoutSVGText {text} at (3198,4102) size 80x23 contains 1 chunk(s)
        LayoutSVGInlineText {#text} at (0,0) size 79x23
          chunk 1 text run 1 at (3200.00,4120.00) startOffset 0 endOffset 11 width 77.76: "just a text"
      LayoutSVGText {text} at (3298,4102) size 80x23 contains 1 chunk(s)
        LayoutSVGInlineText {#text} at (0,0) size 79x23
          chunk 1 text run 1 at (3300.00,4120.00) startOffset 0 endOffset 11 width 77.76: "just a text"
      LayoutSVGText {text} at (3398,4102) size 80x23 contains 1 chunk(s)
        LayoutSVGInlineText {#text} at (0,0) size 79x23
          chunk 1 text run 1 at (3400.00,4120.00) startOffset 0 endOffset 11 width 77.76: "just a text"
      LayoutSVGText {text} at (3498,4102) size 80x23 contains 1 chunk(s)
        LayoutSVGInlineText {#text} at (0,0) size 79x23
          chunk 1 text run 1 at (3500.00,4120.00) startOffset 0 endOffset 11 width 77.76: "just a text"
      LayoutSVGText {text} at (3598,4102) size 80x23 contains 1 chunk(s)
        LayoutSVGInlineText {#text} at (0,0) size 79x23
          chunk 1 text run 1 at (3600.00,4120.00) startOffset 0 endOffset 11 width 77.76: "just a text"
      LayoutSVGText {text} at (3698,4102) size 80x23 contains 1 chunk(s)
        LayoutSVGInlineText {#text} at (0,0) size 79x23
          chunk 1 text run 1 at (3700.00,4120.00) startOffset 0 endOffset 11 width 77.76: "just a text"
      LayoutSVGText {text} at (3798,4102) size 80x23 contains 1 chunk(s)
        LayoutSVGInlineText {#text} at (0,0) size 79x23
          chunk 1 text run 1 at (3800.00,4120.00) startOffset 0 endOffset 11 width 77.76: "just a text"
      LayoutSVGText {text} at (3898,4102) size 80x23 contains 1 chunk(s)
        LayoutSVGInlineText {#text} at (0,0) size 79x23
          chunk 1 text run 1 at (3900.00,4120.00) startOffset 0 endOffset 11 width 77.76: "just a text"
      LayoutSVGText {text} at (3998,4102) size 80x23 contains 1 chunk(s)
        LayoutSVGInlineText {#text} at (0,0) size 79x23
          chunk 1 text run 1 at (4000.00,4120.00) startOffset 0 endOffset 11 width 77.76: "just a text"
      LayoutSVGText {text} at (4098,4102) size 80x23 contains 1 chunk(s)
        LayoutSVGInlineText {#text} at (0,0) size 79x23
          chunk 1 text run 1 at (4100.00,4120.00) startOffset 0 endOffset 11 width 77.76: "just a text"
      LayoutSVGText {text} at (4198,4102) size 80x23 contains 1 chunk(s)
        LayoutSVGInlineText {#text} at (0,0) size 79x23
          chunk 1 text run 1 at (4200.00,4120.00) startOffset 0 endOffset 11 width 77.76: "just a text"
      LayoutSVGText {text} at (4298,4102) size 80x23 contains 1 chunk(s)
        LayoutSVGInlineText {#text} at (0,0) size 79x23
          chunk 1 text run 1 at (4300.00,4120.00) startOffset 0 endOffset 11 width 77.76: "just a text"
      LayoutSVGText {text} at (4398,4102) size 80x23 contains 1 chunk(s)
        LayoutSVGInlineText {#text} at (0,0) size 79x23
          chunk 1 text run 1 at (4400.00,4120.00) startOffset 0 endOffset 11 width 77.76: "just a text"
      LayoutSVGText {text} at (4498,4102) size 80x23 contains 1 chunk(s)
        LayoutSVGInlineText {#text} at (0,0) size 79x23
          chunk 1 text run 1 at (4500.00,4120.00) startOffset 0 endOffset 11 width 77.76: "just a text"
      LayoutSVGText {text} at (4598,4102) size 80x23 contains 1 chunk(s)
        LayoutSVGInlineText {#text} at (0,0) size 79x23
          chunk 1 text run 1 at (4600.00,4120.00) startOffset 0 endOffset 11 width 77.76: "just a text"
      LayoutSVGText {text} at (4698,4102) size 80x23 contains 1 chunk(s)
        LayoutSVGInlineText {#text} at (0,0) size 79x23
          chunk 1 text run 1 at (4700.00,4120.00) startOffset 0 endOffset 11 width 77.76: "just a text"
      LayoutSVGText {text} at (4798,4102) size 80x23 contains 1 chunk(s)
        LayoutSVGInlineText {#text} at (0,0) size 79x23
          chunk 1 text run 1 at (4800.00,4120.00) startOffset 0 endOffset 11 width 77.76: "just a text"
      LayoutSVGText {text} at (4898,4102) size 80x23 contains 1 chunk(s)
        LayoutSVGInlineText {#text} at (0,0) size 79x23
          chunk 1 text run 1 at (4900.00,4120.00) startOffset 0 endOffset 11 width 77.76: "just a text"
      LayoutSVGText {text} at (-2,4202) size 80x23 contains 1 chunk(s)
        LayoutSVGInlineText {#text} at (0,0) size 79x23
          chunk 1 text run 1 at (0.00,4220.00) startOffset 0 endOffset 11 width 77.76: "just a text"
      LayoutSVGText {text} at (98,4202) size 80x23 contains 1 chunk(s)
        LayoutSVGInlineText {#text} at (0,0) size 79x23
          chunk 1 text run 1 at (100.00,4220.00) startOffset 0 endOffset 11 width 77.76: "just a text"
      LayoutSVGText {text} at (198,4202) size 80x23 contains 1 chunk(s)
        LayoutSVGInlineText {#text} at (0,0) size 79x23
          chunk 1 text run 1 at (200.00,4220.00) startOffset 0 endOffset 11 width 77.76: "just a text"
      LayoutSVGText {text} at (298,4202) size 80x23 contains 1 chunk(s)
        LayoutSVGInlineText {#text} at (0,0) size 79x23
          chunk 1 text run 1 at (300.00,4220.00) startOffset 0 endOffset 11 width 77.76: "just a text"
      LayoutSVGText {text} at (398,4202) size 80x23 contains 1 chunk(s)
        LayoutSVGInlineText {#text} at (0,0) size 79x23
          chunk 1 text run 1 at (400.00,4220.00) startOffset 0 endOffset 11 width 77.76: "just a text"
      LayoutSVGText {text} at (498,4202) size 80x23 contains 1 chunk(s)
        LayoutSVGInlineText {#text} at (0,0) size 79x23
          chunk 1 text run 1 at (500.00,4220.00) startOffset 0 endOffset 11 width 77.76: "just a text"
      LayoutSVGText {text} at (598,4202) size 80x23 contains 1 chunk(s)
        LayoutSVGInlineText {#text} at (0,0) size 79x23
          chunk 1 text run 1 at (600.00,4220.00) startOffset 0 endOffset 11 width 77.76: "just a text"
      LayoutSVGText {text} at (698,4202) size 80x23 contains 1 chunk(s)
        LayoutSVGInlineText {#text} at (0,0) size 79x23
          chunk 1 text run 1 at (700.00,4220.00) startOffset 0 endOffset 11 width 77.76: "just a text"
      LayoutSVGText {text} at (798,4202) size 80x23 contains 1 chunk(s)
        LayoutSVGInlineText {#text} at (0,0) size 79x23
          chunk 1 text run 1 at (800.00,4220.00) startOffset 0 endOffset 11 width 77.76: "just a text"
      LayoutSVGText {text} at (898,4202) size 80x23 contains 1 chunk(s)
        LayoutSVGInlineText {#text} at (0,0) size 79x23
          chunk 1 text run 1 at (900.00,4220.00) startOffset 0 endOffset 11 width 77.76: "just a text"
      LayoutSVGText {text} at (998,4202) size 80x23 contains 1 chunk(s)
        LayoutSVGInlineText {#text} at (0,0) size 79x23
          chunk 1 text run 1 at (1000.00,4220.00) startOffset 0 endOffset 11 width 77.76: "just a text"
      LayoutSVGText {text} at (1098,4202) size 80x23 contains 1 chunk(s)
        LayoutSVGInlineText {#text} at (0,0) size 79x23
          chunk 1 text run 1 at (1100.00,4220.00) startOffset 0 endOffset 11 width 77.76: "just a text"
      LayoutSVGText {text} at (1198,4202) size 80x23 contains 1 chunk(s)
        LayoutSVGInlineText {#text} at (0,0) size 79x23
          chunk 1 text run 1 at (1200.00,4220.00) startOffset 0 endOffset 11 width 77.76: "just a text"
      LayoutSVGText {text} at (1298,4202) size 80x23 contains 1 chunk(s)
        LayoutSVGInlineText {#text} at (0,0) size 79x23
          chunk 1 text run 1 at (1300.00,4220.00) startOffset 0 endOffset 11 width 77.76: "just a text"
      LayoutSVGText {text} at (1398,4202) size 80x23 contains 1 chunk(s)
        LayoutSVGInlineText {#text} at (0,0) size 79x23
          chunk 1 text run 1 at (1400.00,4220.00) startOffset 0 endOffset 11 width 77.76: "just a text"
      LayoutSVGText {text} at (1498,4202) size 80x23 contains 1 chunk(s)
        LayoutSVGInlineText {#text} at (0,0) size 79x23
          chunk 1 text run 1 at (1500.00,4220.00) startOffset 0 endOffset 11 width 77.76: "just a text"
      LayoutSVGText {text} at (1598,4202) size 80x23 contains 1 chunk(s)
        LayoutSVGInlineText {#text} at (0,0) size 79x23
          chunk 1 text run 1 at (1600.00,4220.00) startOffset 0 endOffset 11 width 77.76: "just a text"
      LayoutSVGText {text} at (1698,4202) size 80x23 contains 1 chunk(s)
        LayoutSVGInlineText {#text} at (0,0) size 79x23
          chunk 1 text run 1 at (1700.00,4220.00) startOffset 0 endOffset 11 width 77.76: "just a text"
      LayoutSVGText {text} at (1798,4202) size 80x23 contains 1 chunk(s)
        LayoutSVGInlineText {#text} at (0,0) size 79x23
          chunk 1 text run 1 at (1800.00,4220.00) startOffset 0 endOffset 11 width 77.76: "just a text"
      LayoutSVGText {text} at (1898,4202) size 80x23 contains 1 chunk(s)
        LayoutSVGInlineText {#text} at (0,0) size 79x23
          chunk 1 text run 1 at (1900.00,4220.00) startOffset 0 endOffset 11 width 77.76: "just a text"
      LayoutSVGText {text} at (1998,4202) size 80x23 contains 1 chunk(s)
        LayoutSVGInlineText {#text} at (0,0) size 79x23
          chunk 1 text run 1 at (2000.00,4220.00) startOffset 0 endOffset 11 width 77.76: "just a text"
      LayoutSVGText {text} at (2098,4202) size 80x23 contains 1 chunk(s)
        LayoutSVGInlineText {#text} at (0,0) size 79x23
          chunk 1 text run 1 at (2100.00,4220.00) startOffset 0 endOffset 11 width 77.76: "just a text"
      LayoutSVGText {text} at (2198,4202) size 80x23 contains 1 chunk(s)
        LayoutSVGInlineText {#text} at (0,0) size 79x23
          chunk 1 text run 1 at (2200.00,4220.00) startOffset 0 endOffset 11 width 77.76: "just a text"
      LayoutSVGText {text} at (2298,4202) size 80x23 contains 1 chunk(s)
        LayoutSVGInlineText {#text} at (0,0) size 79x23
          chunk 1 text run 1 at (2300.00,4220.00) startOffset 0 endOffset 11 width 77.76: "just a text"
      LayoutSVGText {text} at (2398,4202) size 80x23 contains 1 chunk(s)
        LayoutSVGInlineText {#text} at (0,0) size 79x23
          chunk 1 text run 1 at (2400.00,4220.00) startOffset 0 endOffset 11 width 77.76: "just a text"
      LayoutSVGText {text} at (2498,4202) size 80x23 contains 1 chunk(s)
        LayoutSVGInlineText {#text} at (0,0) size 79x23
          chunk 1 text run 1 at (2500.00,4220.00) startOffset 0 endOffset 11 width 77.76: "just a text"
      LayoutSVGText {text} at (2598,4202) size 80x23 contains 1 chunk(s)
        LayoutSVGInlineText {#text} at (0,0) size 79x23
          chunk 1 text run 1 at (2600.00,4220.00) startOffset 0 endOffset 11 width 77.76: "just a text"
      LayoutSVGText {text} at (2698,4202) size 80x23 contains 1 chunk(s)
        LayoutSVGInlineText {#text} at (0,0) size 79x23
          chunk 1 text run 1 at (2700.00,4220.00) startOffset 0 endOffset 11 width 77.76: "just a text"
      LayoutSVGText {text} at (2798,4202) size 80x23 contains 1 chunk(s)
        LayoutSVGInlineText {#text} at (0,0) size 79x23
          chunk 1 text run 1 at (2800.00,4220.00) startOffset 0 endOffset 11 width 77.76: "just a text"
      LayoutSVGText {text} at (2898,4202) size 80x23 contains 1 chunk(s)
        LayoutSVGInlineText {#text} at (0,0) size 79x23
          chunk 1 text run 1 at (2900.00,4220.00) startOffset 0 endOffset 11 width 77.76: "just a text"
      LayoutSVGText {text} at (2998,4202) size 80x23 contains 1 chunk(s)
        LayoutSVGInlineText {#text} at (0,0) size 79x23
          chunk 1 text run 1 at (3000.00,4220.00) startOffset 0 endOffset 11 width 77.76: "just a text"
      LayoutSVGText {text} at (3098,4202) size 80x23 contains 1 chunk(s)
        LayoutSVGInlineText {#text} at (0,0) size 79x23
          chunk 1 text run 1 at (3100.00,4220.00) startOffset 0 endOffset 11 width 77.76: "just a text"
      LayoutSVGText {text} at (3198,4202) size 80x23 contains 1 chunk(s)
        LayoutSVGInlineText {#text} at (0,0) size 79x23
          chunk 1 text run 1 at (3200.00,4220.00) startOffset 0 endOffset 11 width 77.76: "just a text"
      LayoutSVGText {text} at (3298,4202) size 80x23 contains 1 chunk(s)
        LayoutSVGInlineText {#text} at (0,0) size 79x23
          chunk 1 text run 1 at (3300.00,4220.00) startOffset 0 endOffset 11 width 77.76: "just a text"
      LayoutSVGText {text} at (3398,4202) size 80x23 contains 1 chunk(s)
        LayoutSVGInlineText {#text} at (0,0) size 79x23
          chunk 1 text run 1 at (3400.00,4220.00) startOffset 0 endOffset 11 width 77.76: "just a text"
      LayoutSVGText {text} at (3498,4202) size 80x23 contains 1 chunk(s)
        LayoutSVGInlineText {#text} at (0,0) size 79x23
          chunk 1 text run 1 at (3500.00,4220.00) startOffset 0 endOffset 11 width 77.76: "just a text"
      LayoutSVGText {text} at (3598,4202) size 80x23 contains 1 chunk(s)
        LayoutSVGInlineText {#text} at (0,0) size 79x23
          chunk 1 text run 1 at (3600.00,4220.00) startOffset 0 endOffset 11 width 77.76: "just a text"
      LayoutSVGText {text} at (3698,4202) size 80x23 contains 1 chunk(s)
        LayoutSVGInlineText {#text} at (0,0) size 79x23
          chunk 1 text run 1 at (3700.00,4220.00) startOffset 0 endOffset 11 width 77.76: "just a text"
      LayoutSVGText {text} at (3798,4202) size 80x23 contains 1 chunk(s)
        LayoutSVGInlineText {#text} at (0,0) size 79x23
          chunk 1 text run 1 at (3800.00,4220.00) startOffset 0 endOffset 11 width 77.76: "just a text"
      LayoutSVGText {text} at (3898,4202) size 80x23 contains 1 chunk(s)
        LayoutSVGInlineText {#text} at (0,0) size 79x23
          chunk 1 text run 1 at (3900.00,4220.00) startOffset 0 endOffset 11 width 77.76: "just a text"
      LayoutSVGText {text} at (3998,4202) size 80x23 contains 1 chunk(s)
        LayoutSVGInlineText {#text} at (0,0) size 79x23
          chunk 1 text run 1 at (4000.00,4220.00) startOffset 0 endOffset 11 width 77.76: "just a text"
      LayoutSVGText {text} at (4098,4202) size 80x23 contains 1 chunk(s)
        LayoutSVGInlineText {#text} at (0,0) size 79x23
          chunk 1 text run 1 at (4100.00,4220.00) startOffset 0 endOffset 11 width 77.76: "just a text"
      LayoutSVGText {text} at (4198,4202) size 80x23 contains 1 chunk(s)
        LayoutSVGInlineText {#text} at (0,0) size 79x23
          chunk 1 text run 1 at (4200.00,4220.00) startOffset 0 endOffset 11 width 77.76: "just a text"
      LayoutSVGText {text} at (4298,4202) size 80x23 contains 1 chunk(s)
        LayoutSVGInlineText {#text} at (0,0) size 79x23
          chunk 1 text run 1 at (4300.00,4220.00) startOffset 0 endOffset 11 width 77.76: "just a text"
      LayoutSVGText {text} at (4398,4202) size 80x23 contains 1 chunk(s)
        LayoutSVGInlineText {#text} at (0,0) size 79x23
          chunk 1 text run 1 at (4400.00,4220.00) startOffset 0 endOffset 11 width 77.76: "just a text"
      LayoutSVGText {text} at (4498,4202) size 80x23 contains 1 chunk(s)
        LayoutSVGInlineText {#text} at (0,0) size 79x23
          chunk 1 text run 1 at (4500.00,4220.00) startOffset 0 endOffset 11 width 77.76: "just a text"
      LayoutSVGText {text} at (4598,4202) size 80x23 contains 1 chunk(s)
        LayoutSVGInlineText {#text} at (0,0) size 79x23
          chunk 1 text run 1 at (4600.00,4220.00) startOffset 0 endOffset 11 width 77.76: "just a text"
      LayoutSVGText {text} at (4698,4202) size 80x23 contains 1 chunk(s)
        LayoutSVGInlineText {#text} at (0,0) size 79x23
          chunk 1 text run 1 at (4700.00,4220.00) startOffset 0 endOffset 11 width 77.76: "just a text"
      LayoutSVGText {text} at (4798,4202) size 80x23 contains 1 chunk(s)
        LayoutSVGInlineText {#text} at (0,0) size 79x23
          chunk 1 text run 1 at (4800.00,4220.00) startOffset 0 endOffset 11 width 77.76: "just a text"
      LayoutSVGText {text} at (4898,4202) size 80x23 contains 1 chunk(s)
        LayoutSVGInlineText {#text} at (0,0) size 79x23
          chunk 1 text run 1 at (4900.00,4220.00) startOffset 0 endOffset 11 width 77.76: "just a text"
      LayoutSVGText {text} at (-2,4302) size 80x23 contains 1 chunk(s)
        LayoutSVGInlineText {#text} at (0,0) size 79x23
          chunk 1 text run 1 at (0.00,4320.00) startOffset 0 endOffset 11 width 77.76: "just a text"
      LayoutSVGText {text} at (98,4302) size 80x23 contains 1 chunk(s)
        LayoutSVGInlineText {#text} at (0,0) size 79x23
          chunk 1 text run 1 at (100.00,4320.00) startOffset 0 endOffset 11 width 77.76: "just a text"
      LayoutSVGText {text} at (198,4302) size 80x23 contains 1 chunk(s)
        LayoutSVGInlineText {#text} at (0,0) size 79x23
          chunk 1 text run 1 at (200.00,4320.00) startOffset 0 endOffset 11 width 77.76: "just a text"
      LayoutSVGText {text} at (298,4302) size 80x23 contains 1 chunk(s)
        LayoutSVGInlineText {#text} at (0,0) size 79x23
          chunk 1 text run 1 at (300.00,4320.00) startOffset 0 endOffset 11 width 77.76: "just a text"
      LayoutSVGText {text} at (398,4302) size 80x23 contains 1 chunk(s)
        LayoutSVGInlineText {#text} at (0,0) size 79x23
          chunk 1 text run 1 at (400.00,4320.00) startOffset 0 endOffset 11 width 77.76: "just a text"
      LayoutSVGText {text} at (498,4302) size 80x23 contains 1 chunk(s)
        LayoutSVGInlineText {#text} at (0,0) size 79x23
          chunk 1 text run 1 at (500.00,4320.00) startOffset 0 endOffset 11 width 77.76: "just a text"
      LayoutSVGText {text} at (598,4302) size 80x23 contains 1 chunk(s)
        LayoutSVGInlineText {#text} at (0,0) size 79x23
          chunk 1 text run 1 at (600.00,4320.00) startOffset 0 endOffset 11 width 77.76: "just a text"
      LayoutSVGText {text} at (698,4302) size 80x23 contains 1 chunk(s)
        LayoutSVGInlineText {#text} at (0,0) size 79x23
          chunk 1 text run 1 at (700.00,4320.00) startOffset 0 endOffset 11 width 77.76: "just a text"
      LayoutSVGText {text} at (798,4302) size 80x23 contains 1 chunk(s)
        LayoutSVGInlineText {#text} at (0,0) size 79x23
          chunk 1 text run 1 at (800.00,4320.00) startOffset 0 endOffset 11 width 77.76: "just a text"
      LayoutSVGText {text} at (898,4302) size 80x23 contains 1 chunk(s)
        LayoutSVGInlineText {#text} at (0,0) size 79x23
          chunk 1 text run 1 at (900.00,4320.00) startOffset 0 endOffset 11 width 77.76: "just a text"
      LayoutSVGText {text} at (998,4302) size 80x23 contains 1 chunk(s)
        LayoutSVGInlineText {#text} at (0,0) size 79x23
          chunk 1 text run 1 at (1000.00,4320.00) startOffset 0 endOffset 11 width 77.76: "just a text"
      LayoutSVGText {text} at (1098,4302) size 80x23 contains 1 chunk(s)
        LayoutSVGInlineText {#text} at (0,0) size 79x23
          chunk 1 text run 1 at (1100.00,4320.00) startOffset 0 endOffset 11 width 77.76: "just a text"
      LayoutSVGText {text} at (1198,4302) size 80x23 contains 1 chunk(s)
        LayoutSVGInlineText {#text} at (0,0) size 79x23
          chunk 1 text run 1 at (1200.00,4320.00) startOffset 0 endOffset 11 width 77.76: "just a text"
      LayoutSVGText {text} at (1298,4302) size 80x23 contains 1 chunk(s)
        LayoutSVGInlineText {#text} at (0,0) size 79x23
          chunk 1 text run 1 at (1300.00,4320.00) startOffset 0 endOffset 11 width 77.76: "just a text"
      LayoutSVGText {text} at (1398,4302) size 80x23 contains 1 chunk(s)
        LayoutSVGInlineText {#text} at (0,0) size 79x23
          chunk 1 text run 1 at (1400.00,4320.00) startOffset 0 endOffset 11 width 77.76: "just a text"
      LayoutSVGText {text} at (1498,4302) size 80x23 contains 1 chunk(s)
        LayoutSVGInlineText {#text} at (0,0) size 79x23
          chunk 1 text run 1 at (1500.00,4320.00) startOffset 0 endOffset 11 width 77.76: "just a text"
      LayoutSVGText {text} at (1598,4302) size 80x23 contains 1 chunk(s)
        LayoutSVGInlineText {#text} at (0,0) size 79x23
          chunk 1 text run 1 at (1600.00,4320.00) startOffset 0 endOffset 11 width 77.76: "just a text"
      LayoutSVGText {text} at (1698,4302) size 80x23 contains 1 chunk(s)
        LayoutSVGInlineText {#text} at (0,0) size 79x23
          chunk 1 text run 1 at (1700.00,4320.00) startOffset 0 endOffset 11 width 77.76: "just a text"
      LayoutSVGText {text} at (1798,4302) size 80x23 contains 1 chunk(s)
        LayoutSVGInlineText {#text} at (0,0) size 79x23
          chunk 1 text run 1 at (1800.00,4320.00) startOffset 0 endOffset 11 width 77.76: "just a text"
      LayoutSVGText {text} at (1898,4302) size 80x23 contains 1 chunk(s)
        LayoutSVGInlineText {#text} at (0,0) size 79x23
          chunk 1 text run 1 at (1900.00,4320.00) startOffset 0 endOffset 11 width 77.76: "just a text"
      LayoutSVGText {text} at (1998,4302) size 80x23 contains 1 chunk(s)
        LayoutSVGInlineText {#text} at (0,0) size 79x23
          chunk 1 text run 1 at (2000.00,4320.00) startOffset 0 endOffset 11 width 77.76: "just a text"
      LayoutSVGText {text} at (2098,4302) size 80x23 contains 1 chunk(s)
        LayoutSVGInlineText {#text} at (0,0) size 79x23
          chunk 1 text run 1 at (2100.00,4320.00) startOffset 0 endOffset 11 width 77.76: "just a text"
      LayoutSVGText {text} at (2198,4302) size 80x23 contains 1 chunk(s)
        LayoutSVGInlineText {#text} at (0,0) size 79x23
          chunk 1 text run 1 at (2200.00,4320.00) startOffset 0 endOffset 11 width 77.76: "just a text"
      LayoutSVGText {text} at (2298,4302) size 80x23 contains 1 chunk(s)
        LayoutSVGInlineText {#text} at (0,0) size 79x23
          chunk 1 text run 1 at (2300.00,4320.00) startOffset 0 endOffset 11 width 77.76: "just a text"
      LayoutSVGText {text} at (2398,4302) size 80x23 contains 1 chunk(s)
        LayoutSVGInlineText {#text} at (0,0) size 79x23
          chunk 1 text run 1 at (2400.00,4320.00) startOffset 0 endOffset 11 width 77.76: "just a text"
      LayoutSVGText {text} at (2498,4302) size 80x23 contains 1 chunk(s)
        LayoutSVGInlineText {#text} at (0,0) size 79x23
          chunk 1 text run 1 at (2500.00,4320.00) startOffset 0 endOffset 11 width 77.76: "just a text"
      LayoutSVGText {text} at (2598,4302) size 80x23 contains 1 chunk(s)
        LayoutSVGInlineText {#text} at (0,0) size 79x23
          chunk 1 text run 1 at (2600.00,4320.00) startOffset 0 endOffset 11 width 77.76: "just a text"
      LayoutSVGText {text} at (2698,4302) size 80x23 contains 1 chunk(s)
        LayoutSVGInlineText {#text} at (0,0) size 79x23
          chunk 1 text run 1 at (2700.00,4320.00) startOffset 0 endOffset 11 width 77.76: "just a text"
      LayoutSVGText {text} at (2798,4302) size 80x23 contains 1 chunk(s)
        LayoutSVGInlineText {#text} at (0,0) size 79x23
          chunk 1 text run 1 at (2800.00,4320.00) startOffset 0 endOffset 11 width 77.76: "just a text"
      LayoutSVGText {text} at (2898,4302) size 80x23 contains 1 chunk(s)
        LayoutSVGInlineText {#text} at (0,0) size 79x23
          chunk 1 text run 1 at (2900.00,4320.00) startOffset 0 endOffset 11 width 77.76: "just a text"
      LayoutSVGText {text} at (2998,4302) size 80x23 contains 1 chunk(s)
        LayoutSVGInlineText {#text} at (0,0) size 79x23
          chunk 1 text run 1 at (3000.00,4320.00) startOffset 0 endOffset 11 width 77.76: "just a text"
      LayoutSVGText {text} at (3098,4302) size 80x23 contains 1 chunk(s)
        LayoutSVGInlineText {#text} at (0,0) size 79x23
          chunk 1 text run 1 at (3100.00,4320.00) startOffset 0 endOffset 11 width 77.76: "just a text"
      LayoutSVGText {text} at (3198,4302) size 80x23 contains 1 chunk(s)
        LayoutSVGInlineText {#text} at (0,0) size 79x23
          chunk 1 text run 1 at (3200.00,4320.00) startOffset 0 endOffset 11 width 77.76: "just a text"
      LayoutSVGText {text} at (3298,4302) size 80x23 contains 1 chunk(s)
        LayoutSVGInlineText {#text} at (0,0) size 79x23
          chunk 1 text run 1 at (3300.00,4320.00) startOffset 0 endOffset 11 width 77.76: "just a text"
      LayoutSVGText {text} at (3398,4302) size 80x23 contains 1 chunk(s)
        LayoutSVGInlineText {#text} at (0,0) size 79x23
          chunk 1 text run 1 at (3400.00,4320.00) startOffset 0 endOffset 11 width 77.76: "just a text"
      LayoutSVGText {text} at (3498,4302) size 80x23 contains 1 chunk(s)
        LayoutSVGInlineText {#text} at (0,0) size 79x23
          chunk 1 text run 1 at (3500.00,4320.00) startOffset 0 endOffset 11 width 77.76: "just a text"
      LayoutSVGText {text} at (3598,4302) size 80x23 contains 1 chunk(s)
        LayoutSVGInlineText {#text} at (0,0) size 79x23
          chunk 1 text run 1 at (3600.00,4320.00) startOffset 0 endOffset 11 width 77.76: "just a text"
      LayoutSVGText {text} at (3698,4302) size 80x23 contains 1 chunk(s)
        LayoutSVGInlineText {#text} at (0,0) size 79x23
          chunk 1 text run 1 at (3700.00,4320.00) startOffset 0 endOffset 11 width 77.76: "just a text"
      LayoutSVGText {text} at (3798,4302) size 80x23 contains 1 chunk(s)
        LayoutSVGInlineText {#text} at (0,0) size 79x23
          chunk 1 text run 1 at (3800.00,4320.00) startOffset 0 endOffset 11 width 77.76: "just a text"
      LayoutSVGText {text} at (3898,4302) size 80x23 contains 1 chunk(s)
        LayoutSVGInlineText {#text} at (0,0) size 79x23
          chunk 1 text run 1 at (3900.00,4320.00) startOffset 0 endOffset 11 width 77.76: "just a text"
      LayoutSVGText {text} at (3998,4302) size 80x23 contains 1 chunk(s)
        LayoutSVGInlineText {#text} at (0,0) size 79x23
          chunk 1 text run 1 at (4000.00,4320.00) startOffset 0 endOffset 11 width 77.76: "just a text"
      LayoutSVGText {text} at (4098,4302) size 80x23 contains 1 chunk(s)
        LayoutSVGInlineText {#text} at (0,0) size 79x23
          chunk 1 text run 1 at (4100.00,4320.00) startOffset 0 endOffset 11 width 77.76: "just a text"
      LayoutSVGText {text} at (4198,4302) size 80x23 contains 1 chunk(s)
        LayoutSVGInlineText {#text} at (0,0) size 79x23
          chunk 1 text run 1 at (4200.00,4320.00) startOffset 0 endOffset 11 width 77.76: "just a text"
      LayoutSVGText {text} at (4298,4302) size 80x23 contains 1 chunk(s)
        LayoutSVGInlineText {#text} at (0,0) size 79x23
          chunk 1 text run 1 at (4300.00,4320.00) startOffset 0 endOffset 11 width 77.76: "just a text"
      LayoutSVGText {text} at (4398,4302) size 80x23 contains 1 chunk(s)
        LayoutSVGInlineText {#text} at (0,0) size 79x23
          chunk 1 text run 1 at (4400.00,4320.00) startOffset 0 endOffset 11 width 77.76: "just a text"
      LayoutSVGText {text} at (4498,4302) size 80x23 contains 1 chunk(s)
        LayoutSVGInlineText {#text} at (0,0) size 79x23
          chunk 1 text run 1 at (4500.00,4320.00) startOffset 0 endOffset 11 width 77.76: "just a text"
      LayoutSVGText {text} at (4598,4302) size 80x23 contains 1 chunk(s)
        LayoutSVGInlineText {#text} at (0,0) size 79x23
          chunk 1 text run 1 at (4600.00,4320.00) startOffset 0 endOffset 11 width 77.76: "just a text"
      LayoutSVGText {text} at (4698,4302) size 80x23 contains 1 chunk(s)
        LayoutSVGInlineText {#text} at (0,0) size 79x23
          chunk 1 text run 1 at (4700.00,4320.00) startOffset 0 endOffset 11 width 77.76: "just a text"
      LayoutSVGText {text} at (4798,4302) size 80x23 contains 1 chunk(s)
        LayoutSVGInlineText {#text} at (0,0) size 79x23
          chunk 1 text run 1 at (4800.00,4320.00) startOffset 0 endOffset 11 width 77.76: "just a text"
      LayoutSVGText {text} at (4898,4302) size 80x23 contains 1 chunk(s)
        LayoutSVGInlineText {#text} at (0,0) size 79x23
          chunk 1 text run 1 at (4900.00,4320.00) startOffset 0 endOffset 11 width 77.76: "just a text"
      LayoutSVGText {text} at (-2,4402) size 80x23 contains 1 chunk(s)
        LayoutSVGInlineText {#text} at (0,0) size 79x23
          chunk 1 text run 1 at (0.00,4420.00) startOffset 0 endOffset 11 width 77.76: "just a text"
      LayoutSVGText {text} at (98,4402) size 80x23 contains 1 chunk(s)
        LayoutSVGInlineText {#text} at (0,0) size 79x23
          chunk 1 text run 1 at (100.00,4420.00) startOffset 0 endOffset 11 width 77.76: "just a text"
      LayoutSVGText {text} at (198,4402) size 80x23 contains 1 chunk(s)
        LayoutSVGInlineText {#text} at (0,0) size 79x23
          chunk 1 text run 1 at (200.00,4420.00) startOffset 0 endOffset 11 width 77.76: "just a text"
      LayoutSVGText {text} at (298,4402) size 80x23 contains 1 chunk(s)
        LayoutSVGInlineText {#text} at (0,0) size 79x23
          chunk 1 text run 1 at (300.00,4420.00) startOffset 0 endOffset 11 width 77.76: "just a text"
      LayoutSVGText {text} at (398,4402) size 80x23 contains 1 chunk(s)
        LayoutSVGInlineText {#text} at (0,0) size 79x23
          chunk 1 text run 1 at (400.00,4420.00) startOffset 0 endOffset 11 width 77.76: "just a text"
      LayoutSVGText {text} at (498,4402) size 80x23 contains 1 chunk(s)
        LayoutSVGInlineText {#text} at (0,0) size 79x23
          chunk 1 text run 1 at (500.00,4420.00) startOffset 0 endOffset 11 width 77.76: "just a text"
      LayoutSVGText {text} at (598,4402) size 80x23 contains 1 chunk(s)
        LayoutSVGInlineText {#text} at (0,0) size 79x23
          chunk 1 text run 1 at (600.00,4420.00) startOffset 0 endOffset 11 width 77.76: "just a text"
      LayoutSVGText {text} at (698,4402) size 80x23 contains 1 chunk(s)
        LayoutSVGInlineText {#text} at (0,0) size 79x23
          chunk 1 text run 1 at (700.00,4420.00) startOffset 0 endOffset 11 width 77.76: "just a text"
      LayoutSVGText {text} at (798,4402) size 80x23 contains 1 chunk(s)
        LayoutSVGInlineText {#text} at (0,0) size 79x23
          chunk 1 text run 1 at (800.00,4420.00) startOffset 0 endOffset 11 width 77.76: "just a text"
      LayoutSVGText {text} at (898,4402) size 80x23 contains 1 chunk(s)
        LayoutSVGInlineText {#text} at (0,0) size 79x23
          chunk 1 text run 1 at (900.00,4420.00) startOffset 0 endOffset 11 width 77.76: "just a text"
      LayoutSVGText {text} at (998,4402) size 80x23 contains 1 chunk(s)
        LayoutSVGInlineText {#text} at (0,0) size 79x23
          chunk 1 text run 1 at (1000.00,4420.00) startOffset 0 endOffset 11 width 77.76: "just a text"
      LayoutSVGText {text} at (1098,4402) size 80x23 contains 1 chunk(s)
        LayoutSVGInlineText {#text} at (0,0) size 79x23
          chunk 1 text run 1 at (1100.00,4420.00) startOffset 0 endOffset 11 width 77.76: "just a text"
      LayoutSVGText {text} at (1198,4402) size 80x23 contains 1 chunk(s)
        LayoutSVGInlineText {#text} at (0,0) size 79x23
          chunk 1 text run 1 at (1200.00,4420.00) startOffset 0 endOffset 11 width 77.76: "just a text"
      LayoutSVGText {text} at (1298,4402) size 80x23 contains 1 chunk(s)
        LayoutSVGInlineText {#text} at (0,0) size 79x23
          chunk 1 text run 1 at (1300.00,4420.00) startOffset 0 endOffset 11 width 77.76: "just a text"
      LayoutSVGText {text} at (1398,4402) size 80x23 contains 1 chunk(s)
        LayoutSVGInlineText {#text} at (0,0) size 79x23
          chunk 1 text run 1 at (1400.00,4420.00) startOffset 0 endOffset 11 width 77.76: "just a text"
      LayoutSVGText {text} at (1498,4402) size 80x23 contains 1 chunk(s)
        LayoutSVGInlineText {#text} at (0,0) size 79x23
          chunk 1 text run 1 at (1500.00,4420.00) startOffset 0 endOffset 11 width 77.76: "just a text"
      LayoutSVGText {text} at (1598,4402) size 80x23 contains 1 chunk(s)
        LayoutSVGInlineText {#text} at (0,0) size 79x23
          chunk 1 text run 1 at (1600.00,4420.00) startOffset 0 endOffset 11 width 77.76: "just a text"
      LayoutSVGText {text} at (1698,4402) size 80x23 contains 1 chunk(s)
        LayoutSVGInlineText {#text} at (0,0) size 79x23
          chunk 1 text run 1 at (1700.00,4420.00) startOffset 0 endOffset 11 width 77.76: "just a text"
      LayoutSVGText {text} at (1798,4402) size 80x23 contains 1 chunk(s)
        LayoutSVGInlineText {#text} at (0,0) size 79x23
          chunk 1 text run 1 at (1800.00,4420.00) startOffset 0 endOffset 11 width 77.76: "just a text"
      LayoutSVGText {text} at (1898,4402) size 80x23 contains 1 chunk(s)
        LayoutSVGInlineText {#text} at (0,0) size 79x23
          chunk 1 text run 1 at (1900.00,4420.00) startOffset 0 endOffset 11 width 77.76: "just a text"
      LayoutSVGText {text} at (1998,4402) size 80x23 contains 1 chunk(s)
        LayoutSVGInlineText {#text} at (0,0) size 79x23
          chunk 1 text run 1 at (2000.00,4420.00) startOffset 0 endOffset 11 width 77.76: "just a text"
      LayoutSVGText {text} at (2098,4402) size 80x23 contains 1 chunk(s)
        LayoutSVGInlineText {#text} at (0,0) size 79x23
          chunk 1 text run 1 at (2100.00,4420.00) startOffset 0 endOffset 11 width 77.76: "just a text"
      LayoutSVGText {text} at (2198,4402) size 80x23 contains 1 chunk(s)
        LayoutSVGInlineText {#text} at (0,0) size 79x23
          chunk 1 text run 1 at (2200.00,4420.00) startOffset 0 endOffset 11 width 77.76: "just a text"
      LayoutSVGText {text} at (2298,4402) size 80x23 contains 1 chunk(s)
        LayoutSVGInlineText {#text} at (0,0) size 79x23
          chunk 1 text run 1 at (2300.00,4420.00) startOffset 0 endOffset 11 width 77.76: "just a text"
      LayoutSVGText {text} at (2398,4402) size 80x23 contains 1 chunk(s)
        LayoutSVGInlineText {#text} at (0,0) size 79x23
          chunk 1 text run 1 at (2400.00,4420.00) startOffset 0 endOffset 11 width 77.76: "just a text"
      LayoutSVGText {text} at (2498,4402) size 80x23 contains 1 chunk(s)
        LayoutSVGInlineText {#text} at (0,0) size 79x23
          chunk 1 text run 1 at (2500.00,4420.00) startOffset 0 endOffset 11 width 77.76: "just a text"
      LayoutSVGText {text} at (2598,4402) size 80x23 contains 1 chunk(s)
        LayoutSVGInlineText {#text} at (0,0) size 79x23
          chunk 1 text run 1 at (2600.00,4420.00) startOffset 0 endOffset 11 width 77.76: "just a text"
      LayoutSVGText {text} at (2698,4402) size 80x23 contains 1 chunk(s)
        LayoutSVGInlineText {#text} at (0,0) size 79x23
          chunk 1 text run 1 at (2700.00,4420.00) startOffset 0 endOffset 11 width 77.76: "just a text"
      LayoutSVGText {text} at (2798,4402) size 80x23 contains 1 chunk(s)
        LayoutSVGInlineText {#text} at (0,0) size 79x23
          chunk 1 text run 1 at (2800.00,4420.00) startOffset 0 endOffset 11 width 77.76: "just a text"
      LayoutSVGText {text} at (2898,4402) size 80x23 contains 1 chunk(s)
        LayoutSVGInlineText {#text} at (0,0) size 79x23
          chunk 1 text run 1 at (2900.00,4420.00) startOffset 0 endOffset 11 width 77.76: "just a text"
      LayoutSVGText {text} at (2998,4402) size 80x23 contains 1 chunk(s)
        LayoutSVGInlineText {#text} at (0,0) size 79x23
          chunk 1 text run 1 at (3000.00,4420.00) startOffset 0 endOffset 11 width 77.76: "just a text"
      LayoutSVGText {text} at (3098,4402) size 80x23 contains 1 chunk(s)
        LayoutSVGInlineText {#text} at (0,0) size 79x23
          chunk 1 text run 1 at (3100.00,4420.00) startOffset 0 endOffset 11 width 77.76: "just a text"
      LayoutSVGText {text} at (3198,4402) size 80x23 contains 1 chunk(s)
        LayoutSVGInlineText {#text} at (0,0) size 79x23
          chunk 1 text run 1 at (3200.00,4420.00) startOffset 0 endOffset 11 width 77.76: "just a text"
      LayoutSVGText {text} at (3298,4402) size 80x23 contains 1 chunk(s)
        LayoutSVGInlineText {#text} at (0,0) size 79x23
          chunk 1 text run 1 at (3300.00,4420.00) startOffset 0 endOffset 11 width 77.76: "just a text"
      LayoutSVGText {text} at (3398,4402) size 80x23 contains 1 chunk(s)
        LayoutSVGInlineText {#text} at (0,0) size 79x23
          chunk 1 text run 1 at (3400.00,4420.00) startOffset 0 endOffset 11 width 77.76: "just a text"
      LayoutSVGText {text} at (3498,4402) size 80x23 contains 1 chunk(s)
        LayoutSVGInlineText {#text} at (0,0) size 79x23
          chunk 1 text run 1 at (3500.00,4420.00) startOffset 0 endOffset 11 width 77.76: "just a text"
      LayoutSVGText {text} at (3598,4402) size 80x23 contains 1 chunk(s)
        LayoutSVGInlineText {#text} at (0,0) size 79x23
          chunk 1 text run 1 at (3600.00,4420.00) startOffset 0 endOffset 11 width 77.76: "just a text"
      LayoutSVGText {text} at (3698,4402) size 80x23 contains 1 chunk(s)
        LayoutSVGInlineText {#text} at (0,0) size 79x23
          chunk 1 text run 1 at (3700.00,4420.00) startOffset 0 endOffset 11 width 77.76: "just a text"
      LayoutSVGText {text} at (3798,4402) size 80x23 contains 1 chunk(s)
        LayoutSVGInlineText {#text} at (0,0) size 79x23
          chunk 1 text run 1 at (3800.00,4420.00) startOffset 0 endOffset 11 width 77.76: "just a text"
      LayoutSVGText {text} at (3898,4402) size 80x23 contains 1 chunk(s)
        LayoutSVGInlineText {#text} at (0,0) size 79x23
          chunk 1 text run 1 at (3900.00,4420.00) startOffset 0 endOffset 11 width 77.76: "just a text"
      LayoutSVGText {text} at (3998,4402) size 80x23 contains 1 chunk(s)
        LayoutSVGInlineText {#text} at (0,0) size 79x23
          chunk 1 text run 1 at (4000.00,4420.00) startOffset 0 endOffset 11 width 77.76: "just a text"
      LayoutSVGText {text} at (4098,4402) size 80x23 contains 1 chunk(s)
        LayoutSVGInlineText {#text} at (0,0) size 79x23
          chunk 1 text run 1 at (4100.00,4420.00) startOffset 0 endOffset 11 width 77.76: "just a text"
      LayoutSVGText {text} at (4198,4402) size 80x23 contains 1 chunk(s)
        LayoutSVGInlineText {#text} at (0,0) size 79x23
          chunk 1 text run 1 at (4200.00,4420.00) startOffset 0 endOffset 11 width 77.76: "just a text"
      LayoutSVGText {text} at (4298,4402) size 80x23 contains 1 chunk(s)
        LayoutSVGInlineText {#text} at (0,0) size 79x23
          chunk 1 text run 1 at (4300.00,4420.00) startOffset 0 endOffset 11 width 77.76: "just a text"
      LayoutSVGText {text} at (4398,4402) size 80x23 contains 1 chunk(s)
        LayoutSVGInlineText {#text} at (0,0) size 79x23
          chunk 1 text run 1 at (4400.00,4420.00) startOffset 0 endOffset 11 width 77.76: "just a text"
      LayoutSVGText {text} at (4498,4402) size 80x23 contains 1 chunk(s)
        LayoutSVGInlineText {#text} at (0,0) size 79x23
          chunk 1 text run 1 at (4500.00,4420.00) startOffset 0 endOffset 11 width 77.76: "just a text"
      LayoutSVGText {text} at (4598,4402) size 80x23 contains 1 chunk(s)
        LayoutSVGInlineText {#text} at (0,0) size 79x23
          chunk 1 text run 1 at (4600.00,4420.00) startOffset 0 endOffset 11 width 77.76: "just a text"
      LayoutSVGText {text} at (4698,4402) size 80x23 contains 1 chunk(s)
        LayoutSVGInlineText {#text} at (0,0) size 79x23
          chunk 1 text run 1 at (4700.00,4420.00) startOffset 0 endOffset 11 width 77.76: "just a text"
      LayoutSVGText {text} at (4798,4402) size 80x23 contains 1 chunk(s)
        LayoutSVGInlineText {#text} at (0,0) size 79x23
          chunk 1 text run 1 at (4800.00,4420.00) startOffset 0 endOffset 11 width 77.76: "just a text"
      LayoutSVGText {text} at (4898,4402) size 80x23 contains 1 chunk(s)
        LayoutSVGInlineText {#text} at (0,0) size 79x23
          chunk 1 text run 1 at (4900.00,4420.00) startOffset 0 endOffset 11 width 77.76: "just a text"
      LayoutSVGText {text} at (-2,4502) size 80x23 contains 1 chunk(s)
        LayoutSVGInlineText {#text} at (0,0) size 79x23
          chunk 1 text run 1 at (0.00,4520.00) startOffset 0 endOffset 11 width 77.76: "just a text"
      LayoutSVGText {text} at (98,4502) size 80x23 contains 1 chunk(s)
        LayoutSVGInlineText {#text} at (0,0) size 79x23
          chunk 1 text run 1 at (100.00,4520.00) startOffset 0 endOffset 11 width 77.76: "just a text"
      LayoutSVGText {text} at (198,4502) size 80x23 contains 1 chunk(s)
        LayoutSVGInlineText {#text} at (0,0) size 79x23
          chunk 1 text run 1 at (200.00,4520.00) startOffset 0 endOffset 11 width 77.76: "just a text"
      LayoutSVGText {text} at (298,4502) size 80x23 contains 1 chunk(s)
        LayoutSVGInlineText {#text} at (0,0) size 79x23
          chunk 1 text run 1 at (300.00,4520.00) startOffset 0 endOffset 11 width 77.76: "just a text"
      LayoutSVGText {text} at (398,4502) size 80x23 contains 1 chunk(s)
        LayoutSVGInlineText {#text} at (0,0) size 79x23
          chunk 1 text run 1 at (400.00,4520.00) startOffset 0 endOffset 11 width 77.76: "just a text"
      LayoutSVGText {text} at (498,4502) size 80x23 contains 1 chunk(s)
        LayoutSVGInlineText {#text} at (0,0) size 79x23
          chunk 1 text run 1 at (500.00,4520.00) startOffset 0 endOffset 11 width 77.76: "just a text"
      LayoutSVGText {text} at (598,4502) size 80x23 contains 1 chunk(s)
        LayoutSVGInlineText {#text} at (0,0) size 79x23
          chunk 1 text run 1 at (600.00,4520.00) startOffset 0 endOffset 11 width 77.76: "just a text"
      LayoutSVGText {text} at (698,4502) size 80x23 contains 1 chunk(s)
        LayoutSVGInlineText {#text} at (0,0) size 79x23
          chunk 1 text run 1 at (700.00,4520.00) startOffset 0 endOffset 11 width 77.76: "just a text"
      LayoutSVGText {text} at (798,4502) size 80x23 contains 1 chunk(s)
        LayoutSVGInlineText {#text} at (0,0) size 79x23
          chunk 1 text run 1 at (800.00,4520.00) startOffset 0 endOffset 11 width 77.76: "just a text"
      LayoutSVGText {text} at (898,4502) size 80x23 contains 1 chunk(s)
        LayoutSVGInlineText {#text} at (0,0) size 79x23
          chunk 1 text run 1 at (900.00,4520.00) startOffset 0 endOffset 11 width 77.76: "just a text"
      LayoutSVGText {text} at (998,4502) size 80x23 contains 1 chunk(s)
        LayoutSVGInlineText {#text} at (0,0) size 79x23
          chunk 1 text run 1 at (1000.00,4520.00) startOffset 0 endOffset 11 width 77.76: "just a text"
      LayoutSVGText {text} at (1098,4502) size 80x23 contains 1 chunk(s)
        LayoutSVGInlineText {#text} at (0,0) size 79x23
          chunk 1 text run 1 at (1100.00,4520.00) startOffset 0 endOffset 11 width 77.76: "just a text"
      LayoutSVGText {text} at (1198,4502) size 80x23 contains 1 chunk(s)
        LayoutSVGInlineText {#text} at (0,0) size 79x23
          chunk 1 text run 1 at (1200.00,4520.00) startOffset 0 endOffset 11 width 77.76: "just a text"
      LayoutSVGText {text} at (1298,4502) size 80x23 contains 1 chunk(s)
        LayoutSVGInlineText {#text} at (0,0) size 79x23
          chunk 1 text run 1 at (1300.00,4520.00) startOffset 0 endOffset 11 width 77.76: "just a text"
      LayoutSVGText {text} at (1398,4502) size 80x23 contains 1 chunk(s)
        LayoutSVGInlineText {#text} at (0,0) size 79x23
          chunk 1 text run 1 at (1400.00,4520.00) startOffset 0 endOffset 11 width 77.76: "just a text"
      LayoutSVGText {text} at (1498,4502) size 80x23 contains 1 chunk(s)
        LayoutSVGInlineText {#text} at (0,0) size 79x23
          chunk 1 text run 1 at (1500.00,4520.00) startOffset 0 endOffset 11 width 77.76: "just a text"
      LayoutSVGText {text} at (1598,4502) size 80x23 contains 1 chunk(s)
        LayoutSVGInlineText {#text} at (0,0) size 79x23
          chunk 1 text run 1 at (1600.00,4520.00) startOffset 0 endOffset 11 width 77.76: "just a text"
      LayoutSVGText {text} at (1698,4502) size 80x23 contains 1 chunk(s)
        LayoutSVGInlineText {#text} at (0,0) size 79x23
          chunk 1 text run 1 at (1700.00,4520.00) startOffset 0 endOffset 11 width 77.76: "just a text"
      LayoutSVGText {text} at (1798,4502) size 80x23 contains 1 chunk(s)
        LayoutSVGInlineText {#text} at (0,0) size 79x23
          chunk 1 text run 1 at (1800.00,4520.00) startOffset 0 endOffset 11 width 77.76: "just a text"
      LayoutSVGText {text} at (1898,4502) size 80x23 contains 1 chunk(s)
        LayoutSVGInlineText {#text} at (0,0) size 79x23
          chunk 1 text run 1 at (1900.00,4520.00) startOffset 0 endOffset 11 width 77.76: "just a text"
      LayoutSVGText {text} at (1998,4502) size 80x23 contains 1 chunk(s)
        LayoutSVGInlineText {#text} at (0,0) size 79x23
          chunk 1 text run 1 at (2000.00,4520.00) startOffset 0 endOffset 11 width 77.76: "just a text"
      LayoutSVGText {text} at (2098,4502) size 80x23 contains 1 chunk(s)
        LayoutSVGInlineText {#text} at (0,0) size 79x23
          chunk 1 text run 1 at (2100.00,4520.00) startOffset 0 endOffset 11 width 77.76: "just a text"
      LayoutSVGText {text} at (2198,4502) size 80x23 contains 1 chunk(s)
        LayoutSVGInlineText {#text} at (0,0) size 79x23
          chunk 1 text run 1 at (2200.00,4520.00) startOffset 0 endOffset 11 width 77.76: "just a text"
      LayoutSVGText {text} at (2298,4502) size 80x23 contains 1 chunk(s)
        LayoutSVGInlineText {#text} at (0,0) size 79x23
          chunk 1 text run 1 at (2300.00,4520.00) startOffset 0 endOffset 11 width 77.76: "just a text"
      LayoutSVGText {text} at (2398,4502) size 80x23 contains 1 chunk(s)
        LayoutSVGInlineText {#text} at (0,0) size 79x23
          chunk 1 text run 1 at (2400.00,4520.00) startOffset 0 endOffset 11 width 77.76: "just a text"
      LayoutSVGText {text} at (2498,4502) size 80x23 contains 1 chunk(s)
        LayoutSVGInlineText {#text} at (0,0) size 79x23
          chunk 1 text run 1 at (2500.00,4520.00) startOffset 0 endOffset 11 width 77.76: "just a text"
      LayoutSVGText {text} at (2598,4502) size 80x23 contains 1 chunk(s)
        LayoutSVGInlineText {#text} at (0,0) size 79x23
          chunk 1 text run 1 at (2600.00,4520.00) startOffset 0 endOffset 11 width 77.76: "just a text"
      LayoutSVGText {text} at (2698,4502) size 80x23 contains 1 chunk(s)
        LayoutSVGInlineText {#text} at (0,0) size 79x23
          chunk 1 text run 1 at (2700.00,4520.00) startOffset 0 endOffset 11 width 77.76: "just a text"
      LayoutSVGText {text} at (2798,4502) size 80x23 contains 1 chunk(s)
        LayoutSVGInlineText {#text} at (0,0) size 79x23
          chunk 1 text run 1 at (2800.00,4520.00) startOffset 0 endOffset 11 width 77.76: "just a text"
      LayoutSVGText {text} at (2898,4502) size 80x23 contains 1 chunk(s)
        LayoutSVGInlineText {#text} at (0,0) size 79x23
          chunk 1 text run 1 at (2900.00,4520.00) startOffset 0 endOffset 11 width 77.76: "just a text"
      LayoutSVGText {text} at (2998,4502) size 80x23 contains 1 chunk(s)
        LayoutSVGInlineText {#text} at (0,0) size 79x23
          chunk 1 text run 1 at (3000.00,4520.00) startOffset 0 endOffset 11 width 77.76: "just a text"
      LayoutSVGText {text} at (3098,4502) size 80x23 contains 1 chunk(s)
        LayoutSVGInlineText {#text} at (0,0) size 79x23
          chunk 1 text run 1 at (3100.00,4520.00) startOffset 0 endOffset 11 width 77.76: "just a text"
      LayoutSVGText {text} at (3198,4502) size 80x23 contains 1 chunk(s)
        LayoutSVGInlineText {#text} at (0,0) size 79x23
          chunk 1 text run 1 at (3200.00,4520.00) startOffset 0 endOffset 11 width 77.76: "just a text"
      LayoutSVGText {text} at (3298,4502) size 80x23 contains 1 chunk(s)
        LayoutSVGInlineText {#text} at (0,0) size 79x23
          chunk 1 text run 1 at (3300.00,4520.00) startOffset 0 endOffset 11 width 77.76: "just a text"
      LayoutSVGText {text} at (3398,4502) size 80x23 contains 1 chunk(s)
        LayoutSVGInlineText {#text} at (0,0) size 79x23
          chunk 1 text run 1 at (3400.00,4520.00) startOffset 0 endOffset 11 width 77.76: "just a text"
      LayoutSVGText {text} at (3498,4502) size 80x23 contains 1 chunk(s)
        LayoutSVGInlineText {#text} at (0,0) size 79x23
          chunk 1 text run 1 at (3500.00,4520.00) startOffset 0 endOffset 11 width 77.76: "just a text"
      LayoutSVGText {text} at (3598,4502) size 80x23 contains 1 chunk(s)
        LayoutSVGInlineText {#text} at (0,0) size 79x23
          chunk 1 text run 1 at (3600.00,4520.00) startOffset 0 endOffset 11 width 77.76: "just a text"
      LayoutSVGText {text} at (3698,4502) size 80x23 contains 1 chunk(s)
        LayoutSVGInlineText {#text} at (0,0) size 79x23
          chunk 1 text run 1 at (3700.00,4520.00) startOffset 0 endOffset 11 width 77.76: "just a text"
      LayoutSVGText {text} at (3798,4502) size 80x23 contains 1 chunk(s)
        LayoutSVGInlineText {#text} at (0,0) size 79x23
          chunk 1 text run 1 at (3800.00,4520.00) startOffset 0 endOffset 11 width 77.76: "just a text"
      LayoutSVGText {text} at (3898,4502) size 80x23 contains 1 chunk(s)
        LayoutSVGInlineText {#text} at (0,0) size 79x23
          chunk 1 text run 1 at (3900.00,4520.00) startOffset 0 endOffset 11 width 77.76: "just a text"
      LayoutSVGText {text} at (3998,4502) size 80x23 contains 1 chunk(s)
        LayoutSVGInlineText {#text} at (0,0) size 79x23
          chunk 1 text run 1 at (4000.00,4520.00) startOffset 0 endOffset 11 width 77.76: "just a text"
      LayoutSVGText {text} at (4098,4502) size 80x23 contains 1 chunk(s)
        LayoutSVGInlineText {#text} at (0,0) size 79x23
          chunk 1 text run 1 at (4100.00,4520.00) startOffset 0 endOffset 11 width 77.76: "just a text"
      LayoutSVGText {text} at (4198,4502) size 80x23 contains 1 chunk(s)
        LayoutSVGInlineText {#text} at (0,0) size 79x23
          chunk 1 text run 1 at (4200.00,4520.00) startOffset 0 endOffset 11 width 77.76: "just a text"
      LayoutSVGText {text} at (4298,4502) size 80x23 contains 1 chunk(s)
        LayoutSVGInlineText {#text} at (0,0) size 79x23
          chunk 1 text run 1 at (4300.00,4520.00) startOffset 0 endOffset 11 width 77.76: "just a text"
      LayoutSVGText {text} at (4398,4502) size 80x23 contains 1 chunk(s)
        LayoutSVGInlineText {#text} at (0,0) size 79x23
          chunk 1 text run 1 at (4400.00,4520.00) startOffset 0 endOffset 11 width 77.76: "just a text"
      LayoutSVGText {text} at (4498,4502) size 80x23 contains 1 chunk(s)
        LayoutSVGInlineText {#text} at (0,0) size 79x23
          chunk 1 text run 1 at (4500.00,4520.00) startOffset 0 endOffset 11 width 77.76: "just a text"
      LayoutSVGText {text} at (4598,4502) size 80x23 contains 1 chunk(s)
        LayoutSVGInlineText {#text} at (0,0) size 79x23
          chunk 1 text run 1 at (4600.00,4520.00) startOffset 0 endOffset 11 width 77.76: "just a text"
      LayoutSVGText {text} at (4698,4502) size 80x23 contains 1 chunk(s)
        LayoutSVGInlineText {#text} at (0,0) size 79x23
          chunk 1 text run 1 at (4700.00,4520.00) startOffset 0 endOffset 11 width 77.76: "just a text"
      LayoutSVGText {text} at (4798,4502) size 80x23 contains 1 chunk(s)
        LayoutSVGInlineText {#text} at (0,0) size 79x23
          chunk 1 text run 1 at (4800.00,4520.00) startOffset 0 endOffset 11 width 77.76: "just a text"
      LayoutSVGText {text} at (4898,4502) size 80x23 contains 1 chunk(s)
        LayoutSVGInlineText {#text} at (0,0) size 79x23
          chunk 1 text run 1 at (4900.00,4520.00) startOffset 0 endOffset 11 width 77.76: "just a text"
      LayoutSVGText {text} at (-2,4602) size 80x23 contains 1 chunk(s)
        LayoutSVGInlineText {#text} at (0,0) size 79x23
          chunk 1 text run 1 at (0.00,4620.00) startOffset 0 endOffset 11 width 77.76: "just a text"
      LayoutSVGText {text} at (98,4602) size 80x23 contains 1 chunk(s)
        LayoutSVGInlineText {#text} at (0,0) size 79x23
          chunk 1 text run 1 at (100.00,4620.00) startOffset 0 endOffset 11 width 77.76: "just a text"
      LayoutSVGText {text} at (198,4602) size 80x23 contains 1 chunk(s)
        LayoutSVGInlineText {#text} at (0,0) size 79x23
          chunk 1 text run 1 at (200.00,4620.00) startOffset 0 endOffset 11 width 77.76: "just a text"
      LayoutSVGText {text} at (298,4602) size 80x23 contains 1 chunk(s)
        LayoutSVGInlineText {#text} at (0,0) size 79x23
          chunk 1 text run 1 at (300.00,4620.00) startOffset 0 endOffset 11 width 77.76: "just a text"
      LayoutSVGText {text} at (398,4602) size 80x23 contains 1 chunk(s)
        LayoutSVGInlineText {#text} at (0,0) size 79x23
          chunk 1 text run 1 at (400.00,4620.00) startOffset 0 endOffset 11 width 77.76: "just a text"
      LayoutSVGText {text} at (498,4602) size 80x23 contains 1 chunk(s)
        LayoutSVGInlineText {#text} at (0,0) size 79x23
          chunk 1 text run 1 at (500.00,4620.00) startOffset 0 endOffset 11 width 77.76: "just a text"
      LayoutSVGText {text} at (598,4602) size 80x23 contains 1 chunk(s)
        LayoutSVGInlineText {#text} at (0,0) size 79x23
          chunk 1 text run 1 at (600.00,4620.00) startOffset 0 endOffset 11 width 77.76: "just a text"
      LayoutSVGText {text} at (698,4602) size 80x23 contains 1 chunk(s)
        LayoutSVGInlineText {#text} at (0,0) size 79x23
          chunk 1 text run 1 at (700.00,4620.00) startOffset 0 endOffset 11 width 77.76: "just a text"
      LayoutSVGText {text} at (798,4602) size 80x23 contains 1 chunk(s)
        LayoutSVGInlineText {#text} at (0,0) size 79x23
          chunk 1 text run 1 at (800.00,4620.00) startOffset 0 endOffset 11 width 77.76: "just a text"
      LayoutSVGText {text} at (898,4602) size 80x23 contains 1 chunk(s)
        LayoutSVGInlineText {#text} at (0,0) size 79x23
          chunk 1 text run 1 at (900.00,4620.00) startOffset 0 endOffset 11 width 77.76: "just a text"
      LayoutSVGText {text} at (998,4602) size 80x23 contains 1 chunk(s)
        LayoutSVGInlineText {#text} at (0,0) size 79x23
          chunk 1 text run 1 at (1000.00,4620.00) startOffset 0 endOffset 11 width 77.76: "just a text"
      LayoutSVGText {text} at (1098,4602) size 80x23 contains 1 chunk(s)
        LayoutSVGInlineText {#text} at (0,0) size 79x23
          chunk 1 text run 1 at (1100.00,4620.00) startOffset 0 endOffset 11 width 77.76: "just a text"
      LayoutSVGText {text} at (1198,4602) size 80x23 contains 1 chunk(s)
        LayoutSVGInlineText {#text} at (0,0) size 79x23
          chunk 1 text run 1 at (1200.00,4620.00) startOffset 0 endOffset 11 width 77.76: "just a text"
      LayoutSVGText {text} at (1298,4602) size 80x23 contains 1 chunk(s)
        LayoutSVGInlineText {#text} at (0,0) size 79x23
          chunk 1 text run 1 at (1300.00,4620.00) startOffset 0 endOffset 11 width 77.76: "just a text"
      LayoutSVGText {text} at (1398,4602) size 80x23 contains 1 chunk(s)
        LayoutSVGInlineText {#text} at (0,0) size 79x23
          chunk 1 text run 1 at (1400.00,4620.00) startOffset 0 endOffset 11 width 77.76: "just a text"
      LayoutSVGText {text} at (1498,4602) size 80x23 contains 1 chunk(s)
        LayoutSVGInlineText {#text} at (0,0) size 79x23
          chunk 1 text run 1 at (1500.00,4620.00) startOffset 0 endOffset 11 width 77.76: "just a text"
      LayoutSVGText {text} at (1598,4602) size 80x23 contains 1 chunk(s)
        LayoutSVGInlineText {#text} at (0,0) size 79x23
          chunk 1 text run 1 at (1600.00,4620.00) startOffset 0 endOffset 11 width 77.76: "just a text"
      LayoutSVGText {text} at (1698,4602) size 80x23 contains 1 chunk(s)
        LayoutSVGInlineText {#text} at (0,0) size 79x23
          chunk 1 text run 1 at (1700.00,4620.00) startOffset 0 endOffset 11 width 77.76: "just a text"
      LayoutSVGText {text} at (1798,4602) size 80x23 contains 1 chunk(s)
        LayoutSVGInlineText {#text} at (0,0) size 79x23
          chunk 1 text run 1 at (1800.00,4620.00) startOffset 0 endOffset 11 width 77.76: "just a text"
      LayoutSVGText {text} at (1898,4602) size 80x23 contains 1 chunk(s)
        LayoutSVGInlineText {#text} at (0,0) size 79x23
          chunk 1 text run 1 at (1900.00,4620.00) startOffset 0 endOffset 11 width 77.76: "just a text"
      LayoutSVGText {text} at (1998,4602) size 80x23 contains 1 chunk(s)
        LayoutSVGInlineText {#text} at (0,0) size 79x23
          chunk 1 text run 1 at (2000.00,4620.00) startOffset 0 endOffset 11 width 77.76: "just a text"
      LayoutSVGText {text} at (2098,4602) size 80x23 contains 1 chunk(s)
        LayoutSVGInlineText {#text} at (0,0) size 79x23
          chunk 1 text run 1 at (2100.00,4620.00) startOffset 0 endOffset 11 width 77.76: "just a text"
      LayoutSVGText {text} at (2198,4602) size 80x23 contains 1 chunk(s)
        LayoutSVGInlineText {#text} at (0,0) size 79x23
          chunk 1 text run 1 at (2200.00,4620.00) startOffset 0 endOffset 11 width 77.76: "just a text"
      LayoutSVGText {text} at (2298,4602) size 80x23 contains 1 chunk(s)
        LayoutSVGInlineText {#text} at (0,0) size 79x23
          chunk 1 text run 1 at (2300.00,4620.00) startOffset 0 endOffset 11 width 77.76: "just a text"
      LayoutSVGText {text} at (2398,4602) size 80x23 contains 1 chunk(s)
        LayoutSVGInlineText {#text} at (0,0) size 79x23
          chunk 1 text run 1 at (2400.00,4620.00) startOffset 0 endOffset 11 width 77.76: "just a text"
      LayoutSVGText {text} at (2498,4602) size 80x23 contains 1 chunk(s)
        LayoutSVGInlineText {#text} at (0,0) size 79x23
          chunk 1 text run 1 at (2500.00,4620.00) startOffset 0 endOffset 11 width 77.76: "just a text"
      LayoutSVGText {text} at (2598,4602) size 80x23 contains 1 chunk(s)
        LayoutSVGInlineText {#text} at (0,0) size 79x23
          chunk 1 text run 1 at (2600.00,4620.00) startOffset 0 endOffset 11 width 77.76: "just a text"
      LayoutSVGText {text} at (2698,4602) size 80x23 contains 1 chunk(s)
        LayoutSVGInlineText {#text} at (0,0) size 79x23
          chunk 1 text run 1 at (2700.00,4620.00) startOffset 0 endOffset 11 width 77.76: "just a text"
      LayoutSVGText {text} at (2798,4602) size 80x23 contains 1 chunk(s)
        LayoutSVGInlineText {#text} at (0,0) size 79x23
          chunk 1 text run 1 at (2800.00,4620.00) startOffset 0 endOffset 11 width 77.76: "just a text"
      LayoutSVGText {text} at (2898,4602) size 80x23 contains 1 chunk(s)
        LayoutSVGInlineText {#text} at (0,0) size 79x23
          chunk 1 text run 1 at (2900.00,4620.00) startOffset 0 endOffset 11 width 77.76: "just a text"
      LayoutSVGText {text} at (2998,4602) size 80x23 contains 1 chunk(s)
        LayoutSVGInlineText {#text} at (0,0) size 79x23
          chunk 1 text run 1 at (3000.00,4620.00) startOffset 0 endOffset 11 width 77.76: "just a text"
      LayoutSVGText {text} at (3098,4602) size 80x23 contains 1 chunk(s)
        LayoutSVGInlineText {#text} at (0,0) size 79x23
          chunk 1 text run 1 at (3100.00,4620.00) startOffset 0 endOffset 11 width 77.76: "just a text"
      LayoutSVGText {text} at (3198,4602) size 80x23 contains 1 chunk(s)
        LayoutSVGInlineText {#text} at (0,0) size 79x23
          chunk 1 text run 1 at (3200.00,4620.00) startOffset 0 endOffset 11 width 77.76: "just a text"
      LayoutSVGText {text} at (3298,4602) size 80x23 contains 1 chunk(s)
        LayoutSVGInlineText {#text} at (0,0) size 79x23
          chunk 1 text run 1 at (3300.00,4620.00) startOffset 0 endOffset 11 width 77.76: "just a text"
      LayoutSVGText {text} at (3398,4602) size 80x23 contains 1 chunk(s)
        LayoutSVGInlineText {#text} at (0,0) size 79x23
          chunk 1 text run 1 at (3400.00,4620.00) startOffset 0 endOffset 11 width 77.76: "just a text"
      LayoutSVGText {text} at (3498,4602) size 80x23 contains 1 chunk(s)
        LayoutSVGInlineText {#text} at (0,0) size 79x23
          chunk 1 text run 1 at (3500.00,4620.00) startOffset 0 endOffset 11 width 77.76: "just a text"
      LayoutSVGText {text} at (3598,4602) size 80x23 contains 1 chunk(s)
        LayoutSVGInlineText {#text} at (0,0) size 79x23
          chunk 1 text run 1 at (3600.00,4620.00) startOffset 0 endOffset 11 width 77.76: "just a text"
      LayoutSVGText {text} at (3698,4602) size 80x23 contains 1 chunk(s)
        LayoutSVGInlineText {#text} at (0,0) size 79x23
          chunk 1 text run 1 at (3700.00,4620.00) startOffset 0 endOffset 11 width 77.76: "just a text"
      LayoutSVGText {text} at (3798,4602) size 80x23 contains 1 chunk(s)
        LayoutSVGInlineText {#text} at (0,0) size 79x23
          chunk 1 text run 1 at (3800.00,4620.00) startOffset 0 endOffset 11 width 77.76: "just a text"
      LayoutSVGText {text} at (3898,4602) size 80x23 contains 1 chunk(s)
        LayoutSVGInlineText {#text} at (0,0) size 79x23
          chunk 1 text run 1 at (3900.00,4620.00) startOffset 0 endOffset 11 width 77.76: "just a text"
      LayoutSVGText {text} at (3998,4602) size 80x23 contains 1 chunk(s)
        LayoutSVGInlineText {#text} at (0,0) size 79x23
          chunk 1 text run 1 at (4000.00,4620.00) startOffset 0 endOffset 11 width 77.76: "just a text"
      LayoutSVGText {text} at (4098,4602) size 80x23 contains 1 chunk(s)
        LayoutSVGInlineText {#text} at (0,0) size 79x23
          chunk 1 text run 1 at (4100.00,4620.00) startOffset 0 endOffset 11 width 77.76: "just a text"
      LayoutSVGText {text} at (4198,4602) size 80x23 contains 1 chunk(s)
        LayoutSVGInlineText {#text} at (0,0) size 79x23
          chunk 1 text run 1 at (4200.00,4620.00) startOffset 0 endOffset 11 width 77.76: "just a text"
      LayoutSVGText {text} at (4298,4602) size 80x23 contains 1 chunk(s)
        LayoutSVGInlineText {#text} at (0,0) size 79x23
          chunk 1 text run 1 at (4300.00,4620.00) startOffset 0 endOffset 11 width 77.76: "just a text"
      LayoutSVGText {text} at (4398,4602) size 80x23 contains 1 chunk(s)
        LayoutSVGInlineText {#text} at (0,0) size 79x23
          chunk 1 text run 1 at (4400.00,4620.00) startOffset 0 endOffset 11 width 77.76: "just a text"
      LayoutSVGText {text} at (4498,4602) size 80x23 contains 1 chunk(s)
        LayoutSVGInlineText {#text} at (0,0) size 79x23
          chunk 1 text run 1 at (4500.00,4620.00) startOffset 0 endOffset 11 width 77.76: "just a text"
      LayoutSVGText {text} at (4598,4602) size 80x23 contains 1 chunk(s)
        LayoutSVGInlineText {#text} at (0,0) size 79x23
          chunk 1 text run 1 at (4600.00,4620.00) startOffset 0 endOffset 11 width 77.76: "just a text"
      LayoutSVGText {text} at (4698,4602) size 80x23 contains 1 chunk(s)
        LayoutSVGInlineText {#text} at (0,0) size 79x23
          chunk 1 text run 1 at (4700.00,4620.00) startOffset 0 endOffset 11 width 77.76: "just a text"
      LayoutSVGText {text} at (4798,4602) size 80x23 contains 1 chunk(s)
        LayoutSVGInlineText {#text} at (0,0) size 79x23
          chunk 1 text run 1 at (4800.00,4620.00) startOffset 0 endOffset 11 width 77.76: "just a text"
      LayoutSVGText {text} at (4898,4602) size 80x23 contains 1 chunk(s)
        LayoutSVGInlineText {#text} at (0,0) size 79x23
          chunk 1 text run 1 at (4900.00,4620.00) startOffset 0 endOffset 11 width 77.76: "just a text"
      LayoutSVGText {text} at (-2,4702) size 80x23 contains 1 chunk(s)
        LayoutSVGInlineText {#text} at (0,0) size 79x23
          chunk 1 text run 1 at (0.00,4720.00) startOffset 0 endOffset 11 width 77.76: "just a text"
      LayoutSVGText {text} at (98,4702) size 80x23 contains 1 chunk(s)
        LayoutSVGInlineText {#text} at (0,0) size 79x23
          chunk 1 text run 1 at (100.00,4720.00) startOffset 0 endOffset 11 width 77.76: "just a text"
      LayoutSVGText {text} at (198,4702) size 80x23 contains 1 chunk(s)
        LayoutSVGInlineText {#text} at (0,0) size 79x23
          chunk 1 text run 1 at (200.00,4720.00) startOffset 0 endOffset 11 width 77.76: "just a text"
      LayoutSVGText {text} at (298,4702) size 80x23 contains 1 chunk(s)
        LayoutSVGInlineText {#text} at (0,0) size 79x23
          chunk 1 text run 1 at (300.00,4720.00) startOffset 0 endOffset 11 width 77.76: "just a text"
      LayoutSVGText {text} at (398,4702) size 80x23 contains 1 chunk(s)
        LayoutSVGInlineText {#text} at (0,0) size 79x23
          chunk 1 text run 1 at (400.00,4720.00) startOffset 0 endOffset 11 width 77.76: "just a text"
      LayoutSVGText {text} at (498,4702) size 80x23 contains 1 chunk(s)
        LayoutSVGInlineText {#text} at (0,0) size 79x23
          chunk 1 text run 1 at (500.00,4720.00) startOffset 0 endOffset 11 width 77.76: "just a text"
      LayoutSVGText {text} at (598,4702) size 80x23 contains 1 chunk(s)
        LayoutSVGInlineText {#text} at (0,0) size 79x23
          chunk 1 text run 1 at (600.00,4720.00) startOffset 0 endOffset 11 width 77.76: "just a text"
      LayoutSVGText {text} at (698,4702) size 80x23 contains 1 chunk(s)
        LayoutSVGInlineText {#text} at (0,0) size 79x23
          chunk 1 text run 1 at (700.00,4720.00) startOffset 0 endOffset 11 width 77.76: "just a text"
      LayoutSVGText {text} at (798,4702) size 80x23 contains 1 chunk(s)
        LayoutSVGInlineText {#text} at (0,0) size 79x23
          chunk 1 text run 1 at (800.00,4720.00) startOffset 0 endOffset 11 width 77.76: "just a text"
      LayoutSVGText {text} at (898,4702) size 80x23 contains 1 chunk(s)
        LayoutSVGInlineText {#text} at (0,0) size 79x23
          chunk 1 text run 1 at (900.00,4720.00) startOffset 0 endOffset 11 width 77.76: "just a text"
      LayoutSVGText {text} at (998,4702) size 80x23 contains 1 chunk(s)
        LayoutSVGInlineText {#text} at (0,0) size 79x23
          chunk 1 text run 1 at (1000.00,4720.00) startOffset 0 endOffset 11 width 77.76: "just a text"
      LayoutSVGText {text} at (1098,4702) size 80x23 contains 1 chunk(s)
        LayoutSVGInlineText {#text} at (0,0) size 79x23
          chunk 1 text run 1 at (1100.00,4720.00) startOffset 0 endOffset 11 width 77.76: "just a text"
      LayoutSVGText {text} at (1198,4702) size 80x23 contains 1 chunk(s)
        LayoutSVGInlineText {#text} at (0,0) size 79x23
          chunk 1 text run 1 at (1200.00,4720.00) startOffset 0 endOffset 11 width 77.76: "just a text"
      LayoutSVGText {text} at (1298,4702) size 80x23 contains 1 chunk(s)
        LayoutSVGInlineText {#text} at (0,0) size 79x23
          chunk 1 text run 1 at (1300.00,4720.00) startOffset 0 endOffset 11 width 77.76: "just a text"
      LayoutSVGText {text} at (1398,4702) size 80x23 contains 1 chunk(s)
        LayoutSVGInlineText {#text} at (0,0) size 79x23
          chunk 1 text run 1 at (1400.00,4720.00) startOffset 0 endOffset 11 width 77.76: "just a text"
      LayoutSVGText {text} at (1498,4702) size 80x23 contains 1 chunk(s)
        LayoutSVGInlineText {#text} at (0,0) size 79x23
          chunk 1 text run 1 at (1500.00,4720.00) startOffset 0 endOffset 11 width 77.76: "just a text"
      LayoutSVGText {text} at (1598,4702) size 80x23 contains 1 chunk(s)
        LayoutSVGInlineText {#text} at (0,0) size 79x23
          chunk 1 text run 1 at (1600.00,4720.00) startOffset 0 endOffset 11 width 77.76: "just a text"
      LayoutSVGText {text} at (1698,4702) size 80x23 contains 1 chunk(s)
        LayoutSVGInlineText {#text} at (0,0) size 79x23
          chunk 1 text run 1 at (1700.00,4720.00) startOffset 0 endOffset 11 width 77.76: "just a text"
      LayoutSVGText {text} at (1798,4702) size 80x23 contains 1 chunk(s)
        LayoutSVGInlineText {#text} at (0,0) size 79x23
          chunk 1 text run 1 at (1800.00,4720.00) startOffset 0 endOffset 11 width 77.76: "just a text"
      LayoutSVGText {text} at (1898,4702) size 80x23 contains 1 chunk(s)
        LayoutSVGInlineText {#text} at (0,0) size 79x23
          chunk 1 text run 1 at (1900.00,4720.00) startOffset 0 endOffset 11 width 77.76: "just a text"
      LayoutSVGText {text} at (1998,4702) size 80x23 contains 1 chunk(s)
        LayoutSVGInlineText {#text} at (0,0) size 79x23
          chunk 1 text run 1 at (2000.00,4720.00) startOffset 0 endOffset 11 width 77.76: "just a text"
      LayoutSVGText {text} at (2098,4702) size 80x23 contains 1 chunk(s)
        LayoutSVGInlineText {#text} at (0,0) size 79x23
          chunk 1 text run 1 at (2100.00,4720.00) startOffset 0 endOffset 11 width 77.76: "just a text"
      LayoutSVGText {text} at (2198,4702) size 80x23 contains 1 chunk(s)
        LayoutSVGInlineText {#text} at (0,0) size 79x23
          chunk 1 text run 1 at (2200.00,4720.00) startOffset 0 endOffset 11 width 77.76: "just a text"
      LayoutSVGText {text} at (2298,4702) size 80x23 contains 1 chunk(s)
        LayoutSVGInlineText {#text} at (0,0) size 79x23
          chunk 1 text run 1 at (2300.00,4720.00) startOffset 0 endOffset 11 width 77.76: "just a text"
      LayoutSVGText {text} at (2398,4702) size 80x23 contains 1 chunk(s)
        LayoutSVGInlineText {#text} at (0,0) size 79x23
          chunk 1 text run 1 at (2400.00,4720.00) startOffset 0 endOffset 11 width 77.76: "just a text"
      LayoutSVGText {text} at (2498,4702) size 80x23 contains 1 chunk(s)
        LayoutSVGInlineText {#text} at (0,0) size 79x23
          chunk 1 text run 1 at (2500.00,4720.00) startOffset 0 endOffset 11 width 77.76: "just a text"
      LayoutSVGText {text} at (2598,4702) size 80x23 contains 1 chunk(s)
        LayoutSVGInlineText {#text} at (0,0) size 79x23
          chunk 1 text run 1 at (2600.00,4720.00) startOffset 0 endOffset 11 width 77.76: "just a text"
      LayoutSVGText {text} at (2698,4702) size 80x23 contains 1 chunk(s)
        LayoutSVGInlineText {#text} at (0,0) size 79x23
          chunk 1 text run 1 at (2700.00,4720.00) startOffset 0 endOffset 11 width 77.76: "just a text"
      LayoutSVGText {text} at (2798,4702) size 80x23 contains 1 chunk(s)
        LayoutSVGInlineText {#text} at (0,0) size 79x23
          chunk 1 text run 1 at (2800.00,4720.00) startOffset 0 endOffset 11 width 77.76: "just a text"
      LayoutSVGText {text} at (2898,4702) size 80x23 contains 1 chunk(s)
        LayoutSVGInlineText {#text} at (0,0) size 79x23
          chunk 1 text run 1 at (2900.00,4720.00) startOffset 0 endOffset 11 width 77.76: "just a text"
      LayoutSVGText {text} at (2998,4702) size 80x23 contains 1 chunk(s)
        LayoutSVGInlineText {#text} at (0,0) size 79x23
          chunk 1 text run 1 at (3000.00,4720.00) startOffset 0 endOffset 11 width 77.76: "just a text"
      LayoutSVGText {text} at (3098,4702) size 80x23 contains 1 chunk(s)
        LayoutSVGInlineText {#text} at (0,0) size 79x23
          chunk 1 text run 1 at (3100.00,4720.00) startOffset 0 endOffset 11 width 77.76: "just a text"
      LayoutSVGText {text} at (3198,4702) size 80x23 contains 1 chunk(s)
        LayoutSVGInlineText {#text} at (0,0) size 79x23
          chunk 1 text run 1 at (3200.00,4720.00) startOffset 0 endOffset 11 width 77.76: "just a text"
      LayoutSVGText {text} at (3298,4702) size 80x23 contains 1 chunk(s)
        LayoutSVGInlineText {#text} at (0,0) size 79x23
          chunk 1 text run 1 at (3300.00,4720.00) startOffset 0 endOffset 11 width 77.76: "just a text"
      LayoutSVGText {text} at (3398,4702) size 80x23 contains 1 chunk(s)
        LayoutSVGInlineText {#text} at (0,0) size 79x23
          chunk 1 text run 1 at (3400.00,4720.00) startOffset 0 endOffset 11 width 77.76: "just a text"
      LayoutSVGText {text} at (3498,4702) size 80x23 contains 1 chunk(s)
        LayoutSVGInlineText {#text} at (0,0) size 79x23
          chunk 1 text run 1 at (3500.00,4720.00) startOffset 0 endOffset 11 width 77.76: "just a text"
      LayoutSVGText {text} at (3598,4702) size 80x23 contains 1 chunk(s)
        LayoutSVGInlineText {#text} at (0,0) size 79x23
          chunk 1 text run 1 at (3600.00,4720.00) startOffset 0 endOffset 11 width 77.76: "just a text"
      LayoutSVGText {text} at (3698,4702) size 80x23 contains 1 chunk(s)
        LayoutSVGInlineText {#text} at (0,0) size 79x23
          chunk 1 text run 1 at (3700.00,4720.00) startOffset 0 endOffset 11 width 77.76: "just a text"
      LayoutSVGText {text} at (3798,4702) size 80x23 contains 1 chunk(s)
        LayoutSVGInlineText {#text} at (0,0) size 79x23
          chunk 1 text run 1 at (3800.00,4720.00) startOffset 0 endOffset 11 width 77.76: "just a text"
      LayoutSVGText {text} at (3898,4702) size 80x23 contains 1 chunk(s)
        LayoutSVGInlineText {#text} at (0,0) size 79x23
          chunk 1 text run 1 at (3900.00,4720.00) startOffset 0 endOffset 11 width 77.76: "just a text"
      LayoutSVGText {text} at (3998,4702) size 80x23 contains 1 chunk(s)
        LayoutSVGInlineText {#text} at (0,0) size 79x23
          chunk 1 text run 1 at (4000.00,4720.00) startOffset 0 endOffset 11 width 77.76: "just a text"
      LayoutSVGText {text} at (4098,4702) size 80x23 contains 1 chunk(s)
        LayoutSVGInlineText {#text} at (0,0) size 79x23
          chunk 1 text run 1 at (4100.00,4720.00) startOffset 0 endOffset 11 width 77.76: "just a text"
      LayoutSVGText {text} at (4198,4702) size 80x23 contains 1 chunk(s)
        LayoutSVGInlineText {#text} at (0,0) size 79x23
          chunk 1 text run 1 at (4200.00,4720.00) startOffset 0 endOffset 11 width 77.76: "just a text"
      LayoutSVGText {text} at (4298,4702) size 80x23 contains 1 chunk(s)
        LayoutSVGInlineText {#text} at (0,0) size 79x23
          chunk 1 text run 1 at (4300.00,4720.00) startOffset 0 endOffset 11 width 77.76: "just a text"
      LayoutSVGText {text} at (4398,4702) size 80x23 contains 1 chunk(s)
        LayoutSVGInlineText {#text} at (0,0) size 79x23
          chunk 1 text run 1 at (4400.00,4720.00) startOffset 0 endOffset 11 width 77.76: "just a text"
      LayoutSVGText {text} at (4498,4702) size 80x23 contains 1 chunk(s)
        LayoutSVGInlineText {#text} at (0,0) size 79x23
          chunk 1 text run 1 at (4500.00,4720.00) startOffset 0 endOffset 11 width 77.76: "just a text"
      LayoutSVGText {text} at (4598,4702) size 80x23 contains 1 chunk(s)
        LayoutSVGInlineText {#text} at (0,0) size 79x23
          chunk 1 text run 1 at (4600.00,4720.00) startOffset 0 endOffset 11 width 77.76: "just a text"
      LayoutSVGText {text} at (4698,4702) size 80x23 contains 1 chunk(s)
        LayoutSVGInlineText {#text} at (0,0) size 79x23
          chunk 1 text run 1 at (4700.00,4720.00) startOffset 0 endOffset 11 width 77.76: "just a text"
      LayoutSVGText {text} at (4798,4702) size 80x23 contains 1 chunk(s)
        LayoutSVGInlineText {#text} at (0,0) size 79x23
          chunk 1 text run 1 at (4800.00,4720.00) startOffset 0 endOffset 11 width 77.76: "just a text"
      LayoutSVGText {text} at (4898,4702) size 80x23 contains 1 chunk(s)
        LayoutSVGInlineText {#text} at (0,0) size 79x23
          chunk 1 text run 1 at (4900.00,4720.00) startOffset 0 endOffset 11 width 77.76: "just a text"
      LayoutSVGText {text} at (-2,4802) size 80x23 contains 1 chunk(s)
        LayoutSVGInlineText {#text} at (0,0) size 79x23
          chunk 1 text run 1 at (0.00,4820.00) startOffset 0 endOffset 11 width 77.76: "just a text"
      LayoutSVGText {text} at (98,4802) size 80x23 contains 1 chunk(s)
        LayoutSVGInlineText {#text} at (0,0) size 79x23
          chunk 1 text run 1 at (100.00,4820.00) startOffset 0 endOffset 11 width 77.76: "just a text"
      LayoutSVGText {text} at (198,4802) size 80x23 contains 1 chunk(s)
        LayoutSVGInlineText {#text} at (0,0) size 79x23
          chunk 1 text run 1 at (200.00,4820.00) startOffset 0 endOffset 11 width 77.76: "just a text"
      LayoutSVGText {text} at (298,4802) size 80x23 contains 1 chunk(s)
        LayoutSVGInlineText {#text} at (0,0) size 79x23
          chunk 1 text run 1 at (300.00,4820.00) startOffset 0 endOffset 11 width 77.76: "just a text"
      LayoutSVGText {text} at (398,4802) size 80x23 contains 1 chunk(s)
        LayoutSVGInlineText {#text} at (0,0) size 79x23
          chunk 1 text run 1 at (400.00,4820.00) startOffset 0 endOffset 11 width 77.76: "just a text"
      LayoutSVGText {text} at (498,4802) size 80x23 contains 1 chunk(s)
        LayoutSVGInlineText {#text} at (0,0) size 79x23
          chunk 1 text run 1 at (500.00,4820.00) startOffset 0 endOffset 11 width 77.76: "just a text"
      LayoutSVGText {text} at (598,4802) size 80x23 contains 1 chunk(s)
        LayoutSVGInlineText {#text} at (0,0) size 79x23
          chunk 1 text run 1 at (600.00,4820.00) startOffset 0 endOffset 11 width 77.76: "just a text"
      LayoutSVGText {text} at (698,4802) size 80x23 contains 1 chunk(s)
        LayoutSVGInlineText {#text} at (0,0) size 79x23
          chunk 1 text run 1 at (700.00,4820.00) startOffset 0 endOffset 11 width 77.76: "just a text"
      LayoutSVGText {text} at (798,4802) size 80x23 contains 1 chunk(s)
        LayoutSVGInlineText {#text} at (0,0) size 79x23
          chunk 1 text run 1 at (800.00,4820.00) startOffset 0 endOffset 11 width 77.76: "just a text"
      LayoutSVGText {text} at (898,4802) size 80x23 contains 1 chunk(s)
        LayoutSVGInlineText {#text} at (0,0) size 79x23
          chunk 1 text run 1 at (900.00,4820.00) startOffset 0 endOffset 11 width 77.76: "just a text"
      LayoutSVGText {text} at (998,4802) size 80x23 contains 1 chunk(s)
        LayoutSVGInlineText {#text} at (0,0) size 79x23
          chunk 1 text run 1 at (1000.00,4820.00) startOffset 0 endOffset 11 width 77.76: "just a text"
      LayoutSVGText {text} at (1098,4802) size 80x23 contains 1 chunk(s)
        LayoutSVGInlineText {#text} at (0,0) size 79x23
          chunk 1 text run 1 at (1100.00,4820.00) startOffset 0 endOffset 11 width 77.76: "just a text"
      LayoutSVGText {text} at (1198,4802) size 80x23 contains 1 chunk(s)
        LayoutSVGInlineText {#text} at (0,0) size 79x23
          chunk 1 text run 1 at (1200.00,4820.00) startOffset 0 endOffset 11 width 77.76: "just a text"
      LayoutSVGText {text} at (1298,4802) size 80x23 contains 1 chunk(s)
        LayoutSVGInlineText {#text} at (0,0) size 79x23
          chunk 1 text run 1 at (1300.00,4820.00) startOffset 0 endOffset 11 width 77.76: "just a text"
      LayoutSVGText {text} at (1398,4802) size 80x23 contains 1 chunk(s)
        LayoutSVGInlineText {#text} at (0,0) size 79x23
          chunk 1 text run 1 at (1400.00,4820.00) startOffset 0 endOffset 11 width 77.76: "just a text"
      LayoutSVGText {text} at (1498,4802) size 80x23 contains 1 chunk(s)
        LayoutSVGInlineText {#text} at (0,0) size 79x23
          chunk 1 text run 1 at (1500.00,4820.00) startOffset 0 endOffset 11 width 77.76: "just a text"
      LayoutSVGText {text} at (1598,4802) size 80x23 contains 1 chunk(s)
        LayoutSVGInlineText {#text} at (0,0) size 79x23
          chunk 1 text run 1 at (1600.00,4820.00) startOffset 0 endOffset 11 width 77.76: "just a text"
      LayoutSVGText {text} at (1698,4802) size 80x23 contains 1 chunk(s)
        LayoutSVGInlineText {#text} at (0,0) size 79x23
          chunk 1 text run 1 at (1700.00,4820.00) startOffset 0 endOffset 11 width 77.76: "just a text"
      LayoutSVGText {text} at (1798,4802) size 80x23 contains 1 chunk(s)
        LayoutSVGInlineText {#text} at (0,0) size 79x23
          chunk 1 text run 1 at (1800.00,4820.00) startOffset 0 endOffset 11 width 77.76: "just a text"
      LayoutSVGText {text} at (1898,4802) size 80x23 contains 1 chunk(s)
        LayoutSVGInlineText {#text} at (0,0) size 79x23
          chunk 1 text run 1 at (1900.00,4820.00) startOffset 0 endOffset 11 width 77.76: "just a text"
      LayoutSVGText {text} at (1998,4802) size 80x23 contains 1 chunk(s)
        LayoutSVGInlineText {#text} at (0,0) size 79x23
          chunk 1 text run 1 at (2000.00,4820.00) startOffset 0 endOffset 11 width 77.76: "just a text"
      LayoutSVGText {text} at (2098,4802) size 80x23 contains 1 chunk(s)
        LayoutSVGInlineText {#text} at (0,0) size 79x23
          chunk 1 text run 1 at (2100.00,4820.00) startOffset 0 endOffset 11 width 77.76: "just a text"
      LayoutSVGText {text} at (2198,4802) size 80x23 contains 1 chunk(s)
        LayoutSVGInlineText {#text} at (0,0) size 79x23
          chunk 1 text run 1 at (2200.00,4820.00) startOffset 0 endOffset 11 width 77.76: "just a text"
      LayoutSVGText {text} at (2298,4802) size 80x23 contains 1 chunk(s)
        LayoutSVGInlineText {#text} at (0,0) size 79x23
          chunk 1 text run 1 at (2300.00,4820.00) startOffset 0 endOffset 11 width 77.76: "just a text"
      LayoutSVGText {text} at (2398,4802) size 80x23 contains 1 chunk(s)
        LayoutSVGInlineText {#text} at (0,0) size 79x23
          chunk 1 text run 1 at (2400.00,4820.00) startOffset 0 endOffset 11 width 77.76: "just a text"
      LayoutSVGText {text} at (2498,4802) size 80x23 contains 1 chunk(s)
        LayoutSVGInlineText {#text} at (0,0) size 79x23
          chunk 1 text run 1 at (2500.00,4820.00) startOffset 0 endOffset 11 width 77.76: "just a text"
      LayoutSVGText {text} at (2598,4802) size 80x23 contains 1 chunk(s)
        LayoutSVGInlineText {#text} at (0,0) size 79x23
          chunk 1 text run 1 at (2600.00,4820.00) startOffset 0 endOffset 11 width 77.76: "just a text"
      LayoutSVGText {text} at (2698,4802) size 80x23 contains 1 chunk(s)
        LayoutSVGInlineText {#text} at (0,0) size 79x23
          chunk 1 text run 1 at (2700.00,4820.00) startOffset 0 endOffset 11 width 77.76: "just a text"
      LayoutSVGText {text} at (2798,4802) size 80x23 contains 1 chunk(s)
        LayoutSVGInlineText {#text} at (0,0) size 79x23
          chunk 1 text run 1 at (2800.00,4820.00) startOffset 0 endOffset 11 width 77.76: "just a text"
      LayoutSVGText {text} at (2898,4802) size 80x23 contains 1 chunk(s)
        LayoutSVGInlineText {#text} at (0,0) size 79x23
          chunk 1 text run 1 at (2900.00,4820.00) startOffset 0 endOffset 11 width 77.76: "just a text"
      LayoutSVGText {text} at (2998,4802) size 80x23 contains 1 chunk(s)
        LayoutSVGInlineText {#text} at (0,0) size 79x23
          chunk 1 text run 1 at (3000.00,4820.00) startOffset 0 endOffset 11 width 77.76: "just a text"
      LayoutSVGText {text} at (3098,4802) size 80x23 contains 1 chunk(s)
        LayoutSVGInlineText {#text} at (0,0) size 79x23
          chunk 1 text run 1 at (3100.00,4820.00) startOffset 0 endOffset 11 width 77.76: "just a text"
      LayoutSVGText {text} at (3198,4802) size 80x23 contains 1 chunk(s)
        LayoutSVGInlineText {#text} at (0,0) size 79x23
          chunk 1 text run 1 at (3200.00,4820.00) startOffset 0 endOffset 11 width 77.76: "just a text"
      LayoutSVGText {text} at (3298,4802) size 80x23 contains 1 chunk(s)
        LayoutSVGInlineText {#text} at (0,0) size 79x23
          chunk 1 text run 1 at (3300.00,4820.00) startOffset 0 endOffset 11 width 77.76: "just a text"
      LayoutSVGText {text} at (3398,4802) size 80x23 contains 1 chunk(s)
        LayoutSVGInlineText {#text} at (0,0) size 79x23
          chunk 1 text run 1 at (3400.00,4820.00) startOffset 0 endOffset 11 width 77.76: "just a text"
      LayoutSVGText {text} at (3498,4802) size 80x23 contains 1 chunk(s)
        LayoutSVGInlineText {#text} at (0,0) size 79x23
          chunk 1 text run 1 at (3500.00,4820.00) startOffset 0 endOffset 11 width 77.76: "just a text"
      LayoutSVGText {text} at (3598,4802) size 80x23 contains 1 chunk(s)
        LayoutSVGInlineText {#text} at (0,0) size 79x23
          chunk 1 text run 1 at (3600.00,4820.00) startOffset 0 endOffset 11 width 77.76: "just a text"
      LayoutSVGText {text} at (3698,4802) size 80x23 contains 1 chunk(s)
        LayoutSVGInlineText {#text} at (0,0) size 79x23
          chunk 1 text run 1 at (3700.00,4820.00) startOffset 0 endOffset 11 width 77.76: "just a text"
      LayoutSVGText {text} at (3798,4802) size 80x23 contains 1 chunk(s)
        LayoutSVGInlineText {#text} at (0,0) size 79x23
          chunk 1 text run 1 at (3800.00,4820.00) startOffset 0 endOffset 11 width 77.76: "just a text"
      LayoutSVGText {text} at (3898,4802) size 80x23 contains 1 chunk(s)
        LayoutSVGInlineText {#text} at (0,0) size 79x23
          chunk 1 text run 1 at (3900.00,4820.00) startOffset 0 endOffset 11 width 77.76: "just a text"
      LayoutSVGText {text} at (3998,4802) size 80x23 contains 1 chunk(s)
        LayoutSVGInlineText {#text} at (0,0) size 79x23
          chunk 1 text run 1 at (4000.00,4820.00) startOffset 0 endOffset 11 width 77.76: "just a text"
      LayoutSVGText {text} at (4098,4802) size 80x23 contains 1 chunk(s)
        LayoutSVGInlineText {#text} at (0,0) size 79x23
          chunk 1 text run 1 at (4100.00,4820.00) startOffset 0 endOffset 11 width 77.76: "just a text"
      LayoutSVGText {text} at (4198,4802) size 80x23 contains 1 chunk(s)
        LayoutSVGInlineText {#text} at (0,0) size 79x23
          chunk 1 text run 1 at (4200.00,4820.00) startOffset 0 endOffset 11 width 77.76: "just a text"
      LayoutSVGText {text} at (4298,4802) size 80x23 contains 1 chunk(s)
        LayoutSVGInlineText {#text} at (0,0) size 79x23
          chunk 1 text run 1 at (4300.00,4820.00) startOffset 0 endOffset 11 width 77.76: "just a text"
      LayoutSVGText {text} at (4398,4802) size 80x23 contains 1 chunk(s)
        LayoutSVGInlineText {#text} at (0,0) size 79x23
          chunk 1 text run 1 at (4400.00,4820.00) startOffset 0 endOffset 11 width 77.76: "just a text"
      LayoutSVGText {text} at (4498,4802) size 80x23 contains 1 chunk(s)
        LayoutSVGInlineText {#text} at (0,0) size 79x23
          chunk 1 text run 1 at (4500.00,4820.00) startOffset 0 endOffset 11 width 77.76: "just a text"
      LayoutSVGText {text} at (4598,4802) size 80x23 contains 1 chunk(s)
        LayoutSVGInlineText {#text} at (0,0) size 79x23
          chunk 1 text run 1 at (4600.00,4820.00) startOffset 0 endOffset 11 width 77.76: "just a text"
      LayoutSVGText {text} at (4698,4802) size 80x23 contains 1 chunk(s)
        LayoutSVGInlineText {#text} at (0,0) size 79x23
          chunk 1 text run 1 at (4700.00,4820.00) startOffset 0 endOffset 11 width 77.76: "just a text"
      LayoutSVGText {text} at (4798,4802) size 80x23 contains 1 chunk(s)
        LayoutSVGInlineText {#text} at (0,0) size 79x23
          chunk 1 text run 1 at (4800.00,4820.00) startOffset 0 endOffset 11 width 77.76: "just a text"
      LayoutSVGText {text} at (4898,4802) size 80x23 contains 1 chunk(s)
        LayoutSVGInlineText {#text} at (0,0) size 79x23
          chunk 1 text run 1 at (4900.00,4820.00) startOffset 0 endOffset 11 width 77.76: "just a text"
      LayoutSVGText {text} at (-2,4902) size 80x23 contains 1 chunk(s)
        LayoutSVGInlineText {#text} at (0,0) size 79x23
          chunk 1 text run 1 at (0.00,4920.00) startOffset 0 endOffset 11 width 77.76: "just a text"
      LayoutSVGText {text} at (98,4902) size 80x23 contains 1 chunk(s)
        LayoutSVGInlineText {#text} at (0,0) size 79x23
          chunk 1 text run 1 at (100.00,4920.00) startOffset 0 endOffset 11 width 77.76: "just a text"
      LayoutSVGText {text} at (198,4902) size 80x23 contains 1 chunk(s)
        LayoutSVGInlineText {#text} at (0,0) size 79x23
          chunk 1 text run 1 at (200.00,4920.00) startOffset 0 endOffset 11 width 77.76: "just a text"
      LayoutSVGText {text} at (298,4902) size 80x23 contains 1 chunk(s)
        LayoutSVGInlineText {#text} at (0,0) size 79x23
          chunk 1 text run 1 at (300.00,4920.00) startOffset 0 endOffset 11 width 77.76: "just a text"
      LayoutSVGText {text} at (398,4902) size 80x23 contains 1 chunk(s)
        LayoutSVGInlineText {#text} at (0,0) size 79x23
          chunk 1 text run 1 at (400.00,4920.00) startOffset 0 endOffset 11 width 77.76: "just a text"
      LayoutSVGText {text} at (498,4902) size 80x23 contains 1 chunk(s)
        LayoutSVGInlineText {#text} at (0,0) size 79x23
          chunk 1 text run 1 at (500.00,4920.00) startOffset 0 endOffset 11 width 77.76: "just a text"
      LayoutSVGText {text} at (598,4902) size 80x23 contains 1 chunk(s)
        LayoutSVGInlineText {#text} at (0,0) size 79x23
          chunk 1 text run 1 at (600.00,4920.00) startOffset 0 endOffset 11 width 77.76: "just a text"
      LayoutSVGText {text} at (698,4902) size 80x23 contains 1 chunk(s)
        LayoutSVGInlineText {#text} at (0,0) size 79x23
          chunk 1 text run 1 at (700.00,4920.00) startOffset 0 endOffset 11 width 77.76: "just a text"
      LayoutSVGText {text} at (798,4902) size 80x23 contains 1 chunk(s)
        LayoutSVGInlineText {#text} at (0,0) size 79x23
          chunk 1 text run 1 at (800.00,4920.00) startOffset 0 endOffset 11 width 77.76: "just a text"
      LayoutSVGText {text} at (898,4902) size 80x23 contains 1 chunk(s)
        LayoutSVGInlineText {#text} at (0,0) size 79x23
          chunk 1 text run 1 at (900.00,4920.00) startOffset 0 endOffset 11 width 77.76: "just a text"
      LayoutSVGText {text} at (998,4902) size 80x23 contains 1 chunk(s)
        LayoutSVGInlineText {#text} at (0,0) size 79x23
          chunk 1 text run 1 at (1000.00,4920.00) startOffset 0 endOffset 11 width 77.76: "just a text"
      LayoutSVGText {text} at (1098,4902) size 80x23 contains 1 chunk(s)
        LayoutSVGInlineText {#text} at (0,0) size 79x23
          chunk 1 text run 1 at (1100.00,4920.00) startOffset 0 endOffset 11 width 77.76: "just a text"
      LayoutSVGText {text} at (1198,4902) size 80x23 contains 1 chunk(s)
        LayoutSVGInlineText {#text} at (0,0) size 79x23
          chunk 1 text run 1 at (1200.00,4920.00) startOffset 0 endOffset 11 width 77.76: "just a text"
      LayoutSVGText {text} at (1298,4902) size 80x23 contains 1 chunk(s)
        LayoutSVGInlineText {#text} at (0,0) size 79x23
          chunk 1 text run 1 at (1300.00,4920.00) startOffset 0 endOffset 11 width 77.76: "just a text"
      LayoutSVGText {text} at (1398,4902) size 80x23 contains 1 chunk(s)
        LayoutSVGInlineText {#text} at (0,0) size 79x23
          chunk 1 text run 1 at (1400.00,4920.00) startOffset 0 endOffset 11 width 77.76: "just a text"
      LayoutSVGText {text} at (1498,4902) size 80x23 contains 1 chunk(s)
        LayoutSVGInlineText {#text} at (0,0) size 79x23
          chunk 1 text run 1 at (1500.00,4920.00) startOffset 0 endOffset 11 width 77.76: "just a text"
      LayoutSVGText {text} at (1598,4902) size 80x23 contains 1 chunk(s)
        LayoutSVGInlineText {#text} at (0,0) size 79x23
          chunk 1 text run 1 at (1600.00,4920.00) startOffset 0 endOffset 11 width 77.76: "just a text"
      LayoutSVGText {text} at (1698,4902) size 80x23 contains 1 chunk(s)
        LayoutSVGInlineText {#text} at (0,0) size 79x23
          chunk 1 text run 1 at (1700.00,4920.00) startOffset 0 endOffset 11 width 77.76: "just a text"
      LayoutSVGText {text} at (1798,4902) size 80x23 contains 1 chunk(s)
        LayoutSVGInlineText {#text} at (0,0) size 79x23
          chunk 1 text run 1 at (1800.00,4920.00) startOffset 0 endOffset 11 width 77.76: "just a text"
      LayoutSVGText {text} at (1898,4902) size 80x23 contains 1 chunk(s)
        LayoutSVGInlineText {#text} at (0,0) size 79x23
          chunk 1 text run 1 at (1900.00,4920.00) startOffset 0 endOffset 11 width 77.76: "just a text"
      LayoutSVGText {text} at (1998,4902) size 80x23 contains 1 chunk(s)
        LayoutSVGInlineText {#text} at (0,0) size 79x23
          chunk 1 text run 1 at (2000.00,4920.00) startOffset 0 endOffset 11 width 77.76: "just a text"
      LayoutSVGText {text} at (2098,4902) size 80x23 contains 1 chunk(s)
        LayoutSVGInlineText {#text} at (0,0) size 79x23
          chunk 1 text run 1 at (2100.00,4920.00) startOffset 0 endOffset 11 width 77.76: "just a text"
      LayoutSVGText {text} at (2198,4902) size 80x23 contains 1 chunk(s)
        LayoutSVGInlineText {#text} at (0,0) size 79x23
          chunk 1 text run 1 at (2200.00,4920.00) startOffset 0 endOffset 11 width 77.76: "just a text"
      LayoutSVGText {text} at (2298,4902) size 80x23 contains 1 chunk(s)
        LayoutSVGInlineText {#text} at (0,0) size 79x23
          chunk 1 text run 1 at (2300.00,4920.00) startOffset 0 endOffset 11 width 77.76: "just a text"
      LayoutSVGText {text} at (2398,4902) size 80x23 contains 1 chunk(s)
        LayoutSVGInlineText {#text} at (0,0) size 79x23
          chunk 1 text run 1 at (2400.00,4920.00) startOffset 0 endOffset 11 width 77.76: "just a text"
      LayoutSVGText {text} at (2498,4902) size 80x23 contains 1 chunk(s)
        LayoutSVGInlineText {#text} at (0,0) size 79x23
          chunk 1 text run 1 at (2500.00,4920.00) startOffset 0 endOffset 11 width 77.76: "just a text"
      LayoutSVGText {text} at (2598,4902) size 80x23 contains 1 chunk(s)
        LayoutSVGInlineText {#text} at (0,0) size 79x23
          chunk 1 text run 1 at (2600.00,4920.00) startOffset 0 endOffset 11 width 77.76: "just a text"
      LayoutSVGText {text} at (2698,4902) size 80x23 contains 1 chunk(s)
        LayoutSVGInlineText {#text} at (0,0) size 79x23
          chunk 1 text run 1 at (2700.00,4920.00) startOffset 0 endOffset 11 width 77.76: "just a text"
      LayoutSVGText {text} at (2798,4902) size 80x23 contains 1 chunk(s)
        LayoutSVGInlineText {#text} at (0,0) size 79x23
          chunk 1 text run 1 at (2800.00,4920.00) startOffset 0 endOffset 11 width 77.76: "just a text"
      LayoutSVGText {text} at (2898,4902) size 80x23 contains 1 chunk(s)
        LayoutSVGInlineText {#text} at (0,0) size 79x23
          chunk 1 text run 1 at (2900.00,4920.00) startOffset 0 endOffset 11 width 77.76: "just a text"
      LayoutSVGText {text} at (2998,4902) size 80x23 contains 1 chunk(s)
        LayoutSVGInlineText {#text} at (0,0) size 79x23
          chunk 1 text run 1 at (3000.00,4920.00) startOffset 0 endOffset 11 width 77.76: "just a text"
      LayoutSVGText {text} at (3098,4902) size 80x23 contains 1 chunk(s)
        LayoutSVGInlineText {#text} at (0,0) size 79x23
          chunk 1 text run 1 at (3100.00,4920.00) startOffset 0 endOffset 11 width 77.76: "just a text"
      LayoutSVGText {text} at (3198,4902) size 80x23 contains 1 chunk(s)
        LayoutSVGInlineText {#text} at (0,0) size 79x23
          chunk 1 text run 1 at (3200.00,4920.00) startOffset 0 endOffset 11 width 77.76: "just a text"
      LayoutSVGText {text} at (3298,4902) size 80x23 contains 1 chunk(s)
        LayoutSVGInlineText {#text} at (0,0) size 79x23
          chunk 1 text run 1 at (3300.00,4920.00) startOffset 0 endOffset 11 width 77.76: "just a text"
      LayoutSVGText {text} at (3398,4902) size 80x23 contains 1 chunk(s)
        LayoutSVGInlineText {#text} at (0,0) size 79x23
          chunk 1 text run 1 at (3400.00,4920.00) startOffset 0 endOffset 11 width 77.76: "just a text"
      LayoutSVGText {text} at (3498,4902) size 80x23 contains 1 chunk(s)
        LayoutSVGInlineText {#text} at (0,0) size 79x23
          chunk 1 text run 1 at (3500.00,4920.00) startOffset 0 endOffset 11 width 77.76: "just a text"
      LayoutSVGText {text} at (3598,4902) size 80x23 contains 1 chunk(s)
        LayoutSVGInlineText {#text} at (0,0) size 79x23
          chunk 1 text run 1 at (3600.00,4920.00) startOffset 0 endOffset 11 width 77.76: "just a text"
      LayoutSVGText {text} at (3698,4902) size 80x23 contains 1 chunk(s)
        LayoutSVGInlineText {#text} at (0,0) size 79x23
          chunk 1 text run 1 at (3700.00,4920.00) startOffset 0 endOffset 11 width 77.76: "just a text"
      LayoutSVGText {text} at (3798,4902) size 80x23 contains 1 chunk(s)
        LayoutSVGInlineText {#text} at (0,0) size 79x23
          chunk 1 text run 1 at (3800.00,4920.00) startOffset 0 endOffset 11 width 77.76: "just a text"
      LayoutSVGText {text} at (3898,4902) size 80x23 contains 1 chunk(s)
        LayoutSVGInlineText {#text} at (0,0) size 79x23
          chunk 1 text run 1 at (3900.00,4920.00) startOffset 0 endOffset 11 width 77.76: "just a text"
      LayoutSVGText {text} at (3998,4902) size 80x23 contains 1 chunk(s)
        LayoutSVGInlineText {#text} at (0,0) size 79x23
          chunk 1 text run 1 at (4000.00,4920.00) startOffset 0 endOffset 11 width 77.76: "just a text"
      LayoutSVGText {text} at (4098,4902) size 80x23 contains 1 chunk(s)
        LayoutSVGInlineText {#text} at (0,0) size 79x23
          chunk 1 text run 1 at (4100.00,4920.00) startOffset 0 endOffset 11 width 77.76: "just a text"
      LayoutSVGText {text} at (4198,4902) size 80x23 contains 1 chunk(s)
        LayoutSVGInlineText {#text} at (0,0) size 79x23
          chunk 1 text run 1 at (4200.00,4920.00) startOffset 0 endOffset 11 width 77.76: "just a text"
      LayoutSVGText {text} at (4298,4902) size 80x23 contains 1 chunk(s)
        LayoutSVGInlineText {#text} at (0,0) size 79x23
          chunk 1 text run 1 at (4300.00,4920.00) startOffset 0 endOffset 11 width 77.76: "just a text"
      LayoutSVGText {text} at (4398,4902) size 80x23 contains 1 chunk(s)
        LayoutSVGInlineText {#text} at (0,0) size 79x23
          chunk 1 text run 1 at (4400.00,4920.00) startOffset 0 endOffset 11 width 77.76: "just a text"
      LayoutSVGText {text} at (4498,4902) size 80x23 contains 1 chunk(s)
        LayoutSVGInlineText {#text} at (0,0) size 79x23
          chunk 1 text run 1 at (4500.00,4920.00) startOffset 0 endOffset 11 width 77.76: "just a text"
      LayoutSVGText {text} at (4598,4902) size 80x23 contains 1 chunk(s)
        LayoutSVGInlineText {#text} at (0,0) size 79x23
          chunk 1 text run 1 at (4600.00,4920.00) startOffset 0 endOffset 11 width 77.76: "just a text"
      LayoutSVGText {text} at (4698,4902) size 80x23 contains 1 chunk(s)
        LayoutSVGInlineText {#text} at (0,0) size 79x23
          chunk 1 text run 1 at (4700.00,4920.00) startOffset 0 endOffset 11 width 77.76: "just a text"
      LayoutSVGText {text} at (4798,4902) size 80x23 contains 1 chunk(s)
        LayoutSVGInlineText {#text} at (0,0) size 79x23
          chunk 1 text run 1 at (4800.00,4920.00) startOffset 0 endOffset 11 width 77.76: "just a text"
      LayoutSVGText {text} at (4898,4902) size 80x23 contains 1 chunk(s)
        LayoutSVGInlineText {#text} at (0,0) size 79x23
          chunk 1 text run 1 at (4900.00,4920.00) startOffset 0 endOffset 11 width 77.76: "just a text"
    LayoutText {#text} at (0,0) size 0x0
