layer at (0,0) size 800x600
  LayoutView at (0,0) size 800x600
layer at (0,0) size 800x600
  LayoutBlockFlow {HTML} at (0,0) size 800x600
    LayoutBlockFlow {BODY} at (8,8) size 784x576
      LayoutBlockFlow {P} at (0,0) size 784x20
        LayoutText {#text} at (0,0) size 50x19
          text run at (0,0) width 50: "Test for "
        LayoutInline {I} at (0,0) size 699x19
          LayoutInline {A} at (0,0) size 305x19 [color=#0000EE]
            LayoutText {#text} at (49,0) size 305x19
              text run at (49,0) width 305: "http://bugs.webkit.org/show_bug.cgi?id=11916"
          LayoutText {#text} at (353,0) size 395x19
            text run at (353,0) width 5: " "
            text run at (357,0) width 391: "REGRESSION (SearchField): RTL search fields are mixed up"
        LayoutText {#text} at (747,0) size 5x19
          text run at (747,0) width 5: "."
      LayoutBlockFlow {P} at (0,36) size 784x66
        LayoutTextControl {INPUT} at (0,0) size 156x22 [bgcolor=#FFFFFF] [border: (2px inset #EEEEEE)]
          LayoutFlexibleBox {DIV} at (3,3) size 150x16
            LayoutBlockFlow {DIV} at (0,0) size 137x16
        LayoutText {#text} at (156,1) size 4x19
          text run at (156,1) width 4: " "
        LayoutBR {BR} at (0,0) size 0x0
        LayoutTextControl {INPUT} at (0,22) size 216x22 [bgcolor=#FFFFFF] [border: (2px inset #EEEEEE)]
          LayoutFlexibleBox {DIV} at (3,3) size 210x16
            LayoutBlockFlow {DIV} at (0,0) size 197x16
        LayoutText {#text} at (216,23) size 4x19
          text run at (216,23) width 4: " "
        LayoutBR {BR} at (0,0) size 0x0
        LayoutTextControl {INPUT} at (0,44) size 156x22 [bgcolor=#FFFFFF] [border: (2px inset #EEEEEE)]
          LayoutFlexibleBox {DIV} at (3,3) size 150x16
            LayoutBlockFlow {DIV} at (0,0) size 137x16
        LayoutText {#text} at (0,0) size 0x0
      LayoutBlockFlow {P} at (0,118) size 784x20
        LayoutText {#text} at (0,0) size 37x19
          text run at (0,0) width 37: "PASS"
layer at (11,47) size 137x16 scrollX 6.00 scrollWidth 143
  LayoutBlockFlow {DIV} at (0,0) size 137x16
    LayoutText {#text} at (-6,0) size 143x16
      text run at (-6,0) width 23 RTL: " \x{5D5}\x{5D6}\x{5D4}\x{5D5}"
      text run at (17,0) width 21: "she"
      text run at (38,0) width 46 RTL: " \x{5D5}\x{5D4}\x{5D9}\x{5D0} \x{5D6}\x{5D4} "
      text run at (84,0) width 14: "he"
      text run at (98,0) width 39 RTL: "\x{5D4}\x{5D5}\x{5D0} \x{5D6}\x{5D4} "
layer at (11,69) size 197x16
  LayoutBlockFlow {DIV} at (0,0) size 197x16
    LayoutText {#text} at (54,0) size 143x16
      text run at (54,0) width 23 RTL: " \x{5D5}\x{5D6}\x{5D4}\x{5D5}"
      text run at (77,0) width 21: "she"
      text run at (98,0) width 46 RTL: " \x{5D5}\x{5D4}\x{5D9}\x{5D0} \x{5D6}\x{5D4} "
      text run at (144,0) width 14: "he"
      text run at (158,0) width 39 RTL: "\x{5D4}\x{5D5}\x{5D0} \x{5D6}\x{5D4} "
layer at (11,91) size 137x16
  LayoutBlockFlow {DIV} at (0,0) size 137x16
layer at (149,51) size 9x9 transparent
  LayoutBlockFlow {DIV} at (138,3.50) size 9x9
layer at (209,73) size 9x9 transparent
  LayoutBlockFlow {DIV} at (198,3.50) size 9x9
layer at (149,95) size 9x9 transparent
  LayoutBlockFlow {DIV} at (138,3.50) size 9x9
caret: position 0 of child 0 {DIV} of child 0 {DIV} of child 0 {DIV} of {#document-fragment} of child 9 {INPUT} of child 3 {P} of body
