layer at (0,0) size 800x600
  LayoutView at (0,0) size 800x600
layer at (0,0) size 800x425
  LayoutBlockFlow {HTML} at (0,0) size 800x425
    LayoutBlockFlow {BODY} at (8,16) size 784x393 [color=#0000FF]
      LayoutBlockFlow {P} at (0,0) size 784x108
        LayoutText {#text} at (0,0) size 29x17
          text run at (0,0) width 29: "The "
        LayoutInline {STRONG} at (0,0) size 59x17
          LayoutText {#text} at (28,0) size 59x17
            text run at (28,0) width 59: "first line"
        LayoutText {#text} at (86,0) size 305x17
          text run at (86,0) width 209: " of this paragraph, and only that "
          text run at (294,0) width 97: "one, should be "
        LayoutInline {STRONG} at (0,0) size 38x17
          LayoutText {#text} at (391,0) size 38x17
            text run at (391,0) width 38: "green"
        LayoutText {#text} at (428,0) size 779x107
          text run at (428,0) width 184: ". If this precise combination "
          text run at (611,0) width 153: "does not occur, then the"
          text run at (0,18) width 267: "user agent has failed this test. Remember "
          text run at (266,18) width 395: "that in order to ensure a complete test, the paragraph must be "
          text run at (660,18) width 119: "displayed on more"
          text run at (0,36) width 324: "than one line. Dummy text. Dummy text. Dummy "
          text run at (323,36) width 440: "text. Dummy text. Dummy text. Dummy text. Dummy text. Dummy"
          text run at (0,54) width 32: "text. "
          text run at (31,54) width 500: "Dummy text. Dummy text. Dummy text. Dummy text. Dummy text. Dummy "
          text run at (530,54) width 206: "text. Dummy text. Dummy text."
          text run at (0,72) width 266: "Dummy text. Dummy text. Dummy text. "
          text run at (265,72) width 495: "Dummy text. Dummy text. Dummy text. Dummy text. Dummy text. Dummy"
          text run at (0,90) width 294: "text. Dummy text. Dummy text. Dummy text."
      LayoutBlockFlow {P} at (0,124) size 784x145
        LayoutText {#text} at (0,0) size 58x36
          text run at (0,0) width 58: "The "
        LayoutInline {STRONG} at (0,0) size 116x36
          LayoutText {#text} at (57,0) size 116x36
            text run at (57,0) width 116: "first line"
        LayoutText {#text} at (172,0) size 775x54
          text run at (172,0) width 417: " of this paragraph, and only that "
          text run at (588,0) width 187: "one, should be"
          text run at (0,37) width 12: "a "
        LayoutInline {STRONG} at (0,0) size 42x17
          LayoutText {#text} at (11,37) size 42x17
            text run at (11,37) width 42: "larger"
        LayoutText {#text} at (52,37) size 130x17
          text run at (52,37) width 130: " font size as well as "
        LayoutInline {STRONG} at (0,0) size 39x17
          LayoutText {#text} at (181,37) size 39x17
            text run at (181,37) width 39: "green"
        LayoutText {#text} at (219,37) size 766x107
          text run at (219,37) width 285: ". If this precise combination does not occur, "
          text run at (503,37) width 244: "then the user agent has failed this test."
          text run at (0,55) width 173: "Remember that in order to "
          text run at (172,55) width 419: "ensure a complete test, the paragraph must be displayed on more "
          text run at (590,55) width 176: "than one line. Dummy text."
          text run at (0,73) width 266: "Dummy text. Dummy text. Dummy text. "
          text run at (265,73) width 495: "Dummy text. Dummy text. Dummy text. Dummy text. Dummy text. Dummy"
          text run at (0,91) width 475: "text. Dummy text. Dummy text. Dummy text. Dummy text. Dummy text. "
          text run at (474,91) width 262: "Dummy text. Dummy text. Dummy text."
          text run at (0,109) width 234: "Dummy text. Dummy text. Dummy "
          text run at (233,109) width 475: "text. Dummy text. Dummy text. Dummy text. Dummy text. Dummy text. "
          text run at (707,109) width 53: "Dummy"
          text run at (0,127) width 117: "text. Dummy text."
      LayoutBlockFlow {P} at (0,285) size 784x108
        LayoutText {#text} at (0,0) size 31x17
          text run at (0,0) width 31: "The "
        LayoutInline {STRONG} at (0,0) size 69x17
          LayoutText {#text} at (30,0) size 69x17
            text run at (30,0) width 69: "first line"
        LayoutText {#text} at (98,0) size 433x17
          text run at (98,0) width 239: " of this paragraph, and only that "
          text run at (336,0) width 195: "one, should be displayed in "
        LayoutInline {STRONG} at (0,0) size 80x17
          LayoutText {#text} at (530,0) size 80x17
            text run at (530,0) width 80: "small-caps"
        LayoutText {#text} at (609,0) size 121x17
          text run at (609,0) width 63: " style as "
          text run at (671,0) width 59: "well as "
        LayoutInline {STRONG} at (0,0) size 43x17
          LayoutText {#text} at (729,0) size 43x17
            text run at (729,0) width 43: "green"
        LayoutText {#text} at (771,0) size 776x107
          text run at (771,0) width 5: "."
          text run at (0,18) width 191: "Thus, if the first line is not in "
          text run at (190,18) width 352: "small-caps style, or if the entire paragraph turns out in "
          text run at (541,18) width 223: "small-caps, then the user agent has"
          text run at (0,36) width 187: "failed this test. Dummy text. "
          text run at (186,36) width 499: "Dummy text. Dummy text. Dummy text. Dummy text. Dummy text. Dummy "
          text run at (684,36) width 86: "text. Dummy"
          text run at (0,54) width 386: "text. Dummy text. Dummy text. Dummy text. Dummy text. "
          text run at (385,54) width 351: "Dummy text. Dummy text. Dummy text. Dummy text."
          text run at (0,72) width 145: "Dummy text. Dummy "
          text run at (144,72) width 476: "text. Dummy text. Dummy text. Dummy text. Dummy text. Dummy text. "
          text run at (619,72) width 141: "Dummy text. Dummy"
          text run at (0,90) width 294: "text. Dummy text. Dummy text. Dummy text."
