layer at (0,0) size 800x600 clip at (0,0) size 785x600 scrollHeight 803
  LayoutView at (0,0) size 800x600
layer at (0,0) size 785x803 backgroundClip at (0,0) size 785x600 clip at (0,0) size 785x600
  LayoutBlockFlow {HTML} at (0,0) size 785x803
    LayoutBlockFlow {BODY} at (8,32) size 769x739
      LayoutBlockFlow {P} at (32,0) size 705x113 [color=#000080]
        LayoutText {#text} at (0,0) size 666x112
          text run at (0,0) width 666: "\x{21E9} The following blue box should be exactly half the"
          text run at (0,39) width 81: "width "
          text run at (80,39) width 559: "of the viewport, on the left of the 50% ruler"
          text run at (0,76) width 74: "mark."
      LayoutBlockFlow (floating) {DIV} at (0,145) size 384.50x378 [color=#FFFFFF] [bgcolor=#0000FF]
        LayoutText {#text} at (0,0) size 385x377
          text run at (0,0) width 384: "ignore this float text ignore this float text ignore"
          text run at (0,18) width 82: "this float "
          text run at (81,18) width 303: "text ignore this float text ignore this"
          text run at (0,36) width 173: "float text ignore this "
          text run at (172,36) width 213: "float text ignore this float"
          text run at (0,54) width 272: "text ignore this float text ignore "
          text run at (271,54) width 113: "this float text"
          text run at (0,72) width 337: "ignore this float text ignore this float text "
          text run at (336,72) width 48: "ignore"
          text run at (0,90) width 384: "this float text ignore this float text ignore this"
          text run at (0,108) width 45: "float "
          text run at (44,108) width 341: "text ignore this float text ignore this float"
          text run at (0,126) width 131: "text ignore this "
          text run at (130,126) width 254: "float text ignore this float text"
          text run at (0,144) width 223: "ignore this float text ignore "
          text run at (222,144) width 162: "this float text ignore"
          text run at (0,162) width 301: "this float text ignore this float text "
          text run at (300,162) width 84: "ignore this"
          text run at (0,180) width 385: "float text ignore this float text ignore this float"
          text run at (0,198) width 384: "text ignore this float text ignore this float text"
          text run at (0,216) width 87: "ignore this "
          text run at (86,216) width 298: "float text ignore this float text ignore"
          text run at (0,234) width 178: "this float text ignore "
          text run at (177,234) width 207: "this float text ignore this"
          text run at (0,252) width 258: "float text ignore this float text "
          text run at (257,252) width 128: "ignore this float"
          text run at (0,270) width 353: "text ignore this float text ignore this float "
          text run at (352,270) width 32: "text"
          text run at (0,288) width 384: "ignore this float text ignore this float text ignore"
          text run at (0,306) width 36: "this "
          text run at (35,306) width 349: "float text ignore this float text ignore this"
          text run at (0,324) width 139: "float text ignore "
          text run at (138,324) width 247: "this float text ignore this float"
          text run at (0,342) width 216: "text ignore this float text "
          text run at (215,342) width 169: "ignore this float text"
          text run at (0,360) width 279: "ignore this float text ignore this float"
      LayoutBlockFlow {DIV} at (0,145) size 769x486 [color=#C0C0C0]
        LayoutText {#text} at (384,0) size 769x485
          text run at (384,0) width 385: "this is some dummy text this is some dummy text this is"
          text run at (384,18) width 97: "some dummy "
          text run at (480,18) width 289: "text this is some dummy text this is some"
          text run at (384,36) width 168: "dummy text this is some "
          text run at (551,36) width 218: "dummy text this is some dummy"
          text run at (384,54) width 240: "text this is some dummy text this is "
          text run at (623,54) width 146: "some dummy text this"
          text run at (384,72) width 307: "is some dummy text this is some dummy text "
          text run at (690,72) width 79: "this is some"
          text run at (384,90) width 385: "dummy text this is some dummy text this is some dummy"
          text run at (384,108) width 385: "text this is some dummy text this is some dummy text this"
          text run at (384,126) width 55: "is some "
          text run at (438,126) width 331: "dummy text this is some dummy text this is some"
          text run at (384,144) width 129: "dummy text this is "
          text run at (512,144) width 257: "some dummy text this is some dummy"
          text run at (384,162) width 195: "text this is some dummy text "
          text run at (578,162) width 191: "this is some dummy text this"
          text run at (384,180) width 278: "is some dummy text this is some dummy "
          text run at (661,180) width 108: "text this is some"
          text run at (384,198) width 336: "dummy text this is some dummy text this is some "
          text run at (719,198) width 50: "dummy"
          text run at (384,216) width 385: "text this is some dummy text this is some dummy text this"
          text run at (384,234) width 17: "is "
          text run at (400,234) width 369: "some dummy text this is some dummy text this is some"
          text run at (384,252) width 84: "dummy text "
          text run at (467,252) width 302: "this is some dummy text this is some dummy"
          text run at (384,270) width 166: "text this is some dummy "
          text run at (549,270) width 220: "text this is some dummy text this"
          text run at (384,288) width 223: "is some dummy text this is some "
          text run at (606,288) width 163: "dummy text this is some"
          text run at (384,306) width 297: "dummy text this is some dummy text this is "
          text run at (680,306) width 89: "some dummy"
          text run at (384,324) width 362: "text this is some dummy text this is some dummy text "
          text run at (745,324) width 24: "this"
          text run at (384,342) width 385: "is some dummy text this is some dummy text this is some"
          text run at (384,360) width 55: "dummy "
          text run at (438,360) width 331: "text this is some dummy text this is some dummy"
          text run at (0,378) width 112: "text this is some "
          text run at (111,378) width 459: "dummy text this is some dummy text this is some dummy text this is "
          text run at (569,378) width 200: "some dummy text this is some"
          text run at (0,396) width 244: "dummy text this is some dummy text "
          text run at (243,396) width 459: "this is some dummy text this is some dummy text this is some dummy "
          text run at (701,396) width 68: "text this is"
          text run at (0,414) width 365: "some dummy text this is some dummy text this is some "
          text run at (364,414) width 405: "dummy text this is some dummy text this is some dummy text"
          text run at (0,432) width 46: "this is "
          text run at (45,432) width 471: "some dummy text this is some dummy text this is some dummy text "
          text run at (515,432) width 254: "this is some dummy text this is some"
          text run at (0,450) width 216: "dummy text this is some dummy "
          text run at (215,450) width 434: "text this is some dummy text this is some dummy text this is some "
          text run at (648,450) width 121: "dummy text this is"
          text run at (0,468) width 321: "some dummy text this is some dummy text this is "
          text run at (320,468) width 276: "some dummy text this is some dummy text"
      LayoutBlockFlow {P} at (32,663) size 705x76 [color=#000080]
        LayoutText {#text} at (18,0) size 687x73
          text run at (18,0) width 687: "The above gray text should flow around the blue box."
          text run at (686,37) width 19: "\x{21E7}"
