layer at (0,0) size 800x600 scrollHeight 804
  LayoutView at (0,0) size 800x600
layer at (0,0) size 800x804 backgroundClip at (0,0) size 800x600 clip at (0,0) size 800x600
  LayoutBlockFlow {HTML} at (0,0) size 800x804
    LayoutBlockFlow {BODY} at (8,18) size 784x768 [color=#000080]
      LayoutBlockFlow {P} at (0,0) size 784x768
        LayoutText {#text} at (0,38) size 783x116
          text run at (0,38) width 783: "This text should be 18px sans-serif, in small-caps and italicized. The lines should be one"
          text run at (0,134) width 100: "inch apart. "
        LayoutInline {SPAN} at (0,0) size 739x596 [color=#C0C0C0]
          LayoutText {#text} at (99,134) size 739x596
            text run at (99,134) width 594: "dummy text dummy text dummy text dummy text dummy text dummy "
            text run at (692,134) width 40: "text"
            text run at (0,230) width 594: "dummy text dummy text dummy text dummy text dummy text dummy "
            text run at (593,230) width 146: "text dummy text"
            text run at (0,326) width 488: "dummy text dummy text dummy text dummy text dummy "
            text run at (487,326) width 252: "text dummy text dummy text"
            text run at (0,422) width 382: "dummy text dummy text dummy text dummy "
            text run at (381,422) width 358: "text dummy text dummy text dummy text"
            text run at (0,518) width 276: "dummy text dummy text dummy "
            text run at (275,518) width 464: "text dummy text dummy text dummy text dummy text"
            text run at (0,614) width 170: "dummy text dummy "
            text run at (169,614) width 570: "text dummy text dummy text dummy text dummy text dummy text"
            text run at (0,710) width 63: "dummy "
            text run at (62,710) width 570: "text dummy text dummy text dummy text dummy text dummy text"
        LayoutText {#text} at (0,0) size 0x0
