layer at (0,0) size 800x600
  LayoutView at (0,0) size 800x600
layer at (0,0) size 800x306
  LayoutBlockFlow {HTML} at (0,0) size 800x306
    LayoutBlockFlow {BODY} at (8,18) size 784x270 [color=#000080]
      LayoutBlockFlow {P} at (0,0) size 784x270
        LayoutText {#text} at (0,0) size 781x53
          text run at (0,0) width 781: "This text should be 18px sans-serif, in small-caps, italicized, and very bold."
          text run at (0,27) width 472: "There should be a 9px gap between each line. "
        LayoutInline {SPAN} at (0,0) size 734x242 [color=#C0C0C0]
          LayoutText {#text} at (471,27) size 734x242
            text run at (471,27) width 242: "dummy text dummy text"
            text run at (0,54) width 444: "dummy text dummy text dummy text dummy "
            text run at (443,54) width 291: "text dummy text dummy text"
            text run at (0,81) width 444: "dummy text dummy text dummy text dummy "
            text run at (443,81) width 291: "text dummy text dummy text"
            text run at (0,108) width 444: "dummy text dummy text dummy text dummy "
            text run at (443,108) width 291: "text dummy text dummy text"
            text run at (0,135) width 444: "dummy text dummy text dummy text dummy "
            text run at (443,135) width 291: "text dummy text dummy text"
            text run at (0,162) width 444: "dummy text dummy text dummy text dummy "
            text run at (443,162) width 291: "text dummy text dummy text"
            text run at (0,189) width 444: "dummy text dummy text dummy text dummy "
            text run at (443,189) width 291: "text dummy text dummy text"
            text run at (0,216) width 444: "dummy text dummy text dummy text dummy "
            text run at (443,216) width 291: "text dummy text dummy text"
            text run at (0,243) width 364: "dummy text dummy text dummy text"
        LayoutText {#text} at (0,0) size 0x0
